<?xml version="1.0"?>
<link_info>
   <banner>TI ARM Linker PC v16.9.7.LTS</banner>
   <copyright>Copyright (c) 1996-2017 Texas Instruments Incorporated</copyright>
   <link_time>0x5b35787f</link_time>
   <link_errors>0x0</link_errors>
   <output_file>launchpad.out</output_file>
   <entry_point>
      <name>_c_int00</name>
      <address>0x4619</address>
   </entry_point>
   <input_file_list>
      <input_file id="fl-2">
         <path>.\</path>
         <kind>object</kind>
         <file>PD4Master.obj</file>
         <name>PD4Master.obj</name>
      </input_file>
      <input_file id="fl-3">
         <path>.\</path>
         <kind>object</kind>
         <file>main.obj</file>
         <name>main.obj</name>
      </input_file>
      <input_file id="fl-4">
         <path>.\</path>
         <kind>object</kind>
         <file>startup_ccs.obj</file>
         <name>startup_ccs.obj</name>
      </input_file>
      <input_file id="fl-5">
         <path>.\app\CMD\</path>
         <kind>object</kind>
         <file>cmd_task.obj</file>
         <name>cmd_task.obj</name>
      </input_file>
      <input_file id="fl-6">
         <path>.\app\PD4\</path>
         <kind>object</kind>
         <file>CANopen_task.obj</file>
         <name>CANopen_task.obj</name>
      </input_file>
      <input_file id="fl-7">
         <path>.\app\PD4\</path>
         <kind>object</kind>
         <file>Master.obj</file>
         <name>Master.obj</name>
      </input_file>
      <input_file id="fl-8">
         <path>.\app\PD4\</path>
         <kind>object</kind>
         <file>PD4_task.obj</file>
         <name>PD4_task.obj</name>
      </input_file>
      <input_file id="fl-9">
         <path>.\app\</path>
         <kind>object</kind>
         <file>led_task.obj</file>
         <name>led_task.obj</name>
      </input_file>
      <input_file id="fl-a">
         <path>.\bsp\</path>
         <kind>object</kind>
         <file>Bumper.obj</file>
         <name>Bumper.obj</name>
      </input_file>
      <input_file id="fl-b">
         <path>.\bsp\</path>
         <kind>object</kind>
         <file>CO_driver.obj</file>
         <name>CO_driver.obj</name>
      </input_file>
      <input_file id="fl-c">
         <path>.\bsp\</path>
         <kind>object</kind>
         <file>MA3encoder.obj</file>
         <name>MA3encoder.obj</name>
      </input_file>
      <input_file id="fl-d">
         <path>.\bsp\</path>
         <kind>object</kind>
         <file>cmdUart.obj</file>
         <name>cmdUart.obj</name>
      </input_file>
      <input_file id="fl-e">
         <path>.\bsp\</path>
         <kind>object</kind>
         <file>driver.obj</file>
         <name>driver.obj</name>
      </input_file>
      <input_file id="fl-f">
         <path>.\bsp\</path>
         <kind>object</kind>
         <file>io.obj</file>
         <name>io.obj</name>
      </input_file>
      <input_file id="fl-10">
         <path>.\third_party\CanFestival\src\</path>
         <kind>object</kind>
         <file>dcf.obj</file>
         <name>dcf.obj</name>
      </input_file>
      <input_file id="fl-11">
         <path>.\third_party\CanFestival\src\</path>
         <kind>object</kind>
         <file>emcy.obj</file>
         <name>emcy.obj</name>
      </input_file>
      <input_file id="fl-12">
         <path>.\third_party\CanFestival\src\</path>
         <kind>object</kind>
         <file>lifegrd.obj</file>
         <name>lifegrd.obj</name>
      </input_file>
      <input_file id="fl-13">
         <path>.\third_party\CanFestival\src\</path>
         <kind>object</kind>
         <file>lss.obj</file>
         <name>lss.obj</name>
      </input_file>
      <input_file id="fl-14">
         <path>.\third_party\CanFestival\src\</path>
         <kind>object</kind>
         <file>nmtMaster.obj</file>
         <name>nmtMaster.obj</name>
      </input_file>
      <input_file id="fl-15">
         <path>.\third_party\CanFestival\src\</path>
         <kind>object</kind>
         <file>nmtSlave.obj</file>
         <name>nmtSlave.obj</name>
      </input_file>
      <input_file id="fl-16">
         <path>.\third_party\CanFestival\src\</path>
         <kind>object</kind>
         <file>objacces.obj</file>
         <name>objacces.obj</name>
      </input_file>
      <input_file id="fl-17">
         <path>.\third_party\CanFestival\src\</path>
         <kind>object</kind>
         <file>pdo.obj</file>
         <name>pdo.obj</name>
      </input_file>
      <input_file id="fl-18">
         <path>.\third_party\CanFestival\src\</path>
         <kind>object</kind>
         <file>sdo.obj</file>
         <name>sdo.obj</name>
      </input_file>
      <input_file id="fl-19">
         <path>.\third_party\CanFestival\src\</path>
         <kind>object</kind>
         <file>states.obj</file>
         <name>states.obj</name>
      </input_file>
      <input_file id="fl-1a">
         <path>.\third_party\CanFestival\src\</path>
         <kind>object</kind>
         <file>sync.obj</file>
         <name>sync.obj</name>
      </input_file>
      <input_file id="fl-1b">
         <path>.\third_party\CanFestival\src\</path>
         <kind>object</kind>
         <file>timer.obj</file>
         <name>timer.obj</name>
      </input_file>
      <input_file id="fl-1c">
         <path>.\third_party\FreeRTOS\Source\</path>
         <kind>object</kind>
         <file>croutine.obj</file>
         <name>croutine.obj</name>
      </input_file>
      <input_file id="fl-1d">
         <path>.\third_party\FreeRTOS\Source\</path>
         <kind>object</kind>
         <file>event_groups.obj</file>
         <name>event_groups.obj</name>
      </input_file>
      <input_file id="fl-1e">
         <path>.\third_party\FreeRTOS\Source\</path>
         <kind>object</kind>
         <file>list.obj</file>
         <name>list.obj</name>
      </input_file>
      <input_file id="fl-1f">
         <path>.\third_party\FreeRTOS\Source\</path>
         <kind>object</kind>
         <file>queue.obj</file>
         <name>queue.obj</name>
      </input_file>
      <input_file id="fl-20">
         <path>.\third_party\FreeRTOS\Source\</path>
         <kind>object</kind>
         <file>tasks.obj</file>
         <name>tasks.obj</name>
      </input_file>
      <input_file id="fl-21">
         <path>.\third_party\FreeRTOS\Source\</path>
         <kind>object</kind>
         <file>timers.obj</file>
         <name>timers.obj</name>
      </input_file>
      <input_file id="fl-22">
         <path>.\third_party\FreeRTOS\Source\portable\CCS\ARM_CM4F\</path>
         <kind>object</kind>
         <file>port.obj</file>
         <name>port.obj</name>
      </input_file>
      <input_file id="fl-23">
         <path>.\third_party\FreeRTOS\Source\portable\CCS\ARM_CM4F\</path>
         <kind>object</kind>
         <file>portasm.obj</file>
         <name>portasm.obj</name>
      </input_file>
      <input_file id="fl-24">
         <path>.\third_party\FreeRTOS\Source\portable\MemMang\</path>
         <kind>object</kind>
         <file>heap_2.obj</file>
         <name>heap_2.obj</name>
      </input_file>
      <input_file id="fl-25">
         <path>.\utils\</path>
         <kind>object</kind>
         <file>uartstdio.obj</file>
         <name>uartstdio.obj</name>
      </input_file>
      <input_file id="fl-26">
         <path>.\utils\</path>
         <kind>object</kind>
         <file>ustdlib.obj</file>
         <name>ustdlib.obj</name>
      </input_file>
      <input_file id="fl-2b">
         <kind>object</kind>
         <file>&lt;internal&gt;</file>
         <name>&lt;internal&gt;</name>
      </input_file>
      <input_file id="fl-e1">
         <path>C:\ti\ccsv7\tools\compiler\ti-cgt-arm_16.9.7.LTS\lib\</path>
         <kind>archive</kind>
         <file>rtsv7M4_T_le_v4SPD16_eabi.lib</file>
         <name>boot.obj</name>
      </input_file>
      <input_file id="fl-e2">
         <path>C:\ti\ccsv7\tools\compiler\ti-cgt-arm_16.9.7.LTS\lib\</path>
         <kind>archive</kind>
         <file>rtsv7M4_T_le_v4SPD16_eabi.lib</file>
         <name>copy_decompress_lzss.obj</name>
      </input_file>
      <input_file id="fl-e3">
         <path>C:\ti\ccsv7\tools\compiler\ti-cgt-arm_16.9.7.LTS\lib\</path>
         <kind>archive</kind>
         <file>rtsv7M4_T_le_v4SPD16_eabi.lib</file>
         <name>copy_decompress_none.obj</name>
      </input_file>
      <input_file id="fl-e4">
         <path>C:\ti\ccsv7\tools\compiler\ti-cgt-arm_16.9.7.LTS\lib\</path>
         <kind>archive</kind>
         <file>rtsv7M4_T_le_v4SPD16_eabi.lib</file>
         <name>copy_zero_init.obj</name>
      </input_file>
      <input_file id="fl-e5">
         <path>C:\ti\ccsv7\tools\compiler\ti-cgt-arm_16.9.7.LTS\lib\</path>
         <kind>archive</kind>
         <file>rtsv7M4_T_le_v4SPD16_eabi.lib</file>
         <name>exit.obj</name>
      </input_file>
      <input_file id="fl-e6">
         <path>C:\ti\ccsv7\tools\compiler\ti-cgt-arm_16.9.7.LTS\lib\</path>
         <kind>archive</kind>
         <file>rtsv7M4_T_le_v4SPD16_eabi.lib</file>
         <name>memcmp.obj</name>
      </input_file>
      <input_file id="fl-e7">
         <path>C:\ti\ccsv7\tools\compiler\ti-cgt-arm_16.9.7.LTS\lib\</path>
         <kind>archive</kind>
         <file>rtsv7M4_T_le_v4SPD16_eabi.lib</file>
         <name>memcpy_t2.obj</name>
      </input_file>
      <input_file id="fl-e8">
         <path>C:\ti\ccsv7\tools\compiler\ti-cgt-arm_16.9.7.LTS\lib\</path>
         <kind>archive</kind>
         <file>rtsv7M4_T_le_v4SPD16_eabi.lib</file>
         <name>memset_t2.obj</name>
      </input_file>
      <input_file id="fl-e9">
         <path>C:\ti\ccsv7\tools\compiler\ti-cgt-arm_16.9.7.LTS\lib\</path>
         <kind>archive</kind>
         <file>rtsv7M4_T_le_v4SPD16_eabi.lib</file>
         <name>mpu_init.obj</name>
      </input_file>
      <input_file id="fl-ea">
         <path>C:\ti\ccsv7\tools\compiler\ti-cgt-arm_16.9.7.LTS\lib\</path>
         <kind>archive</kind>
         <file>rtsv7M4_T_le_v4SPD16_eabi.lib</file>
         <name>pre_init.obj</name>
      </input_file>
      <input_file id="fl-eb">
         <path>C:\ti\ccsv7\tools\compiler\ti-cgt-arm_16.9.7.LTS\lib\</path>
         <kind>archive</kind>
         <file>rtsv7M4_T_le_v4SPD16_eabi.lib</file>
         <name>stkdepth_vars.obj</name>
      </input_file>
      <input_file id="fl-ec">
         <path>C:\ti\ccsv7\tools\compiler\ti-cgt-arm_16.9.7.LTS\lib\</path>
         <kind>archive</kind>
         <file>rtsv7M4_T_le_v4SPD16_eabi.lib</file>
         <name>u_divt2.obj</name>
      </input_file>
      <input_file id="fl-ed">
         <path>C:\ti\ccsv7\tools\compiler\ti-cgt-arm_16.9.7.LTS\lib\</path>
         <kind>archive</kind>
         <file>rtsv7M4_T_le_v4SPD16_eabi.lib</file>
         <name>_lock.obj</name>
      </input_file>
      <input_file id="fl-ee">
         <path>C:\ti\ccsv7\tools\compiler\ti-cgt-arm_16.9.7.LTS\lib\</path>
         <kind>archive</kind>
         <file>rtsv7M4_T_le_v4SPD16_eabi.lib</file>
         <name>args_main.obj</name>
      </input_file>
      <input_file id="fl-ef">
         <path>C:\ti\ccsv7\tools\compiler\ti-cgt-arm_16.9.7.LTS\lib\</path>
         <kind>archive</kind>
         <file>rtsv7M4_T_le_v4SPD16_eabi.lib</file>
         <name>autoinit.obj</name>
      </input_file>
      <input_file id="fl-f0">
         <path>C:\ti\ccsv7\tools\compiler\ti-cgt-arm_16.9.7.LTS\lib\</path>
         <kind>archive</kind>
         <file>rtsv7M4_T_le_v4SPD16_eabi.lib</file>
         <name>cpy_tbl.obj</name>
      </input_file>
      <input_file id="fl-f1">
         <path>C:\ti\ccsv7\tools\compiler\ti-cgt-arm_16.9.7.LTS\lib\</path>
         <kind>archive</kind>
         <file>rtsv7M4_T_le_v4SPD16_eabi.lib</file>
         <name>i_div0.obj</name>
      </input_file>
      <input_file id="fl-f2">
         <path>C:\ti\ccsv7\tools\compiler\ti-cgt-arm_16.9.7.LTS\lib\</path>
         <kind>archive</kind>
         <file>rtsv7M4_T_le_v4SPD16_eabi.lib</file>
         <name>startup.obj</name>
      </input_file>
      <input_file id="fl-f3">
         <path>C:\ti\TivaWare_C_Series-2.1.4.178\driverlib\ccs\Debug\</path>
         <kind>archive</kind>
         <file>driverlib.lib</file>
         <name>adc.obj</name>
      </input_file>
      <input_file id="fl-f4">
         <path>C:\ti\TivaWare_C_Series-2.1.4.178\driverlib\ccs\Debug\</path>
         <kind>archive</kind>
         <file>driverlib.lib</file>
         <name>can.obj</name>
      </input_file>
      <input_file id="fl-f5">
         <path>C:\ti\TivaWare_C_Series-2.1.4.178\driverlib\ccs\Debug\</path>
         <kind>archive</kind>
         <file>driverlib.lib</file>
         <name>gpio.obj</name>
      </input_file>
      <input_file id="fl-f6">
         <path>C:\ti\TivaWare_C_Series-2.1.4.178\driverlib\ccs\Debug\</path>
         <kind>archive</kind>
         <file>driverlib.lib</file>
         <name>interrupt.obj</name>
      </input_file>
      <input_file id="fl-f7">
         <path>C:\ti\TivaWare_C_Series-2.1.4.178\driverlib\ccs\Debug\</path>
         <kind>archive</kind>
         <file>driverlib.lib</file>
         <name>sysctl.obj</name>
      </input_file>
      <input_file id="fl-f8">
         <path>C:\ti\TivaWare_C_Series-2.1.4.178\driverlib\ccs\Debug\</path>
         <kind>archive</kind>
         <file>driverlib.lib</file>
         <name>timer.obj</name>
      </input_file>
      <input_file id="fl-f9">
         <path>C:\ti\TivaWare_C_Series-2.1.4.178\driverlib\ccs\Debug\</path>
         <kind>archive</kind>
         <file>driverlib.lib</file>
         <name>uart.obj</name>
      </input_file>
      <input_file id="fl-fa">
         <path>C:\ti\TivaWare_C_Series-2.1.4.178\driverlib\ccs\Debug\</path>
         <kind>archive</kind>
         <file>driverlib.lib</file>
         <name>cpu.obj</name>
      </input_file>
   </input_file_list>
   <object_component_list>
      <object_component id="oc-f">
         <name>.intvecs</name>
         <load_address>0x0</load_address>
         <run_address>0x0</run_address>
         <size>0x26c</size>
         <input_file_ref idref="fl-4"/>
      </object_component>
      <object_component id="oc-487">
         <name>.text:proceedSDO</name>
         <load_address>0x26c</load_address>
         <run_address>0x26c</run_address>
         <size>0x1076</size>
         <input_file_ref idref="fl-18"/>
      </object_component>
      <object_component id="oc-37">
         <name>.text:FaultISR</name>
         <load_address>0x12e2</load_address>
         <run_address>0x12e2</run_address>
         <size>0x2</size>
         <input_file_ref idref="fl-4"/>
      </object_component>
      <object_component id="oc-1d5">
         <name>.text:PD4Master_task</name>
         <load_address>0x12e4</load_address>
         <run_address>0x12e4</run_address>
         <size>0x2b8</size>
         <input_file_ref idref="fl-8"/>
      </object_component>
      <object_component id="oc-507">
         <name>.text:TestMaster_scanIndexOD</name>
         <load_address>0x159c</load_address>
         <run_address>0x159c</run_address>
         <size>0x258</size>
         <input_file_ref idref="fl-2"/>
      </object_component>
      <object_component id="oc-48d">
         <name>.text:proceedPDO</name>
         <load_address>0x17f4</load_address>
         <run_address>0x17f4</run_address>
         <size>0x222</size>
         <input_file_ref idref="fl-17"/>
      </object_component>
      <object_component id="oc-3d">
         <name>.text:IntDefaultHandler</name>
         <load_address>0x1a16</load_address>
         <run_address>0x1a16</run_address>
         <size>0x2</size>
         <input_file_ref idref="fl-4"/>
      </object_component>
      <object_component id="oc-5a7">
         <name>.text:UARTvprintf</name>
         <load_address>0x1a18</load_address>
         <run_address>0x1a18</run_address>
         <size>0x1ea</size>
         <input_file_ref idref="fl-25"/>
      </object_component>
      <object_component id="oc-934">
         <name>.text:_writeNetworkDict</name>
         <load_address>0x1c02</load_address>
         <run_address>0x1c02</run_address>
         <size>0x15a</size>
         <input_file_ref idref="fl-18"/>
      </object_component>
      <object_component id="oc-2c0">
         <name>.text:setNodeId</name>
         <load_address>0x1d5c</load_address>
         <run_address>0x1d5c</run_address>
         <size>0x144</size>
         <input_file_ref idref="fl-19"/>
      </object_component>
      <object_component id="oc-6a9">
         <name>.text:_sendPDOevent</name>
         <load_address>0x1ea0</load_address>
         <run_address>0x1ea0</run_address>
         <size>0x11c</size>
         <input_file_ref idref="fl-17"/>
      </object_component>
      <object_component id="oc-29c">
         <name>.text:xQueueGenericReceive</name>
         <load_address>0x1fbc</load_address>
         <run_address>0x1fbc</run_address>
         <size>0x118</size>
         <input_file_ref idref="fl-1f"/>
      </object_component>
      <object_component id="oc-225">
         <name>.text:SysCtlClockGet</name>
         <load_address>0x20d4</load_address>
         <run_address>0x20d4</run_address>
         <size>0x110</size>
         <input_file_ref idref="fl-f7"/>
      </object_component>
      <object_component id="oc-53b">
         <name>.text:switchCommunicationState</name>
         <load_address>0x21e4</load_address>
         <run_address>0x21e4</run_address>
         <size>0x110</size>
         <input_file_ref idref="fl-19"/>
      </object_component>
      <object_component id="oc-1dc">
         <name>.text:LEDTask</name>
         <load_address>0x22f4</load_address>
         <run_address>0x22f4</run_address>
         <size>0x108</size>
         <input_file_ref idref="fl-9"/>
      </object_component>
      <object_component id="oc-a7">
         <name>.text:xTaskIncrementTick</name>
         <load_address>0x23fc</load_address>
         <run_address>0x23fc</run_address>
         <size>0x104</size>
         <input_file_ref idref="fl-20"/>
      </object_component>
      <object_component id="oc-2d2">
         <name>.text:setState</name>
         <load_address>0x2500</load_address>
         <run_address>0x2500</run_address>
         <size>0x102</size>
         <input_file_ref idref="fl-19"/>
      </object_component>
      <object_component id="oc-31">
         <name>.text:NmiSR</name>
         <load_address>0x2602</load_address>
         <run_address>0x2602</run_address>
         <size>0x2</size>
         <input_file_ref idref="fl-4"/>
      </object_component>
      <object_component id="oc-1b9">
         <name>.text:xTaskGenericCreate</name>
         <load_address>0x2604</load_address>
         <run_address>0x2604</run_address>
         <size>0x100</size>
         <input_file_ref idref="fl-20"/>
      </object_component>
      <object_component id="oc-481">
         <name>.text:proceedNODE_GUARD</name>
         <load_address>0x2704</load_address>
         <run_address>0x2704</run_address>
         <size>0xfc</size>
         <input_file_ref idref="fl-12"/>
      </object_component>
      <object_component id="oc-54c">
         <name>.text:_setODentry</name>
         <load_address>0x2800</load_address>
         <run_address>0x2800</run_address>
         <size>0xf4</size>
         <input_file_ref idref="fl-16"/>
      </object_component>
      <object_component id="oc-2f6">
         <name>.text:sendOnePDOevent</name>
         <load_address>0x28f4</load_address>
         <run_address>0x28f4</run_address>
         <size>0xf0</size>
         <input_file_ref idref="fl-17"/>
      </object_component>
      <object_component id="oc-2b2">
         <name>.text:xQueueGenericSend</name>
         <load_address>0x29e4</load_address>
         <run_address>0x29e4</run_address>
         <size>0xe8</size>
         <input_file_ref idref="fl-1f"/>
      </object_component>
      <object_component id="oc-40a">
         <name>.text:xTaskResumeAll</name>
         <load_address>0x2acc</load_address>
         <run_address>0x2acc</run_address>
         <size>0xe4</size>
         <input_file_ref idref="fl-20"/>
      </object_component>
      <object_component id="oc-3aa">
         <name>.text:CAN0IntHandler</name>
         <load_address>0x2bb0</load_address>
         <run_address>0x2bb0</run_address>
         <size>0xe0</size>
         <input_file_ref idref="fl-b"/>
      </object_component>
      <object_component id="oc-556">
         <name>.text:buildPDO</name>
         <load_address>0x2c90</load_address>
         <run_address>0x2c90</run_address>
         <size>0xd8</size>
         <input_file_ref idref="fl-17"/>
      </object_component>
      <object_component id="oc-43">
         <name>.text</name>
         <load_address>0x2d68</load_address>
         <run_address>0x2d68</run_address>
         <size>0xd2</size>
         <input_file_ref idref="fl-23"/>
      </object_component>
      <object_component id="oc-2fc">
         <name>.text:PD4Master_heartbeatError</name>
         <load_address>0x2e3a</load_address>
         <run_address>0x2e3a</run_address>
         <size>0x2</size>
         <input_file_ref idref="fl-7"/>
      </object_component>
      <object_component id="oc-1ff">
         <name>.text:can_init</name>
         <load_address>0x2e3c</load_address>
         <run_address>0x2e3c</run_address>
         <size>0xd0</size>
         <input_file_ref idref="fl-b"/>
      </object_component>
      <object_component id="oc-7d7">
         <name>.text:_getODentry</name>
         <load_address>0x2f0c</load_address>
         <run_address>0x2f0c</run_address>
         <size>0xc4</size>
         <input_file_ref idref="fl-16"/>
      </object_component>
      <object_component id="oc-218">
         <name>.text:cmd_uart_init_handler</name>
         <load_address>0x2fd0</load_address>
         <run_address>0x2fd0</run_address>
         <size>0xc0</size>
         <input_file_ref idref="fl-d"/>
      </object_component>
      <object_component id="oc-5d0">
         <name>.text:TimeDispatch</name>
         <load_address>0x3090</load_address>
         <run_address>0x3090</run_address>
         <size>0xb8</size>
         <input_file_ref idref="fl-1b"/>
      </object_component>
      <object_component id="oc-6a0">
         <name>.text:CopyBits</name>
         <load_address>0x3148</load_address>
         <run_address>0x3148</run_address>
         <size>0xb0</size>
         <input_file_ref idref="fl-17"/>
      </object_component>
      <object_component id="oc-266">
         <name>.text:pvPortMalloc</name>
         <load_address>0x31f8</load_address>
         <run_address>0x31f8</run_address>
         <size>0xac</size>
         <input_file_ref idref="fl-24"/>
      </object_component>
      <object_component id="oc-568">
         <name>.text:SetAlarm</name>
         <load_address>0x32a4</load_address>
         <run_address>0x32a4</run_address>
         <size>0xa0</size>
         <input_file_ref idref="fl-1b"/>
      </object_component>
      <object_component id="oc-5c">
         <name>.text</name>
         <load_address>0x3344</load_address>
         <run_address>0x3344</run_address>
         <size>0x9c</size>
         <input_file_ref idref="fl-e7"/>
      </object_component>
      <object_component id="oc-1a2">
         <name>.text:cmd_uart_init</name>
         <load_address>0x33e0</load_address>
         <run_address>0x33e0</run_address>
         <size>0x98</size>
         <input_file_ref idref="fl-d"/>
      </object_component>
      <object_component id="oc-49f">
         <name>.text:proceedNMTstateChange</name>
         <load_address>0x3478</load_address>
         <run_address>0x3478</run_address>
         <size>0x94</size>
         <input_file_ref idref="fl-15"/>
      </object_component>
      <object_component id="oc-675">
         <name>.text:initSDOline</name>
         <load_address>0x350c</load_address>
         <run_address>0x350c</run_address>
         <size>0x90</size>
         <input_file_ref idref="fl-18"/>
      </object_component>
      <object_component id="oc-468">
         <name>.text:vTaskPriorityInherit</name>
         <load_address>0x359c</load_address>
         <run_address>0x359c</run_address>
         <size>0x90</size>
         <input_file_ref idref="fl-20"/>
      </object_component>
      <object_component id="oc-a0">
         <name>.text:vTaskSwitchContext</name>
         <load_address>0x362c</load_address>
         <run_address>0x362c</run_address>
         <size>0x8c</size>
         <input_file_ref idref="fl-20"/>
      </object_component>
      <object_component id="oc-596">
         <name>.text:PD4Master_writeSlaveParam</name>
         <load_address>0x36b8</load_address>
         <run_address>0x36b8</run_address>
         <size>0x84</size>
         <input_file_ref idref="fl-7"/>
      </object_component>
      <object_component id="oc-2e4">
         <name>.text:vTaskDelayUntil</name>
         <load_address>0x373c</load_address>
         <run_address>0x373c</run_address>
         <size>0x84</size>
         <input_file_ref idref="fl-20"/>
      </object_component>
      <object_component id="oc-26c">
         <name>.text:xQueueGenericReset</name>
         <load_address>0x37c0</load_address>
         <run_address>0x37c0</run_address>
         <size>0x84</size>
         <input_file_ref idref="fl-1f"/>
      </object_component>
      <object_component id="oc-12a">
         <name>.text:driver_init_hardware</name>
         <load_address>0x3844</load_address>
         <run_address>0x3844</run_address>
         <size>0x80</size>
         <input_file_ref idref="fl-e"/>
      </object_component>
      <object_component id="oc-68">
         <name>.text</name>
         <load_address>0x38c4</load_address>
         <run_address>0x38c4</run_address>
         <size>0x7a</size>
         <input_file_ref idref="fl-e8"/>
      </object_component>
      <object_component id="oc-320">
         <name>.text:PD4Master_post_TPDO</name>
         <load_address>0x393e</load_address>
         <run_address>0x393e</run_address>
         <size>0x2</size>
         <input_file_ref idref="fl-7"/>
      </object_component>
      <object_component id="oc-904">
         <name>.text:heartbeatInit</name>
         <load_address>0x3940</load_address>
         <run_address>0x3940</run_address>
         <size>0x78</size>
         <input_file_ref idref="fl-12"/>
      </object_component>
      <object_component id="oc-780">
         <name>.text:xTaskPriorityDisinherit</name>
         <load_address>0x39b8</load_address>
         <run_address>0x39b8</run_address>
         <size>0x78</size>
         <input_file_ref idref="fl-20"/>
      </object_component>
      <object_component id="oc-1f9">
         <name>.text:CO_Timerinit</name>
         <load_address>0x3a30</load_address>
         <run_address>0x3a30</run_address>
         <size>0x74</size>
         <input_file_ref idref="fl-b"/>
      </object_component>
      <object_component id="oc-13c">
         <name>.text:PD4Master_taskInit</name>
         <load_address>0x3aa4</load_address>
         <run_address>0x3aa4</run_address>
         <size>0x74</size>
         <input_file_ref idref="fl-8"/>
      </object_component>
      <object_component id="oc-669">
         <name>.text:SDOTimeoutAlarm</name>
         <load_address>0x3b18</load_address>
         <run_address>0x3b18</run_address>
         <size>0x74</size>
         <input_file_ref idref="fl-18"/>
      </object_component>
      <object_component id="oc-90a">
         <name>.text:nodeguardInit</name>
         <load_address>0x3b8c</load_address>
         <run_address>0x3b8c</run_address>
         <size>0x74</size>
         <input_file_ref idref="fl-12"/>
      </object_component>
      <object_component id="oc-65d">
         <name>.text:sendSDO</name>
         <load_address>0x3c00</load_address>
         <run_address>0x3c00</run_address>
         <size>0x74</size>
         <input_file_ref idref="fl-18"/>
      </object_component>
      <object_component id="oc-41b">
         <name>.text:xTaskRemoveFromEventList</name>
         <load_address>0x3c74</load_address>
         <run_address>0x3c74</run_address>
         <size>0x74</size>
         <input_file_ref idref="fl-20"/>
      </object_component>
      <object_component id="oc-525">
         <name>.text:prvCopyDataToQueue</name>
         <load_address>0x3ce8</load_address>
         <run_address>0x3ce8</run_address>
         <size>0x72</size>
         <input_file_ref idref="fl-1f"/>
      </object_component>
      <object_component id="oc-31a">
         <name>.text:PD4Master_post_sync</name>
         <load_address>0x3d5a</load_address>
         <run_address>0x3d5a</run_address>
         <size>0x2</size>
         <input_file_ref idref="fl-7"/>
      </object_component>
      <object_component id="oc-80">
         <name>.text</name>
         <load_address>0x3d5c</load_address>
         <run_address>0x3d5c</run_address>
         <size>0x70</size>
         <input_file_ref idref="fl-ef"/>
      </object_component>
      <object_component id="oc-920">
         <name>.text:TPDO_Communication_Parameter_Callback</name>
         <load_address>0x3dcc</load_address>
         <run_address>0x3dcc</run_address>
         <size>0x6e</size>
         <input_file_ref idref="fl-17"/>
      </object_component>
      <object_component id="oc-699">
         <name>.text:failedSDO</name>
         <load_address>0x3e3a</load_address>
         <run_address>0x3e3a</run_address>
         <size>0x6c</size>
         <input_file_ref idref="fl-18"/>
      </object_component>
      <object_component id="oc-4b0">
         <name>.text:_RxPDO_EventTimers_Handler</name>
         <load_address>0x3ea6</load_address>
         <run_address>0x3ea6</run_address>
         <size>0x2</size>
         <input_file_ref idref="fl-17"/>
      </object_component>
      <object_component id="oc-39e">
         <name>.text:IntEnable</name>
         <load_address>0x3ea8</load_address>
         <run_address>0x3ea8</run_address>
         <size>0x68</size>
         <input_file_ref idref="fl-f6"/>
      </object_component>
      <object_component id="oc-2a2">
         <name>.text:canDispatch</name>
         <load_address>0x3f10</load_address>
         <run_address>0x3f10</run_address>
         <size>0x68</size>
         <input_file_ref idref="fl-19"/>
      </object_component>
      <object_component id="oc-12">
         <name>.text:decompress:lzss</name>
         <load_address>0x3f78</load_address>
         <run_address>0x3f78</run_address>
         <size>0x68</size>
         <input_file_ref idref="fl-e2"/>
      </object_component>
      <object_component id="oc-798">
         <name>.text:startSYNC</name>
         <load_address>0x3fe0</load_address>
         <run_address>0x3fe0</run_address>
         <size>0x68</size>
         <input_file_ref idref="fl-1a"/>
      </object_component>
      <object_component id="oc-1a8">
         <name>.text:ConfigureUART</name>
         <load_address>0x4048</load_address>
         <run_address>0x4048</run_address>
         <size>0x64</size>
         <input_file_ref idref="fl-e"/>
      </object_component>
      <object_component id="oc-7b6">
         <name>.text:PDOStop</name>
         <load_address>0x40ac</load_address>
         <run_address>0x40ac</run_address>
         <size>0x64</size>
         <input_file_ref idref="fl-17"/>
      </object_component>
      <object_component id="oc-46e">
         <name>.text:vTaskPlaceOnEventList</name>
         <load_address>0x4110</load_address>
         <run_address>0x4110</run_address>
         <size>0x64</size>
         <input_file_ref idref="fl-20"/>
      </object_component>
      <object_component id="oc-982">
         <name>.text:GuardTimeAlarm</name>
         <load_address>0x4174</load_address>
         <run_address>0x4174</run_address>
         <size>0x62</size>
         <input_file_ref idref="fl-12"/>
      </object_component>
      <object_component id="oc-45c">
         <name>.text:prvUnlockQueue</name>
         <load_address>0x41d6</load_address>
         <run_address>0x41d6</run_address>
         <size>0x62</size>
         <input_file_ref idref="fl-1f"/>
      </object_component>
      <object_component id="oc-22b">
         <name>.text:UARTStdioConfig</name>
         <load_address>0x4238</load_address>
         <run_address>0x4238</run_address>
         <size>0x60</size>
         <input_file_ref idref="fl-25"/>
      </object_component>
      <object_component id="oc-28d">
         <name>.text:prvInitialiseTaskLists</name>
         <load_address>0x4298</load_address>
         <run_address>0x4298</run_address>
         <size>0x60</size>
         <input_file_ref idref="fl-20"/>
      </object_component>
      <object_component id="oc-148">
         <name>.text:vTaskStartScheduler</name>
         <load_address>0x42f8</load_address>
         <run_address>0x42f8</run_address>
         <size>0x60</size>
         <input_file_ref idref="fl-20"/>
      </object_component>
      <object_component id="oc-5e3">
         <name>.text:_CANIntNumberGet</name>
         <load_address>0x4358</load_address>
         <run_address>0x4358</run_address>
         <size>0x5c</size>
         <input_file_ref idref="fl-f4"/>
      </object_component>
      <object_component id="oc-2cc">
         <name>.text:vTaskDelay</name>
         <load_address>0x43b4</load_address>
         <run_address>0x43b4</run_address>
         <size>0x5c</size>
         <input_file_ref idref="fl-20"/>
      </object_component>
      <object_component id="oc-3cb">
         <name>.text:xQueueGenericSendFromISR</name>
         <load_address>0x4410</load_address>
         <run_address>0x4410</run_address>
         <size>0x5c</size>
         <input_file_ref idref="fl-1f"/>
      </object_component>
      <object_component id="oc-366">
         <name>.text:prvCheckTasksWaitingTermination</name>
         <load_address>0x446c</load_address>
         <run_address>0x446c</run_address>
         <size>0x58</size>
         <input_file_ref idref="fl-20"/>
      </object_component>
      <object_component id="oc-2f0">
         <name>.text:sendPDOrequest</name>
         <load_address>0x44c4</load_address>
         <run_address>0x44c4</run_address>
         <size>0x56</size>
         <input_file_ref idref="fl-17"/>
      </object_component>
      <object_component id="oc-4e3">
         <name>.text:_heartbeatError</name>
         <load_address>0x451a</load_address>
         <run_address>0x451a</run_address>
         <size>0x2</size>
         <input_file_ref idref="fl-12"/>
      </object_component>
      <object_component id="oc-391">
         <name>.text:CO_TimerIntHandler</name>
         <load_address>0x451c</load_address>
         <run_address>0x451c</run_address>
         <size>0x54</size>
         <input_file_ref idref="fl-b"/>
      </object_component>
      <object_component id="oc-34b">
         <name>.text:PD4Master_set_pos</name>
         <load_address>0x4570</load_address>
         <run_address>0x4570</run_address>
         <size>0x54</size>
         <input_file_ref idref="fl-8"/>
      </object_component>
      <object_component id="oc-27b">
         <name>.text:prvInitialiseTCBVariables</name>
         <load_address>0x45c4</load_address>
         <run_address>0x45c4</run_address>
         <size>0x54</size>
         <input_file_ref idref="fl-20"/>
      </object_component>
      <object_component id="oc-24">
         <name>.text</name>
         <load_address>0x4618</load_address>
         <run_address>0x4618</run_address>
         <size>0x54</size>
         <input_file_ref idref="fl-e1"/>
      </object_component>
      <object_component id="oc-8c">
         <name>.text</name>
         <load_address>0x466c</load_address>
         <run_address>0x466c</run_address>
         <size>0x54</size>
         <input_file_ref idref="fl-e5"/>
      </object_component>
      <object_component id="oc-456">
         <name>.text:xTaskCheckForTimeOut</name>
         <load_address>0x46c0</load_address>
         <run_address>0x46c0</run_address>
         <size>0x54</size>
         <input_file_ref idref="fl-20"/>
      </object_component>
      <object_component id="oc-326">
         <name>.text:PD4Master_post_emcy</name>
         <load_address>0x4714</load_address>
         <run_address>0x4714</run_address>
         <size>0x52</size>
         <input_file_ref idref="fl-7"/>
      </object_component>
      <object_component id="oc-2ea">
         <name>.text:CanOpen_setMaster</name>
         <load_address>0x4766</load_address>
         <run_address>0x4766</run_address>
         <size>0x4e</size>
         <input_file_ref idref="fl-7"/>
      </object_component>
      <object_component id="oc-7bc">
         <name>.text:PDOInit</name>
         <load_address>0x47b4</load_address>
         <run_address>0x47b4</run_address>
         <size>0x4c</size>
         <input_file_ref idref="fl-17"/>
      </object_component>
      <object_component id="oc-5c8">
         <name>.text:_TimerIntNumberGet</name>
         <load_address>0x4800</load_address>
         <run_address>0x4800</run_address>
         <size>0x4c</size>
         <input_file_ref idref="fl-f8"/>
      </object_component>
      <object_component id="oc-534">
         <name>.text:prvAddCurrentTaskToDelayedList</name>
         <load_address>0x484c</load_address>
         <run_address>0x484c</run_address>
         <size>0x4c</size>
         <input_file_ref idref="fl-20"/>
      </object_component>
      <object_component id="oc-cd">
         <name>.text</name>
         <load_address>0x4898</load_address>
         <run_address>0x4898</run_address>
         <size>0x4c</size>
         <input_file_ref idref="fl-f0"/>
      </object_component>
      <object_component id="oc-1c9">
         <name>.text:xQueueCreateMutex</name>
         <load_address>0x48e4</load_address>
         <run_address>0x48e4</run_address>
         <size>0x4c</size>
         <input_file_ref idref="fl-1f"/>
      </object_component>
      <object_component id="oc-98c">
         <name>.text:GetSDOClientFromNodeId</name>
         <load_address>0x4930</load_address>
         <run_address>0x4930</run_address>
         <size>0x48</size>
         <input_file_ref idref="fl-18"/>
      </object_component>
      <object_component id="oc-975">
         <name>.text:ProducerHeartbeatAlarm</name>
         <load_address>0x4978</load_address>
         <run_address>0x4978</run_address>
         <size>0x48</size>
         <input_file_ref idref="fl-12"/>
      </object_component>
      <object_component id="oc-805">
         <name>.text:UARTwrite</name>
         <load_address>0x49c0</load_address>
         <run_address>0x49c0</run_address>
         <size>0x48</size>
         <input_file_ref idref="fl-25"/>
      </object_component>
      <object_component id="oc-136">
         <name>.text:CANopen_taskInit</name>
         <load_address>0x4a08</load_address>
         <run_address>0x4a08</run_address>
         <size>0x44</size>
         <input_file_ref idref="fl-6"/>
      </object_component>
      <object_component id="oc-7c9">
         <name>.text:can_write</name>
         <load_address>0x4a4c</load_address>
         <run_address>0x4a4c</run_address>
         <size>0x44</size>
         <input_file_ref idref="fl-b"/>
      </object_component>
      <object_component id="oc-681">
         <name>.text:lineToSDO</name>
         <load_address>0x4a90</load_address>
         <run_address>0x4a90</run_address>
         <size>0x44</size>
         <input_file_ref idref="fl-18"/>
      </object_component>
      <object_component id="oc-429">
         <name>.text:vPortFree</name>
         <load_address>0x4ad4</load_address>
         <run_address>0x4ad4</run_address>
         <size>0x44</size>
         <input_file_ref idref="fl-24"/>
      </object_component>
      <object_component id="oc-687">
         <name>.text:objdictToSDOline</name>
         <load_address>0x4b18</load_address>
         <run_address>0x4b18</run_address>
         <size>0x42</size>
         <input_file_ref idref="fl-18"/>
      </object_component>
      <object_component id="oc-657">
         <name>.text:SDOtoLine</name>
         <load_address>0x4b5a</load_address>
         <run_address>0x4b5a</run_address>
         <size>0x40</size>
         <input_file_ref idref="fl-18"/>
      </object_component>
      <object_component id="oc-4c5">
         <name>.text:_initialisation</name>
         <load_address>0x4b9a</load_address>
         <run_address>0x4b9a</run_address>
         <size>0x2</size>
         <input_file_ref idref="fl-19"/>
      </object_component>
      <object_component id="oc-3b3">
         <name>.text:_UARTIntNumberGet</name>
         <load_address>0x4b9c</load_address>
         <run_address>0x4b9c</run_address>
         <size>0x40</size>
         <input_file_ref idref="fl-f9"/>
      </object_component>
      <object_component id="oc-80b">
         <name>.text</name>
         <load_address>0x4bdc</load_address>
         <run_address>0x4bdc</run_address>
         <size>0x40</size>
         <input_file_ref idref="fl-ec"/>
      </object_component>
      <object_component id="oc-1e3">
         <name>.text:xPortStartScheduler</name>
         <load_address>0x4c1c</load_address>
         <run_address>0x4c1c</run_address>
         <size>0x40</size>
         <input_file_ref idref="fl-22"/>
      </object_component>
      <object_component id="oc-1b3">
         <name>.text:xQueueGenericCreate</name>
         <load_address>0x4c5c</load_address>
         <run_address>0x4c5c</run_address>
         <size>0x3c</size>
         <input_file_ref idref="fl-1f"/>
      </object_component>
      <object_component id="oc-275">
         <name>.text:prvAllocateTCBAndStack</name>
         <load_address>0x4c98</load_address>
         <run_address>0x4c98</run_address>
         <size>0x3a</size>
         <input_file_ref idref="fl-20"/>
      </object_component>
      <object_component id="oc-83d">
         <name>.text:sendSDOabort</name>
         <load_address>0x4cd2</load_address>
         <run_address>0x4cd2</run_address>
         <size>0x3a</size>
         <input_file_ref idref="fl-18"/>
      </object_component>
      <object_component id="oc-663">
         <name>.text:SDOlineToObjdict</name>
         <load_address>0x4d0c</load_address>
         <run_address>0x4d0c</run_address>
         <size>0x38</size>
         <input_file_ref idref="fl-18"/>
      </object_component>
      <object_component id="oc-640">
         <name>.text:vListInsert</name>
         <load_address>0x4d44</load_address>
         <run_address>0x4d44</run_address>
         <size>0x38</size>
         <input_file_ref idref="fl-1e"/>
      </object_component>
      <object_component id="oc-8f7">
         <name>.text:heartbeatStop</name>
         <load_address>0x4d7c</load_address>
         <run_address>0x4d7c</run_address>
         <size>0x36</size>
         <input_file_ref idref="fl-12"/>
      </object_component>
      <object_component id="oc-4e9">
         <name>.text:_nodeguardError</name>
         <load_address>0x4db2</load_address>
         <run_address>0x4db2</run_address>
         <size>0x2</size>
         <input_file_ref idref="fl-12"/>
      </object_component>
      <object_component id="oc-130">
         <name>.text:CO_start_listening</name>
         <load_address>0x4db4</load_address>
         <run_address>0x4db4</run_address>
         <size>0x34</size>
         <input_file_ref idref="fl-b"/>
      </object_component>
      <object_component id="oc-3b9">
         <name>.text:IntRegister</name>
         <load_address>0x4de8</load_address>
         <run_address>0x4de8</run_address>
         <size>0x34</size>
         <input_file_ref idref="fl-f6"/>
      </object_component>
      <object_component id="oc-142">
         <name>.text:LEDTaskInit</name>
         <load_address>0x4e1c</load_address>
         <run_address>0x4e1c</run_address>
         <size>0x34</size>
         <input_file_ref idref="fl-9"/>
      </object_component>
      <object_component id="oc-32c">
         <name>.text:PD4Master_post_SlaveStateChange</name>
         <load_address>0x4e50</load_address>
         <run_address>0x4e50</run_address>
         <size>0x34</size>
         <input_file_ref idref="fl-7"/>
      </object_component>
      <object_component id="oc-398">
         <name>.text:SysCtlPeripheralEnable</name>
         <load_address>0x4e84</load_address>
         <run_address>0x4e84</run_address>
         <size>0x34</size>
         <input_file_ref idref="fl-f7"/>
      </object_component>
      <object_component id="oc-93b">
         <name>.text:closeSDOtransfer</name>
         <load_address>0x4eb8</load_address>
         <run_address>0x4eb8</run_address>
         <size>0x34</size>
         <input_file_ref idref="fl-18"/>
      </object_component>
      <object_component id="oc-693">
         <name>.text:resetSDOline</name>
         <load_address>0x4eec</load_address>
         <run_address>0x4eec</run_address>
         <size>0x34</size>
         <input_file_ref idref="fl-18"/>
      </object_component>
      <object_component id="oc-562">
         <name>.text:DelAlarm</name>
         <load_address>0x4f20</load_address>
         <run_address>0x4f20</run_address>
         <size>0x30</size>
         <input_file_ref idref="fl-1b"/>
      </object_component>
      <object_component id="oc-5a0">
         <name>.text:PD4Master_set_ctrl</name>
         <load_address>0x4f50</load_address>
         <run_address>0x4f50</run_address>
         <size>0x30</size>
         <input_file_ref idref="fl-8"/>
      </object_component>
      <object_component id="oc-404">
         <name>.text:prvHeapInit</name>
         <load_address>0x4f80</load_address>
         <run_address>0x4f80</run_address>
         <size>0x30</size>
         <input_file_ref idref="fl-24"/>
      </object_component>
      <object_component id="oc-651">
         <name>.text:getSDOlineOnUse</name>
         <load_address>0x4fb0</load_address>
         <run_address>0x4fb0</run_address>
         <size>0x2e</size>
         <input_file_ref idref="fl-18"/>
      </object_component>
      <object_component id="oc-792">
         <name>.text:stopSYNC</name>
         <load_address>0x4fde</load_address>
         <run_address>0x4fde</run_address>
         <size>0x2c</size>
         <input_file_ref idref="fl-1a"/>
      </object_component>
      <object_component id="oc-4d1">
         <name>.text:_operational</name>
         <load_address>0x500a</load_address>
         <run_address>0x500a</run_address>
         <size>0x2</size>
         <input_file_ref idref="fl-19"/>
      </object_component>
      <object_component id="oc-48">
         <name>.text:xPortSysTickHandler</name>
         <load_address>0x500c</load_address>
         <run_address>0x500c</run_address>
         <size>0x2c</size>
         <input_file_ref idref="fl-22"/>
      </object_component>
      <object_component id="oc-649">
         <name>.text:ConsumerHeartbeatAlarm</name>
         <load_address>0x5038</load_address>
         <run_address>0x5038</run_address>
         <size>0x2a</size>
         <input_file_ref idref="fl-12"/>
      </object_component>
      <object_component id="oc-912">
         <name>.text:OnNumberOfErrorsUpdate</name>
         <load_address>0x5062</load_address>
         <run_address>0x5062</run_address>
         <size>0x2a</size>
         <input_file_ref idref="fl-11"/>
      </object_component>
      <object_component id="oc-993">
         <name>.text:getSDOlineToClose</name>
         <load_address>0x508c</load_address>
         <run_address>0x508c</run_address>
         <size>0x2a</size>
         <input_file_ref idref="fl-18"/>
      </object_component>
      <object_component id="oc-499">
         <name>.text:proceedSYNC</name>
         <load_address>0x50b6</load_address>
         <run_address>0x50b6</run_address>
         <size>0x2a</size>
         <input_file_ref idref="fl-1a"/>
      </object_component>
      <object_component id="oc-7c2">
         <name>.text:slaveSendBootUp</name>
         <load_address>0x50e0</load_address>
         <run_address>0x50e0</run_address>
         <size>0x2a</size>
         <input_file_ref idref="fl-15"/>
      </object_component>
      <object_component id="oc-4fb">
         <name>.text:_post_SlaveBootup</name>
         <load_address>0x510a</load_address>
         <run_address>0x510a</run_address>
         <size>0x2</size>
         <input_file_ref idref="fl-12"/>
      </object_component>
      <object_component id="oc-1c2">
         <name>.text:CANopen_task</name>
         <load_address>0x510c</load_address>
         <run_address>0x510c</run_address>
         <size>0x28</size>
         <input_file_ref idref="fl-6"/>
      </object_component>
      <object_component id="oc-345">
         <name>.text:PD4Master_set_speed</name>
         <load_address>0x5134</load_address>
         <run_address>0x5134</run_address>
         <size>0x28</size>
         <input_file_ref idref="fl-8"/>
      </object_component>
      <object_component id="oc-543">
         <name>.text:canSend</name>
         <load_address>0x515c</load_address>
         <run_address>0x515c</run_address>
         <size>0x28</size>
         <input_file_ref idref="fl-b"/>
      </object_component>
      <object_component id="oc-7e8">
         <name>.text:getElapsedTime</name>
         <load_address>0x5184</load_address>
         <run_address>0x5184</run_address>
         <size>0x28</size>
         <input_file_ref idref="fl-b"/>
      </object_component>
      <object_component id="oc-db">
         <name>.text:main</name>
         <load_address>0x51ac</load_address>
         <run_address>0x51ac</run_address>
         <size>0x28</size>
         <input_file_ref idref="fl-3"/>
      </object_component>
      <object_component id="oc-2de">
         <name>.text:masterSendNMTstateChange</name>
         <load_address>0x51d4</load_address>
         <run_address>0x51d4</run_address>
         <size>0x28</size>
         <input_file_ref idref="fl-14"/>
      </object_component>
      <object_component id="oc-103">
         <name>.text:prvResetNextTaskUnblockTime</name>
         <load_address>0x51fc</load_address>
         <run_address>0x51fc</run_address>
         <size>0x28</size>
         <input_file_ref idref="fl-20"/>
      </object_component>
      <object_component id="oc-281">
         <name>.text:pxPortInitialiseStack</name>
         <load_address>0x5224</load_address>
         <run_address>0x5224</run_address>
         <size>0x28</size>
         <input_file_ref idref="fl-22"/>
      </object_component>
      <object_component id="oc-7eb">
         <name>.text:setTimer</name>
         <load_address>0x524c</load_address>
         <run_address>0x524c</run_address>
         <size>0x28</size>
         <input_file_ref idref="fl-b"/>
      </object_component>
      <object_component id="oc-7f5">
         <name>.text:writeNetworkDictCallBack</name>
         <load_address>0x5274</load_address>
         <run_address>0x5274</run_address>
         <size>0x28</size>
         <input_file_ref idref="fl-18"/>
      </object_component>
      <object_component id="oc-8e3">
         <name>.text:RegisterSetODentryCallBack</name>
         <load_address>0x529c</load_address>
         <run_address>0x529c</run_address>
         <size>0x26</size>
         <input_file_ref idref="fl-16"/>
      </object_component>
      <object_component id="oc-474">
         <name>.text:prvCopyDataFromQueue</name>
         <load_address>0x52c2</load_address>
         <run_address>0x52c2</run_address>
         <size>0x26</size>
         <input_file_ref idref="fl-1f"/>
      </object_component>
      <object_component id="oc-56e">
         <name>.text:sendPdo</name>
         <load_address>0x52e8</load_address>
         <run_address>0x52e8</run_address>
         <size>0x26</size>
         <input_file_ref idref="fl-17"/>
      </object_component>
      <object_component id="oc-501">
         <name>.text:_post_SlaveStateChange</name>
         <load_address>0x530e</load_address>
         <run_address>0x530e</run_address>
         <size>0x2</size>
         <input_file_ref idref="fl-12"/>
      </object_component>
      <object_component id="oc-7fb">
         <name>.text:CheckSDOAndContinue</name>
         <load_address>0x5310</load_address>
         <run_address>0x5310</run_address>
         <size>0x24</size>
         <input_file_ref idref="fl-7"/>
      </object_component>
      <object_component id="oc-212">
         <name>.text:IntPrioritySet</name>
         <load_address>0x5334</load_address>
         <run_address>0x5334</run_address>
         <size>0x24</size>
         <input_file_ref idref="fl-f6"/>
      </object_component>
      <object_component id="oc-57a">
         <name>.text:PDOInhibitTimerAlarm</name>
         <load_address>0x5358</load_address>
         <run_address>0x5358</run_address>
         <size>0x24</size>
         <input_file_ref idref="fl-17"/>
      </object_component>
      <object_component id="oc-55c">
         <name>.text</name>
         <load_address>0x537c</load_address>
         <run_address>0x537c</run_address>
         <size>0x24</size>
         <input_file_ref idref="fl-e6"/>
      </object_component>
      <object_component id="oc-302">
         <name>.text:PD4Master_initialisation</name>
         <load_address>0x53a0</load_address>
         <run_address>0x53a0</run_address>
         <size>0x22</size>
         <input_file_ref idref="fl-7"/>
      </object_component>
      <object_component id="oc-4f5">
         <name>.text:_post_TPDO</name>
         <load_address>0x53c2</load_address>
         <run_address>0x53c2</run_address>
         <size>0x2</size>
         <input_file_ref idref="fl-1a"/>
      </object_component>
      <object_component id="oc-308">
         <name>.text:PD4Master_preOperational</name>
         <load_address>0x53c4</load_address>
         <run_address>0x53c4</run_address>
         <size>0x22</size>
         <input_file_ref idref="fl-7"/>
      </object_component>
      <object_component id="oc-574">
         <name>.text:PDOEventTimerAlarm</name>
         <load_address>0x53e6</load_address>
         <run_address>0x53e6</run_address>
         <size>0x22</size>
         <input_file_ref idref="fl-17"/>
      </object_component>
      <object_component id="oc-9a5">
         <name>.text:masterSendNMTnodeguard</name>
         <load_address>0x5408</load_address>
         <run_address>0x5408</run_address>
         <size>0x22</size>
         <input_file_ref idref="fl-14"/>
      </object_component>
      <object_component id="oc-493">
         <name>.text:proceedEMCY</name>
         <load_address>0x542a</load_address>
         <run_address>0x542a</run_address>
         <size>0x22</size>
         <input_file_ref idref="fl-11"/>
      </object_component>
      <object_component id="oc-99b">
         <name>.text:sendSYNCMessage</name>
         <load_address>0x544c</load_address>
         <run_address>0x544c</run_address>
         <size>0x22</size>
         <input_file_ref idref="fl-1a"/>
      </object_component>
      <object_component id="oc-516">
         <name>.text:_post_emcy</name>
         <load_address>0x546e</load_address>
         <run_address>0x546e</run_address>
         <size>0x2</size>
         <input_file_ref idref="fl-11"/>
      </object_component>
      <object_component id="oc-7b0">
         <name>.text:emergencyInit</name>
         <load_address>0x5470</load_address>
         <run_address>0x5470</run_address>
         <size>0x20</size>
         <input_file_ref idref="fl-11"/>
      </object_component>
      <object_component id="oc-109">
         <name>.text:uxListRemove</name>
         <load_address>0x5490</load_address>
         <run_address>0x5490</run_address>
         <size>0x20</size>
         <input_file_ref idref="fl-1e"/>
      </object_component>
      <object_component id="oc-30e">
         <name>.text:PD4Master_operational</name>
         <load_address>0x54b0</load_address>
         <run_address>0x54b0</run_address>
         <size>0x1f</size>
         <input_file_ref idref="fl-7"/>
      </object_component>
      <object_component id="oc-2c6">
         <name>.text:CO_timer_start</name>
         <load_address>0x54d0</load_address>
         <run_address>0x54d0</run_address>
         <size>0x1c</size>
         <input_file_ref idref="fl-b"/>
      </object_component>
      <object_component id="oc-51f">
         <name>.text:prvIsQueueFull</name>
         <load_address>0x54ec</load_address>
         <run_address>0x54ec</run_address>
         <size>0x1c</size>
         <input_file_ref idref="fl-1f"/>
      </object_component>
      <object_component id="oc-287">
         <name>.text:vPortEnterCritical</name>
         <load_address>0x5508</load_address>
         <run_address>0x5508</run_address>
         <size>0x1c</size>
         <input_file_ref idref="fl-22"/>
      </object_component>
      <object_component id="oc-314">
         <name>.text:PD4Master_stopped</name>
         <load_address>0x5524</load_address>
         <run_address>0x5524</run_address>
         <size>0x1b</size>
         <input_file_ref idref="fl-7"/>
      </object_component>
      <object_component id="oc-351">
         <name>.text:UARTprintf</name>
         <load_address>0x5540</load_address>
         <run_address>0x5540</run_address>
         <size>0x1a</size>
         <input_file_ref idref="fl-25"/>
      </object_component>
      <object_component id="oc-66f">
         <name>.text:getSDOfreeLine</name>
         <load_address>0x555a</load_address>
         <run_address>0x555a</run_address>
         <size>0x1a</size>
         <input_file_ref idref="fl-18"/>
      </object_component>
      <object_component id="oc-67b">
         <name>.text:getSDOlineRestBytes</name>
         <load_address>0x5574</load_address>
         <run_address>0x5574</run_address>
         <size>0x1a</size>
         <input_file_ref idref="fl-18"/>
      </object_component>
      <object_component id="oc-462">
         <name>.text:prvIsQueueEmpty</name>
         <load_address>0x558e</load_address>
         <run_address>0x558e</run_address>
         <size>0x1a</size>
         <input_file_ref idref="fl-1f"/>
      </object_component>
      <object_component id="oc-3a4">
         <name>.text:CANIntRegister</name>
         <load_address>0x55a8</load_address>
         <run_address>0x55a8</run_address>
         <size>0x18</size>
         <input_file_ref idref="fl-f4"/>
      </object_component>
      <object_component id="oc-4bf">
         <name>.text:TestMaster_valueRangeTest</name>
         <load_address>0x55c0</load_address>
         <run_address>0x55c0</run_address>
         <size>0x18</size>
         <input_file_ref idref="fl-2"/>
      </object_component>
      <object_component id="oc-38b">
         <name>.text:TimerIntRegister</name>
         <load_address>0x55d8</load_address>
         <run_address>0x55d8</run_address>
         <size>0x18</size>
         <input_file_ref idref="fl-f8"/>
      </object_component>
      <object_component id="oc-20c">
         <name>.text:UARTIntRegister</name>
         <load_address>0x55f0</load_address>
         <run_address>0x55f0</run_address>
         <size>0x18</size>
         <input_file_ref idref="fl-f9"/>
      </object_component>
      <object_component id="oc-47a">
         <name>.text:pvTaskIncrementMutexHeldCount</name>
         <load_address>0x5608</load_address>
         <run_address>0x5608</run_address>
         <size>0x18</size>
         <input_file_ref idref="fl-20"/>
      </object_component>
      <object_component id="oc-86">
         <name>.text</name>
         <load_address>0x5620</load_address>
         <run_address>0x5620</run_address>
         <size>0x18</size>
         <input_file_ref idref="fl-ee"/>
      </object_component>
      <object_component id="oc-10f">
         <name>.text:vListInsertEnd</name>
         <load_address>0x5638</load_address>
         <run_address>0x5638</run_address>
         <size>0x18</size>
         <input_file_ref idref="fl-1e"/>
      </object_component>
      <object_component id="oc-293">
         <name>.text:vPortExitCritical</name>
         <load_address>0x5650</load_address>
         <run_address>0x5650</run_address>
         <size>0x18</size>
         <input_file_ref idref="fl-22"/>
      </object_component>
      <object_component id="oc-450">
         <name>.text:vTaskSetTimeOutState</name>
         <load_address>0x5668</load_address>
         <run_address>0x5668</run_address>
         <size>0x18</size>
         <input_file_ref idref="fl-20"/>
      </object_component>
      <object_component id="oc-2ac">
         <name>.text:vListInitialise</name>
         <load_address>0x5680</load_address>
         <run_address>0x5680</run_address>
         <size>0x16</size>
         <input_file_ref idref="fl-1e"/>
      </object_component>
      <object_component id="oc-4ef">
         <name>.text:_post_sync</name>
         <load_address>0x5696</load_address>
         <run_address>0x5696</run_address>
         <size>0x2</size>
         <input_file_ref idref="fl-1a"/>
      </object_component>
      <object_component id="oc-158">
         <name>.text</name>
         <load_address>0x5698</load_address>
         <run_address>0x5698</run_address>
         <size>0x14</size>
         <input_file_ref idref="fl-ed"/>
      </object_component>
      <object_component id="oc-966">
         <name>.text:sendSYNC</name>
         <load_address>0x56ac</load_address>
         <run_address>0x56ac</run_address>
         <size>0x14</size>
         <input_file_ref idref="fl-1a"/>
      </object_component>
      <object_component id="oc-68d">
         <name>.text:setSDOlineRestBytes</name>
         <load_address>0x56c0</load_address>
         <run_address>0x56c0</run_address>
         <size>0x14</size>
         <input_file_ref idref="fl-18"/>
      </object_component>
      <object_component id="oc-35c">
         <name>.text:vPortSetupTimerInterrupt</name>
         <load_address>0x56d4</load_address>
         <run_address>0x56d4</run_address>
         <size>0x14</size>
         <input_file_ref idref="fl-22"/>
      </object_component>
      <object_component id="oc-96f">
         <name>.text:OnHeartbeatProducerUpdate</name>
         <load_address>0x56e8</load_address>
         <run_address>0x56e8</run_address>
         <size>0x12</size>
         <input_file_ref idref="fl-12"/>
      </object_component>
      <object_component id="oc-97c">
         <name>.text:OnNodeGuardUpdate</name>
         <load_address>0x56fa</load_address>
         <run_address>0x56fa</run_address>
         <size>0x12</size>
         <input_file_ref idref="fl-12"/>
      </object_component>
      <object_component id="oc-8fd">
         <name>.text:nodeguardStop</name>
         <load_address>0x570c</load_address>
         <run_address>0x570c</run_address>
         <size>0x12</size>
         <input_file_ref idref="fl-12"/>
      </object_component>
      <object_component id="oc-5ba">
         <name>.text:prvDeleteTCB</name>
         <load_address>0x571e</load_address>
         <run_address>0x571e</run_address>
         <size>0x12</size>
         <input_file_ref idref="fl-20"/>
      </object_component>
      <object_component id="oc-91a">
         <name>.text:scanIndexOD</name>
         <load_address>0x5730</load_address>
         <run_address>0x5730</run_address>
         <size>0x12</size>
         <input_file_ref idref="fl-16"/>
      </object_component>
      <object_component id="oc-385">
         <name>.text:IntMasterEnable</name>
         <load_address>0x5742</load_address>
         <run_address>0x5742</run_address>
         <size>0x10</size>
         <input_file_ref idref="fl-f6"/>
      </object_component>
      <object_component id="oc-4cb">
         <name>.text:_preOperational</name>
         <load_address>0x5752</load_address>
         <run_address>0x5752</run_address>
         <size>0x10</size>
         <input_file_ref idref="fl-19"/>
      </object_component>
      <object_component id="oc-7a4">
         <name>.text:lifeGuardInit</name>
         <load_address>0x5762</load_address>
         <run_address>0x5762</run_address>
         <size>0x10</size>
         <input_file_ref idref="fl-12"/>
      </object_component>
      <object_component id="oc-79e">
         <name>.text:lifeGuardStop</name>
         <load_address>0x5772</load_address>
         <run_address>0x5772</run_address>
         <size>0x10</size>
         <input_file_ref idref="fl-12"/>
      </object_component>
      <object_component id="oc-437">
         <name>.text:prvTaskExitError</name>
         <load_address>0x5782</load_address>
         <run_address>0x5782</run_address>
         <size>0x10</size>
         <input_file_ref idref="fl-22"/>
      </object_component>
      <object_component id="oc-4d7">
         <name>.text:_stopped</name>
         <load_address>0x5792</load_address>
         <run_address>0x5792</run_address>
         <size>0x2</size>
         <input_file_ref idref="fl-19"/>
      </object_component>
      <object_component id="oc-3fe">
         <name>.text:vTaskSuspendAll</name>
         <load_address>0x5794</load_address>
         <run_address>0x5794</run_address>
         <size>0x10</size>
         <input_file_ref idref="fl-20"/>
      </object_component>
      <object_component id="oc-3c5">
         <name>.text:UARTCharGetNonBlocking</name>
         <load_address>0x57a4</load_address>
         <run_address>0x57a4</run_address>
         <size>0xe</size>
         <input_file_ref idref="fl-f9"/>
      </object_component>
      <object_component id="oc-18">
         <name>.text:decompress:none</name>
         <load_address>0x57b2</load_address>
         <run_address>0x57b2</run_address>
         <size>0xe</size>
         <input_file_ref idref="fl-e3"/>
      </object_component>
      <object_component id="oc-19c">
         <name>.text:CO_driver_init</name>
         <load_address>0x57c0</load_address>
         <run_address>0x57c0</run_address>
         <size>0xc</size>
         <input_file_ref idref="fl-b"/>
      </object_component>
      <object_component id="oc-5c1">
         <name>.text:CPUcpsie</name>
         <load_address>0x57cc</load_address>
         <run_address>0x57cc</run_address>
         <size>0xc</size>
         <input_file_ref idref="fl-fa"/>
      </object_component>
      <object_component id="oc-1e">
         <name>.text:decompress:ZI</name>
         <load_address>0x57d8</load_address>
         <run_address>0x57d8</run_address>
         <size>0xc</size>
         <input_file_ref idref="fl-e4"/>
      </object_component>
      <object_component id="oc-637">
         <name>.text:vTaskMissedYield</name>
         <load_address>0x57e4</load_address>
         <run_address>0x57e4</run_address>
         <size>0xc</size>
         <input_file_ref idref="fl-20"/>
      </object_component>
      <object_component id="oc-2d8">
         <name>.text:xTaskGetTickCount</name>
         <load_address>0x57f0</load_address>
         <run_address>0x57f0</run_address>
         <size>0xc</size>
         <input_file_ref idref="fl-20"/>
      </object_component>
      <object_component id="oc-8ea">
         <name>.text:OnCOB_ID_SyncUpdate</name>
         <load_address>0x57fc</load_address>
         <run_address>0x57fc</run_address>
         <size>0xa</size>
         <input_file_ref idref="fl-1a"/>
      </object_component>
      <object_component id="oc-206">
         <name>.text:UARTFIFOEnable</name>
         <load_address>0x5806</load_address>
         <run_address>0x5806</run_address>
         <size>0xa</size>
         <input_file_ref idref="fl-f9"/>
      </object_component>
      <object_component id="oc-1e9">
         <name>.text:prvIdleTask</name>
         <load_address>0x5810</load_address>
         <run_address>0x5810</run_address>
         <size>0x8</size>
         <input_file_ref idref="fl-20"/>
      </object_component>
      <object_component id="oc-2b">
         <name>.text:ResetISR</name>
         <load_address>0x5818</load_address>
         <run_address>0x5818</run_address>
         <size>0x6</size>
         <input_file_ref idref="fl-4"/>
      </object_component>
      <object_component id="oc-21f">
         <name>.text:UARTClockSourceSet</name>
         <load_address>0x581e</load_address>
         <run_address>0x581e</run_address>
         <size>0x6</size>
         <input_file_ref idref="fl-f9"/>
      </object_component>
      <object_component id="oc-6b1">
         <name>.text:getNodeId</name>
         <load_address>0x5824</load_address>
         <run_address>0x5824</run_address>
         <size>0x6</size>
         <input_file_ref idref="fl-19"/>
      </object_component>
      <object_component id="oc-78c">
         <name>.text:resetSDO</name>
         <load_address>0x582a</load_address>
         <run_address>0x582a</run_address>
         <size>0x6</size>
         <input_file_ref idref="fl-18"/>
      </object_component>
      <object_component id="oc-430">
         <name>.text:vListInitialiseItem</name>
         <load_address>0x5830</load_address>
         <run_address>0x5830</run_address>
         <size>0x6</size>
         <input_file_ref idref="fl-1e"/>
      </object_component>
      <object_component id="oc-8f0">
         <name>.text:SyncAlarm</name>
         <load_address>0x5836</load_address>
         <run_address>0x5836</run_address>
         <size>0x4</size>
         <input_file_ref idref="fl-1a"/>
      </object_component>
      <object_component id="oc-7a">
         <name>.text</name>
         <load_address>0x583a</load_address>
         <run_address>0x583a</run_address>
         <size>0x4</size>
         <input_file_ref idref="fl-ea"/>
      </object_component>
      <object_component id="oc-50d">
         <name>.text:_storeODSubIndex</name>
         <load_address>0x583e</load_address>
         <run_address>0x583e</run_address>
         <size>0x2</size>
         <input_file_ref idref="fl-16"/>
      </object_component>
      <object_component id="oc-7aa">
         <name>.text:emergencyStop</name>
         <load_address>0x5840</load_address>
         <run_address>0x5840</run_address>
         <size>0x2</size>
         <input_file_ref idref="fl-11"/>
      </object_component>
      <object_component id="oc-943">
         <name>.text</name>
         <load_address>0x5842</load_address>
         <run_address>0x5842</run_address>
         <size>0x2</size>
         <input_file_ref idref="fl-f1"/>
      </object_component>
      <object_component id="oc-74">
         <name>.text</name>
         <load_address>0x5844</load_address>
         <run_address>0x5844</run_address>
         <size>0x2</size>
         <input_file_ref idref="fl-e9"/>
      </object_component>
      <object_component id="oc-d3">
         <name>.text</name>
         <load_address>0x5846</load_address>
         <run_address>0x5846</run_address>
         <size>0x2</size>
         <input_file_ref idref="fl-f2"/>
      </object_component>
      <object_component id="oc-f9">
         <name>.text:vApplicationStackOverflowHook</name>
         <load_address>0x5848</load_address>
         <run_address>0x5848</run_address>
         <size>0x2</size>
         <input_file_ref idref="fl-3"/>
      </object_component>
      <object_component id="oc-4aa">
         <name>.const:TestMaster_objdict</name>
         <load_address>0x584c</load_address>
         <run_address>0x584c</run_address>
         <size>0x180</size>
         <input_file_ref idref="fl-2"/>
      </object_component>
      <object_component id="oc-3c0">
         <name>.const:g_pui32Regs</name>
         <load_address>0x59cc</load_address>
         <run_address>0x59cc</run_address>
         <size>0x9c</size>
         <input_file_ref idref="fl-f6"/>
      </object_component>
      <object_component id="oc-5df">
         <name>.const</name>
         <load_address>0x5a68</load_address>
         <run_address>0x5a68</run_address>
         <size>0x70</size>
         <input_file_ref idref="fl-f6"/>
      </object_component>
      <object_component id="oc-3dc">
         <name>.const:g_pui32Xtals</name>
         <load_address>0x5ad8</load_address>
         <run_address>0x5ad8</run_address>
         <size>0x6c</size>
         <input_file_ref idref="fl-f7"/>
      </object_component>
      <object_component id="oc-813">
         <name>.const:g_ppui32TimerIntMap</name>
         <load_address>0x5b44</load_address>
         <run_address>0x5b44</run_address>
         <size>0x60</size>
         <input_file_ref idref="fl-f8"/>
      </object_component>
      <object_component id="oc-816">
         <name>.const:g_ppui32TimerIntMapSnowflake</name>
         <load_address>0x5ba4</load_address>
         <run_address>0x5ba4</run_address>
         <size>0x40</size>
         <input_file_ref idref="fl-f8"/>
      </object_component>
      <object_component id="oc-5ef">
         <name>.const:g_ppui32UARTIntMap</name>
         <load_address>0x5be4</load_address>
         <run_address>0x5be4</run_address>
         <size>0x40</size>
         <input_file_ref idref="fl-f9"/>
      </object_component>
      <object_component id="oc-5f2">
         <name>.const:g_ppui32UARTIntMapSnowflake</name>
         <load_address>0x5c24</load_address>
         <run_address>0x5c24</run_address>
         <size>0x40</size>
         <input_file_ref idref="fl-f9"/>
      </object_component>
      <object_component id="oc-95f">
         <name>.const:.string</name>
         <load_address>0x5c64</load_address>
         <run_address>0x5c64</run_address>
         <size>0x12</size>
         <input_file_ref idref="fl-2"/>
      </object_component>
      <object_component id="oc-52c">
         <name>.const:$P$T4$5</name>
         <load_address>0x5c78</load_address>
         <run_address>0x5c78</run_address>
         <size>0x10</size>
         <input_file_ref idref="fl-19"/>
      </object_component>
      <object_component id="oc-52f">
         <name>.const:$P$T5$6</name>
         <load_address>0x5c88</load_address>
         <run_address>0x5c88</run_address>
         <size>0x10</size>
         <input_file_ref idref="fl-19"/>
      </object_component>
      <object_component id="oc-4b6">
         <name>.const:TestMaster_firstIndex</name>
         <load_address>0x5c98</load_address>
         <run_address>0x5c98</run_address>
         <size>0xc</size>
         <input_file_ref idref="fl-2"/>
      </object_component>
      <object_component id="oc-4b9">
         <name>.const:TestMaster_lastIndex</name>
         <load_address>0x5ca4</load_address>
         <run_address>0x5ca4</run_address>
         <size>0xc</size>
         <input_file_ref idref="fl-2"/>
      </object_component>
      <object_component id="oc-3e3">
         <name>.const:g_ui32UARTBase</name>
         <load_address>0x5cb0</load_address>
         <run_address>0x5cb0</run_address>
         <size>0xc</size>
         <input_file_ref idref="fl-25"/>
      </object_component>
      <object_component id="oc-3e0">
         <name>.const:g_ui32UARTPeriph</name>
         <load_address>0x5cbc</load_address>
         <run_address>0x5cbc</run_address>
         <size>0xc</size>
         <input_file_ref idref="fl-25"/>
      </object_component>
      <object_component id="oc-4bc">
         <name>.const</name>
         <load_address>0x5cc8</load_address>
         <run_address>0x5cc8</run_address>
         <size>0x4</size>
         <input_file_ref idref="fl-2"/>
      </object_component>
      <object_component id="oc-9d">
         <name>.const</name>
         <load_address>0x5ccc</load_address>
         <run_address>0x5ccc</run_address>
         <size>0x4</size>
         <input_file_ref idref="fl-22"/>
      </object_component>
      <object_component id="oc-9d2">
         <name>.cinit..data.load</name>
         <load_address>0x5cd0</load_address>
         <run_address>0x5cd0</run_address>
         <size>0x3b3</size>
      </object_component>
      <object_component id="oc-9cf">
         <name>__TI_handler_table</name>
         <load_address>0x6084</load_address>
         <run_address>0x6084</run_address>
         <size>0xc</size>
      </object_component>
      <object_component id="oc-9d3">
         <name>.cinit..bss.load</name>
         <load_address>0x6090</load_address>
         <run_address>0x6090</run_address>
         <size>0x8</size>
      </object_component>
      <object_component id="oc-9d1">
         <name>.cinit..vtable.load</name>
         <load_address>0x6098</load_address>
         <run_address>0x6098</run_address>
         <size>0x8</size>
      </object_component>
      <object_component id="oc-9d0">
         <name>__TI_cinit_table</name>
         <load_address>0x60a0</load_address>
         <run_address>0x60a0</run_address>
         <size>0x18</size>
      </object_component>
      <object_component id="oc-5f6">
         <name>.vtable</name>
         <uninitialized>true</uninitialized>
         <run_address>0x20000000</run_address>
         <size>0x26c</size>
         <input_file_ref idref="fl-f6"/>
      </object_component>
      <object_component id="oc-332">
         <name>.data:PD4_Controlword</name>
         <load_address>0x20002ba0</load_address>
         <run_address>0x20002ba0</run_address>
         <size>0x8</size>
         <input_file_ref idref="fl-2"/>
      </object_component>
      <object_component id="oc-338">
         <name>.data:PD4_Status</name>
         <load_address>0x20002ba8</load_address>
         <run_address>0x20002ba8</run_address>
         <size>0x8</size>
         <input_file_ref idref="fl-2"/>
      </object_component>
      <object_component id="oc-8ac">
         <name>.data:PD4_SubMode</name>
         <load_address>0x200029f4</load_address>
         <run_address>0x200029f4</run_address>
         <size>0x10</size>
         <input_file_ref idref="fl-2"/>
      </object_component>
      <object_component id="oc-341">
         <name>.data:PD4_Mode</name>
         <load_address>0x20002bed</load_address>
         <run_address>0x20002bed</run_address>
         <size>0x4</size>
         <input_file_ref idref="fl-2"/>
      </object_component>
      <object_component id="oc-357">
         <name>.data:PD4_Position</name>
         <load_address>0x200029e4</load_address>
         <run_address>0x200029e4</run_address>
         <size>0x10</size>
         <input_file_ref idref="fl-2"/>
      </object_component>
      <object_component id="oc-4a7">
         <name>.data</name>
         <load_address>0x20002214</load_address>
         <run_address>0x20002214</run_address>
         <size>0xee</size>
         <input_file_ref idref="fl-2"/>
      </object_component>
      <object_component id="oc-4e0">
         <name>.data:TestMaster_heartBeatTimers</name>
         <load_address>0x20002302</load_address>
         <run_address>0x20002302</run_address>
         <size>0x2</size>
         <input_file_ref idref="fl-2"/>
      </object_component>
      <object_component id="oc-6bd">
         <name>.data:TestMaster_Index1000</name>
         <load_address>0x20002a30</load_address>
         <run_address>0x20002a30</run_address>
         <size>0xc</size>
         <input_file_ref idref="fl-2"/>
      </object_component>
      <object_component id="oc-6c0">
         <name>.data:TestMaster_Index1001</name>
         <load_address>0x20002a3c</load_address>
         <run_address>0x20002a3c</run_address>
         <size>0xc</size>
         <input_file_ref idref="fl-2"/>
      </object_component>
      <object_component id="oc-513">
         <name>.data:TestMaster_obj1003</name>
         <load_address>0x20002bfc</load_address>
         <run_address>0x20002bfc</run_address>
         <size>0x4</size>
         <input_file_ref idref="fl-2"/>
      </object_component>
      <object_component id="oc-776">
         <name>.data:TestMaster_Index1005_callbacks</name>
         <load_address>0x20002bf4</load_address>
         <run_address>0x20002bf4</run_address>
         <size>0x4</size>
         <input_file_ref idref="fl-2"/>
      </object_component>
[...]
         <name>_initialisation</name>
         <value>0x4b9b</value>
         <object_component_ref idref="oc-4c5"/>
      </symbol>
      <symbol id="sm-ad6">
         <name>_stopped</name>
         <value>0x5793</value>
         <object_component_ref idref="oc-4d7"/>
      </symbol>
      <symbol id="sm-ad7">
         <name>canDispatch</name>
         <value>0x3f11</value>
         <object_component_ref idref="oc-2a2"/>
      </symbol>
      <symbol id="sm-ad8">
         <name>_preOperational</name>
         <value>0x5753</value>
         <object_component_ref idref="oc-4cb"/>
      </symbol>
      <symbol id="sm-ad9">
         <name>setState</name>
         <value>0x2501</value>
         <object_component_ref idref="oc-2d2"/>
      </symbol>
      <symbol id="sm-ada">
         <name>_operational</name>
         <value>0x500b</value>
         <object_component_ref idref="oc-4d1"/>
      </symbol>
      <symbol id="sm-adb">
         <name>switchCommunicationState</name>
         <value>0x21e5</value>
         <object_component_ref idref="oc-53b"/>
      </symbol>
      <symbol id="sm-b2e">
         <name>sendSYNCMessage</name>
         <value>0x544d</value>
         <object_component_ref idref="oc-99b"/>
      </symbol>
      <symbol id="sm-b2f">
         <name>SyncAlarm</name>
         <value>0x5837</value>
         <object_component_ref idref="oc-8f0"/>
      </symbol>
      <symbol id="sm-b30">
         <name>OnCOB_ID_SyncUpdate</name>
         <value>0x57fd</value>
         <object_component_ref idref="oc-8ea"/>
      </symbol>
      <symbol id="sm-b31">
         <name>stopSYNC</name>
         <value>0x4fdf</value>
         <object_component_ref idref="oc-792"/>
      </symbol>
      <symbol id="sm-b32">
         <name>_post_TPDO</name>
         <value>0x53c3</value>
         <object_component_ref idref="oc-4f5"/>
      </symbol>
      <symbol id="sm-b33">
         <name>startSYNC</name>
         <value>0x3fe1</value>
         <object_component_ref idref="oc-798"/>
      </symbol>
      <symbol id="sm-b34">
         <name>proceedSYNC</name>
         <value>0x50b7</value>
         <object_component_ref idref="oc-499"/>
      </symbol>
      <symbol id="sm-b35">
         <name>sendSYNC</name>
         <value>0x56ad</value>
         <object_component_ref idref="oc-966"/>
      </symbol>
      <symbol id="sm-b36">
         <name>_post_sync</name>
         <value>0x5697</value>
         <object_component_ref idref="oc-4ef"/>
      </symbol>
      <symbol id="sm-b7d">
         <name>DelAlarm</name>
         <value>0x4f21</value>
         <object_component_ref idref="oc-562"/>
      </symbol>
      <symbol id="sm-b7e">
         <name>timers</name>
         <value>0x20002304</value>
         <object_component_ref idref="oc-7e3"/>
      </symbol>
      <symbol id="sm-b7f">
         <name>total_sleep_time</name>
         <value>0x20002b8c</value>
         <object_component_ref idref="oc-7e0"/>
      </symbol>
      <symbol id="sm-b80">
         <name>SetAlarm</name>
         <value>0x32a5</value>
         <object_component_ref idref="oc-568"/>
      </symbol>
      <symbol id="sm-b81">
         <name>TimeDispatch</name>
         <value>0x3091</value>
         <object_component_ref idref="oc-5d0"/>
      </symbol>
      <symbol id="sm-b82">
         <name>last_timer_raw</name>
         <value>0x20002b90</value>
         <object_component_ref idref="oc-7e0"/>
      </symbol>
      <symbol id="sm-b83">
         <name>tdcount</name>
         <value>0x20002b94</value>
         <object_component_ref idref="oc-7e0"/>
      </symbol>
      <symbol id="sm-bc7">
         <name>uxListRemove</name>
         <value>0x5491</value>
         <object_component_ref idref="oc-109"/>
      </symbol>
      <symbol id="sm-bc8">
         <name>vListInsert</name>
         <value>0x4d45</value>
         <object_component_ref idref="oc-640"/>
      </symbol>
      <symbol id="sm-bc9">
         <name>vListInitialiseItem</name>
         <value>0x5831</value>
         <object_component_ref idref="oc-430"/>
      </symbol>
      <symbol id="sm-bca">
         <name>vListInsertEnd</name>
         <value>0x5639</value>
         <object_component_ref idref="oc-10f"/>
      </symbol>
      <symbol id="sm-bcb">
         <name>vListInitialise</name>
         <value>0x5681</value>
         <object_component_ref idref="oc-2ac"/>
      </symbol>
      <symbol id="sm-c68">
         <name>xQueueGenericSendFromISR</name>
         <value>0x4411</value>
         <object_component_ref idref="oc-3cb"/>
      </symbol>
      <symbol id="sm-c69">
         <name>xQueueGenericCreate</name>
         <value>0x4c5d</value>
         <object_component_ref idref="oc-1b3"/>
      </symbol>
      <symbol id="sm-c6a">
         <name>xQueueCreateMutex</name>
         <value>0x48e5</value>
         <object_component_ref idref="oc-1c9"/>
      </symbol>
      <symbol id="sm-c6b">
         <name>xQueueGenericSend</name>
         <value>0x29e5</value>
         <object_component_ref idref="oc-2b2"/>
      </symbol>
      <symbol id="sm-c6c">
         <name>xQueueGenericReset</name>
         <value>0x37c1</value>
         <object_component_ref idref="oc-26c"/>
      </symbol>
      <symbol id="sm-c6d">
         <name>xQueueGenericReceive</name>
         <value>0x1fbd</value>
         <object_component_ref idref="oc-29c"/>
      </symbol>
      <symbol id="sm-e3c">
         <name>vTaskDelay</name>
         <value>0x43b5</value>
         <object_component_ref idref="oc-2cc"/>
      </symbol>
      <symbol id="sm-e3d">
         <name>vTaskSuspendAll</name>
         <value>0x5795</value>
         <object_component_ref idref="oc-3fe"/>
      </symbol>
      <symbol id="sm-e3e">
         <name>vTaskPriorityInherit</name>
         <value>0x359d</value>
         <object_component_ref idref="oc-468"/>
      </symbol>
      <symbol id="sm-e3f">
         <name>vTaskPlaceOnEventList</name>
         <value>0x4111</value>
         <object_component_ref idref="oc-46e"/>
      </symbol>
      <symbol id="sm-e40">
         <name>xTaskCheckForTimeOut</name>
         <value>0x46c1</value>
         <object_component_ref idref="oc-456"/>
      </symbol>
      <symbol id="sm-e41">
         <name>xTaskPriorityDisinherit</name>
         <value>0x39b9</value>
         <object_component_ref idref="oc-780"/>
      </symbol>
      <symbol id="sm-e42">
         <name>vTaskStartScheduler</name>
         <value>0x42f9</value>
         <object_component_ref idref="oc-148"/>
      </symbol>
      <symbol id="sm-e43">
         <name>pvTaskIncrementMutexHeldCount</name>
         <value>0x5609</value>
         <object_component_ref idref="oc-47a"/>
      </symbol>
      <symbol id="sm-e44">
         <name>vTaskDelayUntil</name>
         <value>0x373d</value>
         <object_component_ref idref="oc-2e4"/>
      </symbol>
      <symbol id="sm-e45">
         <name>vTaskMissedYield</name>
         <value>0x57e5</value>
         <object_component_ref idref="oc-637"/>
      </symbol>
      <symbol id="sm-e46">
         <name>xTaskResumeAll</name>
         <value>0x2acd</value>
         <object_component_ref idref="oc-40a"/>
      </symbol>
      <symbol id="sm-e47">
         <name>xTaskGetTickCount</name>
         <value>0x57f1</value>
         <object_component_ref idref="oc-2d8"/>
      </symbol>
      <symbol id="sm-e48">
         <name>xTaskGenericCreate</name>
         <value>0x2605</value>
         <object_component_ref idref="oc-1b9"/>
      </symbol>
      <symbol id="sm-e49">
         <name>pxCurrentTCB</name>
         <value>0x2000285c</value>
         <object_component_ref idref="oc-9a"/>
      </symbol>
      <symbol id="sm-e4a">
         <name>vTaskSetTimeOutState</name>
         <value>0x5669</value>
         <object_component_ref idref="oc-450"/>
      </symbol>
      <symbol id="sm-e4b">
         <name>xTaskIncrementTick</name>
         <value>0x23fd</value>
         <object_component_ref idref="oc-a7"/>
      </symbol>
      <symbol id="sm-e4c">
         <name>vTaskSwitchContext</name>
         <value>0x362d</value>
         <object_component_ref idref="oc-a0"/>
      </symbol>
      <symbol id="sm-e4d">
         <name>xTaskRemoveFromEventList</name>
         <value>0x3c75</value>
         <object_component_ref idref="oc-41b"/>
      </symbol>
      <symbol id="sm-ea9">
         <name>ulMaxSyscallInterruptPriority</name>
         <value>0x5ccc</value>
         <object_component_ref idref="oc-9d"/>
      </symbol>
      <symbol id="sm-eaa">
         <name>vPortSetupTimerInterrupt</name>
         <value>0x56d5</value>
         <object_component_ref idref="oc-35c"/>
      </symbol>
      <symbol id="sm-eab">
         <name>xPortSysTickHandler</name>
         <value>0x500d</value>
         <object_component_ref idref="oc-48"/>
      </symbol>
      <symbol id="sm-eac">
         <name>pxPortInitialiseStack</name>
         <value>0x5225</value>
         <object_component_ref idref="oc-281"/>
      </symbol>
      <symbol id="sm-ead">
         <name>vPortExitCritical</name>
         <value>0x5651</value>
         <object_component_ref idref="oc-293"/>
      </symbol>
      <symbol id="sm-eae">
         <name>xPortStartScheduler</name>
         <value>0x4c1d</value>
         <object_component_ref idref="oc-1e3"/>
      </symbol>
      <symbol id="sm-eaf">
         <name>vPortEnterCritical</name>
         <value>0x5509</value>
         <object_component_ref idref="oc-287"/>
      </symbol>
      <symbol id="sm-ebe">
         <name>vPortStartFirstTask</name>
         <value>0x2e11</value>
         <object_component_ref idref="oc-43"/>
      </symbol>
      <symbol id="sm-ebf">
         <name>ulPortGetIPSR</name>
         <value>0x2d79</value>
         <object_component_ref idref="oc-43"/>
      </symbol>
      <symbol id="sm-ec0">
         <name>vPortEnableVFP</name>
         <value>0x2e2d</value>
         <object_component_ref idref="oc-43"/>
      </symbol>
      <symbol id="sm-ec1">
         <name>xPortPendSVHandler</name>
         <value>0x2d91</value>
         <object_component_ref idref="oc-43"/>
      </symbol>
      <symbol id="sm-ec2">
         <name>vPortSVCHandler</name>
         <value>0x2df1</value>
         <object_component_ref idref="oc-43"/>
      </symbol>
      <symbol id="sm-f17">
         <name>pvPortMalloc</name>
         <value>0x31f9</value>
         <object_component_ref idref="oc-266"/>
      </symbol>
      <symbol id="sm-f18">
         <name>vPortFree</name>
         <value>0x4ad5</value>
         <object_component_ref idref="oc-429"/>
      </symbol>
      <symbol id="sm-f86">
         <name>UARTStdioConfig</name>
         <value>0x4239</value>
         <object_component_ref idref="oc-22b"/>
      </symbol>
      <symbol id="sm-f87">
         <name>UARTwrite</name>
         <value>0x49c1</value>
         <object_component_ref idref="oc-805"/>
      </symbol>
      <symbol id="sm-f88">
         <name>UARTprintf</name>
         <value>0x5541</value>
         <object_component_ref idref="oc-351"/>
      </symbol>
      <symbol id="sm-f89">
         <name>UARTvprintf</name>
         <value>0x1a19</value>
         <object_component_ref idref="oc-5a7"/>
      </symbol>
      <symbol id="sm-f9b">
         <name>_c_int00</name>
         <value>0x4619</value>
         <object_component_ref idref="oc-24"/>
      </symbol>
      <symbol id="sm-f9c">
         <name>__stack</name>
         <value>0x20002c10</value>
         <object_component_ref idref="oc-2a"/>
      </symbol>
      <symbol id="sm-fba">
         <name>__TI_decompress_lzss</name>
         <value>0x3f79</value>
         <object_component_ref idref="oc-12"/>
      </symbol>
      <symbol id="sm-fd1">
         <name>__TI_decompress_none</name>
         <value>0x57b3</value>
         <object_component_ref idref="oc-18"/>
      </symbol>
      <symbol id="sm-fe3">
         <name>__TI_zero_init</name>
         <value>0x57d9</value>
         <object_component_ref idref="oc-1e"/>
      </symbol>
      <symbol id="sm-1004">
         <name>C$$EXIT</name>
         <value>0x466d</value>
         <object_component_ref idref="oc-8c"/>
      </symbol>
      <symbol id="sm-1005">
         <name>abort</name>
         <value>0x4671</value>
         <object_component_ref idref="oc-8c"/>
      </symbol>
      <symbol id="sm-1006">
         <name>exit</name>
         <value>0x4679</value>
         <object_component_ref idref="oc-8c"/>
      </symbol>
      <symbol id="sm-1007">
         <name>__TI_dtors_ptr</name>
         <value>0x20002a28</value>
         <object_component_ref idref="oc-e3"/>
      </symbol>
      <symbol id="sm-1008">
         <name>__TI_cleanup_ptr</name>
         <value>0x20002a24</value>
         <object_component_ref idref="oc-e3"/>
      </symbol>
      <symbol id="sm-1009">
         <name>__TI_enable_exit_profile_output</name>
         <value>0x20002a2c</value>
         <object_component_ref idref="oc-e3"/>
      </symbol>
      <symbol id="sm-1019">
         <name>memcmp</name>
         <value>0x537d</value>
         <object_component_ref idref="oc-55c"/>
      </symbol>
      <symbol id="sm-1034">
         <name>memcpy</name>
         <value>0x3345</value>
         <object_component_ref idref="oc-5c"/>
      </symbol>
      <symbol id="sm-1035">
         <name>__aeabi_memcpy</name>
         <value>0x3345</value>
         <object_component_ref idref="oc-5c"/>
      </symbol>
      <symbol id="sm-1036">
         <name>__aeabi_memcpy8</name>
         <value>0x3345</value>
         <object_component_ref idref="oc-5c"/>
      </symbol>
      <symbol id="sm-1037">
         <name>__aeabi_memcpy4</name>
         <value>0x3345</value>
         <object_component_ref idref="oc-5c"/>
      </symbol>
      <symbol id="sm-1046">
         <name>__aeabi_memset</name>
         <value>0x38c7</value>
         <object_component_ref idref="oc-68"/>
      </symbol>
      <symbol id="sm-1047">
         <name>memset</name>
         <value>0x38cd</value>
         <object_component_ref idref="oc-68"/>
      </symbol>
      <symbol id="sm-1048">
         <name>__aeabi_memset8</name>
         <value>0x38c7</value>
         <object_component_ref idref="oc-68"/>
      </symbol>
      <symbol id="sm-1049">
         <name>__aeabi_memset4</name>
         <value>0x38c7</value>
         <object_component_ref idref="oc-68"/>
      </symbol>
      <symbol id="sm-104a">
         <name>__aeabi_memclr8</name>
         <value>0x38c5</value>
         <object_component_ref idref="oc-68"/>
      </symbol>
      <symbol id="sm-104b">
         <name>__aeabi_memclr4</name>
         <value>0x38c5</value>
         <object_component_ref idref="oc-68"/>
      </symbol>
      <symbol id="sm-104c">
         <name>__aeabi_memclr</name>
         <value>0x38c5</value>
         <object_component_ref idref="oc-68"/>
      </symbol>
      <symbol id="sm-1056">
         <name>__mpu_init</name>
         <value>0x5845</value>
         <object_component_ref idref="oc-74"/>
      </symbol>
      <symbol id="sm-1060">
         <name>_system_pre_init</name>
         <value>0x583b</value>
         <object_component_ref idref="oc-7a"/>
      </symbol>
      <symbol id="sm-1068">
         <name>main_func_sp</name>
         <value>0x20002c0c</value>
         <object_component_ref idref="oc-92"/>
      </symbol>
      <symbol id="sm-1077">
         <name>__aeabi_uidivmod</name>
         <value>0x4bdd</value>
         <object_component_ref idref="oc-80b"/>
      </symbol>
      <symbol id="sm-1078">
         <name>__aeabi_uidiv</name>
         <value>0x4bdd</value>
         <object_component_ref idref="oc-80b"/>
      </symbol>
      <symbol id="sm-1091">
         <name>_nop</name>
         <value>0x56a7</value>
         <object_component_ref idref="oc-158"/>
      </symbol>
      <symbol id="sm-1092">
         <name>_lock</name>
         <value>0x20002b98</value>
         <object_component_ref idref="oc-e6"/>
      </symbol>
      <symbol id="sm-1093">
         <name>_unlock</name>
         <value>0x20002b9c</value>
         <object_component_ref idref="oc-e6"/>
      </symbol>
      <symbol id="sm-1094">
         <name>_register_lock</name>
         <value>0x569f</value>
         <object_component_ref idref="oc-158"/>
      </symbol>
      <symbol id="sm-1095">
         <name>_register_unlock</name>
         <value>0x5699</value>
         <object_component_ref idref="oc-158"/>
      </symbol>
      <symbol id="sm-10a9">
         <name>_args_main</name>
         <value>0x5621</value>
         <object_component_ref idref="oc-86"/>
      </symbol>
      <symbol id="sm-10d3">
         <name>__TI_auto_init</name>
         <value>0x3d5d</value>
         <object_component_ref idref="oc-80"/>
      </symbol>
      <symbol id="sm-10ed">
         <name>copy_in</name>
         <value>0x4899</value>
         <object_component_ref idref="oc-cd"/>
      </symbol>
      <symbol id="sm-10f7">
         <name>__aeabi_idiv0</name>
         <value>0x5843</value>
         <object_component_ref idref="oc-943"/>
      </symbol>
      <symbol id="sm-1101">
         <name>_system_post_cinit</name>
         <value>0x5847</value>
         <object_component_ref idref="oc-d3"/>
      </symbol>
      <symbol id="sm-1123">
         <name>CANIntRegister</name>
         <value>0x55a9</value>
         <object_component_ref idref="oc-3a4"/>
      </symbol>
      <symbol id="sm-1177">
         <name>IntPrioritySet</name>
         <value>0x5335</value>
         <object_component_ref idref="oc-212"/>
      </symbol>
      <symbol id="sm-1178">
         <name>IntEnable</name>
         <value>0x3ea9</value>
         <object_component_ref idref="oc-39e"/>
      </symbol>
      <symbol id="sm-1179">
         <name>IntRegister</name>
         <value>0x4de9</value>
         <object_component_ref idref="oc-3b9"/>
      </symbol>
      <symbol id="sm-117a">
         <name>g_pfnRAMVectors</name>
         <value>0x20000000</value>
         <object_component_ref idref="oc-5f6"/>
      </symbol>
      <symbol id="sm-117b">
         <name>IntMasterEnable</name>
         <value>0x5743</value>
         <object_component_ref idref="oc-385"/>
      </symbol>
      <symbol id="sm-11b5">
         <name>SysCtlPeripheralEnable</name>
         <value>0x4e85</value>
         <object_component_ref idref="oc-398"/>
      </symbol>
      <symbol id="sm-11b6">
         <name>SysCtlClockGet</name>
         <value>0x20d5</value>
         <object_component_ref idref="oc-225"/>
      </symbol>
      <symbol id="sm-11e2">
         <name>TimerIntRegister</name>
         <value>0x55d9</value>
         <object_component_ref idref="oc-38b"/>
      </symbol>
      <symbol id="sm-1226">
         <name>UARTCharGetNonBlocking</name>
         <value>0x57a5</value>
         <object_component_ref idref="oc-3c5"/>
      </symbol>
      <symbol id="sm-1227">
         <name>UARTClockSourceSet</name>
         <value>0x581f</value>
         <object_component_ref idref="oc-21f"/>
      </symbol>
      <symbol id="sm-1228">
         <name>UARTFIFOEnable</name>
         <value>0x5807</value>
         <object_component_ref idref="oc-206"/>
      </symbol>
      <symbol id="sm-1229">
         <name>UARTIntRegister</name>
         <value>0x55f1</value>
         <object_component_ref idref="oc-20c"/>
      </symbol>
      <symbol id="sm-1233">
         <name>CPUcpsie</name>
         <value>0x57cd</value>
         <object_component_ref idref="oc-5c1"/>
      </symbol>
      <symbol id="sm-1234">
         <name>__TI_static_base__</name>
         <value>0x0</value>
      </symbol>
      <symbol id="sm-1237">
         <name>SHT$$INIT_ARRAY$$Limit</name>
         <value>0x0</value>
      </symbol>
      <symbol id="sm-1238">
         <name>SHT$$INIT_ARRAY$$Base</name>
         <value>0x0</value>
      </symbol>
      <symbol id="sm-1239">
         <name>driver_init_system</name>
         <value>0x4db5</value>
      </symbol>
   </symbol_table>
   <title>Link successful</title>
</link_info>
