<?xml version="1.0"?>
<link_info>
   <banner>TI ARM Linker PC v16.9.7.LTS</banner>
   <copyright>Copyright (c) 1996-2017 Texas Instruments Incorporated</copyright>
   <link_time>0x5b15e3cf</link_time>
   <link_errors>0x0</link_errors>
   <output_file>launchpad.out</output_file>
   <entry_point>
      <name>_c_int00</name>
      <address>0x34d5</address>
   </entry_point>
   <input_file_list>
      <input_file id="fl-2">
         <path>.\</path>
         <kind>object</kind>
         <file>PG2Slave.obj</file>
         <name>PG2Slave.obj</name>
      </input_file>
      <input_file id="fl-3">
         <path>.\</path>
         <kind>object</kind>
         <file>main.obj</file>
         <name>main.obj</name>
      </input_file>
      <input_file id="fl-4">
         <path>.\</path>
         <kind>object</kind>
         <file>period.obj</file>
         <name>period.obj</name>
      </input_file>
      <input_file id="fl-5">
         <path>.\</path>
         <kind>object</kind>
         <file>startup_ccs.obj</file>
         <name>startup_ccs.obj</name>
      </input_file>
      <input_file id="fl-6">
         <path>.\bsp\</path>
         <kind>object</kind>
         <file>Bumper.obj</file>
         <name>Bumper.obj</name>
      </input_file>
      <input_file id="fl-7">
         <path>.\bsp\</path>
         <kind>object</kind>
         <file>CO_driver.obj</file>
         <name>CO_driver.obj</name>
      </input_file>
      <input_file id="fl-8">
         <path>.\bsp\</path>
         <kind>object</kind>
         <file>MA3encoder.obj</file>
         <name>MA3encoder.obj</name>
      </input_file>
      <input_file id="fl-9">
         <path>.\bsp\</path>
         <kind>object</kind>
         <file>delay.obj</file>
         <name>delay.obj</name>
      </input_file>
      <input_file id="fl-a">
         <path>.\bsp\</path>
         <kind>object</kind>
         <file>driver.obj</file>
         <name>driver.obj</name>
      </input_file>
      <input_file id="fl-b">
         <path>.\bsp\</path>
         <kind>object</kind>
         <file>io.obj</file>
         <name>io.obj</name>
      </input_file>
      <input_file id="fl-c">
         <path>.\bsp\</path>
         <kind>object</kind>
         <file>sonar.obj</file>
         <name>sonar.obj</name>
      </input_file>
      <input_file id="fl-d">
         <path>.\third_party\CanFestival\src\</path>
         <kind>object</kind>
         <file>dcf.obj</file>
         <name>dcf.obj</name>
      </input_file>
      <input_file id="fl-e">
         <path>.\third_party\CanFestival\src\</path>
         <kind>object</kind>
         <file>emcy.obj</file>
         <name>emcy.obj</name>
      </input_file>
      <input_file id="fl-f">
         <path>.\third_party\CanFestival\src\</path>
         <kind>object</kind>
         <file>lifegrd.obj</file>
         <name>lifegrd.obj</name>
      </input_file>
      <input_file id="fl-10">
         <path>.\third_party\CanFestival\src\</path>
         <kind>object</kind>
         <file>lss.obj</file>
         <name>lss.obj</name>
      </input_file>
      <input_file id="fl-11">
         <path>.\third_party\CanFestival\src\</path>
         <kind>object</kind>
         <file>nmtMaster.obj</file>
         <name>nmtMaster.obj</name>
      </input_file>
      <input_file id="fl-12">
         <path>.\third_party\CanFestival\src\</path>
         <kind>object</kind>
         <file>nmtSlave.obj</file>
         <name>nmtSlave.obj</name>
      </input_file>
      <input_file id="fl-13">
         <path>.\third_party\CanFestival\src\</path>
         <kind>object</kind>
         <file>objacces.obj</file>
         <name>objacces.obj</name>
      </input_file>
      <input_file id="fl-14">
         <path>.\third_party\CanFestival\src\</path>
         <kind>object</kind>
         <file>pdo.obj</file>
         <name>pdo.obj</name>
      </input_file>
      <input_file id="fl-15">
         <path>.\third_party\CanFestival\src\</path>
         <kind>object</kind>
         <file>sdo.obj</file>
         <name>sdo.obj</name>
      </input_file>
      <input_file id="fl-16">
         <path>.\third_party\CanFestival\src\</path>
         <kind>object</kind>
         <file>states.obj</file>
         <name>states.obj</name>
      </input_file>
      <input_file id="fl-17">
         <path>.\third_party\CanFestival\src\</path>
         <kind>object</kind>
         <file>sync.obj</file>
         <name>sync.obj</name>
      </input_file>
      <input_file id="fl-18">
         <path>.\third_party\CanFestival\src\</path>
         <kind>object</kind>
         <file>timer.obj</file>
         <name>timer.obj</name>
      </input_file>
      <input_file id="fl-19">
         <path>.\utils\</path>
         <kind>object</kind>
         <file>uartstdio.obj</file>
         <name>uartstdio.obj</name>
      </input_file>
      <input_file id="fl-1e">
         <kind>object</kind>
         <file>&lt;internal&gt;</file>
         <name>&lt;internal&gt;</name>
      </input_file>
      <input_file id="fl-d4">
         <path>C:\ti\ccsv7\tools\compiler\ti-cgt-arm_16.9.7.LTS\lib\</path>
         <kind>archive</kind>
         <file>rtsv7M4_T_le_v4SPD16_eabi.lib</file>
         <name>boot.obj</name>
      </input_file>
      <input_file id="fl-d5">
         <path>C:\ti\ccsv7\tools\compiler\ti-cgt-arm_16.9.7.LTS\lib\</path>
         <kind>archive</kind>
         <file>rtsv7M4_T_le_v4SPD16_eabi.lib</file>
         <name>copy_decompress_lzss.obj</name>
      </input_file>
      <input_file id="fl-d6">
         <path>C:\ti\ccsv7\tools\compiler\ti-cgt-arm_16.9.7.LTS\lib\</path>
         <kind>archive</kind>
         <file>rtsv7M4_T_le_v4SPD16_eabi.lib</file>
         <name>copy_decompress_none.obj</name>
      </input_file>
      <input_file id="fl-d7">
         <path>C:\ti\ccsv7\tools\compiler\ti-cgt-arm_16.9.7.LTS\lib\</path>
         <kind>archive</kind>
         <file>rtsv7M4_T_le_v4SPD16_eabi.lib</file>
         <name>copy_zero_init.obj</name>
      </input_file>
      <input_file id="fl-d8">
         <path>C:\ti\ccsv7\tools\compiler\ti-cgt-arm_16.9.7.LTS\lib\</path>
         <kind>archive</kind>
         <file>rtsv7M4_T_le_v4SPD16_eabi.lib</file>
         <name>exit.obj</name>
      </input_file>
      <input_file id="fl-d9">
         <path>C:\ti\ccsv7\tools\compiler\ti-cgt-arm_16.9.7.LTS\lib\</path>
         <kind>archive</kind>
         <file>rtsv7M4_T_le_v4SPD16_eabi.lib</file>
         <name>fd_mul_t2.obj</name>
      </input_file>
      <input_file id="fl-da">
         <path>C:\ti\ccsv7\tools\compiler\ti-cgt-arm_16.9.7.LTS\lib\</path>
         <kind>archive</kind>
         <file>rtsv7M4_T_le_v4SPD16_eabi.lib</file>
         <name>fd_tou_t2.obj</name>
      </input_file>
      <input_file id="fl-db">
         <path>C:\ti\ccsv7\tools\compiler\ti-cgt-arm_16.9.7.LTS\lib\</path>
         <kind>archive</kind>
         <file>rtsv7M4_T_le_v4SPD16_eabi.lib</file>
         <name>memcmp.obj</name>
      </input_file>
      <input_file id="fl-dc">
         <path>C:\ti\ccsv7\tools\compiler\ti-cgt-arm_16.9.7.LTS\lib\</path>
         <kind>archive</kind>
         <file>rtsv7M4_T_le_v4SPD16_eabi.lib</file>
         <name>memcpy_t2.obj</name>
      </input_file>
      <input_file id="fl-dd">
         <path>C:\ti\ccsv7\tools\compiler\ti-cgt-arm_16.9.7.LTS\lib\</path>
         <kind>archive</kind>
         <file>rtsv7M4_T_le_v4SPD16_eabi.lib</file>
         <name>memset_t2.obj</name>
      </input_file>
      <input_file id="fl-de">
         <path>C:\ti\ccsv7\tools\compiler\ti-cgt-arm_16.9.7.LTS\lib\</path>
         <kind>archive</kind>
         <file>rtsv7M4_T_le_v4SPD16_eabi.lib</file>
         <name>mpu_init.obj</name>
      </input_file>
      <input_file id="fl-df">
         <path>C:\ti\ccsv7\tools\compiler\ti-cgt-arm_16.9.7.LTS\lib\</path>
         <kind>archive</kind>
         <file>rtsv7M4_T_le_v4SPD16_eabi.lib</file>
         <name>pre_init.obj</name>
      </input_file>
      <input_file id="fl-e0">
         <path>C:\ti\ccsv7\tools\compiler\ti-cgt-arm_16.9.7.LTS\lib\</path>
         <kind>archive</kind>
         <file>rtsv7M4_T_le_v4SPD16_eabi.lib</file>
         <name>stkdepth_vars.obj</name>
      </input_file>
      <input_file id="fl-e1">
         <path>C:\ti\ccsv7\tools\compiler\ti-cgt-arm_16.9.7.LTS\lib\</path>
         <kind>archive</kind>
         <file>rtsv7M4_T_le_v4SPD16_eabi.lib</file>
         <name>u_divt2.obj</name>
      </input_file>
      <input_file id="fl-e2">
         <path>C:\ti\ccsv7\tools\compiler\ti-cgt-arm_16.9.7.LTS\lib\</path>
         <kind>archive</kind>
         <file>rtsv7M4_T_le_v4SPD16_eabi.lib</file>
         <name>u_tofd_t2.obj</name>
      </input_file>
      <input_file id="fl-e3">
         <path>C:\ti\ccsv7\tools\compiler\ti-cgt-arm_16.9.7.LTS\lib\</path>
         <kind>archive</kind>
         <file>rtsv7M4_T_le_v4SPD16_eabi.lib</file>
         <name>_lock.obj</name>
      </input_file>
      <input_file id="fl-e4">
         <path>C:\ti\ccsv7\tools\compiler\ti-cgt-arm_16.9.7.LTS\lib\</path>
         <kind>archive</kind>
         <file>rtsv7M4_T_le_v4SPD16_eabi.lib</file>
         <name>args_main.obj</name>
      </input_file>
      <input_file id="fl-e5">
         <path>C:\ti\ccsv7\tools\compiler\ti-cgt-arm_16.9.7.LTS\lib\</path>
         <kind>archive</kind>
         <file>rtsv7M4_T_le_v4SPD16_eabi.lib</file>
         <name>autoinit.obj</name>
      </input_file>
      <input_file id="fl-e6">
         <path>C:\ti\ccsv7\tools\compiler\ti-cgt-arm_16.9.7.LTS\lib\</path>
         <kind>archive</kind>
         <file>rtsv7M4_T_le_v4SPD16_eabi.lib</file>
         <name>cpy_tbl.obj</name>
      </input_file>
      <input_file id="fl-e7">
         <path>C:\ti\ccsv7\tools\compiler\ti-cgt-arm_16.9.7.LTS\lib\</path>
         <kind>archive</kind>
         <file>rtsv7M4_T_le_v4SPD16_eabi.lib</file>
         <name>i_div0.obj</name>
      </input_file>
      <input_file id="fl-e8">
         <path>C:\ti\ccsv7\tools\compiler\ti-cgt-arm_16.9.7.LTS\lib\</path>
         <kind>archive</kind>
         <file>rtsv7M4_T_le_v4SPD16_eabi.lib</file>
         <name>startup.obj</name>
      </input_file>
      <input_file id="fl-e9">
         <path>C:\ti\TivaWare_C_Series-2.1.4.178\driverlib\ccs\Debug\</path>
         <kind>archive</kind>
         <file>driverlib.lib</file>
         <name>adc.obj</name>
      </input_file>
      <input_file id="fl-ea">
         <path>C:\ti\TivaWare_C_Series-2.1.4.178\driverlib\ccs\Debug\</path>
         <kind>archive</kind>
         <file>driverlib.lib</file>
         <name>can.obj</name>
      </input_file>
      <input_file id="fl-eb">
         <path>C:\ti\TivaWare_C_Series-2.1.4.178\driverlib\ccs\Debug\</path>
         <kind>archive</kind>
         <file>driverlib.lib</file>
         <name>gpio.obj</name>
      </input_file>
      <input_file id="fl-ec">
         <path>C:\ti\TivaWare_C_Series-2.1.4.178\driverlib\ccs\Debug\</path>
         <kind>archive</kind>
         <file>driverlib.lib</file>
         <name>interrupt.obj</name>
      </input_file>
      <input_file id="fl-ed">
         <path>C:\ti\TivaWare_C_Series-2.1.4.178\driverlib\ccs\Debug\</path>
         <kind>archive</kind>
         <file>driverlib.lib</file>
         <name>sysctl.obj</name>
      </input_file>
      <input_file id="fl-ee">
         <path>C:\ti\TivaWare_C_Series-2.1.4.178\driverlib\ccs\Debug\</path>
         <kind>archive</kind>
         <file>driverlib.lib</file>
         <name>systick.obj</name>
      </input_file>
      <input_file id="fl-ef">
         <path>C:\ti\TivaWare_C_Series-2.1.4.178\driverlib\ccs\Debug\</path>
         <kind>archive</kind>
         <file>driverlib.lib</file>
         <name>timer.obj</name>
      </input_file>
      <input_file id="fl-f0">
         <path>C:\ti\TivaWare_C_Series-2.1.4.178\driverlib\ccs\Debug\</path>
         <kind>archive</kind>
         <file>driverlib.lib</file>
         <name>uart.obj</name>
      </input_file>
      <input_file id="fl-f1">
         <path>C:\ti\TivaWare_C_Series-2.1.4.178\driverlib\ccs\Debug\</path>
         <kind>archive</kind>
         <file>driverlib.lib</file>
         <name>cpu.obj</name>
      </input_file>
   </input_file_list>
   <object_component_list>
      <object_component id="oc-f">
         <name>.intvecs</name>
         <load_address>0x0</load_address>
         <run_address>0x0</run_address>
         <size>0x26c</size>
         <input_file_ref idref="fl-5"/>
      </object_component>
      <object_component id="oc-389">
         <name>.text:proceedSDO</name>
         <load_address>0x26c</load_address>
         <run_address>0x26c</run_address>
         <size>0x1076</size>
         <input_file_ref idref="fl-15"/>
      </object_component>
      <object_component id="oc-38f">
         <name>.text:proceedPDO</name>
         <load_address>0x12e2</load_address>
         <run_address>0x12e2</run_address>
         <size>0x222</size>
         <input_file_ref idref="fl-14"/>
      </object_component>
      <object_component id="oc-158">
         <name>.text:UARTvprintf</name>
         <load_address>0x1504</load_address>
         <run_address>0x1504</run_address>
         <size>0x1ea</size>
         <input_file_ref idref="fl-19"/>
      </object_component>
      <object_component id="oc-37">
         <name>.text:FaultISR</name>
         <load_address>0x16ee</load_address>
         <run_address>0x16ee</run_address>
         <size>0x2</size>
         <input_file_ref idref="fl-5"/>
      </object_component>
      <object_component id="oc-4c2">
         <name>.text:setNodeId</name>
         <load_address>0x16f0</load_address>
         <run_address>0x16f0</run_address>
         <size>0x144</size>
         <input_file_ref idref="fl-16"/>
      </object_component>
      <object_component id="oc-286">
         <name>.text:GPIOPadConfigSet</name>
         <load_address>0x1834</load_address>
         <run_address>0x1834</run_address>
         <size>0x132</size>
         <input_file_ref idref="fl-eb"/>
      </object_component>
      <object_component id="oc-4b4">
         <name>.text:_sendPDOevent</name>
         <load_address>0x1966</load_address>
         <run_address>0x1966</run_address>
         <size>0x11c</size>
         <input_file_ref idref="fl-14"/>
      </object_component>
      <object_component id="oc-3d">
         <name>.text:IntDefaultHandler</name>
         <load_address>0x1a82</load_address>
         <run_address>0x1a82</run_address>
         <size>0x2</size>
         <input_file_ref idref="fl-5"/>
      </object_component>
      <object_component id="oc-1f7">
         <name>.text:SysCtlClockGet</name>
         <load_address>0x1a84</load_address>
         <run_address>0x1a84</run_address>
         <size>0x110</size>
         <input_file_ref idref="fl-ed"/>
      </object_component>
      <object_component id="oc-588">
         <name>.text:switchCommunicationState</name>
         <load_address>0x1b94</load_address>
         <run_address>0x1b94</run_address>
         <size>0x110</size>
         <input_file_ref idref="fl-16"/>
      </object_component>
      <object_component id="oc-4c8">
         <name>.text:setState</name>
         <load_address>0x1ca4</load_address>
         <run_address>0x1ca4</run_address>
         <size>0x102</size>
         <input_file_ref idref="fl-16"/>
      </object_component>
      <object_component id="oc-31">
         <name>.text:NmiSR</name>
         <load_address>0x1da6</load_address>
         <run_address>0x1da6</run_address>
         <size>0x2</size>
         <input_file_ref idref="fl-5"/>
      </object_component>
      <object_component id="oc-383">
         <name>.text:proceedNODE_GUARD</name>
         <load_address>0x1da8</load_address>
         <run_address>0x1da8</run_address>
         <size>0xfc</size>
         <input_file_ref idref="fl-f"/>
      </object_component>
      <object_component id="oc-106">
         <name>.text:io_manager_test</name>
         <load_address>0x1ea4</load_address>
         <run_address>0x1ea4</run_address>
         <size>0xf8</size>
         <input_file_ref idref="fl-b"/>
      </object_component>
      <object_component id="oc-49e">
         <name>.text:_setODentry</name>
         <load_address>0x1f9c</load_address>
         <run_address>0x1f9c</run_address>
         <size>0xf4</size>
         <input_file_ref idref="fl-13"/>
      </object_component>
      <object_component id="oc-56c">
         <name>.text:sendOnePDOevent</name>
         <load_address>0x2090</load_address>
         <run_address>0x2090</run_address>
         <size>0xf0</size>
         <input_file_ref idref="fl-14"/>
      </object_component>
      <object_component id="oc-407">
         <name>.text:TestSlave_scanIndexOD</name>
         <load_address>0x2180</load_address>
         <run_address>0x2180</run_address>
         <size>0xe4</size>
         <input_file_ref idref="fl-2"/>
      </object_component>
      <object_component id="oc-2b1">
         <name>.text:CAN0IntHandler</name>
         <load_address>0x2264</load_address>
         <run_address>0x2264</run_address>
         <size>0xdc</size>
         <input_file_ref idref="fl-7"/>
      </object_component>
      <object_component id="oc-4a4">
         <name>.text:buildPDO</name>
         <load_address>0x2340</load_address>
         <run_address>0x2340</run_address>
         <size>0xd8</size>
         <input_file_ref idref="fl-14"/>
      </object_component>
      <object_component id="oc-1b1">
         <name>.text:inputInt</name>
         <load_address>0x2418</load_address>
         <run_address>0x2418</run_address>
         <size>0xcc</size>
         <input_file_ref idref="fl-8"/>
      </object_component>
      <object_component id="oc-1ea">
         <name>.text:can_init</name>
         <load_address>0x24e4</load_address>
         <run_address>0x24e4</run_address>
         <size>0xc8</size>
         <input_file_ref idref="fl-7"/>
      </object_component>
      <object_component id="oc-558">
         <name>.text:_getODentry</name>
         <load_address>0x25ac</load_address>
         <run_address>0x25ac</run_address>
         <size>0xc4</size>
         <input_file_ref idref="fl-13"/>
      </object_component>
      <object_component id="oc-141">
         <name>.text:io_manager_init</name>
         <load_address>0x2670</load_address>
         <run_address>0x2670</run_address>
         <size>0xc4</size>
         <input_file_ref idref="fl-b"/>
      </object_component>
      <object_component id="oc-325">
         <name>.text:TimeDispatch</name>
         <load_address>0x2734</load_address>
         <run_address>0x2734</run_address>
         <size>0xb8</size>
         <input_file_ref idref="fl-18"/>
      </object_component>
      <object_component id="oc-498">
         <name>.text:CopyBits</name>
         <load_address>0x27ec</load_address>
         <run_address>0x27ec</run_address>
         <size>0xb0</size>
         <input_file_ref idref="fl-14"/>
      </object_component>
      <object_component id="oc-434">
         <name>.text:SetAlarm</name>
         <load_address>0x289c</load_address>
         <run_address>0x289c</run_address>
         <size>0xa0</size>
         <input_file_ref idref="fl-18"/>
      </object_component>
      <object_component id="oc-51">
         <name>.text</name>
         <load_address>0x293c</load_address>
         <run_address>0x293c</run_address>
         <size>0x9c</size>
         <input_file_ref idref="fl-dc"/>
      </object_component>
      <object_component id="oc-3a1">
         <name>.text:proceedNMTstateChange</name>
         <load_address>0x29d8</load_address>
         <run_address>0x29d8</run_address>
         <size>0x94</size>
         <input_file_ref idref="fl-12"/>
      </object_component>
      <object_component id="oc-46c">
         <name>.text:initSDOline</name>
         <load_address>0x2a6c</load_address>
         <run_address>0x2a6c</run_address>
         <size>0x90</size>
         <input_file_ref idref="fl-15"/>
      </object_component>
      <object_component id="oc-1ca">
         <name>.text:ADCSequenceStepConfigure</name>
         <load_address>0x2afc</load_address>
         <run_address>0x2afc</run_address>
         <size>0x7a</size>
         <input_file_ref idref="fl-e9"/>
      </object_component>
      <object_component id="oc-5d">
         <name>.text</name>
         <load_address>0x2b76</load_address>
         <run_address>0x2b76</run_address>
         <size>0x7a</size>
         <input_file_ref idref="fl-dd"/>
      </object_component>
      <object_component id="oc-647">
         <name>.text:heartbeatInit</name>
         <load_address>0x2bf0</load_address>
         <run_address>0x2bf0</run_address>
         <size>0x78</size>
         <input_file_ref idref="fl-f"/>
      </object_component>
      <object_component id="oc-1e4">
         <name>.text:CO_Timerinit</name>
         <load_address>0x2c68</load_address>
         <run_address>0x2c68</run_address>
         <size>0x74</size>
         <input_file_ref idref="fl-7"/>
      </object_component>
      <object_component id="oc-460">
         <name>.text:SDOTimeoutAlarm</name>
         <load_address>0x2cdc</load_address>
         <run_address>0x2cdc</run_address>
         <size>0x74</size>
         <input_file_ref idref="fl-15"/>
      </object_component>
      <object_component id="oc-64d">
         <name>.text:nodeguardInit</name>
         <load_address>0x2d50</load_address>
         <run_address>0x2d50</run_address>
         <size>0x74</size>
         <input_file_ref idref="fl-f"/>
      </object_component>
      <object_component id="oc-454">
         <name>.text:sendSDO</name>
         <load_address>0x2dc4</load_address>
         <run_address>0x2dc4</run_address>
         <size>0x74</size>
         <input_file_ref idref="fl-15"/>
      </object_component>
      <object_component id="oc-75">
         <name>.text</name>
         <load_address>0x2e38</load_address>
         <run_address>0x2e38</run_address>
         <size>0x70</size>
         <input_file_ref idref="fl-e5"/>
      </object_component>
      <object_component id="oc-663">
         <name>.text:TPDO_Communication_Parameter_Callback</name>
         <load_address>0x2ea8</load_address>
         <run_address>0x2ea8</run_address>
         <size>0x6e</size>
         <input_file_ref idref="fl-14"/>
      </object_component>
      <object_component id="oc-490">
         <name>.text:failedSDO</name>
         <load_address>0x2f16</load_address>
         <run_address>0x2f16</run_address>
         <size>0x6c</size>
         <input_file_ref idref="fl-15"/>
      </object_component>
      <object_component id="oc-3b2">
         <name>.text:_RxPDO_EventTimers_Handler</name>
         <load_address>0x2f82</load_address>
         <run_address>0x2f82</run_address>
         <size>0x2</size>
         <input_file_ref idref="fl-14"/>
      </object_component>
      <object_component id="oc-26d">
         <name>.text:IntEnable</name>
         <load_address>0x2f84</load_address>
         <run_address>0x2f84</run_address>
         <size>0x68</size>
         <input_file_ref idref="fl-ec"/>
      </object_component>
      <object_component id="oc-13b">
         <name>.text:bumper_init</name>
         <load_address>0x2fec</load_address>
         <run_address>0x2fec</run_address>
         <size>0x68</size>
         <input_file_ref idref="fl-6"/>
      </object_component>
      <object_component id="oc-33a">
         <name>.text:canDispatch</name>
         <load_address>0x3054</load_address>
         <run_address>0x3054</run_address>
         <size>0x68</size>
         <input_file_ref idref="fl-16"/>
      </object_component>
      <object_component id="oc-12">
         <name>.text:decompress:lzss</name>
         <load_address>0x30bc</load_address>
         <run_address>0x30bc</run_address>
         <size>0x68</size>
         <input_file_ref idref="fl-d5"/>
      </object_component>
      <object_component id="oc-5eb">
         <name>.text:startSYNC</name>
         <load_address>0x3124</load_address>
         <run_address>0x3124</run_address>
         <size>0x68</size>
         <input_file_ref idref="fl-17"/>
      </object_component>
      <object_component id="oc-14d">
         <name>.text:ConfigureUART</name>
         <load_address>0x318c</load_address>
         <run_address>0x318c</run_address>
         <size>0x64</size>
         <input_file_ref idref="fl-a"/>
      </object_component>
      <object_component id="oc-609">
         <name>.text:PDOStop</name>
         <load_address>0x31f0</load_address>
         <run_address>0x31f0</run_address>
         <size>0x64</size>
         <input_file_ref idref="fl-14"/>
      </object_component>
      <object_component id="oc-68b">
         <name>.text:GuardTimeAlarm</name>
         <load_address>0x3254</load_address>
         <run_address>0x3254</run_address>
         <size>0x62</size>
         <input_file_ref idref="fl-f"/>
      </object_component>
      <object_component id="oc-3e3">
         <name>.text:_heartbeatError</name>
         <load_address>0x32b6</load_address>
         <run_address>0x32b6</run_address>
         <size>0x2</size>
         <input_file_ref idref="fl-f"/>
      </object_component>
      <object_component id="oc-1fd">
         <name>.text:UARTStdioConfig</name>
         <load_address>0x32b8</load_address>
         <run_address>0x32b8</run_address>
         <size>0x60</size>
         <input_file_ref idref="fl-19"/>
      </object_component>
      <object_component id="oc-332">
         <name>.text:_CANIntNumberGet</name>
         <load_address>0x3318</load_address>
         <run_address>0x3318</run_address>
         <size>0x5c</size>
         <input_file_ref idref="fl-ea"/>
      </object_component>
      <object_component id="oc-100">
         <name>.text:bumper_print</name>
         <load_address>0x3374</load_address>
         <run_address>0x3374</run_address>
         <size>0x5c</size>
         <input_file_ref idref="fl-6"/>
      </object_component>
      <object_component id="oc-19f">
         <name>.text:Captureinit</name>
         <load_address>0x33d0</load_address>
         <run_address>0x33d0</run_address>
         <size>0x58</size>
         <input_file_ref idref="fl-8"/>
      </object_component>
      <object_component id="oc-135">
         <name>.text:MA3_encoder_init</name>
         <load_address>0x3428</load_address>
         <run_address>0x3428</run_address>
         <size>0x58</size>
         <input_file_ref idref="fl-8"/>
      </object_component>
      <object_component id="oc-2a4">
         <name>.text:CO_TimerIntHandler</name>
         <load_address>0x3480</load_address>
         <run_address>0x3480</run_address>
         <size>0x54</size>
         <input_file_ref idref="fl-7"/>
      </object_component>
      <object_component id="oc-24">
         <name>.text</name>
         <load_address>0x34d4</load_address>
         <run_address>0x34d4</run_address>
         <size>0x54</size>
         <input_file_ref idref="fl-d4"/>
      </object_component>
      <object_component id="oc-81">
         <name>.text</name>
         <load_address>0x3528</load_address>
         <run_address>0x3528</run_address>
         <size>0x54</size>
         <input_file_ref idref="fl-d8"/>
      </object_component>
      <object_component id="oc-bc">
         <name>.text:main</name>
         <load_address>0x357c</load_address>
         <run_address>0x357c</run_address>
         <size>0x52</size>
         <input_file_ref idref="fl-3"/>
      </object_component>
      <object_component id="oc-1c4">
         <name>.text:ADCSequenceConfigure</name>
         <load_address>0x35ce</load_address>
         <run_address>0x35ce</run_address>
         <size>0x50</size>
         <input_file_ref idref="fl-e9"/>
      </object_component>
      <object_component id="oc-3c7">
         <name>.text:_initialisation</name>
         <load_address>0x361e</load_address>
         <run_address>0x361e</run_address>
         <size>0x2</size>
         <input_file_ref idref="fl-16"/>
      </object_component>
      <object_component id="oc-60f">
         <name>.text:PDOInit</name>
         <load_address>0x3620</load_address>
         <run_address>0x3620</run_address>
         <size>0x4c</size>
         <input_file_ref idref="fl-14"/>
      </object_component>
      <object_component id="oc-16e">
         <name>.text:SysTickIntHandler</name>
         <load_address>0x366c</load_address>
         <run_address>0x366c</run_address>
         <size>0x4c</size>
         <input_file_ref idref="fl-4"/>
      </object_component>
      <object_component id="oc-319">
         <name>.text:_TimerIntNumberGet</name>
         <load_address>0x36b8</load_address>
         <run_address>0x36b8</run_address>
         <size>0x4c</size>
         <input_file_ref idref="fl-ef"/>
      </object_component>
      <object_component id="oc-ae">
         <name>.text</name>
         <load_address>0x3704</load_address>
         <run_address>0x3704</run_address>
         <size>0x4c</size>
         <input_file_ref idref="fl-e6"/>
      </object_component>
      <object_component id="oc-67e">
         <name>.text:ProducerHeartbeatAlarm</name>
         <load_address>0x3750</load_address>
         <run_address>0x3750</run_address>
         <size>0x48</size>
         <input_file_ref idref="fl-f"/>
      </object_component>
      <object_component id="oc-233">
         <name>.text:UARTwrite</name>
         <load_address>0x3798</load_address>
         <run_address>0x3798</run_address>
         <size>0x48</size>
         <input_file_ref idref="fl-19"/>
      </object_component>
      <object_component id="oc-267">
         <name>.text:_GPIOIntNumberGet</name>
         <load_address>0x37e0</load_address>
         <run_address>0x37e0</run_address>
         <size>0x44</size>
         <input_file_ref idref="fl-eb"/>
      </object_component>
      <object_component id="oc-53f">
         <name>.text:can_write</name>
         <load_address>0x3824</load_address>
         <run_address>0x3824</run_address>
         <size>0x44</size>
         <input_file_ref idref="fl-7"/>
      </object_component>
      <object_component id="oc-478">
         <name>.text:lineToSDO</name>
         <load_address>0x3868</load_address>
         <run_address>0x3868</run_address>
         <size>0x44</size>
         <input_file_ref idref="fl-15"/>
      </object_component>
      <object_component id="oc-47e">
         <name>.text:objdictToSDOline</name>
         <load_address>0x38ac</load_address>
         <run_address>0x38ac</run_address>
         <size>0x42</size>
         <input_file_ref idref="fl-15"/>
      </object_component>
      <object_component id="oc-44e">
         <name>.text:SDOtoLine</name>
         <load_address>0x38ee</load_address>
         <run_address>0x38ee</run_address>
         <size>0x40</size>
         <input_file_ref idref="fl-15"/>
      </object_component>
      <object_component id="oc-239">
         <name>.text</name>
         <load_address>0x392e</load_address>
         <run_address>0x392e</run_address>
         <size>0x40</size>
         <input_file_ref idref="fl-e1"/>
      </object_component>
      <object_component id="oc-54d">
         <name>.text:sendSDOabort</name>
         <load_address>0x396e</load_address>
         <run_address>0x396e</run_address>
         <size>0x3a</size>
         <input_file_ref idref="fl-15"/>
      </object_component>
      <object_component id="oc-45a">
         <name>.text:SDOlineToObjdict</name>
         <load_address>0x39a8</load_address>
         <run_address>0x39a8</run_address>
         <size>0x38</size>
         <input_file_ref idref="fl-15"/>
      </object_component>
      <object_component id="oc-e0">
         <name>.text:driver_init_hardware</name>
         <load_address>0x39e0</load_address>
         <run_address>0x39e0</run_address>
         <size>0x38</size>
         <input_file_ref idref="fl-a"/>
      </object_component>
      <object_component id="oc-63a">
         <name>.text:heartbeatStop</name>
         <load_address>0x3a18</load_address>
         <run_address>0x3a18</run_address>
         <size>0x36</size>
         <input_file_ref idref="fl-f"/>
      </object_component>
      <object_component id="oc-3e9">
         <name>.text:_nodeguardError</name>
         <load_address>0x3a4e</load_address>
         <run_address>0x3a4e</run_address>
         <size>0x2</size>
         <input_file_ref idref="fl-f"/>
      </object_component>
      <object_component id="oc-246">
         <name>.text:IntRegister</name>
         <load_address>0x3a50</load_address>
         <run_address>0x3a50</run_address>
         <size>0x34</size>
         <input_file_ref idref="fl-ec"/>
      </object_component>
      <object_component id="oc-1b8">
         <name>.text:SysCtlPeripheralEnable</name>
         <load_address>0x3a84</load_address>
         <run_address>0x3a84</run_address>
         <size>0x34</size>
         <input_file_ref idref="fl-ed"/>
      </object_component>
      <object_component id="oc-48a">
         <name>.text:resetSDOline</name>
         <load_address>0x3ab8</load_address>
         <run_address>0x3ab8</run_address>
         <size>0x34</size>
         <input_file_ref idref="fl-15"/>
      </object_component>
      <object_component id="oc-e6">
         <name>.text:CO_start_listening</name>
         <load_address>0x3aec</load_address>
         <run_address>0x3aec</run_address>
         <size>0x30</size>
         <input_file_ref idref="fl-7"/>
      </object_component>
      <object_component id="oc-42e">
         <name>.text:DelAlarm</name>
         <load_address>0x3b1c</load_address>
         <run_address>0x3b1c</run_address>
         <size>0x30</size>
         <input_file_ref idref="fl-18"/>
      </object_component>
      <object_component id="oc-10c">
         <name>.text:delay_ms</name>
         <load_address>0x3b4c</load_address>
         <run_address>0x3b4c</run_address>
         <size>0x30</size>
         <input_file_ref idref="fl-9"/>
      </object_component>
      <object_component id="oc-17a">
         <name>.text:ADCIntStatus</name>
         <load_address>0x3b7c</load_address>
         <run_address>0x3b7c</run_address>
         <size>0x2e</size>
         <input_file_ref idref="fl-e9"/>
      </object_component>
      <object_component id="oc-448">
         <name>.text:getSDOlineOnUse</name>
         <load_address>0x3baa</load_address>
         <run_address>0x3baa</run_address>
         <size>0x2e</size>
         <input_file_ref idref="fl-15"/>
      </object_component>
      <object_component id="oc-5e5">
         <name>.text:stopSYNC</name>
         <load_address>0x3bd8</load_address>
         <run_address>0x3bd8</run_address>
         <size>0x2c</size>
         <input_file_ref idref="fl-17"/>
      </object_component>
      <object_component id="oc-440">
         <name>.text:ConsumerHeartbeatAlarm</name>
         <load_address>0x3c04</load_address>
         <run_address>0x3c04</run_address>
         <size>0x2a</size>
         <input_file_ref idref="fl-f"/>
      </object_component>
      <object_component id="oc-280">
         <name>.text:GPIODirModeSet</name>
         <load_address>0x3c2e</load_address>
         <run_address>0x3c2e</run_address>
         <size>0x2a</size>
         <input_file_ref idref="fl-eb"/>
      </object_component>
      <object_component id="oc-655">
         <name>.text:OnNumberOfErrorsUpdate</name>
         <load_address>0x3c58</load_address>
         <run_address>0x3c58</run_address>
         <size>0x2a</size>
         <input_file_ref idref="fl-e"/>
      </object_component>
      <object_component id="oc-39b">
         <name>.text:proceedSYNC</name>
         <load_address>0x3c82</load_address>
         <run_address>0x3c82</run_address>
         <size>0x2a</size>
         <input_file_ref idref="fl-17"/>
      </object_component>
      <object_component id="oc-615">
         <name>.text:slaveSendBootUp</name>
         <load_address>0x3cac</load_address>
         <run_address>0x3cac</run_address>
         <size>0x2a</size>
         <input_file_ref idref="fl-12"/>
      </object_component>
      <object_component id="oc-3d3">
         <name>.text:_operational</name>
         <load_address>0x3cd6</load_address>
         <run_address>0x3cd6</run_address>
         <size>0x2</size>
         <input_file_ref idref="fl-16"/>
      </object_component>
      <object_component id="oc-24e">
         <name>.text:MA3_encoder_print_value</name>
         <load_address>0x3cd8</load_address>
         <run_address>0x3cd8</run_address>
         <size>0x28</size>
         <input_file_ref idref="fl-8"/>
      </object_component>
      <object_component id="oc-43a">
         <name>.text:canSend</name>
         <load_address>0x3d00</load_address>
         <run_address>0x3d00</run_address>
         <size>0x28</size>
         <input_file_ref idref="fl-7"/>
      </object_component>
      <object_component id="oc-36c">
         <name>.text:getElapsedTime</name>
         <load_address>0x3d28</load_address>
         <run_address>0x3d28</run_address>
         <size>0x28</size>
         <input_file_ref idref="fl-7"/>
      </object_component>
      <object_component id="oc-50e">
         <name>.text:masterSendNMTstateChange</name>
         <load_address>0x3d50</load_address>
         <run_address>0x3d50</run_address>
         <size>0x28</size>
         <input_file_ref idref="fl-11"/>
      </object_component>
      <object_component id="oc-36f">
         <name>.text:setTimer</name>
         <load_address>0x3d78</load_address>
         <run_address>0x3d78</run_address>
         <size>0x28</size>
         <input_file_ref idref="fl-7"/>
      </object_component>
      <object_component id="oc-626">
         <name>.text:RegisterSetODentryCallBack</name>
         <load_address>0x3da0</load_address>
         <run_address>0x3da0</run_address>
         <size>0x26</size>
         <input_file_ref idref="fl-13"/>
      </object_component>
      <object_component id="oc-577">
         <name>.text:sendPdo</name>
         <load_address>0x3dc6</load_address>
         <run_address>0x3dc6</run_address>
         <size>0x26</size>
         <input_file_ref idref="fl-14"/>
      </object_component>
      <object_component id="oc-29e">
         <name>.text:IntPrioritySet</name>
         <load_address>0x3dec</load_address>
         <run_address>0x3dec</run_address>
         <size>0x24</size>
         <input_file_ref idref="fl-ec"/>
      </object_component>
      <object_component id="oc-5d3">
         <name>.text:PDOInhibitTimerAlarm</name>
         <load_address>0x3e10</load_address>
         <run_address>0x3e10</run_address>
         <size>0x24</size>
         <input_file_ref idref="fl-14"/>
      </object_component>
      <object_component id="oc-5cd">
         <name>.text</name>
         <load_address>0x3e34</load_address>
         <run_address>0x3e34</run_address>
         <size>0x24</size>
         <input_file_ref idref="fl-db"/>
      </object_component>
      <object_component id="oc-4aa">
         <name>.text:PDOEventTimerAlarm</name>
         <load_address>0x3e58</load_address>
         <run_address>0x3e58</run_address>
         <size>0x22</size>
         <input_file_ref idref="fl-14"/>
      </object_component>
      <object_component id="oc-69f">
         <name>.text:masterSendNMTnodeguard</name>
         <load_address>0x3e7a</load_address>
         <run_address>0x3e7a</run_address>
         <size>0x22</size>
         <input_file_ref idref="fl-11"/>
      </object_component>
      <object_component id="oc-395">
         <name>.text:proceedEMCY</name>
         <load_address>0x3e9c</load_address>
         <run_address>0x3e9c</run_address>
         <size>0x22</size>
         <input_file_ref idref="fl-e"/>
      </object_component>
      <object_component id="oc-695">
         <name>.text:sendSYNCMessage</name>
         <load_address>0x3ebe</load_address>
         <run_address>0x3ebe</run_address>
         <size>0x22</size>
         <input_file_ref idref="fl-17"/>
      </object_component>
      <object_component id="oc-f9">
         <name>.text:driver_start_tick</name>
         <load_address>0x3ee0</load_address>
         <run_address>0x3ee0</run_address>
         <size>0x20</size>
         <input_file_ref idref="fl-a"/>
      </object_component>
      <object_component id="oc-603">
         <name>.text:emergencyInit</name>
         <load_address>0x3f00</load_address>
         <run_address>0x3f00</run_address>
         <size>0x20</size>
         <input_file_ref idref="fl-e"/>
      </object_component>
      <object_component id="oc-186">
         <name>.text:ADCSequenceDataGet</name>
         <load_address>0x3f20</load_address>
         <run_address>0x3f20</run_address>
         <size>0x1e</size>
         <input_file_ref idref="fl-e9"/>
      </object_component>
      <object_component id="oc-3fb">
         <name>.text:_post_SlaveBootup</name>
         <load_address>0x3f3e</load_address>
         <run_address>0x3f3e</run_address>
         <size>0x2</size>
         <input_file_ref idref="fl-f"/>
      </object_component>
      <object_component id="oc-168">
         <name>.text:SysTickIntRegister</name>
         <load_address>0x3f40</load_address>
         <run_address>0x3f40</run_address>
         <size>0x1c</size>
         <input_file_ref idref="fl-ee"/>
      </object_component>
      <object_component id="oc-ec">
         <name>.text:UARTprintf</name>
         <load_address>0x3f5c</load_address>
         <run_address>0x3f5c</run_address>
         <size>0x1a</size>
         <input_file_ref idref="fl-19"/>
      </object_component>
      <object_component id="oc-466">
         <name>.text:getSDOfreeLine</name>
         <load_address>0x3f76</load_address>
         <run_address>0x3f76</run_address>
         <size>0x1a</size>
         <input_file_ref idref="fl-15"/>
      </object_component>
      <object_component id="oc-472">
         <name>.text:getSDOlineRestBytes</name>
         <load_address>0x3f90</load_address>
         <run_address>0x3f90</run_address>
         <size>0x1a</size>
         <input_file_ref idref="fl-15"/>
      </object_component>
      <object_component id="oc-174">
         <name>.text:ADCProcessorTrigger</name>
         <load_address>0x3faa</load_address>
         <run_address>0x3faa</run_address>
         <size>0x18</size>
         <input_file_ref idref="fl-e9"/>
      </object_component>
      <object_component id="oc-2ab">
         <name>.text:CANIntRegister</name>
         <load_address>0x3fc2</load_address>
         <run_address>0x3fc2</run_address>
         <size>0x18</size>
         <input_file_ref idref="fl-ea"/>
      </object_component>
      <object_component id="oc-1ab">
         <name>.text:GPIOIntRegister</name>
         <load_address>0x3fda</load_address>
         <run_address>0x3fda</run_address>
         <size>0x18</size>
         <input_file_ref idref="fl-eb"/>
      </object_component>
      <object_component id="oc-1d7">
         <name>.text:GPIOPinTypeGPIOOutput</name>
         <load_address>0x3ff2</load_address>
         <run_address>0x3ff2</run_address>
         <size>0x18</size>
         <input_file_ref idref="fl-eb"/>
      </object_component>
      <object_component id="oc-401">
         <name>.text:_post_SlaveStateChange</name>
         <load_address>0x400a</load_address>
         <run_address>0x400a</run_address>
         <size>0x2</size>
         <input_file_ref idref="fl-f"/>
      </object_component>
      <object_component id="oc-3c1">
         <name>.text:TestSlave_valueRangeTest</name>
         <load_address>0x400c</load_address>
         <run_address>0x400c</run_address>
         <size>0x18</size>
         <input_file_ref idref="fl-2"/>
      </object_component>
      <object_component id="oc-298">
         <name>.text:TimerIntRegister</name>
         <load_address>0x4024</load_address>
         <run_address>0x4024</run_address>
         <size>0x18</size>
         <input_file_ref idref="fl-ef"/>
      </object_component>
      <object_component id="oc-7b">
         <name>.text</name>
         <load_address>0x403c</load_address>
         <run_address>0x403c</run_address>
         <size>0x18</size>
         <input_file_ref idref="fl-e4"/>
      </object_component>
      <object_component id="oc-11d">
         <name>.text</name>
         <load_address>0x4054</load_address>
         <run_address>0x4054</run_address>
         <size>0x14</size>
         <input_file_ref idref="fl-e3"/>
      </object_component>
      <object_component id="oc-66f">
         <name>.text:sendSYNC</name>
         <load_address>0x4068</load_address>
         <run_address>0x4068</run_address>
         <size>0x14</size>
         <input_file_ref idref="fl-17"/>
      </object_component>
      <object_component id="oc-484">
         <name>.text:setSDOlineRestBytes</name>
         <load_address>0x407c</load_address>
         <run_address>0x407c</run_address>
         <size>0x14</size>
         <input_file_ref idref="fl-15"/>
      </object_component>
      <object_component id="oc-1be">
         <name>.text:GPIOPinTypeADC</name>
         <load_address>0x4090</load_address>
         <run_address>0x4090</run_address>
         <size>0x12</size>
         <input_file_ref idref="fl-eb"/>
      </object_component>
      <object_component id="oc-1dd">
         <name>.text:GPIOPinTypeGPIOInput</name>
         <load_address>0x40a2</load_address>
         <run_address>0x40a2</run_address>
         <size>0x12</size>
         <input_file_ref idref="fl-eb"/>
      </object_component>
      <object_component id="oc-678">
         <name>.text:OnHeartbeatProducerUpdate</name>
         <load_address>0x40b4</load_address>
         <run_address>0x40b4</run_address>
         <size>0x12</size>
         <input_file_ref idref="fl-f"/>
      </object_component>
      <object_component id="oc-685">
         <name>.text:OnNodeGuardUpdate</name>
         <load_address>0x40c6</load_address>
         <run_address>0x40c6</run_address>
         <size>0x12</size>
         <input_file_ref idref="fl-f"/>
      </object_component>
      <object_component id="oc-640">
         <name>.text:nodeguardStop</name>
         <load_address>0x40d8</load_address>
         <run_address>0x40d8</run_address>
         <size>0x12</size>
         <input_file_ref idref="fl-f"/>
      </object_component>
      <object_component id="oc-65d">
         <name>.text:scanIndexOD</name>
         <load_address>0x40ea</load_address>
         <run_address>0x40ea</run_address>
         <size>0x12</size>
         <input_file_ref idref="fl-13"/>
      </object_component>
      <object_component id="oc-292">
         <name>.text:IntMasterEnable</name>
         <load_address>0x40fc</load_address>
         <run_address>0x40fc</run_address>
         <size>0x10</size>
         <input_file_ref idref="fl-ec"/>
      </object_component>
      <object_component id="oc-3cd">
         <name>.text:_preOperational</name>
         <load_address>0x410c</load_address>
         <run_address>0x410c</run_address>
         <size>0x10</size>
         <input_file_ref idref="fl-16"/>
      </object_component>
      <object_component id="oc-5f7">
         <name>.text:lifeGuardInit</name>
         <load_address>0x411c</load_address>
         <run_address>0x411c</run_address>
         <size>0x10</size>
         <input_file_ref idref="fl-f"/>
      </object_component>
      <object_component id="oc-5f1">
         <name>.text:lifeGuardStop</name>
         <load_address>0x412c</load_address>
         <run_address>0x412c</run_address>
         <size>0x10</size>
         <input_file_ref idref="fl-f"/>
      </object_component>
      <object_component id="oc-1d0">
         <name>.text:ADCSequenceEnable</name>
         <load_address>0x413c</load_address>
         <run_address>0x413c</run_address>
         <size>0xe</size>
         <input_file_ref idref="fl-e9"/>
      </object_component>
      <object_component id="oc-18">
         <name>.text:decompress:none</name>
         <load_address>0x414a</load_address>
         <run_address>0x414a</run_address>
         <size>0xe</size>
         <input_file_ref idref="fl-d6"/>
      </object_component>
      <object_component id="oc-147">
         <name>.text:CO_driver_init</name>
         <load_address>0x4158</load_address>
         <run_address>0x4158</run_address>
         <size>0xc</size>
         <input_file_ref idref="fl-7"/>
      </object_component>
      <object_component id="oc-312">
         <name>.text:CPUcpsie</name>
         <load_address>0x4164</load_address>
         <run_address>0x4164</run_address>
         <size>0xc</size>
         <input_file_ref idref="fl-f1"/>
      </object_component>
      <object_component id="oc-1a5">
         <name>.text:GPIOIntEnable</name>
         <load_address>0x4170</load_address>
         <run_address>0x4170</run_address>
         <size>0xc</size>
         <input_file_ref idref="fl-eb"/>
      </object_component>
      <object_component id="oc-1e">
         <name>.text:decompress:ZI</name>
         <load_address>0x417c</load_address>
         <run_address>0x417c</run_address>
         <size>0xc</size>
         <input_file_ref idref="fl-d7"/>
      </object_component>
      <object_component id="oc-f2">
         <name>.text:driver_get_address</name>
         <load_address>0x4188</load_address>
         <run_address>0x4188</run_address>
         <size>0xc</size>
         <input_file_ref idref="fl-a"/>
      </object_component>
      <object_component id="oc-180">
         <name>.text:ADCIntClear</name>
         <load_address>0x4194</load_address>
         <run_address>0x4194</run_address>
         <size>0xa</size>
         <input_file_ref idref="fl-e9"/>
      </object_component>
      <object_component id="oc-62d">
         <name>.text:OnCOB_ID_SyncUpdate</name>
         <load_address>0x419e</load_address>
         <run_address>0x419e</run_address>
         <size>0xa</size>
         <input_file_ref idref="fl-17"/>
      </object_component>
      <object_component id="oc-274">
         <name>.text:GPIOIntClear</name>
         <load_address>0x41a8</load_address>
         <run_address>0x41a8</run_address>
         <size>0x6</size>
         <input_file_ref idref="fl-eb"/>
      </object_component>
      <object_component id="oc-194">
         <name>.text:GPIOPinRead</name>
         <load_address>0x41ae</load_address>
         <run_address>0x41ae</run_address>
         <size>0x6</size>
         <input_file_ref idref="fl-eb"/>
      </object_component>
      <object_component id="oc-18e">
         <name>.text:GPIOPinWrite</name>
         <load_address>0x41b4</load_address>
         <run_address>0x41b4</run_address>
         <size>0x6</size>
         <input_file_ref idref="fl-eb"/>
      </object_component>
      <object_component id="oc-2b">
         <name>.text:ResetISR</name>
         <load_address>0x41ba</load_address>
         <run_address>0x41ba</run_address>
         <size>0x6</size>
         <input_file_ref idref="fl-5"/>
      </object_component>
      <object_component id="oc-1f1">
         <name>.text:UARTClockSourceSet</name>
         <load_address>0x41c0</load_address>
         <run_address>0x41c0</run_address>
         <size>0x6</size>
         <input_file_ref idref="fl-f0"/>
      </object_component>
      <object_component id="oc-4bc">
         <name>.text:getNodeId</name>
         <load_address>0x41c6</load_address>
         <run_address>0x41c6</run_address>
         <size>0x6</size>
         <input_file_ref idref="fl-16"/>
      </object_component>
      <object_component id="oc-5df">
         <name>.text:resetSDO</name>
         <load_address>0x41cc</load_address>
         <run_address>0x41cc</run_address>
         <size>0x6</size>
         <input_file_ref idref="fl-15"/>
      </object_component>
      <object_component id="oc-633">
         <name>.text:SyncAlarm</name>
         <load_address>0x41d2</load_address>
         <run_address>0x41d2</run_address>
         <size>0x4</size>
         <input_file_ref idref="fl-17"/>
      </object_component>
      <object_component id="oc-6f">
         <name>.text</name>
         <load_address>0x41d6</load_address>
         <run_address>0x41d6</run_address>
         <size>0x4</size>
         <input_file_ref idref="fl-df"/>
      </object_component>
      <object_component id="oc-3f5">
         <name>.text:_post_TPDO</name>
         <load_address>0x41da</load_address>
         <run_address>0x41da</run_address>
         <size>0x2</size>
         <input_file_ref idref="fl-17"/>
      </object_component>
      <object_component id="oc-416">
         <name>.text:_post_emcy</name>
         <load_address>0x41dc</load_address>
         <run_address>0x41dc</run_address>
         <size>0x2</size>
         <input_file_ref idref="fl-e"/>
      </object_component>
      <object_component id="oc-3ef">
         <name>.text:_post_sync</name>
         <load_address>0x41de</load_address>
         <run_address>0x41de</run_address>
         <size>0x2</size>
         <input_file_ref idref="fl-17"/>
      </object_component>
      <object_component id="oc-3d9">
         <name>.text:_stopped</name>
         <load_address>0x41e0</load_address>
         <run_address>0x41e0</run_address>
         <size>0x2</size>
         <input_file_ref idref="fl-16"/>
      </object_component>
      <object_component id="oc-40d">
         <name>.text:_storeODSubIndex</name>
         <load_address>0x41e2</load_address>
         <run_address>0x41e2</run_address>
         <size>0x2</size>
         <input_file_ref idref="fl-13"/>
      </object_component>
      <object_component id="oc-5fd">
         <name>.text:emergencyStop</name>
         <load_address>0x41e4</load_address>
         <run_address>0x41e4</run_address>
         <size>0x2</size>
         <input_file_ref idref="fl-e"/>
      </object_component>
      <object_component id="oc-2e0">
         <name>.text</name>
         <load_address>0x41e6</load_address>
         <run_address>0x41e6</run_address>
         <size>0x2</size>
         <input_file_ref idref="fl-e7"/>
      </object_component>
      <object_component id="oc-69">
         <name>.text</name>
         <load_address>0x41e8</load_address>
         <run_address>0x41e8</run_address>
         <size>0x2</size>
         <input_file_ref idref="fl-de"/>
      </object_component>
      <object_component id="oc-b4">
         <name>.text</name>
         <load_address>0x41ea</load_address>
         <run_address>0x41ea</run_address>
         <size>0x2</size>
         <input_file_ref idref="fl-e8"/>
      </object_component>
      <object_component id="oc-2fd">
         <name>.const:g_ppui32GPIOIntMapSnowflake</name>
         <load_address>0x41ec</load_address>
         <run_address>0x41ec</run_address>
         <size>0xd8</size>
         <input_file_ref idref="fl-eb"/>
      </object_component>
      <object_component id="oc-2fa">
         <name>.const:g_ppui32GPIOIntMapBlizzard</name>
         <load_address>0x42c4</load_address>
         <run_address>0x42c4</run_address>
         <size>0xc0</size>
         <input_file_ref idref="fl-eb"/>
      </object_component>
      <object_component id="oc-321">
         <name>.const:g_pui32Regs</name>
         <load_address>0x4384</load_address>
         <run_address>0x4384</run_address>
         <size>0x9c</size>
         <input_file_ref idref="fl-ec"/>
      </object_component>
      <object_component id="oc-3ac">
         <name>.const:TestSlave_objdict</name>
         <load_address>0x4420</load_address>
         <run_address>0x4420</run_address>
         <size>0x78</size>
         <input_file_ref idref="fl-2"/>
      </object_component>
      <object_component id="oc-301">
         <name>.const</name>
         <load_address>0x4498</load_address>
         <run_address>0x4498</run_address>
         <size>0x70</size>
         <input_file_ref idref="fl-ec"/>
      </object_component>
      <object_component id="oc-2ba">
         <name>.const:g_pui32Xtals</name>
         <load_address>0x4508</load_address>
         <run_address>0x4508</run_address>
         <size>0x6c</size>
         <input_file_ref idref="fl-ed"/>
      </object_component>
      <object_component id="oc-361">
         <name>.const:g_ppui32TimerIntMap</name>
         <load_address>0x4574</load_address>
         <run_address>0x4574</run_address>
         <size>0x60</size>
         <input_file_ref idref="fl-ef"/>
      </object_component>
      <object_component id="oc-364">
         <name>.const:g_ppui32TimerIntMapSnowflake</name>
         <load_address>0x45d4</load_address>
         <run_address>0x45d4</run_address>
         <size>0x40</size>
         <input_file_ref idref="fl-ef"/>
      </object_component>
      <object_component id="oc-581">
         <name>.const:$P$T4$5</name>
         <load_address>0x4614</load_address>
         <run_address>0x4614</run_address>
         <size>0x10</size>
         <input_file_ref idref="fl-16"/>
      </object_component>
      <object_component id="oc-584">
         <name>.const:$P$T5$6</name>
         <load_address>0x4624</load_address>
         <run_address>0x4624</run_address>
         <size>0x10</size>
         <input_file_ref idref="fl-16"/>
      </object_component>
      <object_component id="oc-3b8">
         <name>.const:TestSlave_firstIndex</name>
         <load_address>0x4634</load_address>
         <run_address>0x4634</run_address>
         <size>0xc</size>
         <input_file_ref idref="fl-2"/>
      </object_component>
      <object_component id="oc-3bb">
         <name>.const:TestSlave_lastIndex</name>
         <load_address>0x4640</load_address>
         <run_address>0x4640</run_address>
         <size>0xc</size>
         <input_file_ref idref="fl-2"/>
      </object_component>
      <object_component id="oc-2c1">
         <name>.const:g_ui32UARTBase</name>
         <load_address>0x464c</load_address>
         <run_address>0x464c</run_address>
         <size>0xc</size>
         <input_file_ref idref="fl-19"/>
      </object_component>
      <object_component id="oc-2be">
         <name>.const:g_ui32UARTPeriph</name>
         <load_address>0x4658</load_address>
         <run_address>0x4658</run_address>
         <size>0xc</size>
         <input_file_ref idref="fl-19"/>
      </object_component>
      <object_component id="oc-3be">
         <name>.const</name>
         <load_address>0x4664</load_address>
         <run_address>0x4664</run_address>
         <size>0x4</size>
         <input_file_ref idref="fl-2"/>
      </object_component>
      <object_component id="oc-6ca">
         <name>.cinit..data.load</name>
         <load_address>0x4668</load_address>
         <run_address>0x4668</run_address>
         <size>0x20a</size>
      </object_component>
      <object_component id="oc-6c7">
         <name>__TI_handler_table</name>
         <load_address>0x4874</load_address>
         <run_address>0x4874</run_address>
         <size>0xc</size>
      </object_component>
      <object_component id="oc-6cb">
         <name>.cinit..bss.load</name>
         <load_address>0x4880</load_address>
         <run_address>0x4880</run_address>
         <size>0x8</size>
      </object_component>
      <object_component id="oc-6c9">
         <name>.cinit..vtable.load</name>
         <load_address>0x4888</load_address>
         <run_address>0x4888</run_address>
         <size>0x8</size>
      </object_component>
      <object_component id="oc-6c8">
         <name>__TI_cinit_table</name>
         <load_address>0x4890</load_address>
         <run_address>0x4890</run_address>
         <size>0x18</size>
      </object_component>
      <object_component id="oc-2eb">
         <name>.vtable</name>
         <uninitialized>true</uninitialized>
         <run_address>0x20000000</run_address>
         <size>0x26c</size>
         <input_file_ref idref="fl-ec"/>
      </object_component>
      <object_component id="oc-3a9">
         <name>.data</name>
         <load_address>0x20000568</load_address>
         <run_address>0x20000568</run_address>
         <size>0x86</size>
         <input_file_ref idref="fl-2"/>
      </object_component>
      <object_component id="oc-4d4">
         <name>.data:TestSlave_Index1000</name>
         <load_address>0x20000980</load_address>
         <run_address>0x20000980</run_address>
         <size>0xc</size>
         <input_file_ref idref="fl-2"/>
      </object_component>
      <object_component id="oc-4d7">
         <name>.data:TestSlave_Index1001</name>
         <load_address>0x2000098c</load_address>
         <run_address>0x2000098c</run_address>
         <size>0xc</size>
         <input_file_ref idref="fl-2"/>
      </object_component>
      <object_component id="oc-413">
         <name>.data:TestSlave_obj1003</name>
         <load_address>0x200008b8</load_address>
         <run_address>0x200008b8</run_address>
         <size>0x20</size>
         <input_file_ref idref="fl-2"/>
      </object_component>
      <object_component id="oc-534">
         <name>.data:TestSlave_Index1003_callbacks</name>
         <load_address>0x2000084c</load_address>
         <run_address>0x2000084c</run_address>
         <size>0x24</size>
         <input_file_ref idref="fl-2"/>
      </object_component>
      <object_component id="oc-4da">
         <name>.data:TestSlave_Index1003</name>
         <load_address>0x20000674</load_address>
         <run_address>0x20000674</run_address>
         <size>0x6c</size>
         <input_file_ref idref="fl-2"/>
      </object_component>
      <object_component id="oc-531">
         <name>.data:TestSlave_Index1005_callbacks</name>
         <load_address>0x200009f0</load_address>
         <run_address>0x200009f0</run_address>
         <size>0x4</size>
         <input_file_ref idref="fl-2"/>
      </object_component>
      <object_component id="oc-4dd">
         <name>.data:TestSlave_Index1005</name>
         <load_address>0x20000998</load_address>
         <run_address>0x20000998</run_address>
         <size>0xc</size>
         <input_file_ref idref="fl-2"/>
      </object_component>
      <object_component id="oc-52e">
         <name>.data:TestSlave_Index1006_callbacks</name>
         <load_address>0x200009f4</load_address>
         <run_address>0x200009f4</run_address>
         <size>0x4</size>
         <input_file_ref idref="fl-2"/>
      </object_component>
      <object_component id="oc-4e0">
         <name>.data:TestSlave_Index1006</name>
         <load_address>0x200009a4</load_address>
         <run_address>0x200009a4</run_address>
         <size>0xc</size>
         <input_file_ref idref="fl-2"/>
      </object_component>
      <object_component id="oc-52b">
         <name>.data:TestSlave_Index1010_callbacks</name>
         <load_address>0x2000093c</load_address>
         <run_address>0x2000093c</run_address>
         <size>0x14</size>
         <input_file_ref idref="fl-2"/>
      </object_component>
      <object_component id="oc-4e3">
         <name>.data:TestSlave_Index1010</name>
         <load_address>0x20000770</load_address>
         <run_address>0x20000770</run_address>
         <size>0x3c</size>
         <input_file_ref idref="fl-2"/>
      </object_component>
      <object_component id="oc-528">
         <name>.data:TestSlave_Index1011_callbacks</name>
         <load_address>0x20000950</load_address>
         <run_address>0x20000950</run_address>
         <size>0x14</size>
         <input_file_ref idref="fl-2"/>
      </object_component>
      <object_component id="oc-4e6">
         <name>.data:TestSlave_Index1011</name>
         <load_address>0x200007ac</load_address>
         <run_address>0x200007ac</run_address>
         <size>0x3c</size>
         <input_file_ref idref="fl-2"/>
      </object_component>
      <object_component id="oc-4e9">
         <name>.data:TestSlave_Index1014</name>
         <load_address>0x200009b0</load_address>
         <run_address>0x200009b0</run_address>
         <size>0xc</size>
         <input_file_ref idref="fl-2"/>
      </object_component>
      <object_component id="oc-3df">
         <name>.data:TestSlave_obj1016</name>
         <load_address>0x200009fc</load_address>
         <run_address>0x200009fc</run_address>
         <size>0x4</size>
         <input_file_ref idref="fl-2"/>
      </object_component>
      <object_component id="oc-525">
         <name>.data:TestSlave_Index1017_callbacks</name>
         <load_address>0x200009f8</load_address>
         <run_address>0x200009f8</run_address>
         <size>0x4</size>
         <input_file_ref idref="fl-2"/>
      </object_component>
      <object_component id="oc-4ec">
         <name>.data:TestSlave_Index1017</name>
         <load_address>0x200009bc</load_address>
         <run_address>0x200009bc</run_address>
         <size>0xc</size>
         <input_file_ref idref="fl-2"/>
      </object_component>
      <object_component id="oc-4ef">
         <name>.data:TestSlave_Index1018</name>
         <load_address>0x200007e8</load_address>
         <run_address>0x200007e8</run_address>
         <size>0x3c</size>
         <input_file_ref idref="fl-2"/>
      </object_component>
      <object_component id="oc-4f2">
         <name>.data:TestSlave_Index1200</name>
         <load_address>0x20000870</load_address>
         <run_address>0x20000870</run_address>
         <size>0x24</size>
         <input_file_ref idref="fl-2"/>
      </object_component>
      <object_component id="oc-522">
         <name>.data:TestSlave_Index1800_callbacks</name>
         <load_address>0x200008f4</load_address>
         <run_address>0x200008f4</run_address>
         <size>0x18</size>
         <input_file_ref idref="fl-2"/>
      </object_component>
      <object_component id="oc-4f5">
         <name>.data:TestSlave_Index1800</name>
         <load_address>0x200006e0</load_address>
         <run_address>0x200006e0</run_address>
         <size>0x48</size>
         <input_file_ref idref="fl-2"/>
      </object_component>
      <object_component id="oc-51f">
         <name>.data:TestSlave_Index1801_callbacks</name>
         <load_address>0x2000090c</load_address>
         <run_address>0x2000090c</run_address>
         <size>0x18</size>
         <input_file_ref idref="fl-2"/>
      </object_component>
      <object_component id="oc-4f8">
         <name>.data:TestSlave_Index1801</name>
         <load_address>0x20000728</load_address>
         <run_address>0x20000728</run_address>
         <size>0x48</size>
         <input_file_ref idref="fl-2"/>
      </object_component>
      <object_component id="oc-5ab">
         <name>.data:TestSlave_obj1A00</name>
         <load_address>0x20000824</load_address>
         <run_address>0x20000824</run_address>
         <size>0x28</size>
         <input_file_ref idref="fl-2"/>
      </object_component>
      <object_component id="oc-4fb">
         <name>.data:TestSlave_Index1A00</name>
         <load_address>0x200005f0</load_address>
         <run_address>0x200005f0</run_address>
         <size>0x84</size>
         <input_file_ref idref="fl-2"/>
      </object_component>
      <object_component id="oc-5b0">
         <name>.data:TestSlave_obj1A01</name>
         <load_address>0x20000a00</load_address>
         <run_address>0x20000a00</run_address>
         <size>0x4</size>
         <input_file_ref idref="fl-2"/>
      </object_component>
      <object_component id="oc-4fe">
         <name>.data:TestSlave_Index1A01</name>
         <load_address>0x20000924</load_address>
         <run_address>0x20000924</run_address>
         <size>0x18</size>
         <input_file_ref idref="fl-2"/>
      </object_component>
      <object_component id="oc-3af">
         <name>.data:TestSlave_PDO_status</name>
         <load_address>0x20000894</load_address>
         <run_address>0x20000894</run_address>
         <size>0x24</size>
         <input_file_ref idref="fl-2"/>
      </object_component>
      <object_component id="oc-341">
         <name>.data:TestSlave_Data</name>
         <load_address>0x2000026c</load_address>
         <run_address>0x2000026c</run_address>
         <size>0x23c</size>
         <input_file_ref idref="fl-2"/>
      </object_component>
      <object_component id="oc-254">
         <name>.data</name>
         <load_address>0x200009c8</load_address>
         <run_address>0x200009c8</run_address>
         <size>0xc</size>
         <input_file_ref idref="fl-4"/>
      </object_component>
      <object_component id="oc-32b">
         <name>.data</name>
         <load_address>0x200008d8</load_address>
         <run_address>0x200008d8</run_address>
         <size>0x1c</size>
         <input_file_ref idref="fl-7"/>
      </object_component>
      <object_component id="oc-27a">
         <name>.data</name>
         <load_address>0x20000964</load_address>
         <run_address>0x20000964</run_address>
         <size>0x10</size>
         <input_file_ref idref="fl-8"/>
      </object_component>
      <object_component id="oc-165">
         <name>.data</name>
         <load_address>0x20000a04</load_address>
         <run_address>0x20000a04</run_address>
         <size>0x4</size>
         <input_file_ref idref="fl-a"/>
      </object_component>
      <object_component id="oc-378">
         <name>.data:timers</name>
         <load_address>0x200004a8</load_address>
         <run_address>0x200004a8</run_address>
         <size>0xc0</size>
         <input_file_ref idref="fl-18"/>
      </object_component>
      <object_component id="oc-375">
         <name>.data</name>
         <load_address>0x200009d4</load_address>
         <run_address>0x200009d4</run_address>
         <size>0xc</size>
         <input_file_ref idref="fl-18"/>
      </object_component>
      <object_component id="oc-2c4">
         <name>.data</name>
         <load_address>0x200009e8</load_address>
         <run_address>0x200009e8</run_address>
         <size>0x5</size>
         <input_file_ref idref="fl-19"/>
      </object_component>
      <object_component id="oc-c4">
         <name>.data:$O1$$</name>
         <load_address>0x20000974</load_address>
         <run_address>0x20000974</run_address>
         <size>0xc</size>
         <input_file_ref idref="fl-d8"/>
      </object_component>
      <object_component id="oc-87">
         <name>.data</name>
         <load_address>0x20000a08</load_address>
         <run_address>0x20000a08</run_address>
         <size>0x4</size>
         <input_file_ref idref="fl-e0"/>
      </object_component>
      <object_component id="oc-c7">
         <name>.data:$O1$$</name>
         <load_address>0x200009e0</load_address>
         <run_address>0x200009e0</run_address>
         <size>0x8</size>
         <input_file_ref idref="fl-e3"/>
      </object_component>
      <object_component id="oc-3e2">
         <name>.common:TestSlave_heartBeatTimers</name>
         <uninitialized>true</uninitialized>
         <run_address>0x20000b40</run_address>
         <size>0x4</size>
      </object_component>
      <object_component id="oc-154">
         <name>.common:g_sCAN0RxMessage</name>
         <uninitialized>true</uninitialized>
         <run_address>0x20000b0c</run_address>
         <size>0x14</size>
      </object_component>
      <object_component id="oc-340">
         <name>.common:g_RxMessage</name>
         <uninitialized>true</uninitialized>
         <run_address>0x20000b34</run_address>
         <size>0xc</size>
      </object_component>
      <object_component id="oc-5c9">
         <name>.common:g_sCAN0TxMessage</name>
         <uninitialized>true</uninitialized>
         <run_address>0x20000b20</run_address>
         <size>0x14</size>
      </object_component>
      <object_component id="oc-2a">
         <name>.stack</name>
         <uninitialized>true</uninitialized>
         <run_address>0x20000a0c</run_address>
         <size>0x0</size>
         <input_file_ref idref="fl-d4"/>
      </object_component>
      <object_component id="oc-6cc">
         <name>.stack</name>
         <uninitialized>true</uninitialized>
         <run_address>0x20000a0c</run_address>
         <size>0x0</size>
      </object_component>
      <object_component id="oc-241">
         <name>.debug_info</name>
         <load_address>0x0</load_address>
         <run_address>0x0</run_address>
         <size>0x7fa</size>
         <input_file_ref idref="fl-2"/>
      </object_component>
      <object_component id="oc-3aa">
         <name>.debug_info</name>
         <load_address>0x7fa</load_address>
         <run_address>0x7fa</run_address>
         <size>0xef4</size>
         <input_file_ref idref="fl-2"/>
      </object_component>
      <object_component id="oc-3bf">
         <name>.debug_info</name>
         <load_address>0x16ee</load_address>
         <run_address>0x16ee</run_address>
         <size>0x12c</size>
         <input_file_ref idref="fl-2"/>
      </object_component>
      <object_component id="oc-4d5">
         <name>.debug_info</name>
         <load_address>0x181a</load_address>
         <run_address>0x181a</run_address>
         <size>0xec</size>
         <input_file_ref idref="fl-2"/>
      </object_component>
      <object_component id="oc-4d8">
         <name>.debug_info</name>
         <load_address>0x1906</load_address>
         <run_address>0x1906</run_address>
         <size>0xec</size>
         <input_file_ref idref="fl-2"/>
      </object_component>
      <object_component id="oc-414">
         <name>.debug_info</name>
         <load_address>0x19f2</load_address>
         <run_address>0x19f2</run_address>
         <size>0xe8</size>
         <input_file_ref idref="fl-2"/>
      </object_component>
      <object_component id="oc-535">
         <name>.debug_info</name>
         <load_address>0x1ada</load_address>
         <run_address>0x1ada</run_address>
         <size>0x100</size>
         <input_file_ref idref="fl-2"/>
      </object_component>
      <object_component id="oc-4db">
         <name>.debug_info</name>
         <load_address>0x1bda</load_address>
         <run_address>0x1bda</run_address>
         <size>0xec</size>
         <input_file_ref idref="fl-2"/>
      </object_component>
      <object_component id="oc-532">
         <name>.debug_info</name>
         <load_address>0x1cc6</load_address>
         <run_address>0x1cc6</run_address>
         <size>0x100</size>
         <input_file_ref idref="fl-2"/>
      </object_component>
      <object_component id="oc-4de">
         <name>.debug_info</name>
         <load_address>0x1dc6</load_address>
         <run_address>0x1dc6</run_address>
         <size>0xec</size>
         <input_file_ref idref="fl-2"/>
      </object_component>
      <object_component id="oc-52f">
         <name>.debug_info</name>
         <load_address>0x1eb2</load_address>
         <run_address>0x1eb2</run_address>
         <size>0x100</size>
         <input_file_ref idref="fl-2"/>
      </object_component>
      <object_component id="oc-4e1">
         <name>.debug_info</name>
         <load_address>0x1fb2</load_address>
         <run_address>0x1fb2</run_address>
         <size>0xec</size>
         <input_file_ref idref="fl-2"/>
      </object_component>
      <object_component id="oc-52c">
         <name>.debug_info</name>
         <load_address>0x209e</load_address>
         <run_address>0x209e</run_address>
         <size>0x100</size>
         <input_file_ref idref="fl-2"/>
      </object_component>
      <object_component id="oc-4e4">
         <name>.debug_info</name>
         <load_address>0x219e</load_address>
         <run_address>0x219e</run_address>
         <size>0xec</size>
         <input_file_ref idref="fl-2"/>
      </object_component>
      <object_component id="oc-529">
         <name>.debug_info</name>
         <load_address>0x228a</load_address>
         <run_address>0x228a</run_address>
         <size>0x100</size>
         <input_file_ref idref="fl-2"/>
      </object_component>
      <object_component id="oc-4e7">
         <name>.debug_info</name>
         <load_address>0x238a</load_address>
         <run_address>0x238a</run_address>
         <size>0xec</size>
         <input_file_ref idref="fl-2"/>
      </object_component>
      <object_component id="oc-4ea">
         <name>.debug_info</name>
         <load_address>0x2476</load_address>
         <run_address>0x2476</run_address>
         <size>0xec</size>
         <input_file_ref idref="fl-2"/>
      </object_component>
      <object_component id="oc-3e0">
         <name>.debug_info</name>
         <load_address>0x2562</load_address>
         <run_address>0x2562</run_address>
         <size>0xe8</size>
         <input_file_ref idref="fl-2"/>
      </object_component>
      <object_component id="oc-526">
         <name>.debug_info</name>
         <load_address>0x264a</load_address>
         <run_address>0x264a</run_address>
         <size>0x100</size>
         <input_file_ref idref="fl-2"/>
      </object_component>
      <object_component id="oc-4ed">
         <name>.debug_info</name>
         <load_address>0x274a</load_address>
         <run_address>0x274a</run_address>
         <size>0xec</size>
         <input_file_ref idref="fl-2"/>
      </object_component>
      <object_component id="oc-4f0">
         <name>.debug_info</name>
         <load_address>0x2836</load_address>
         <run_address>0x2836</run_address>
         <size>0xec</size>
         <input_file_ref idref="fl-2"/>
      </object_component>
      <object_component id="oc-4f3">
         <name>.debug_info</name>
         <load_address>0x2922</load_address>
         <run_address>0x2922</run_address>
         <size>0xec</size>
         <input_file_ref idref="fl-2"/>
      </object_component>
      <object_component id="oc-523">
         <name>.debug_info</name>
         <load_address>0x2a0e</load_address>
         <run_address>0x2a0e</run_address>
         <size>0x100</size>
         <input_file_ref idref="fl-2"/>
      </object_component>
      <object_component id="oc-4f6">
         <name>.debug_info</name>
         <load_address>0x2b0e</load_address>
         <run_address>0x2b0e</run_address>
         <size>0xec</size>
         <input_file_ref idref="fl-2"/>
      </object_component>
      <object_component id="oc-520">
         <name>.debug_info</name>
         <load_address>0x2bfa</load_address>
         <run_address>0x2bfa</run_address>
         <size>0x100</size>
         <input_file_ref idref="fl-2"/>
      </object_component>
      <object_component id="oc-4f9">
         <name>.debug_info</name>
         <load_address>0x2cfa</load_address>
         <run_address>0x2cfa</run_address>
         <size>0xed</size>
         <input_file_ref idref="fl-2"/>
      </object_component>
      <object_component id="oc-5ac">
         <name>.debug_info</name>
         <load_address>0x2de7</load_address>
         <run_address>0x2de7</run_address>
         <size>0xe9</size>
         <input_file_ref idref="fl-2"/>
      </object_component>
      <object_component id="oc-4fc">
         <name>.debug_info</name>
         <load_address>0x2ed0</load_address>
         <run_address>0x2ed0</run_address>
         <size>0xed</size>
         <input_file_ref idref="fl-2"/>
      </object_component>
      <object_component id="oc-5b1">
         <name>.debug_info</name>
         <load_address>0x2fbd</load_address>
         <run_address>0x2fbd</run_address>
         <size>0xe9</size>
         <input_file_ref idref="fl-2"/>
      </object_component>
      <object_component id="oc-4ff">
         <name>.debug_info</name>
         <load_address>0x30a6</load_address>
         <run_address>0x30a6</run_address>
         <size>0xed</size>
         <input_file_ref idref="fl-2"/>
      </object_component>
      <object_component id="oc-3ad">
         <name>.debug_info</name>
         <load_address>0x3193</load_address>
         <run_address>0x3193</run_address>
         <size>0xe9</size>
         <input_file_ref idref="fl-2"/>
      </object_component>
      <object_component id="oc-3b0">
         <name>.debug_info</name>
         <load_address>0x327c</load_address>
[...]
      <symbol id="sm-5f1">
         <name>PDOInhibitTimerAlarm</name>
         <value>0x3e11</value>
         <object_component_ref idref="oc-5d3"/>
      </symbol>
      <symbol id="sm-5f2">
         <name>proceedPDO</name>
         <value>0x12e3</value>
         <object_component_ref idref="oc-38f"/>
      </symbol>
      <symbol id="sm-5f3">
         <name>PDOStop</name>
         <value>0x31f1</value>
         <object_component_ref idref="oc-609"/>
      </symbol>
      <symbol id="sm-5f4">
         <name>TPDO_Communication_Parameter_Callback</name>
         <value>0x2ea9</value>
         <object_component_ref idref="oc-663"/>
      </symbol>
      <symbol id="sm-5f5">
         <name>_RxPDO_EventTimers_Handler</name>
         <value>0x2f83</value>
         <object_component_ref idref="oc-3b2"/>
      </symbol>
      <symbol id="sm-5f6">
         <name>_sendPDOevent</name>
         <value>0x1967</value>
         <object_component_ref idref="oc-4b4"/>
      </symbol>
      <symbol id="sm-5f7">
         <name>PDOInit</name>
         <value>0x3621</value>
         <object_component_ref idref="oc-60f"/>
      </symbol>
      <symbol id="sm-5f8">
         <name>PDOEventTimerAlarm</name>
         <value>0x3e59</value>
         <object_component_ref idref="oc-4aa"/>
      </symbol>
      <symbol id="sm-5f9">
         <name>CopyBits</name>
         <value>0x27ed</value>
         <object_component_ref idref="oc-498"/>
      </symbol>
      <symbol id="sm-5fa">
         <name>buildPDO</name>
         <value>0x2341</value>
         <object_component_ref idref="oc-4a4"/>
      </symbol>
      <symbol id="sm-5fb">
         <name>sendOnePDOevent</name>
         <value>0x2091</value>
         <object_component_ref idref="oc-56c"/>
      </symbol>
      <symbol id="sm-73d">
         <name>getSDOlineRestBytes</name>
         <value>0x3f91</value>
         <object_component_ref idref="oc-472"/>
      </symbol>
      <symbol id="sm-73e">
         <name>setSDOlineRestBytes</name>
         <value>0x407d</value>
         <object_component_ref idref="oc-484"/>
      </symbol>
      <symbol id="sm-73f">
         <name>sendSDOabort</name>
         <value>0x396f</value>
         <object_component_ref idref="oc-54d"/>
      </symbol>
      <symbol id="sm-740">
         <name>getSDOfreeLine</name>
         <value>0x3f77</value>
         <object_component_ref idref="oc-466"/>
      </symbol>
      <symbol id="sm-741">
         <name>failedSDO</name>
         <value>0x2f17</value>
         <object_component_ref idref="oc-490"/>
      </symbol>
      <symbol id="sm-742">
         <name>objdictToSDOline</name>
         <value>0x38ad</value>
         <object_component_ref idref="oc-47e"/>
      </symbol>
      <symbol id="sm-743">
         <name>initSDOline</name>
         <value>0x2a6d</value>
         <object_component_ref idref="oc-46c"/>
      </symbol>
      <symbol id="sm-744">
         <name>SDOtoLine</name>
         <value>0x38ef</value>
         <object_component_ref idref="oc-44e"/>
      </symbol>
      <symbol id="sm-745">
         <name>proceedSDO</name>
         <value>0x26d</value>
         <object_component_ref idref="oc-389"/>
      </symbol>
      <symbol id="sm-746">
         <name>sendSDO</name>
         <value>0x2dc5</value>
         <object_component_ref idref="oc-454"/>
      </symbol>
      <symbol id="sm-747">
         <name>SDOlineToObjdict</name>
         <value>0x39a9</value>
         <object_component_ref idref="oc-45a"/>
      </symbol>
      <symbol id="sm-748">
         <name>resetSDO</name>
         <value>0x41cd</value>
         <object_component_ref idref="oc-5df"/>
      </symbol>
      <symbol id="sm-749">
         <name>resetSDOline</name>
         <value>0x3ab9</value>
         <object_component_ref idref="oc-48a"/>
      </symbol>
      <symbol id="sm-74a">
         <name>lineToSDO</name>
         <value>0x3869</value>
         <object_component_ref idref="oc-478"/>
      </symbol>
      <symbol id="sm-74b">
         <name>getSDOlineOnUse</name>
         <value>0x3bab</value>
         <object_component_ref idref="oc-448"/>
      </symbol>
      <symbol id="sm-74c">
         <name>SDOTimeoutAlarm</name>
         <value>0x2cdd</value>
         <object_component_ref idref="oc-460"/>
      </symbol>
      <symbol id="sm-7cf">
         <name>getNodeId</name>
         <value>0x41c7</value>
         <object_component_ref idref="oc-4bc"/>
      </symbol>
      <symbol id="sm-7d0">
         <name>setNodeId</name>
         <value>0x16f1</value>
         <object_component_ref idref="oc-4c2"/>
      </symbol>
      <symbol id="sm-7d1">
         <name>_initialisation</name>
         <value>0x361f</value>
         <object_component_ref idref="oc-3c7"/>
      </symbol>
      <symbol id="sm-7d2">
         <name>_stopped</name>
         <value>0x41e1</value>
         <object_component_ref idref="oc-3d9"/>
      </symbol>
      <symbol id="sm-7d3">
         <name>canDispatch</name>
         <value>0x3055</value>
         <object_component_ref idref="oc-33a"/>
      </symbol>
      <symbol id="sm-7d4">
         <name>_preOperational</name>
         <value>0x410d</value>
         <object_component_ref idref="oc-3cd"/>
      </symbol>
      <symbol id="sm-7d5">
         <name>setState</name>
         <value>0x1ca5</value>
         <object_component_ref idref="oc-4c8"/>
      </symbol>
      <symbol id="sm-7d6">
         <name>_operational</name>
         <value>0x3cd7</value>
         <object_component_ref idref="oc-3d3"/>
      </symbol>
      <symbol id="sm-7d7">
         <name>switchCommunicationState</name>
         <value>0x1b95</value>
         <object_component_ref idref="oc-588"/>
      </symbol>
      <symbol id="sm-82a">
         <name>sendSYNCMessage</name>
         <value>0x3ebf</value>
         <object_component_ref idref="oc-695"/>
      </symbol>
      <symbol id="sm-82b">
         <name>SyncAlarm</name>
         <value>0x41d3</value>
         <object_component_ref idref="oc-633"/>
      </symbol>
      <symbol id="sm-82c">
         <name>OnCOB_ID_SyncUpdate</name>
         <value>0x419f</value>
         <object_component_ref idref="oc-62d"/>
      </symbol>
      <symbol id="sm-82d">
         <name>stopSYNC</name>
         <value>0x3bd9</value>
         <object_component_ref idref="oc-5e5"/>
      </symbol>
      <symbol id="sm-82e">
         <name>_post_TPDO</name>
         <value>0x41db</value>
         <object_component_ref idref="oc-3f5"/>
      </symbol>
      <symbol id="sm-82f">
         <name>startSYNC</name>
         <value>0x3125</value>
         <object_component_ref idref="oc-5eb"/>
      </symbol>
      <symbol id="sm-830">
         <name>proceedSYNC</name>
         <value>0x3c83</value>
         <object_component_ref idref="oc-39b"/>
      </symbol>
      <symbol id="sm-831">
         <name>sendSYNC</name>
         <value>0x4069</value>
         <object_component_ref idref="oc-66f"/>
      </symbol>
      <symbol id="sm-832">
         <name>_post_sync</name>
         <value>0x41df</value>
         <object_component_ref idref="oc-3ef"/>
      </symbol>
      <symbol id="sm-879">
         <name>DelAlarm</name>
         <value>0x3b1d</value>
         <object_component_ref idref="oc-42e"/>
      </symbol>
      <symbol id="sm-87a">
         <name>timers</name>
         <value>0x200004a8</value>
         <object_component_ref idref="oc-378"/>
      </symbol>
      <symbol id="sm-87b">
         <name>total_sleep_time</name>
         <value>0x200009d4</value>
         <object_component_ref idref="oc-375"/>
      </symbol>
      <symbol id="sm-87c">
         <name>SetAlarm</name>
         <value>0x289d</value>
         <object_component_ref idref="oc-434"/>
      </symbol>
      <symbol id="sm-87d">
         <name>TimeDispatch</name>
         <value>0x2735</value>
         <object_component_ref idref="oc-325"/>
      </symbol>
      <symbol id="sm-87e">
         <name>last_timer_raw</name>
         <value>0x200009d8</value>
         <object_component_ref idref="oc-375"/>
      </symbol>
      <symbol id="sm-87f">
         <name>tdcount</name>
         <value>0x200009dc</value>
         <object_component_ref idref="oc-375"/>
      </symbol>
      <symbol id="sm-8ed">
         <name>UARTStdioConfig</name>
         <value>0x32b9</value>
         <object_component_ref idref="oc-1fd"/>
      </symbol>
      <symbol id="sm-8ee">
         <name>UARTwrite</name>
         <value>0x3799</value>
         <object_component_ref idref="oc-233"/>
      </symbol>
      <symbol id="sm-8ef">
         <name>UARTprintf</name>
         <value>0x3f5d</value>
         <object_component_ref idref="oc-ec"/>
      </symbol>
      <symbol id="sm-8f0">
         <name>UARTvprintf</name>
         <value>0x1505</value>
         <object_component_ref idref="oc-158"/>
      </symbol>
      <symbol id="sm-901">
         <name>_c_int00</name>
         <value>0x34d5</value>
         <object_component_ref idref="oc-24"/>
      </symbol>
      <symbol id="sm-902">
         <name>__stack</name>
         <value>0x20000a0c</value>
         <object_component_ref idref="oc-2a"/>
      </symbol>
      <symbol id="sm-920">
         <name>__TI_decompress_lzss</name>
         <value>0x30bd</value>
         <object_component_ref idref="oc-12"/>
      </symbol>
      <symbol id="sm-937">
         <name>__TI_decompress_none</name>
         <value>0x414b</value>
         <object_component_ref idref="oc-18"/>
      </symbol>
      <symbol id="sm-949">
         <name>__TI_zero_init</name>
         <value>0x417d</value>
         <object_component_ref idref="oc-1e"/>
      </symbol>
      <symbol id="sm-96a">
         <name>C$$EXIT</name>
         <value>0x3529</value>
         <object_component_ref idref="oc-81"/>
      </symbol>
      <symbol id="sm-96b">
         <name>abort</name>
         <value>0x352d</value>
         <object_component_ref idref="oc-81"/>
      </symbol>
      <symbol id="sm-96c">
         <name>exit</name>
         <value>0x3535</value>
         <object_component_ref idref="oc-81"/>
      </symbol>
      <symbol id="sm-96d">
         <name>__TI_dtors_ptr</name>
         <value>0x20000978</value>
         <object_component_ref idref="oc-c4"/>
      </symbol>
      <symbol id="sm-96e">
         <name>__TI_cleanup_ptr</name>
         <value>0x20000974</value>
         <object_component_ref idref="oc-c4"/>
      </symbol>
      <symbol id="sm-96f">
         <name>__TI_enable_exit_profile_output</name>
         <value>0x2000097c</value>
         <object_component_ref idref="oc-c4"/>
      </symbol>
      <symbol id="sm-981">
         <name>memcmp</name>
         <value>0x3e35</value>
         <object_component_ref idref="oc-5cd"/>
      </symbol>
      <symbol id="sm-99c">
         <name>memcpy</name>
         <value>0x293d</value>
         <object_component_ref idref="oc-51"/>
      </symbol>
      <symbol id="sm-99d">
         <name>__aeabi_memcpy</name>
         <value>0x293d</value>
         <object_component_ref idref="oc-51"/>
      </symbol>
      <symbol id="sm-99e">
         <name>__aeabi_memcpy8</name>
         <value>0x293d</value>
         <object_component_ref idref="oc-51"/>
      </symbol>
      <symbol id="sm-99f">
         <name>__aeabi_memcpy4</name>
         <value>0x293d</value>
         <object_component_ref idref="oc-51"/>
      </symbol>
      <symbol id="sm-9ae">
         <name>__aeabi_memset</name>
         <value>0x2b79</value>
         <object_component_ref idref="oc-5d"/>
      </symbol>
      <symbol id="sm-9af">
         <name>memset</name>
         <value>0x2b7f</value>
         <object_component_ref idref="oc-5d"/>
      </symbol>
      <symbol id="sm-9b0">
         <name>__aeabi_memset8</name>
         <value>0x2b79</value>
         <object_component_ref idref="oc-5d"/>
      </symbol>
      <symbol id="sm-9b1">
         <name>__aeabi_memset4</name>
         <value>0x2b79</value>
         <object_component_ref idref="oc-5d"/>
      </symbol>
      <symbol id="sm-9b2">
         <name>__aeabi_memclr8</name>
         <value>0x2b77</value>
         <object_component_ref idref="oc-5d"/>
      </symbol>
      <symbol id="sm-9b3">
         <name>__aeabi_memclr4</name>
         <value>0x2b77</value>
         <object_component_ref idref="oc-5d"/>
      </symbol>
      <symbol id="sm-9b4">
         <name>__aeabi_memclr</name>
         <value>0x2b77</value>
         <object_component_ref idref="oc-5d"/>
      </symbol>
      <symbol id="sm-9be">
         <name>__mpu_init</name>
         <value>0x41e9</value>
         <object_component_ref idref="oc-69"/>
      </symbol>
      <symbol id="sm-9c8">
         <name>_system_pre_init</name>
         <value>0x41d7</value>
         <object_component_ref idref="oc-6f"/>
      </symbol>
      <symbol id="sm-9d0">
         <name>main_func_sp</name>
         <value>0x20000a08</value>
         <object_component_ref idref="oc-87"/>
      </symbol>
      <symbol id="sm-9df">
         <name>__aeabi_uidivmod</name>
         <value>0x392f</value>
         <object_component_ref idref="oc-239"/>
      </symbol>
      <symbol id="sm-9e0">
         <name>__aeabi_uidiv</name>
         <value>0x392f</value>
         <object_component_ref idref="oc-239"/>
      </symbol>
      <symbol id="sm-9fa">
         <name>_nop</name>
         <value>0x4063</value>
         <object_component_ref idref="oc-11d"/>
      </symbol>
      <symbol id="sm-9fb">
         <name>_lock</name>
         <value>0x200009e0</value>
         <object_component_ref idref="oc-c7"/>
      </symbol>
      <symbol id="sm-9fc">
         <name>_unlock</name>
         <value>0x200009e4</value>
         <object_component_ref idref="oc-c7"/>
      </symbol>
      <symbol id="sm-9fd">
         <name>_register_lock</name>
         <value>0x405b</value>
         <object_component_ref idref="oc-11d"/>
      </symbol>
      <symbol id="sm-9fe">
         <name>_register_unlock</name>
         <value>0x4055</value>
         <object_component_ref idref="oc-11d"/>
      </symbol>
      <symbol id="sm-a12">
         <name>_args_main</name>
         <value>0x403d</value>
         <object_component_ref idref="oc-7b"/>
      </symbol>
      <symbol id="sm-a3c">
         <name>__TI_auto_init</name>
         <value>0x2e39</value>
         <object_component_ref idref="oc-75"/>
      </symbol>
      <symbol id="sm-a56">
         <name>copy_in</name>
         <value>0x3705</value>
         <object_component_ref idref="oc-ae"/>
      </symbol>
      <symbol id="sm-a60">
         <name>__aeabi_idiv0</name>
         <value>0x41e7</value>
         <object_component_ref idref="oc-2e0"/>
      </symbol>
      <symbol id="sm-a6a">
         <name>_system_post_cinit</name>
         <value>0x41eb</value>
         <object_component_ref idref="oc-b4"/>
      </symbol>
      <symbol id="sm-ab0">
         <name>ADCProcessorTrigger</name>
         <value>0x3fab</value>
         <object_component_ref idref="oc-174"/>
      </symbol>
      <symbol id="sm-ab1">
         <name>ADCSequenceEnable</name>
         <value>0x413d</value>
         <object_component_ref idref="oc-1d0"/>
      </symbol>
      <symbol id="sm-ab2">
         <name>ADCSequenceConfigure</name>
         <value>0x35cf</value>
         <object_component_ref idref="oc-1c4"/>
      </symbol>
      <symbol id="sm-ab3">
         <name>ADCSequenceStepConfigure</name>
         <value>0x2afd</value>
         <object_component_ref idref="oc-1ca"/>
      </symbol>
      <symbol id="sm-ab4">
         <name>ADCIntClear</name>
         <value>0x4195</value>
         <object_component_ref idref="oc-180"/>
      </symbol>
      <symbol id="sm-ab5">
         <name>ADCIntStatus</name>
         <value>0x3b7d</value>
         <object_component_ref idref="oc-17a"/>
      </symbol>
      <symbol id="sm-ab6">
         <name>ADCSequenceDataGet</name>
         <value>0x3f21</value>
         <object_component_ref idref="oc-186"/>
      </symbol>
      <symbol id="sm-ad7">
         <name>CANIntRegister</name>
         <value>0x3fc3</value>
         <object_component_ref idref="oc-2ab"/>
      </symbol>
      <symbol id="sm-b4d">
         <name>GPIOIntRegister</name>
         <value>0x3fdb</value>
         <object_component_ref idref="oc-1ab"/>
      </symbol>
      <symbol id="sm-b4e">
         <name>GPIOIntEnable</name>
         <value>0x4171</value>
         <object_component_ref idref="oc-1a5"/>
      </symbol>
      <symbol id="sm-b4f">
         <name>GPIOPinTypeADC</name>
         <value>0x4091</value>
         <object_component_ref idref="oc-1be"/>
      </symbol>
      <symbol id="sm-b50">
         <name>GPIOPinTypeGPIOInput</name>
         <value>0x40a3</value>
         <object_component_ref idref="oc-1dd"/>
      </symbol>
      <symbol id="sm-b51">
         <name>GPIOIntClear</name>
         <value>0x41a9</value>
         <object_component_ref idref="oc-274"/>
      </symbol>
      <symbol id="sm-b52">
         <name>GPIOPinTypeGPIOOutput</name>
         <value>0x3ff3</value>
         <object_component_ref idref="oc-1d7"/>
      </symbol>
      <symbol id="sm-b53">
         <name>GPIOPinRead</name>
         <value>0x41af</value>
         <object_component_ref idref="oc-194"/>
      </symbol>
      <symbol id="sm-b54">
         <name>GPIODirModeSet</name>
         <value>0x3c2f</value>
         <object_component_ref idref="oc-280"/>
      </symbol>
      <symbol id="sm-b55">
         <name>GPIOPinWrite</name>
         <value>0x41b5</value>
         <object_component_ref idref="oc-18e"/>
      </symbol>
      <symbol id="sm-b56">
         <name>GPIOPadConfigSet</name>
         <value>0x1835</value>
         <object_component_ref idref="oc-286"/>
      </symbol>
      <symbol id="sm-ba9">
         <name>IntPrioritySet</name>
         <value>0x3ded</value>
         <object_component_ref idref="oc-29e"/>
      </symbol>
      <symbol id="sm-baa">
         <name>IntEnable</name>
         <value>0x2f85</value>
         <object_component_ref idref="oc-26d"/>
      </symbol>
      <symbol id="sm-bab">
         <name>IntRegister</name>
         <value>0x3a51</value>
         <object_component_ref idref="oc-246"/>
      </symbol>
      <symbol id="sm-bac">
         <name>g_pfnRAMVectors</name>
         <value>0x20000000</value>
         <object_component_ref idref="oc-2eb"/>
      </symbol>
      <symbol id="sm-bad">
         <name>IntMasterEnable</name>
         <value>0x40fd</value>
         <object_component_ref idref="oc-292"/>
      </symbol>
      <symbol id="sm-be7">
         <name>SysCtlPeripheralEnable</name>
         <value>0x3a85</value>
         <object_component_ref idref="oc-1b8"/>
      </symbol>
      <symbol id="sm-be8">
         <name>SysCtlClockGet</name>
         <value>0x1a85</value>
         <object_component_ref idref="oc-1f7"/>
      </symbol>
      <symbol id="sm-bf7">
         <name>SysTickIntRegister</name>
         <value>0x3f41</value>
         <object_component_ref idref="oc-168"/>
      </symbol>
      <symbol id="sm-c23">
         <name>TimerIntRegister</name>
         <value>0x4025</value>
         <object_component_ref idref="oc-298"/>
      </symbol>
      <symbol id="sm-c30">
         <name>UARTClockSourceSet</name>
         <value>0x41c1</value>
         <object_component_ref idref="oc-1f1"/>
      </symbol>
      <symbol id="sm-c3a">
         <name>CPUcpsie</name>
         <value>0x4165</value>
         <object_component_ref idref="oc-312"/>
      </symbol>
      <symbol id="sm-c3b">
         <name>__TI_static_base__</name>
         <value>0x0</value>
      </symbol>
      <symbol id="sm-c3e">
         <name>SHT$$INIT_ARRAY$$Limit</name>
         <value>0x0</value>
      </symbol>
      <symbol id="sm-c3f">
         <name>SHT$$INIT_ARRAY$$Base</name>
         <value>0x0</value>
      </symbol>
      <symbol id="sm-c40">
         <name>driver_init_system</name>
         <value>0x3aed</value>
      </symbol>
   </symbol_table>
   <title>Link successful</title>
</link_info>
