******************************************************************************
                  TI ARM Linker PC v16.9.7                     
******************************************************************************
>> Linked Tue Jun 26 17:37:11 2018

OUTPUT FILE NAME:   <launchpad.out>
ENTRY POINT SYMBOL: "_c_int00"  address: 00004781


MEMORY CONFIGURATION

         name            origin    length      used     unused   attr    fill
----------------------  --------  ---------  --------  --------  ----  --------
  FLASH                 00000000   00040000  00006438  00039bc8  R  X
  SRAM                  20000000   00008000  00002d28  000052d8  RW X


SEGMENT ALLOCATION MAP

run origin  load origin   length   init length attrs members
----------  ----------- ---------- ----------- ----- -------
00000000    00000000    00006438   00006438    r-x
  00000000    00000000    0000026c   0000026c    r-- .intvecs
  0000026c    0000026c    000057c0   000057c0    r-x .text
  00005a2c    00005a2c    0000061c   0000061c    r-- .const
  00006048    00006048    000003f0   000003f0    r-- .cinit
20000000    20000000    00002d28   00000000    rw-
  20000000    20000000    0000026c   00000000    rw- .vtable
  2000026c    2000026c    00001d6c   00000000    rw- .bss
  20001fd8    20001fd8    00000c50   00000000    rw- .data
  20002c28    20002c28    00000100   00000000    rw- .stack


SECTION ALLOCATION MAP

 output                                  attributes/
section   page    origin      length       input sections
--------  ----  ----------  ----------   ----------------
.intvecs   0    00000000    0000026c     
                  00000000    0000026c     startup_ccs.obj (.intvecs)

.text      0    0000026c    000057c0     
                  0000026c    00001076     sdo.obj (.text:proceedSDO)
                  000012e2    00000002     startup_ccs.obj (.text:FaultISR)
                  000012e4    0000029c     PD4_task.obj (.text:PD4Master_task)
                  00001580    00000258     PD4Master.obj (.text:TestMaster_scanIndexOD)
                  000017d8    00000222     pdo.obj (.text:proceedPDO)
                  000019fa    00000002     startup_ccs.obj (.text:IntDefaultHandler)
                  000019fc    000001ea     uartstdio.obj (.text:UARTvprintf)
                  00001be6    0000015a     sdo.obj (.text:_writeNetworkDict)
                  00001d40    00000144     states.obj (.text:setNodeId)
                  00001e84    0000011c     pdo.obj (.text:_sendPDOevent)
                  00001fa0    00000118     queue.obj (.text:xQueueGenericReceive)
                  000020b8    00000110     driverlib.lib : sysctl.obj (.text:SysCtlClockGet)
                  000021c8    00000110     states.obj (.text:switchCommunicationState)
                  000022d8    00000108     led_task.obj (.text:LEDTask)
                  000023e0    00000104     tasks.obj (.text:xTaskIncrementTick)
                  000024e4    00000102     states.obj (.text:setState)
                  000025e6    00000002     startup_ccs.obj (.text:NmiSR)
                  000025e8    00000100     tasks.obj (.text:xTaskGenericCreate)
                  000026e8    000000fc     lifegrd.obj (.text:proceedNODE_GUARD)
                  000027e4    000000f4     objacces.obj (.text:_setODentry)
                  000028d8    000000f0     pdo.obj (.text:sendOnePDOevent)
                  000029c8    000000e8     queue.obj (.text:xQueueGenericSend)
                  00002ab0    000000e4     tasks.obj (.text:xTaskResumeAll)
                  00002b94    000000e0     CO_driver.obj (.text:CAN0IntHandler)
                  00002c74    000000d8     pdo.obj (.text:buildPDO)
                  00002d4c    000000d2     portasm.obj (.text)
                  00002e1e    00000002     Master.obj (.text:PD4Master_heartbeatError)
                  00002e20    000000d0     CO_driver.obj (.text:can_init)
                  00002ef0    000000c8     MA3encoder.obj (.text:inputInt)
                  00002fb8    000000c4     objacces.obj (.text:_getODentry)
                  0000307c    000000c0     cmdUart.obj (.text:cmd_uart_init_handler)
                  0000313c    000000b8     timer.obj (.text:TimeDispatch)
                  000031f4    000000b0     pdo.obj (.text:CopyBits)
                  000032a4    000000ac     heap_2.obj (.text:pvPortMalloc)
                  00003350    000000a0     timer.obj (.text:SetAlarm)
                  000033f0    0000009c     rtsv7M4_T_le_v4SPD16_eabi.lib : memcpy_t2.obj (.text)
                  0000348c    00000098     cmdUart.obj (.text:cmd_uart_init)
                  00003524    00000094     nmtSlave.obj (.text:proceedNMTstateChange)
                  000035b8    00000090     sdo.obj (.text:initSDOline)
                  00003648    00000090     tasks.obj (.text:vTaskPriorityInherit)
                  000036d8    0000008c     tasks.obj (.text:vTaskSwitchContext)
                  00003764    00000084     Master.obj (.text:PD4Master_writeSlaveParam)
                  000037e8    00000084     driver.obj (.text:driver_init_hardware)
                  0000386c    00000084     tasks.obj (.text:vTaskDelayUntil)
                  000038f0    00000084     queue.obj (.text:xQueueGenericReset)
                  00003974    0000007a     rtsv7M4_T_le_v4SPD16_eabi.lib : memset_t2.obj (.text)
                  000039ee    00000002     Master.obj (.text:PD4Master_post_TPDO)
                  000039f0    00000078     lifegrd.obj (.text:heartbeatInit)
                  00003a68    00000078     tasks.obj (.text:xTaskPriorityDisinherit)
                  00003ae0    00000074     CO_driver.obj (.text:CO_Timerinit)
                  00003b54    00000074     PD4_task.obj (.text:PD4Master_taskInit)
                  00003bc8    00000074     sdo.obj (.text:SDOTimeoutAlarm)
                  00003c3c    00000074     lifegrd.obj (.text:nodeguardInit)
                  00003cb0    00000074     sdo.obj (.text:sendSDO)
                  00003d24    00000074     tasks.obj (.text:xTaskRemoveFromEventList)
                  00003d98    00000072     queue.obj (.text:prvCopyDataToQueue)
                  00003e0a    00000002     Master.obj (.text:PD4Master_post_sync)
                  00003e0c    00000070     rtsv7M4_T_le_v4SPD16_eabi.lib : autoinit.obj (.text)
                  00003e7c    0000006e     pdo.obj (.text:TPDO_Communication_Parameter_Callback)
                  00003eea    0000006c     sdo.obj (.text:failedSDO)
                  00003f56    00000002     pdo.obj (.text:_RxPDO_EventTimers_Handler)
                  00003f58    00000068     driverlib.lib : interrupt.obj (.text:IntEnable)
                  00003fc0    00000068     states.obj (.text:canDispatch)
                  00004028    00000068     rtsv7M4_T_le_v4SPD16_eabi.lib : copy_decompress_lzss.obj (.text:decompress:lzss)
                  00004090    00000068     sync.obj (.text:startSYNC)
                  000040f8    00000064     driver.obj (.text:ConfigureUART)
                  0000415c    00000064     pdo.obj (.text:PDOStop)
                  000041c0    00000064     tasks.obj (.text:vTaskPlaceOnEventList)
                  00004224    00000062     lifegrd.obj (.text:GuardTimeAlarm)
                  00004286    00000062     queue.obj (.text:prvUnlockQueue)
                  000042e8    00000060     MA3encoder.obj (.text:MA3_encoder_init)
                  00004348    00000060     uartstdio.obj (.text:UARTStdioConfig)
                  000043a8    00000060     tasks.obj (.text:prvInitialiseTaskLists)
                  00004408    00000060     tasks.obj (.text:vTaskStartScheduler)
                  00004468    0000005c     driverlib.lib : can.obj (.text:_CANIntNumberGet)
                  000044c4    0000005c     tasks.obj (.text:vTaskDelay)
                  00004520    0000005c     queue.obj (.text:xQueueGenericSendFromISR)
                  0000457c    00000058     MA3encoder.obj (.text:Captureinit)
                  000045d4    00000058     tasks.obj (.text:prvCheckTasksWaitingTermination)
                  0000462c    00000056     pdo.obj (.text:sendPDOrequest)
                  00004682    00000002     lifegrd.obj (.text:_heartbeatError)
                  00004684    00000054     CO_driver.obj (.text:CO_TimerIntHandler)
                  000046d8    00000054     PD4_task.obj (.text:PD4Master_set_pos)
                  0000472c    00000054     tasks.obj (.text:prvInitialiseTCBVariables)
                  00004780    00000054     rtsv7M4_T_le_v4SPD16_eabi.lib : boot.obj (.text)
                  000047d4    00000054                                   : exit.obj (.text)
                  00004828    00000054     tasks.obj (.text:xTaskCheckForTimeOut)
                  0000487c    00000052     Master.obj (.text:PD4Master_post_emcy)
                  000048ce    0000004e     Master.obj (.text:CanOpen_setMaster)
                  0000491c    0000004c     pdo.obj (.text:PDOInit)
                  00004968    0000004c     driverlib.lib : timer.obj (.text:_TimerIntNumberGet)
                  000049b4    0000004c     tasks.obj (.text:prvAddCurrentTaskToDelayedList)
                  00004a00    0000004c     rtsv7M4_T_le_v4SPD16_eabi.lib : cpy_tbl.obj (.text)
                  00004a4c    0000004c     queue.obj (.text:xQueueCreateMutex)
                  00004a98    00000048     sdo.obj (.text:GetSDOClientFromNodeId)
                  00004ae0    00000048     lifegrd.obj (.text:ProducerHeartbeatAlarm)
                  00004b28    00000048     uartstdio.obj (.text:UARTwrite)
                  00004b70    00000044     CANopen_task.obj (.text:CANopen_taskInit)
                  00004bb4    00000044     driverlib.lib : gpio.obj (.text:_GPIOIntNumberGet)
                  00004bf8    00000044     CO_driver.obj (.text:can_write)
                  00004c3c    00000044     sdo.obj (.text:lineToSDO)
                  00004c80    00000044     heap_2.obj (.text:vPortFree)
                  00004cc4    00000042     sdo.obj (.text:objdictToSDOline)
                  00004d06    00000040     sdo.obj (.text:SDOtoLine)
                  00004d46    00000002     states.obj (.text:_initialisation)
                  00004d48    00000040     driverlib.lib : uart.obj (.text:_UARTIntNumberGet)
                  00004d88    00000040     rtsv7M4_T_le_v4SPD16_eabi.lib : u_divt2.obj (.text)
                  00004dc8    00000040     port.obj (.text:xPortStartScheduler)
                  00004e08    0000003c     queue.obj (.text:xQueueGenericCreate)
                  00004e44    0000003a     tasks.obj (.text:prvAllocateTCBAndStack)
                  00004e7e    0000003a     sdo.obj (.text:sendSDOabort)
                  00004eb8    00000038     sdo.obj (.text:SDOlineToObjdict)
                  00004ef0    00000038     list.obj (.text:vListInsert)
                  00004f28    00000036     lifegrd.obj (.text:heartbeatStop)
                  00004f5e    00000002     lifegrd.obj (.text:_nodeguardError)
                  00004f60    00000034     CO_driver.obj (.text:CO_start_listening)
                  00004f94    00000034     driverlib.lib : interrupt.obj (.text:IntRegister)
                  00004fc8    00000034     led_task.obj (.text:LEDTaskInit)
                  00004ffc    00000034     Master.obj (.text:PD4Master_post_SlaveStateChange)
                  00005030    00000034     driverlib.lib : sysctl.obj (.text:SysCtlPeripheralEnable)
                  00005064    00000034     sdo.obj (.text:closeSDOtransfer)
                  00005098    00000034     sdo.obj (.text:resetSDOline)
                  000050cc    00000030     timer.obj (.text:DelAlarm)
                  000050fc    00000030     PD4_task.obj (.text:PD4Master_set_ctrl)
                  0000512c    00000030     heap_2.obj (.text:prvHeapInit)
                  0000515c    0000002e     sdo.obj (.text:getSDOlineOnUse)
                  0000518a    0000002c     sync.obj (.text:stopSYNC)
                  000051b6    00000002     states.obj (.text:_operational)
                  000051b8    0000002c     port.obj (.text:xPortSysTickHandler)
                  000051e4    0000002a     lifegrd.obj (.text:ConsumerHeartbeatAlarm)
                  0000520e    0000002a     emcy.obj (.text:OnNumberOfErrorsUpdate)
                  00005238    0000002a     sdo.obj (.text:getSDOlineToClose)
                  00005262    0000002a     sync.obj (.text:proceedSYNC)
                  0000528c    0000002a     nmtSlave.obj (.text:slaveSendBootUp)
                  000052b6    00000002     lifegrd.obj (.text:_post_SlaveBootup)
                  000052b8    00000028     CANopen_task.obj (.text:CANopen_task)
                  000052e0    00000028     PD4_task.obj (.text:PD4Master_set_speed)
                  00005308    00000028     CO_driver.obj (.text:canSend)
                  00005330    00000028     CO_driver.obj (.text:getElapsedTime)
                  00005358    00000028     main.obj (.text:main)
                  00005380    00000028     nmtMaster.obj (.text:masterSendNMTstateChange)
                  000053a8    00000028     tasks.obj (.text:prvResetNextTaskUnblockTime)
                  000053d0    00000028     port.obj (.text:pxPortInitialiseStack)
                  000053f8    00000028     CO_driver.obj (.text:setTimer)
                  00005420    00000028     sdo.obj (.text:writeNetworkDictCallBack)
                  00005448    00000026     objacces.obj (.text:RegisterSetODentryCallBack)
                  0000546e    00000026     queue.obj (.text:prvCopyDataFromQueue)
                  00005494    00000026     pdo.obj (.text:sendPdo)
                  000054ba    00000002     lifegrd.obj (.text:_post_SlaveStateChange)
                  000054bc    00000024     Master.obj (.text:CheckSDOAndContinue)
                  000054e0    00000024     driverlib.lib : interrupt.obj (.text:IntPrioritySet)
                  00005504    00000024     pdo.obj (.text:PDOInhibitTimerAlarm)
                  00005528    00000024     rtsv7M4_T_le_v4SPD16_eabi.lib : memcmp.obj (.text)
                  0000554c    00000022     Master.obj (.text:PD4Master_initialisation)
                  0000556e    00000002     sync.obj (.text:_post_TPDO)
                  00005570    00000022     Master.obj (.text:PD4Master_preOperational)
                  00005592    00000022     pdo.obj (.text:PDOEventTimerAlarm)
                  000055b4    00000022     nmtMaster.obj (.text:masterSendNMTnodeguard)
                  000055d6    00000022     emcy.obj (.text:proceedEMCY)
                  000055f8    00000022     sync.obj (.text:sendSYNCMessage)
                  0000561a    00000002     emcy.obj (.text:_post_emcy)
                  0000561c    00000020     emcy.obj (.text:emergencyInit)
                  0000563c    00000020     list.obj (.text:uxListRemove)
                  0000565c    0000001f     Master.obj (.text:PD4Master_operational)
                  0000567b    00000001     --HOLE-- [fill = 0]
                  0000567c    0000001c     CO_driver.obj (.text:CO_timer_start)
                  00005698    0000001c     queue.obj (.text:prvIsQueueFull)
                  000056b4    0000001c     port.obj (.text:vPortEnterCritical)
                  000056d0    0000001b     Master.obj (.text:PD4Master_stopped)
                  000056eb    00000001     --HOLE-- [fill = 0]
                  000056ec    0000001a     uartstdio.obj (.text:UARTprintf)
                  00005706    0000001a     sdo.obj (.text:getSDOfreeLine)
                  00005720    0000001a     sdo.obj (.text:getSDOlineRestBytes)
                  0000573a    0000001a     queue.obj (.text:prvIsQueueEmpty)
                  00005754    00000018     driverlib.lib : can.obj (.text:CANIntRegister)
                  0000576c    00000018                   : gpio.obj (.text:GPIOIntRegister)
                  00005784    00000018     PD4Master.obj (.text:TestMaster_valueRangeTest)
                  0000579c    00000018     driverlib.lib : timer.obj (.text:TimerIntRegister)
                  000057b4    00000018                   : uart.obj (.text:UARTIntRegister)
                  000057cc    00000018     tasks.obj (.text:pvTaskIncrementMutexHeldCount)
                  000057e4    00000018     rtsv7M4_T_le_v4SPD16_eabi.lib : args_main.obj (.text)
                  000057fc    00000018     list.obj (.text:vListInsertEnd)
                  00005814    00000018     port.obj (.text:vPortExitCritical)
                  0000582c    00000018     tasks.obj (.text:vTaskSetTimeOutState)
                  00005844    00000016     list.obj (.text:vListInitialise)
                  0000585a    00000002     sync.obj (.text:_post_sync)
                  0000585c    00000014     rtsv7M4_T_le_v4SPD16_eabi.lib : _lock.obj (.text)
                  00005870    00000014     sync.obj (.text:sendSYNC)
                  00005884    00000014     sdo.obj (.text:setSDOlineRestBytes)
                  00005898    00000014     port.obj (.text:vPortSetupTimerInterrupt)
                  000058ac    00000012     lifegrd.obj (.text:OnHeartbeatProducerUpdate)
                  000058be    00000012     lifegrd.obj (.text:OnNodeGuardUpdate)
                  000058d0    00000012     lifegrd.obj (.text:nodeguardStop)
                  000058e2    00000012     tasks.obj (.text:prvDeleteTCB)
                  000058f4    00000012     objacces.obj (.text:scanIndexOD)
                  00005906    00000010     driverlib.lib : interrupt.obj (.text:IntMasterEnable)
                  00005916    00000010     states.obj (.text:_preOperational)
                  00005926    00000010     lifegrd.obj (.text:lifeGuardInit)
                  00005936    00000010     lifegrd.obj (.text:lifeGuardStop)
                  00005946    00000010     port.obj (.text:prvTaskExitError)
                  00005956    00000002     states.obj (.text:_stopped)
                  00005958    00000010     tasks.obj (.text:vTaskSuspendAll)
                  00005968    0000000e     driverlib.lib : uart.obj (.text:UARTCharGetNonBlocking)
                  00005976    0000000e     rtsv7M4_T_le_v4SPD16_eabi.lib : copy_decompress_none.obj (.text:decompress:none)
                  00005984    0000000c     CO_driver.obj (.text:CO_driver_init)
                  00005990    0000000c     driverlib.lib : cpu.obj (.text:CPUcpsie)
                  0000599c    0000000c                   : gpio.obj (.text:GPIOIntEnable)
                  000059a8    0000000c     MA3encoder.obj (.text:MA3_encoder_get_value)
                  000059b4    0000000c     rtsv7M4_T_le_v4SPD16_eabi.lib : copy_zero_init.obj (.text:decompress:ZI)
                  000059c0    0000000c     tasks.obj (.text:vTaskMissedYield)
                  000059cc    0000000c     tasks.obj (.text:xTaskGetTickCount)
                  000059d8    0000000a     sync.obj (.text:OnCOB_ID_SyncUpdate)
                  000059e2    0000000a     driverlib.lib : uart.obj (.text:UARTFIFOEnable)
                  000059ec    00000008     tasks.obj (.text:prvIdleTask)
                  000059f4    00000006     driverlib.lib : gpio.obj (.text:GPIOIntClear)
                  000059fa    00000006     startup_ccs.obj (.text:ResetISR)
                  00005a00    00000006     driverlib.lib : uart.obj (.text:UARTClockSourceSet)
                  00005a06    00000006     states.obj (.text:getNodeId)
                  00005a0c    00000006     sdo.obj (.text:resetSDO)
                  00005a12    00000006     list.obj (.text:vListInitialiseItem)
                  00005a18    00000004     sync.obj (.text:SyncAlarm)
                  00005a1c    00000004     rtsv7M4_T_le_v4SPD16_eabi.lib : pre_init.obj (.text)
                  00005a20    00000002     objacces.obj (.text:_storeODSubIndex)
                  00005a22    00000002     emcy.obj (.text:emergencyStop)
                  00005a24    00000002     rtsv7M4_T_le_v4SPD16_eabi.lib : i_div0.obj (.text)
                  00005a26    00000002                                   : mpu_init.obj (.text)
                  00005a28    00000002                                   : startup.obj (.text)
                  00005a2a    00000002     main.obj (.text:vApplicationStackOverflowHook)

.const     0    00005a2c    0000061c     
                  00005a2c    00000180     PD4Master.obj (.const:TestMaster_objdict)
                  00005bac    000000d8     driverlib.lib : gpio.obj (.const:g_ppui32GPIOIntMapSnowflake)
                  00005c84    000000c0                   : gpio.obj (.const:g_ppui32GPIOIntMapBlizzard)
                  00005d44    0000009c                   : interrupt.obj (.const:g_pui32Regs)
                  00005de0    00000070                   : interrupt.obj (.const)
                  00005e50    0000006c                   : sysctl.obj (.const:g_pui32Xtals)
                  00005ebc    00000060                   : timer.obj (.const:g_ppui32TimerIntMap)
                  00005f1c    00000040                   : timer.obj (.const:g_ppui32TimerIntMapSnowflake)
                  00005f5c    00000040                   : uart.obj (.const:g_ppui32UARTIntMap)
                  00005f9c    00000040                   : uart.obj (.const:g_ppui32UARTIntMapSnowflake)
                  00005fdc    00000012     PD4Master.obj (.const:.string)
                  00005fee    00000002     --HOLE-- [fill = 0]
                  00005ff0    00000010     states.obj (.const:$P$T4$5)
                  00006000    00000010     states.obj (.const:$P$T5$6)
                  00006010    0000000c     PD4Master.obj (.const:TestMaster_firstIndex)
                  0000601c    0000000c     PD4Master.obj (.const:TestMaster_lastIndex)
                  00006028    0000000c     uartstdio.obj (.const:g_ui32UARTBase)
                  00006034    0000000c     uartstdio.obj (.const:g_ui32UARTPeriph)
                  00006040    00000004     PD4Master.obj (.const)
                  00006044    00000004     port.obj (.const)

.cinit     0    00006048    000003f0     
                  00006048    000003b5     (.cinit..data.load) [load image, compression = lzss]
                  000063fd    00000003     --HOLE-- [fill = 0]
                  00006400    0000000c     (__TI_handler_table)
                  0000640c    00000004     --HOLE-- [fill = 0]
                  00006410    00000008     (.cinit..bss.load) [load image, compression = zero_init]
                  00006418    00000008     (.cinit..vtable.load) [load image, compression = zero_init]
                  00006420    00000018     (__TI_cinit_table)

.init_array 
*          0    00000000    00000000     UNINITIALIZED

.vtable    0    20000000    0000026c     UNINITIALIZED
                  20000000    0000026c     driverlib.lib : interrupt.obj (.vtable)

.bss       0    2000026c    00001d6c     UNINITIALIZED
                  2000026c    00001b58     heap_2.obj (.bss:ucHeap)
                  20001dc4    00000140     tasks.obj (.bss:pxReadyTasksLists)
                  20001f04    00000014     tasks.obj (.bss:xDelayedTaskList1)
                  20001f18    00000014     tasks.obj (.bss:xDelayedTaskList2)
                  20001f2c    00000014     tasks.obj (.bss:xPendingReadyList)
                  20001f40    00000014     tasks.obj (.bss:xSuspendedTaskList)
                  20001f54    00000014     tasks.obj (.bss:xTasksWaitingTermination)
                  20001f68    00000014     (.common:g_sCAN0RxMessage)
                  20001f7c    00000014     (.common:g_sCAN0TxMessage)
                  20001f90    0000000c     (.common:g_RxMessage)
                  20001f9c    0000000c     (.common:g_cmd_uart_fifo)
                  20001fa8    00000008     tasks.obj (.bss)
                  20001fb0    00000008     heap_2.obj (.bss:xEnd)
                  20001fb8    00000008     heap_2.obj (.bss:xStart)
                  20001fc0    00000004     (.common:g_MSG_Queue)
                  20001fc4    00000004     (.common:g_PD4_Semaphore)
                  20001fc8    00000004     (.common:g_SDO_Mutex)
                  20001fcc    00000004     (.common:g_SDO_Semaphore)
                  20001fd0    00000004     (.common:g_Slave_Queue)
                  20001fd4    00000004     (.common:g_cmd_Queue)

.data      0    20001fd8    00000c50     UNINITIALIZED
                  20001fd8    0000023c     PD4Master.obj (.data:TestMaster_Data)
                  20002214    000000ee     PD4Master.obj (.data)
                  20002302    00000002     PD4Master.obj (.data:TestMaster_heartBeatTimers)
                  20002304    000000c0     timer.obj (.data:timers)
                  200023c4    00000054     PD4Master.obj (.data:TestMaster_Index1401)
                  20002418    00000054     PD4Master.obj (.data:TestMaster_Index1402)
                  2000246c    00000054     PD4Master.obj (.data:TestMaster_Index1403)
                  200024c0    00000054     PD4Master.obj (.data:TestMaster_Index1800)
                  20002514    00000054     PD4Master.obj (.data:TestMaster_Index1801)
                  20002568    00000054     PD4Master.obj (.data:TestMaster_Index1802)
                  200025bc    00000054     PD4Master.obj (.data:TestMaster_Index1803)
                  20002610    00000048     PD4Master.obj (.data:TestMaster_Index1400)
                  20002658    00000048     PD4Master.obj (.data:TestMaster_PDO_status)
                  200026a0    0000003c     PD4Master.obj (.data:TestMaster_Index1018)
                  200026dc    00000030     PD4Master.obj (.data:TestMaster_Index1280)
                  2000270c    00000030     PD4Master.obj (.data:TestMaster_Index1281)
                  2000273c    00000030     PD4Master.obj (.data:TestMaster_Index1282)
                  2000276c    00000030     PD4Master.obj (.data:TestMaster_Index1283)
                  2000279c    00000030     PD4Master.obj (.data:TestMaster_Index1A00)
                  200027cc    00000030     PD4Master.obj (.data:TestMaster_Index1A01)
                  200027fc    00000030     PD4Master.obj (.data:TestMaster_Index1A02)
                  2000282c    00000030     PD4Master.obj (.data:TestMaster_Index1A03)
                  2000285c    00000030     tasks.obj (.data)
                  2000288c    00000024     PD4Master.obj (.data:TestMaster_Index1600)
                  200028b0    00000024     PD4Master.obj (.data:TestMaster_Index1601)
                  200028d4    00000024     PD4Master.obj (.data:TestMaster_Index1602)
                  200028f8    00000024     PD4Master.obj (.data:TestMaster_Index1603)
                  2000291c    00000024     PD4Master.obj (.data:TestMaster_Index1F22)
                  20002940    0000001c     CO_driver.obj (.data)
                  2000295c    0000001c     PD4Master.obj (.data:TestMaster_Index1800_callbacks)
                  20002978    0000001c     PD4Master.obj (.data:TestMaster_Index1801_callbacks)
                  20002994    0000001c     PD4Master.obj (.data:TestMaster_Index1802_callbacks)
                  200029b0    0000001c     PD4Master.obj (.data:TestMaster_Index1803_callbacks)
                  200029cc    00000018     MA3encoder.obj (.data)
                  200029e4    00000018     PD4Master.obj (.data:TestMaster_Index1016)
                  200029fc    00000010     PD4Master.obj (.data:PD4_Position)
                  20002a0c    00000010     PD4Master.obj (.data:PD4_SubMode)
                  20002a1c    00000010     PD4_task.obj (.data:__homing_step)
                  20002a2c    00000010     PD4_task.obj (.data:g_need_init)
                  20002a3c    0000000c     rtsv7M4_T_le_v4SPD16_eabi.lib : exit.obj (.data:$O1$$)
                  20002a48    0000000c     PD4Master.obj (.data:TestMaster_Index1000)
                  20002a54    0000000c     PD4Master.obj (.data:TestMaster_Index1001)
                  20002a60    0000000c     PD4Master.obj (.data:TestMaster_Index1005)
                  20002a6c    0000000c     PD4Master.obj (.data:TestMaster_Index1006)
                  20002a78    0000000c     PD4Master.obj (.data:TestMaster_Index1014)
                  20002a84    0000000c     PD4Master.obj (.data:TestMaster_Index2011)
                  20002a90    0000000c     PD4Master.obj (.data:TestMaster_Index2012)
                  20002a9c    0000000c     PD4Master.obj (.data:TestMaster_Index2013)
                  20002aa8    0000000c     PD4Master.obj (.data:TestMaster_Index2014)
                  20002ab4    0000000c     PD4Master.obj (.data:TestMaster_Index2015)
                  20002ac0    0000000c     PD4Master.obj (.data:TestMaster_Index2021)
                  20002acc    0000000c     PD4Master.obj (.data:TestMaster_Index2022)
                  20002ad8    0000000c     PD4Master.obj (.data:TestMaster_Index2023)
                  20002ae4    0000000c     PD4Master.obj (.data:TestMaster_Index2024)
                  20002af0    0000000c     PD4Master.obj (.data:TestMaster_Index2025)
                  20002afc    0000000c     PD4Master.obj (.data:TestMaster_Index2031)
                  20002b08    0000000c     PD4Master.obj (.data:TestMaster_Index2032)
                  20002b14    0000000c     PD4Master.obj (.data:TestMaster_Index2033)
                  20002b20    0000000c     PD4Master.obj (.data:TestMaster_Index2034)
                  20002b2c    0000000c     PD4Master.obj (.data:TestMaster_Index2035)
                  20002b38    0000000c     PD4Master.obj (.data:TestMaster_Index2041)
                  20002b44    0000000c     PD4Master.obj (.data:TestMaster_Index2042)
                  20002b50    0000000c     PD4Master.obj (.data:TestMaster_Index2043)
                  20002b5c    0000000c     PD4Master.obj (.data:TestMaster_Index2044)
                  20002b68    0000000c     PD4Master.obj (.data:TestMaster_Index2045)
                  20002b74    0000000c     PD4Master.obj (.data:TestMaster_obj1A00)
                  20002b80    0000000c     PD4Master.obj (.data:TestMaster_obj1A01)
                  20002b8c    0000000c     PD4Master.obj (.data:TestMaster_obj1A02)
                  20002b98    0000000c     PD4Master.obj (.data:TestMaster_obj1A03)
                  20002ba4    0000000c     timer.obj (.data)
                  20002bb0    00000008     rtsv7M4_T_le_v4SPD16_eabi.lib : _lock.obj (.data:$O1$$)
                  20002bb8    00000008     PD4Master.obj (.data:PD4_Controlword)
                  20002bc0    00000008     PD4Master.obj (.data:PD4_Status)
                  20002bc8    00000008     PD4_task.obj (.data)
                  20002bd0    00000008     PD4Master.obj (.data:TestMaster_obj1600)
                  20002bd8    00000008     PD4Master.obj (.data:TestMaster_obj1601)
                  20002be0    00000008     PD4Master.obj (.data:TestMaster_obj1602)
                  20002be8    00000008     PD4Master.obj (.data:TestMaster_obj1603)
                  20002bf0    00000008     PD4Master.obj (.data:TestMaster_obj1F22)
                  20002bf8    00000008     heap_2.obj (.data)
                  20002c00    00000005     uartstdio.obj (.data)
                  20002c05    00000004     PD4Master.obj (.data:PD4_Mode)
                  20002c09    00000003     cmdUart.obj (.data)
                  20002c0c    00000004     PD4Master.obj (.data:TestMaster_Index1005_callbacks)
                  20002c10    00000004     PD4Master.obj (.data:TestMaster_Index1006_callbacks)
                  20002c14    00000004     PD4Master.obj (.data:TestMaster_obj1003)
                  20002c18    00000004     PD4Master.obj (.data:TestMaster_obj1016)
                  20002c1c    00000004     PD4_task.obj (.data:g_trip_bit4)
                  20002c20    00000004     port.obj (.data)
                  20002c24    00000004     rtsv7M4_T_le_v4SPD16_eabi.lib : stkdepth_vars.obj (.data)

.stack     0    20002c28    00000100     UNINITIALIZED
                  20002c28    00000100     --HOLE--

MODULE SUMMARY

       Module                     code    ro data   rw data
       ------                     ----    -------   -------
    .\
       PD4Master.obj              624     430       2760   
       startup_ccs.obj            12      620       0      
       main.obj                   42      0         0      
    +--+--------------------------+-------+---------+---------+
       Total:                     678     1050      2760   
                                                           
    .\app\
       led_task.obj               316     0         0      
    +--+--------------------------+-------+---------+---------+
       Total:                     316     0         0      
                                                           
    .\app\CMD\
       cmd_task.obj               0       0         4      
    +--+--------------------------+-------+---------+---------+
       Total:                     0       0         4      
                                                           
    .\app\PD4\
       PD4_task.obj               956     0         60     
       Master.obj                 512     0         0      
       CANopen_task.obj           108     0         4      
    +--+--------------------------+-------+---------+---------+
       Total:                     1576    0         64     
                                                           
    .\bsp\
       CO_driver.obj              912     0         80     
       MA3encoder.obj             396     0         24     
       cmdUart.obj                344     0         15     
       driver.obj                 232     0         0      
    +--+--------------------------+-------+---------+---------+
       Total:                     1884    0         119    
                                                           
    .\third_party\CanFestival\src\
       sdo.obj                    5738    0         0      
       pdo.obj                    1944    0         0      
       states.obj                 986     32        0      
       lifegrd.obj                848     0         0      
       timer.obj                  392     0         204    
       objacces.obj               498     0         0      
       sync.obj                   262     0         0      
       nmtSlave.obj               190     0         0      
       emcy.obj                   112     0         0      
       nmtMaster.obj              74      0         0      
    +--+--------------------------+-------+---------+---------+
       Total:                     11044   32        204    
                                                           
    .\third_party\FreeRTOS\Source\
       tasks.obj                  2324    0         476    
       queue.obj                  1176    0         0      
       list.obj                   140     0         0      
    +--+--------------------------+-------+---------+---------+
       Total:                     3640    0         476    
                                                           
    .\third_party\FreeRTOS\Source\portable\CCS\ARM_CM4F\
       port.obj                   236     4         4      
       portasm.obj                210     0         0      
    +--+--------------------------+-------+---------+---------+
       Total:                     446     4         4      
                                                           
    .\third_party\FreeRTOS\Source\portable\MemMang\
       heap_2.obj                 288     0         7024   
    +--+--------------------------+-------+---------+---------+
       Total:                     288     0         7024   
                                                           
    .\utils\
       uartstdio.obj              684     24        5      
    +--+--------------------------+-------+---------+---------+
       Total:                     684     24        5      
                                                           
    C:/ti/TivaWare_C_Series-2.1.4.178/driverlib/ccs/Debug/driverlib.lib
       interrupt.obj              208     268       620    
       gpio.obj                   110     408       0      
       sysctl.obj                 324     108       0      
       timer.obj                  100     160       0      
       uart.obj                   118     128       0      
       can.obj                    116     0         0      
       cpu.obj                    12      0         0      
    +--+--------------------------+-------+---------+---------+
       Total:                     988     1072      620    
                                                           
    C:\ti\ccsv7\tools\compiler\ti-cgt-arm_16.9.7.LTS\lib\rtsv7M4_T_le_v4SPD16_eabi.lib
       memcpy_t2.obj              156     0         0      
       memset_t2.obj              122     0         0      
       autoinit.obj               112     0         0      
       copy_decompress_lzss.obj   104     0         0      
       exit.obj                   84      0         12     
       boot.obj                   84      0         0      
       cpy_tbl.obj                76      0         0      
       u_divt2.obj                64      0         0      
       memcmp.obj                 36      0         0      
       _lock.obj                  20      0         8      
       args_main.obj              24      0         0      
       copy_decompress_none.obj   14      0         0      
       copy_zero_init.obj         12      0         0      
       pre_init.obj               4       0         0      
       stkdepth_vars.obj          0       0         4      
       i_div0.obj                 2       0         0      
       mpu_init.obj               2       0         0      
       startup.obj                2       0         0      
    +--+--------------------------+-------+---------+---------+
       Total:                     918     0         24     
                                                           
       Stack:                     0       0         256    
       Linker Generated:          0       1001      0      
    +--+--------------------------+-------+---------+---------+
       Grand Total:               22462   3183      11560  


LINKER GENERATED COPY TABLES

__TI_cinit_table @ 00006420 records: 3, size/record: 8, table size: 24
	.data: load addr=00006048, load size=000003b5 bytes, run addr=20001fd8, run size=00000c50 bytes, compression=lzss
	.bss: load addr=00006410, load size=00000008 bytes, run addr=2000026c, run size=00001d6c bytes, compression=zero_init
	.vtable: load addr=00006418, load size=00000008 bytes, run addr=20000000, run size=0000026c bytes, compression=zero_init


LINKER GENERATED HANDLER TABLE

__TI_handler_table @ 00006400 records: 3, size/record: 4, table size: 12
	index: 0, handler: __TI_zero_init
	index: 1, handler: __TI_decompress_lzss
	index: 2, handler: __TI_decompress_none


GLOBAL SYMBOLS: SORTED ALPHABETICALLY BY Name 

address   name                                                   
-------   ----                                                   
000047d5  C$$EXIT                                                
00002b95  CAN0IntHandler                                         
00005755  CANIntRegister                                         
00004b71  CANopen_taskInit                                       
00004685  CO_TimerIntHandler                                     
00003ae1  CO_Timerinit                                           
00005985  CO_driver_init                                         
00004f61  CO_start_listening                                     
0000567d  CO_timer_start                                         
00005991  CPUcpsie                                               
000048cf  CanOpen_setMaster                                      
0000457d  Captureinit                                            
000040f9  ConfigureUART                                          
000051e5  ConsumerHeartbeatAlarm                                 
000031f5  CopyBits                                               
000050cd  DelAlarm                                               
000059f5  GPIOIntClear                                           
0000599d  GPIOIntEnable                                          
0000576d  GPIOIntRegister                                        
00004a99  GetSDOClientFromNodeId                                 
00004225  GuardTimeAlarm                                         
00003f59  IntEnable                                              
00005907  IntMasterEnable                                        
000054e1  IntPrioritySet                                         
00004f95  IntRegister                                            
00004fc9  LEDTaskInit                                            
000059a9  MA3_encoder_get_value                                  
000042e9  MA3_encoder_init                                       
000059d9  OnCOB_ID_SyncUpdate                                    
000058ad  OnHeartbeatProducerUpdate                              
000058bf  OnNodeGuardUpdate                                      
0000520f  OnNumberOfErrorsUpdate                                 
000048cf  PD4Master_confSlaveNode                                
00002e1f  PD4Master_heartbeatError                               
0000554d  PD4Master_initialisation                               
0000565d  PD4Master_operational                                  
00004ffd  PD4Master_post_SlaveStateChange                        
000039ef  PD4Master_post_TPDO                                    
0000487d  PD4Master_post_emcy                                    
00003e0b  PD4Master_post_sync                                    
00005571  PD4Master_preOperational                               
000050fd  PD4Master_set_ctrl                                     
000046d9  PD4Master_set_pos                                      
000052e1  PD4Master_set_speed                                    
000056d1  PD4Master_stopped                                      
00003b55  PD4Master_taskInit                                     
00003765  PD4Master_writeSlaveParam                              
20002bb8  PD4_Controlword                                        
20002c05  PD4_Mode                                               
200029fc  PD4_Position                                           
20002bc0  PD4_Status                                             
20002a0c  PD4_SubMode                                            
00005593  PDOEventTimerAlarm                                     
00005505  PDOInhibitTimerAlarm                                   
0000491d  PDOInit                                                
0000415d  PDOStop                                                
00004ae1  ProducerHeartbeatAlarm                                 
00005449  RegisterSetODentryCallBack                             
000059fb  ResetISR                                               
00003bc9  SDOTimeoutAlarm                                        
00004eb9  SDOlineToObjdict                                       
00004d07  SDOtoLine                                              
UNDEFED   SHT$$INIT_ARRAY$$Base                                  
UNDEFED   SHT$$INIT_ARRAY$$Limit                                 
00003351  SetAlarm                                               
00005a19  SyncAlarm                                              
000020b9  SysCtlClockGet                                         
00005031  SysCtlPeripheralEnable                                 
00003e7d  TPDO_Communication_Parameter_Callback                  
20001fd8  TestMaster_Data                                        
20002a48  TestMaster_Index1000                                   
20002a54  TestMaster_Index1001                                   
20002a60  TestMaster_Index1005                                   
20002c0c  TestMaster_Index1005_callbacks                         
20002a6c  TestMaster_Index1006                                   
20002c10  TestMaster_Index1006_callbacks                         
20002a78  TestMaster_Index1014                                   
200029e4  TestMaster_Index1016                                   
200026a0  TestMaster_Index1018                                   
200026dc  TestMaster_Index1280                                   
2000270c  TestMaster_Index1281                                   
2000273c  TestMaster_Index1282                                   
2000276c  TestMaster_Index1283                                   
20002610  TestMaster_Index1400                                   
200023c4  TestMaster_Index1401                                   
20002418  TestMaster_Index1402                                   
2000246c  TestMaster_Index1403                                   
2000288c  TestMaster_Index1600                                   
200028b0  TestMaster_Index1601                                   
200028d4  TestMaster_Index1602                                   
200028f8  TestMaster_Index1603                                   
200024c0  TestMaster_Index1800                                   
2000295c  TestMaster_Index1800_callbacks                         
20002514  TestMaster_Index1801                                   
20002978  TestMaster_Index1801_callbacks                         
20002568  TestMaster_Index1802                                   
20002994  TestMaster_Index1802_callbacks                         
200025bc  TestMaster_Index1803                                   
200029b0  TestMaster_Index1803_callbacks                         
2000279c  TestMaster_Index1A00                                   
200027cc  TestMaster_Index1A01                                   
200027fc  TestMaster_Index1A02                                   
2000282c  TestMaster_Index1A03                                   
2000291c  TestMaster_Index1F22                                   
20002a84  TestMaster_Index2011                                   
20002a90  TestMaster_Index2012                                   
20002a9c  TestMaster_Index2013                                   
20002aa8  TestMaster_Index2014                                   
20002ab4  TestMaster_Index2015                                   
20002ac0  TestMaster_Index2021                                   
20002acc  TestMaster_Index2022                                   
20002ad8  TestMaster_Index2023                                   
20002ae4  TestMaster_Index2024                                   
20002af0  TestMaster_Index2025                                   
20002afc  TestMaster_Index2031                                   
20002b08  TestMaster_Index2032                                   
20002b14  TestMaster_Index2033                                   
20002b20  TestMaster_Index2034                                   
20002b2c  TestMaster_Index2035                                   
20002b38  TestMaster_Index2041                                   
20002b44  TestMaster_Index2042                                   
20002b50  TestMaster_Index2043                                   
20002b5c  TestMaster_Index2044                                   
20002b68  TestMaster_Index2045                                   
00006042  TestMaster_ObjdictSize                                 
20002658  TestMaster_PDO_status                                  
20002214  TestMaster_bDeviceNodeId                               
00006010  TestMaster_firstIndex                                  
20002302  TestMaster_heartBeatTimers                             
2000221d  TestMaster_highestSubIndex_obj1003                     
20002230  TestMaster_highestSubIndex_obj1016                     
20002234  TestMaster_highestSubIndex_obj1018                     
20002248  TestMaster_highestSubIndex_obj1280                     
20002255  TestMaster_highestSubIndex_obj1281                     
20002261  TestMaster_highestSubIndex_obj1282                     
2000226d  TestMaster_highestSubIndex_obj1283                     
20002279  TestMaster_highestSubIndex_obj1400                     
20002288  TestMaster_highestSubIndex_obj1401                     
20002299  TestMaster_highestSubIndex_obj1402                     
200022a9  TestMaster_highestSubIndex_obj1403                     
200022b9  TestMaster_highestSubIndex_obj1600                     
200022ba  TestMaster_highestSubIndex_obj1601                     
200022bb  TestMaster_highestSubIndex_obj1602                     
200022bc  TestMaster_highestSubIndex_obj1603                     
200022bd  TestMaster_highestSubIndex_obj1800                     
200022cd  TestMaster_highestSubIndex_obj1801                     
200022dd  TestMaster_highestSubIndex_obj1802                     
200022ed  TestMaster_highestSubIndex_obj1803                     
200022fd  TestMaster_highestSubIndex_obj1A00                     
200022fe  TestMaster_highestSubIndex_obj1A01                     
200022ff  TestMaster_highestSubIndex_obj1A02                     
20002300  TestMaster_highestSubIndex_obj1A03                     
20002301  TestMaster_highestSubIndex_obj1F22                     
00006040  TestMaster_iam_a_slave                                 
0000601c  TestMaster_lastIndex                                   
20002218  TestMaster_obj1000                                     
2000221c  TestMaster_obj1001                                     
20002c14  TestMaster_obj1003                                     
20002220  TestMaster_obj1005                                     
20002224  TestMaster_obj1006                                     
20002228  TestMaster_obj100C                                     
2000222a  TestMaster_obj100D                                     
2000222c  TestMaster_obj1014                                     
20002c18  TestMaster_obj1016                                     
20002232  TestMaster_obj1017                                     
2000223c  TestMaster_obj1018_Product_Code                        
20002240  TestMaster_obj1018_Revision_Number                     
20002244  TestMaster_obj1018_Serial_Number                       
20002238  TestMaster_obj1018_Vendor_ID                           
2000224c  TestMaster_obj1280_COB_ID_Client_to_Server_Transmit_SDO
20002250  TestMaster_obj1280_COB_ID_Server_to_Client_Receive_SDO 
20002254  TestMaster_obj1280_Node_ID_of_the_SDO_Server           
20002258  TestMaster_obj1281_COB_ID_Client_to_Server_Transmit_SDO
2000225c  TestMaster_obj1281_COB_ID_Server_to_Client_Receive_SDO 
20002260  TestMaster_obj1281_Node_ID_of_the_SDO_Server           
20002264  TestMaster_obj1282_COB_ID_Client_to_Server_Transmit_SDO
20002268  TestMaster_obj1282_COB_ID_Server_to_Client_Receive_SDO 
2000226c  TestMaster_obj1282_Node_ID_of_the_SDO_Server           
20002270  TestMaster_obj1283_COB_ID_Client_to_Server_Transmit_SDO
20002274  TestMaster_obj1283_COB_ID_Server_to_Client_Receive_SDO 
20002278  TestMaster_obj1283_Node_ID_of_the_SDO_Server           
2000227c  TestMaster_obj1400_COB_ID_used_by_PDO                  
20002284  TestMaster_obj1400_Compatibility_Entry                 
20002286  TestMaster_obj1400_Event_Timer                         
20002282  TestMaster_obj1400_Inhibit_Time                        
20002280  TestMaster_obj1400_Transmission_Type                   
2000228c  TestMaster_obj1401_COB_ID_used_by_PDO                  
20002294  TestMaster_obj1401_Compatibility_Entry                 
20002296  TestMaster_obj1401_Event_Timer                         
20002292  TestMaster_obj1401_Inhibit_Time                        
20002298  TestMaster_obj1401_SYNC_start_value                    
20002290  TestMaster_obj1401_Transmission_Type                   
2000229c  TestMaster_obj1402_COB_ID_used_by_PDO                  
200022a4  TestMaster_obj1402_Compatibility_Entry                 
200022a6  TestMaster_obj1402_Event_Timer                         
200022a2  TestMaster_obj1402_Inhibit_Time                        
200022a8  TestMaster_obj1402_SYNC_start_value                    
200022a0  TestMaster_obj1402_Transmission_Type                   
200022ac  TestMaster_obj1403_COB_ID_used_by_PDO                  
200022b4  TestMaster_obj1403_Compatibility_Entry                 
200022b6  TestMaster_obj1403_Event_Timer                         
200022b2  TestMaster_obj1403_Inhibit_Time                        
200022b8  TestMaster_obj1403_SYNC_start_value                    
200022b0  TestMaster_obj1403_Transmission_Type                   
20002bd0  TestMaster_obj1600                                     
20002bd8  TestMaster_obj1601                                     
20002be0  TestMaster_obj1602                                     
20002be8  TestMaster_obj1603                                     
200022c0  TestMaster_obj1800_COB_ID_used_by_PDO                  
200022c8  TestMaster_obj1800_Compatibility_Entry                 
200022ca  TestMaster_obj1800_Event_Timer                         
200022c6  TestMaster_obj1800_Inhibit_Time                        
200022cc  TestMaster_obj1800_SYNC_start_value                    
200022c4  TestMaster_obj1800_Transmission_Type                   
200022d0  TestMaster_obj1801_COB_ID_used_by_PDO                  
200022d8  TestMaster_obj1801_Compatibility_Entry                 
200022da  TestMaster_obj1801_Event_Timer                         
200022d6  TestMaster_obj1801_Inhibit_Time                        
200022dc  TestMaster_obj1801_SYNC_start_value                    
200022d4  TestMaster_obj1801_Transmission_Type                   
200022e0  TestMaster_obj1802_COB_ID_used_by_PDO                  
200022e8  TestMaster_obj1802_Compatibility_Entry                 
200022ea  TestMaster_obj1802_Event_Timer                         
200022e6  TestMaster_obj1802_Inhibit_Time                        
200022ec  TestMaster_obj1802_SYNC_start_value                    
200022e4  TestMaster_obj1802_Transmission_Type                   
200022f0  TestMaster_obj1803_COB_ID_used_by_PDO                  
200022f8  TestMaster_obj1803_Compatibility_Entry                 
200022fa  TestMaster_obj1803_Event_Timer                         
200022f6  TestMaster_obj1803_Inhibit_Time                        
200022fc  TestMaster_obj1803_SYNC_start_value                    
200022f4  TestMaster_obj1803_Transmission_Type                   
20002b74  TestMaster_obj1A00                                     
20002b80  TestMaster_obj1A01                                     
20002b8c  TestMaster_obj1A02                                     
20002b98  TestMaster_obj1A03                                     
20002bf0  TestMaster_obj1F22                                     
00005a2c  TestMaster_objdict                                     
00001581  TestMaster_scanIndexOD                                 
00005785  TestMaster_valueRangeTest                              
0000313d  TimeDispatch                                           
0000579d  TimerIntRegister                                       
00005969  UARTCharGetNonBlocking                                 
00005a01  UARTClockSourceSet                                     
000059e3  UARTFIFOEnable                                         
000057b5  UARTIntRegister                                        
00004349  UARTStdioConfig                                        
000056ed  UARTprintf                                             
000019fd  UARTvprintf                                            
00004b29  UARTwrite                                              
20002bcc  _PD4_pos_tmp                                           
20002bc8  _PD4_speed_tmp                                         
00003f57  _RxPDO_EventTimers_Handler                             
20002d28  __STACK_END                                            
00000100  __STACK_SIZE                                           
20002d28  __STACK_TOP                                            
00006420  __TI_CINIT_Base                                        
00006438  __TI_CINIT_Limit                                       
00006400  __TI_Handler_Table_Base                                
0000640c  __TI_Handler_Table_Limit                               
00003e0d  __TI_auto_init                                         
20002a3c  __TI_cleanup_ptr                                       
00004029  __TI_decompress_lzss                                   
00005977  __TI_decompress_none                                   
20002a40  __TI_dtors_ptr                                         
20002a44  __TI_enable_exit_profile_output                        
ffffffff  __TI_pprof_out_hndl                                    
ffffffff  __TI_prof_data_size                                    
ffffffff  __TI_prof_data_start                                   
00000000  __TI_static_base__                                     
000059b5  __TI_zero_init                                         
00005a25  __aeabi_idiv0                                          
00003975  __aeabi_memclr                                         
00003975  __aeabi_memclr4                                        
00003975  __aeabi_memclr8                                        
000033f1  __aeabi_memcpy                                         
000033f1  __aeabi_memcpy4                                        
000033f1  __aeabi_memcpy8                                        
00003977  __aeabi_memset                                         
00003977  __aeabi_memset4                                        
00003977  __aeabi_memset8                                        
00004d89  __aeabi_uidiv                                          
00004d89  __aeabi_uidivmod                                       
ffffffff  __binit__                                              
ffffffff  __c_args__                                             
20002a1c  __homing_step                                          
00005a27  __mpu_init                                             
20002c28  __stack                                                
000057e5  _args_main                                             
00004781  _c_int00                                               
20002c0a  _cur_pos                                               
00002fb9  _getODentry                                            
00004683  _heartbeatError                                        
00004d47  _initialisation                                        
20002c0b  _len                                                   
20002bb0  _lock                                                  
00004f5f  _nodeguardError                                        
0000586b  _nop                                                   
000051b7  _operational                                           
000052b7  _post_SlaveBootup                                      
000054bb  _post_SlaveStateChange                                 
0000556f  _post_TPDO                                             
0000561b  _post_emcy                                             
0000585b  _post_sync                                             
00005917  _preOperational                                        
00005863  _register_lock                                         
0000585d  _register_unlock                                       
00001e85  _sendPDOevent                                          
000027e5  _setODentry                                            
20002c09  _start_flag                                            
00005957  _stopped                                               
00005a21  _storeODSubIndex                                       
00005a29  _system_post_cinit                                     
00005a1d  _system_pre_init                                       
20002bb4  _unlock                                                
00001be7  _writeNetworkDict                                      
000047d9  abort                                                  
ffffffff  binit                                                  
00002c75  buildPDO                                               
00003fc1  canDispatch                                            
00005309  canSend                                                
00002e21  can_init                                               
00004bf9  can_write                                              
200029d4  circle                                                 
00005065  closeSDOtransfer                                       
0000348d  cmd_uart_init                                          
0000307d  cmd_uart_init_handler                                  
00004a01  copy_in                                                
200029d8  dir                                                    
000037e9  driver_init_hardware                                   
00004f61  driver_init_system                                     
0000561d  emergencyInit                                          
00005a23  emergencyStop                                          
000047e1  exit                                                   
00003eeb  failedSDO                                              
20001fc0  g_MSG_Queue                                            
20001fc4  g_PD4_Semaphore                                        
20001f90  g_RxMessage                                            
20001fc8  g_SDO_Mutex                                            
20001fcc  g_SDO_Semaphore                                        
20001fd0  g_Slave_Queue                                          
20001fd4  g_cmd_Queue                                            
20001f9c  g_cmd_uart_fifo                                        
20002a2c  g_need_init                                            
20000000  g_pfnRAMVectors                                        
00000000  g_pfnVectors                                           
20001f68  g_sCAN0RxMessage                                       
20001f7c  g_sCAN0TxMessage                                       
20002c1c  g_trip_bit4                                            
20002940  g_ui32ErrFlag                                          
20002944  g_ui32RXMsgCount                                       
20002948  g_ui32TXMsgCount                                       
00005331  getElapsedTime                                         
00005a07  getNodeId                                              
00005707  getSDOfreeLine                                         
0000515d  getSDOlineOnUse                                        
00005721  getSDOlineRestBytes                                    
00005239  getSDOlineToClose                                      
000039f1  heartbeatInit                                          
00004f29  heartbeatStop                                          
000035b9  initSDOline                                            
00002ef1  inputInt                                               
200029d0  last_pulse                                             
20002ba8  last_timer_raw                                         
00005927  lifeGuardInit                                          
00005937  lifeGuardStop                                          
00004c3d  lineToSDO                                              
00005359  main                                                   
20002c24  main_func_sp                                           
000055b5  masterSendNMTnodeguard                                 
00005381  masterSendNMTstateChange                               
00005529  memcmp                                                 
000033f1  memcpy                                                 
0000397d  memset                                                 
00003c3d  nodeguardInit                                          
000058d1  nodeguardStop                                          
00004cc5  objdictToSDOline                                       
000055d7  proceedEMCY                                            
00003525  proceedNMTstateChange                                  
000026e9  proceedNODE_GUARD                                      
000017d9  proceedPDO                                             
0000026d  proceedSDO                                             
00005263  proceedSYNC                                            
200029cc  pulse                                                  
000032a5  pvPortMalloc                                           
000057cd  pvTaskIncrementMutexHeldCount                          
2000285c  pxCurrentTCB                                           
000053d1  pxPortInitialiseStack                                  
00005a0d  resetSDO                                               
00005099  resetSDOline                                           
000058f5  scanIndexOD                                            
000028d9  sendOnePDOevent                                        
0000462d  sendPDOrequest                                         
00003cb1  sendSDO                                                
00004e7f  sendSDOabort                                           
00005871  sendSYNC                                               
000055f9  sendSYNCMessage                                        
00001d41  setNodeId                                              
00005885  setSDOlineRestBytes                                    
000024e5  setState                                               
000053f9  setTimer                                               
0000528d  slaveSendBootUp                                        
00004091  startSYNC                                              
0000518b  stopSYNC                                               
000021c9  switchCommunicationState                               
20002bac  tdcount                                                
20002304  timers                                                 
200029e0  toff                                                   
200029dc  ton                                                    
20002ba4  total_sleep_time                                       
00006044  ulMaxSyscallInterruptPriority                          
00002d5d  ulPortGetIPSR                                          
0000563d  uxListRemove                                           
00005a2b  vApplicationStackOverflowHook                          
00005845  vListInitialise                                        
00005a13  vListInitialiseItem                                    
00004ef1  vListInsert                                            
000057fd  vListInsertEnd                                         
00002e11  vPortEnableVFP                                         
000056b5  vPortEnterCritical                                     
00005815  vPortExitCritical                                      
00004c81  vPortFree                                              
00002dd5  vPortSVCHandler                                        
00005899  vPortSetupTimerInterrupt                               
00002df5  vPortStartFirstTask                                    
000044c5  vTaskDelay                                             
0000386d  vTaskDelayUntil                                        
000059c1  vTaskMissedYield                                       
000041c1  vTaskPlaceOnEventList                                  
00003649  vTaskPriorityInherit                                   
0000582d  vTaskSetTimeOutState                                   
00004409  vTaskStartScheduler                                    
00005959  vTaskSuspendAll                                        
000036d9  vTaskSwitchContext                                     
00005421  writeNetworkDictCallBack                               
00002d75  xPortPendSVHandler                                     
00004dc9  xPortStartScheduler                                    
000051b9  xPortSysTickHandler                                    
00004a4d  xQueueCreateMutex                                      
00004e09  xQueueGenericCreate                                    
00001fa1  xQueueGenericReceive                                   
000038f1  xQueueGenericReset                                     
000029c9  xQueueGenericSend                                      
00004521  xQueueGenericSendFromISR                               
00004829  xTaskCheckForTimeOut                                   
000025e9  xTaskGenericCreate                                     
000059cd  xTaskGetTickCount                                      
000023e1  xTaskIncrementTick                                     
00003a69  xTaskPriorityDisinherit                                
00003d25  xTaskRemoveFromEventList                               
00002ab1  xTaskResumeAll                                         


GLOBAL SYMBOLS: SORTED BY Symbol Address 

address   name                                                   
-------   ----                                                   
00000000  __TI_static_base__                                     
00000000  g_pfnVectors                                           
00000100  __STACK_SIZE                                           
0000026d  proceedSDO                                             
00001581  TestMaster_scanIndexOD                                 
000017d9  proceedPDO                                             
000019fd  UARTvprintf                                            
00001be7  _writeNetworkDict                                      
00001d41  setNodeId                                              
00001e85  _sendPDOevent                                          
00001fa1  xQueueGenericReceive                                   
000020b9  SysCtlClockGet                                         
000021c9  switchCommunicationState                               
000023e1  xTaskIncrementTick                                     
000024e5  setState                                               
000025e9  xTaskGenericCreate                                     
000026e9  proceedNODE_GUARD                                      
000027e5  _setODentry                                            
000028d9  sendOnePDOevent                                        
000029c9  xQueueGenericSend                                      
00002ab1  xTaskResumeAll                                         
00002b95  CAN0IntHandler                                         
00002c75  buildPDO                                               
00002d5d  ulPortGetIPSR                                          
00002d75  xPortPendSVHandler                                     
00002dd5  vPortSVCHandler                                        
00002df5  vPortStartFirstTask                                    
00002e11  vPortEnableVFP                                         
00002e1f  PD4Master_heartbeatError                               
00002e21  can_init                                               
00002ef1  inputInt                                               
00002fb9  _getODentry                                            
0000307d  cmd_uart_init_handler                                  
0000313d  TimeDispatch                                           
000031f5  CopyBits                                               
000032a5  pvPortMalloc                                           
00003351  SetAlarm                                               
000033f1  __aeabi_memcpy                                         
000033f1  __aeabi_memcpy4                                        
000033f1  __aeabi_memcpy8                                        
000033f1  memcpy                                                 
0000348d  cmd_uart_init                                          
00003525  proceedNMTstateChange                                  
000035b9  initSDOline                                            
00003649  vTaskPriorityInherit                                   
000036d9  vTaskSwitchContext                                     
00003765  PD4Master_writeSlaveParam                              
000037e9  driver_init_hardware                                   
0000386d  vTaskDelayUntil                                        
000038f1  xQueueGenericReset                                     
00003975  __aeabi_memclr                                         
00003975  __aeabi_memclr4                                        
00003975  __aeabi_memclr8                                        
00003977  __aeabi_memset                                         
00003977  __aeabi_memset4                                        
00003977  __aeabi_memset8                                        
0000397d  memset                                                 
000039ef  PD4Master_post_TPDO                                    
000039f1  heartbeatInit                                          
00003a69  xTaskPriorityDisinherit                                
00003ae1  CO_Timerinit                                           
00003b55  PD4Master_taskInit                                     
00003bc9  SDOTimeoutAlarm                                        
00003c3d  nodeguardInit                                          
00003cb1  sendSDO                                                
00003d25  xTaskRemoveFromEventList                               
00003e0b  PD4Master_post_sync                                    
00003e0d  __TI_auto_init                                         
00003e7d  TPDO_Communication_Parameter_Callback                  
00003eeb  failedSDO                                              
00003f57  _RxPDO_EventTimers_Handler                             
00003f59  IntEnable                                              
00003fc1  canDispatch                                            
00004029  __TI_decompress_lzss                                   
00004091  startSYNC                                              
000040f9  ConfigureUART                                          
0000415d  PDOStop                                                
000041c1  vTaskPlaceOnEventList                                  
00004225  GuardTimeAlarm                                         
000042e9  MA3_encoder_init                                       
00004349  UARTStdioConfig                                        
00004409  vTaskStartScheduler                                    
000044c5  vTaskDelay                                             
00004521  xQueueGenericSendFromISR                               
0000457d  Captureinit                                            
0000462d  sendPDOrequest                                         
00004683  _heartbeatError                                        
00004685  CO_TimerIntHandler                                     
000046d9  PD4Master_set_pos                                      
00004781  _c_int00                                               
000047d5  C$$EXIT                                                
000047d9  abort                                                  
000047e1  exit                                                   
00004829  xTaskCheckForTimeOut                                   
0000487d  PD4Master_post_emcy                                    
000048cf  CanOpen_setMaster                                      
000048cf  PD4Master_confSlaveNode                                
0000491d  PDOInit                                                
00004a01  copy_in                                                
00004a4d  xQueueCreateMutex                                      
00004a99  GetSDOClientFromNodeId                                 
00004ae1  ProducerHeartbeatAlarm                                 
00004b29  UARTwrite                                              
00004b71  CANopen_taskInit                                       
00004bf9  can_write                                              
00004c3d  lineToSDO                                              
00004c81  vPortFree                                              
00004cc5  objdictToSDOline                                       
00004d07  SDOtoLine                                              
00004d47  _initialisation                                        
00004d89  __aeabi_uidiv                                          
00004d89  __aeabi_uidivmod                                       
00004dc9  xPortStartScheduler                                    
00004e09  xQueueGenericCreate                                    
00004e7f  sendSDOabort                                           
00004eb9  SDOlineToObjdict                                       
00004ef1  vListInsert                                            
00004f29  heartbeatStop                                          
00004f5f  _nodeguardError                                        
00004f61  CO_start_listening                                     
00004f61  driver_init_system                                     
00004f95  IntRegister                                            
00004fc9  LEDTaskInit                                            
00004ffd  PD4Master_post_SlaveStateChange                        
00005031  SysCtlPeripheralEnable                                 
00005065  closeSDOtransfer                                       
00005099  resetSDOline                                           
000050cd  DelAlarm                                               
000050fd  PD4Master_set_ctrl                                     
0000515d  getSDOlineOnUse                                        
0000518b  stopSYNC                                               
000051b7  _operational                                           
000051b9  xPortSysTickHandler                                    
000051e5  ConsumerHeartbeatAlarm                                 
0000520f  OnNumberOfErrorsUpdate                                 
00005239  getSDOlineToClose                                      
00005263  proceedSYNC                                            
0000528d  slaveSendBootUp                                        
000052b7  _post_SlaveBootup                                      
000052e1  PD4Master_set_speed                                    
00005309  canSend                                                
00005331  getElapsedTime                                         
00005359  main                                                   
00005381  masterSendNMTstateChange                               
000053d1  pxPortInitialiseStack                                  
000053f9  setTimer                                               
00005421  writeNetworkDictCallBack                               
00005449  RegisterSetODentryCallBack                             
000054bb  _post_SlaveStateChange                                 
000054e1  IntPrioritySet                                         
00005505  PDOInhibitTimerAlarm                                   
00005529  memcmp                                                 
0000554d  PD4Master_initialisation                               
0000556f  _post_TPDO                                             
00005571  PD4Master_preOperational                               
00005593  PDOEventTimerAlarm                                     
000055b5  masterSendNMTnodeguard                                 
000055d7  proceedEMCY                                            
000055f9  sendSYNCMessage                                        
0000561b  _post_emcy                                             
0000561d  emergencyInit                                          
0000563d  uxListRemove                                           
0000565d  PD4Master_operational                                  
0000567d  CO_timer_start                                         
000056b5  vPortEnterCritical                                     
000056d1  PD4Master_stopped                                      
000056ed  UARTprintf                                             
00005707  getSDOfreeLine                                         
00005721  getSDOlineRestBytes                                    
00005755  CANIntRegister                                         
0000576d  GPIOIntRegister                                        
00005785  TestMaster_valueRangeTest                              
0000579d  TimerIntRegister                                       
000057b5  UARTIntRegister                                        
000057cd  pvTaskIncrementMutexHeldCount                          
000057e5  _args_main                                             
000057fd  vListInsertEnd                                         
00005815  vPortExitCritical                                      
0000582d  vTaskSetTimeOutState                                   
00005845  vListInitialise                                        
0000585b  _post_sync                                             
0000585d  _register_unlock                                       
00005863  _register_lock                                         
0000586b  _nop                                                   
00005871  sendSYNC                                               
00005885  setSDOlineRestBytes                                    
00005899  vPortSetupTimerInterrupt                               
000058ad  OnHeartbeatProducerUpdate                              
000058bf  OnNodeGuardUpdate                                      
000058d1  nodeguardStop                                          
000058f5  scanIndexOD                                            
00005907  IntMasterEnable                                        
00005917  _preOperational                                        
00005927  lifeGuardInit                                          
00005937  lifeGuardStop                                          
00005957  _stopped                                               
00005959  vTaskSuspendAll                                        
00005969  UARTCharGetNonBlocking                                 
00005977  __TI_decompress_none                                   
00005985  CO_driver_init                                         
00005991  CPUcpsie                                               
0000599d  GPIOIntEnable                                          
000059a9  MA3_encoder_get_value                                  
000059b5  __TI_zero_init                                         
000059c1  vTaskMissedYield                                       
000059cd  xTaskGetTickCount                                      
000059d9  OnCOB_ID_SyncUpdate                                    
000059e3  UARTFIFOEnable                                         
000059f5  GPIOIntClear                                           
000059fb  ResetISR                                               
00005a01  UARTClockSourceSet                                     
00005a07  getNodeId                                              
00005a0d  resetSDO                                               
00005a13  vListInitialiseItem                                    
00005a19  SyncAlarm                                              
00005a1d  _system_pre_init                                       
00005a21  _storeODSubIndex                                       
00005a23  emergencyStop                                          
00005a25  __aeabi_idiv0                                          
00005a27  __mpu_init                                             
00005a29  _system_post_cinit                                     
00005a2b  vApplicationStackOverflowHook                          
00005a2c  TestMaster_objdict                                     
00006010  TestMaster_firstIndex                                  
0000601c  TestMaster_lastIndex                                   
00006040  TestMaster_iam_a_slave                                 
00006042  TestMaster_ObjdictSize                                 
00006044  ulMaxSyscallInterruptPriority                          
00006400  __TI_Handler_Table_Base                                
0000640c  __TI_Handler_Table_Limit                               
00006420  __TI_CINIT_Base                                        
00006438  __TI_CINIT_Limit                                       
20000000  g_pfnRAMVectors                                        
20001f68  g_sCAN0RxMessage                                       
20001f7c  g_sCAN0TxMessage                                       
20001f90  g_RxMessage                                            
20001f9c  g_cmd_uart_fifo                                        
20001fc0  g_MSG_Queue                                            
20001fc4  g_PD4_Semaphore                                        
20001fc8  g_SDO_Mutex                                            
20001fcc  g_SDO_Semaphore                                        
20001fd0  g_Slave_Queue                                          
20001fd4  g_cmd_Queue                                            
20001fd8  TestMaster_Data                                        
20002214  TestMaster_bDeviceNodeId                               
20002218  TestMaster_obj1000                                     
2000221c  TestMaster_obj1001                                     
2000221d  TestMaster_highestSubIndex_obj1003                     
20002220  TestMaster_obj1005                                     
20002224  TestMaster_obj1006                                     
20002228  TestMaster_obj100C                                     
2000222a  TestMaster_obj100D                                     
2000222c  TestMaster_obj1014                                     
20002230  TestMaster_highestSubIndex_obj1016                     
20002232  TestMaster_obj1017                                     
20002234  TestMaster_highestSubIndex_obj1018                     
20002238  TestMaster_obj1018_Vendor_ID                           
2000223c  TestMaster_obj1018_Product_Code                        
20002240  TestMaster_obj1018_Revision_Number                     
20002244  TestMaster_obj1018_Serial_Number                       
20002248  TestMaster_highestSubIndex_obj1280                     
2000224c  TestMaster_obj1280_COB_ID_Client_to_Server_Transmit_SDO
20002250  TestMaster_obj1280_COB_ID_Server_to_Client_Receive_SDO 
20002254  TestMaster_obj1280_Node_ID_of_the_SDO_Server           
20002255  TestMaster_highestSubIndex_obj1281                     
20002258  TestMaster_obj1281_COB_ID_Client_to_Server_Transmit_SDO
2000225c  TestMaster_obj1281_COB_ID_Server_to_Client_Receive_SDO 
20002260  TestMaster_obj1281_Node_ID_of_the_SDO_Server           
20002261  TestMaster_highestSubIndex_obj1282                     
20002264  TestMaster_obj1282_COB_ID_Client_to_Server_Transmit_SDO
20002268  TestMaster_obj1282_COB_ID_Server_to_Client_Receive_SDO 
2000226c  TestMaster_obj1282_Node_ID_of_the_SDO_Server           
2000226d  TestMaster_highestSubIndex_obj1283                     
20002270  TestMaster_obj1283_COB_ID_Client_to_Server_Transmit_SDO
20002274  TestMaster_obj1283_COB_ID_Server_to_Client_Receive_SDO 
20002278  TestMaster_obj1283_Node_ID_of_the_SDO_Server           
20002279  TestMaster_highestSubIndex_obj1400                     
2000227c  TestMaster_obj1400_COB_ID_used_by_PDO                  
20002280  TestMaster_obj1400_Transmission_Type                   
20002282  TestMaster_obj1400_Inhibit_Time                        
20002284  TestMaster_obj1400_Compatibility_Entry                 
20002286  TestMaster_obj1400_Event_Timer                         
20002288  TestMaster_highestSubIndex_obj1401                     
2000228c  TestMaster_obj1401_COB_ID_used_by_PDO                  
20002290  TestMaster_obj1401_Transmission_Type                   
20002292  TestMaster_obj1401_Inhibit_Time                        
20002294  TestMaster_obj1401_Compatibility_Entry                 
20002296  TestMaster_obj1401_Event_Timer                         
20002298  TestMaster_obj1401_SYNC_start_value                    
20002299  TestMaster_highestSubIndex_obj1402                     
2000229c  TestMaster_obj1402_COB_ID_used_by_PDO                  
200022a0  TestMaster_obj1402_Transmission_Type                   
200022a2  TestMaster_obj1402_Inhibit_Time                        
200022a4  TestMaster_obj1402_Compatibility_Entry                 
200022a6  TestMaster_obj1402_Event_Timer                         
200022a8  TestMaster_obj1402_SYNC_start_value                    
200022a9  TestMaster_highestSubIndex_obj1403                     
200022ac  TestMaster_obj1403_COB_ID_used_by_PDO                  
200022b0  TestMaster_obj1403_Transmission_Type                   
200022b2  TestMaster_obj1403_Inhibit_Time                        
200022b4  TestMaster_obj1403_Compatibility_Entry                 
200022b6  TestMaster_obj1403_Event_Timer                         
200022b8  TestMaster_obj1403_SYNC_start_value                    
200022b9  TestMaster_highestSubIndex_obj1600                     
200022ba  TestMaster_highestSubIndex_obj1601                     
200022bb  TestMaster_highestSubIndex_obj1602                     
200022bc  TestMaster_highestSubIndex_obj1603                     
200022bd  TestMaster_highestSubIndex_obj1800                     
200022c0  TestMaster_obj1800_COB_ID_used_by_PDO                  
200022c4  TestMaster_obj1800_Transmission_Type                   
200022c6  TestMaster_obj1800_Inhibit_Time                        
200022c8  TestMaster_obj1800_Compatibility_Entry                 
200022ca  TestMaster_obj1800_Event_Timer                         
200022cc  TestMaster_obj1800_SYNC_start_value                    
200022cd  TestMaster_highestSubIndex_obj1801                     
200022d0  TestMaster_obj1801_COB_ID_used_by_PDO                  
200022d4  TestMaster_obj1801_Transmission_Type                   
200022d6  TestMaster_obj1801_Inhibit_Time                        
200022d8  TestMaster_obj1801_Compatibility_Entry                 
200022da  TestMaster_obj1801_Event_Timer                         
200022dc  TestMaster_obj1801_SYNC_start_value                    
200022dd  TestMaster_highestSubIndex_obj1802                     
200022e0  TestMaster_obj1802_COB_ID_used_by_PDO                  
200022e4  TestMaster_obj1802_Transmission_Type                   
200022e6  TestMaster_obj1802_Inhibit_Time                        
200022e8  TestMaster_obj1802_Compatibility_Entry                 
200022ea  TestMaster_obj1802_Event_Timer                         
200022ec  TestMaster_obj1802_SYNC_start_value                    
200022ed  TestMaster_highestSubIndex_obj1803                     
200022f0  TestMaster_obj1803_COB_ID_used_by_PDO                  
200022f4  TestMaster_obj1803_Transmission_Type                   
200022f6  TestMaster_obj1803_Inhibit_Time                        
200022f8  TestMaster_obj1803_Compatibility_Entry                 
200022fa  TestMaster_obj1803_Event_Timer                         
200022fc  TestMaster_obj1803_SYNC_start_value                    
200022fd  TestMaster_highestSubIndex_obj1A00                     
200022fe  TestMaster_highestSubIndex_obj1A01                     
200022ff  TestMaster_highestSubIndex_obj1A02                     
20002300  TestMaster_highestSubIndex_obj1A03                     
20002301  TestMaster_highestSubIndex_obj1F22                     
20002302  TestMaster_heartBeatTimers                             
20002304  timers                                                 
200023c4  TestMaster_Index1401                                   
20002418  TestMaster_Index1402                                   
2000246c  TestMaster_Index1403                                   
200024c0  TestMaster_Index1800                                   
20002514  TestMaster_Index1801                                   
20002568  TestMaster_Index1802                                   
200025bc  TestMaster_Index1803                                   
20002610  TestMaster_Index1400                                   
20002658  TestMaster_PDO_status                                  
200026a0  TestMaster_Index1018                                   
200026dc  TestMaster_Index1280                                   
2000270c  TestMaster_Index1281                                   
2000273c  TestMaster_Index1282                                   
2000276c  TestMaster_Index1283                                   
2000279c  TestMaster_Index1A00                                   
200027cc  TestMaster_Index1A01                                   
200027fc  TestMaster_Index1A02                                   
2000282c  TestMaster_Index1A03                                   
2000285c  pxCurrentTCB                                           
2000288c  TestMaster_Index1600                                   
200028b0  TestMaster_Index1601                                   
200028d4  TestMaster_Index1602                                   
200028f8  TestMaster_Index1603                                   
2000291c  TestMaster_Index1F22                                   
20002940  g_ui32ErrFlag                                          
20002944  g_ui32RXMsgCount                                       
20002948  g_ui32TXMsgCount                                       
2000295c  TestMaster_Index1800_callbacks                         
20002978  TestMaster_Index1801_callbacks                         
20002994  TestMaster_Index1802_callbacks                         
200029b0  TestMaster_Index1803_callbacks                         
200029cc  pulse                                                  
200029d0  last_pulse                                             
200029d4  circle                                                 
200029d8  dir                                                    
200029dc  ton                                                    
200029e0  toff                                                   
200029e4  TestMaster_Index1016                                   
200029fc  PD4_Position                                           
20002a0c  PD4_SubMode                                            
20002a1c  __homing_step                                          
20002a2c  g_need_init                                            
20002a3c  __TI_cleanup_ptr                                       
20002a40  __TI_dtors_ptr                                         
20002a44  __TI_enable_exit_profile_output                        
20002a48  TestMaster_Index1000                                   
20002a54  TestMaster_Index1001                                   
20002a60  TestMaster_Index1005                                   
20002a6c  TestMaster_Index1006                                   
20002a78  TestMaster_Index1014                                   
20002a84  TestMaster_Index2011                                   
20002a90  TestMaster_Index2012                                   
20002a9c  TestMaster_Index2013                                   
20002aa8  TestMaster_Index2014                                   
20002ab4  TestMaster_Index2015                                   
20002ac0  TestMaster_Index2021                                   
20002acc  TestMaster_Index2022                                   
20002ad8  TestMaster_Index2023                                   
20002ae4  TestMaster_Index2024                                   
20002af0  TestMaster_Index2025                                   
20002afc  TestMaster_Index2031                                   
20002b08  TestMaster_Index2032                                   
20002b14  TestMaster_Index2033                                   
20002b20  TestMaster_Index2034                                   
20002b2c  TestMaster_Index2035                                   
20002b38  TestMaster_Index2041                                   
20002b44  TestMaster_Index2042                                   
20002b50  TestMaster_Index2043                                   
20002b5c  TestMaster_Index2044                                   
20002b68  TestMaster_Index2045                                   
20002b74  TestMaster_obj1A00                                     
20002b80  TestMaster_obj1A01                                     
20002b8c  TestMaster_obj1A02                                     
20002b98  TestMaster_obj1A03                                     
20002ba4  total_sleep_time                                       
20002ba8  last_timer_raw                                         
20002bac  tdcount                                                
20002bb0  _lock                                                  
20002bb4  _unlock                                                
20002bb8  PD4_Controlword                                        
20002bc0  PD4_Status                                             
20002bc8  _PD4_speed_tmp                                         
20002bcc  _PD4_pos_tmp                                           
20002bd0  TestMaster_obj1600                                     
20002bd8  TestMaster_obj1601                                     
20002be0  TestMaster_obj1602                                     
20002be8  TestMaster_obj1603                                     
20002bf0  TestMaster_obj1F22                                     
20002c05  PD4_Mode                                               
20002c09  _start_flag                                            
20002c0a  _cur_pos                                               
20002c0b  _len                                                   
20002c0c  TestMaster_Index1005_callbacks                         
20002c10  TestMaster_Index1006_callbacks                         
20002c14  TestMaster_obj1003                                     
20002c18  TestMaster_obj1016                                     
20002c1c  g_trip_bit4                                            
20002c24  main_func_sp                                           
20002c28  __stack                                                
20002d28  __STACK_END                                            
20002d28  __STACK_TOP                                            
ffffffff  __TI_pprof_out_hndl                                    
ffffffff  __TI_prof_data_size                                    
ffffffff  __TI_prof_data_start                                   
ffffffff  __binit__                                              
ffffffff  __c_args__                                             
ffffffff  binit                                                  
UNDEFED   SHT$$INIT_ARRAY$$Base                                  
UNDEFED   SHT$$INIT_ARRAY$$Limit                                 

[451 symbols]
