******************************************************************************
                  TI ARM Linker PC v16.9.7                     
******************************************************************************
>> Linked Wed Jun 27 15:39:19 2018

OUTPUT FILE NAME:   <launchpad.out>
ENTRY POINT SYMBOL: "_c_int00"  address: 000047d5


MEMORY CONFIGURATION

         name            origin    length      used     unused   attr    fill
----------------------  --------  ---------  --------  --------  ----  --------
  FLASH                 00000000   00040000  0000648c  00039b74  R  X
  SRAM                  20000000   00008000  00002d28  000052d8  RW X


SEGMENT ALLOCATION MAP

run origin  load origin   length   init length attrs members
----------  ----------- ---------- ----------- ----- -------
00000000    00000000    00006490   00006490    r-x
  00000000    00000000    0000026c   0000026c    r-- .intvecs
  0000026c    0000026c    00005814   00005814    r-x .text
  00005a80    00005a80    0000061c   0000061c    r-- .const
  000060a0    000060a0    000003f0   000003f0    r-- .cinit
20000000    20000000    00002d28   00000000    rw-
  20000000    20000000    0000026c   00000000    rw- .vtable
  2000026c    2000026c    00001d6c   00000000    rw- .bss
  20001fd8    20001fd8    00000c50   00000000    rw- .data
  20002c28    20002c28    00000100   00000000    rw- .stack


SECTION ALLOCATION MAP

 output                                  attributes/
section   page    origin      length       input sections
--------  ----  ----------  ----------   ----------------
.intvecs   0    00000000    0000026c     
                  00000000    0000026c     startup_ccs.obj (.intvecs)

.text      0    0000026c    00005814     
                  0000026c    00001076     sdo.obj (.text:proceedSDO)
                  000012e2    00000002     startup_ccs.obj (.text:FaultISR)
                  000012e4    000002c4     PD4_task.obj (.text:PD4Master_task)
                  000015a8    00000258     PD4Master.obj (.text:TestMaster_scanIndexOD)
                  00001800    00000222     pdo.obj (.text:proceedPDO)
                  00001a22    00000002     startup_ccs.obj (.text:IntDefaultHandler)
                  00001a24    000001ea     uartstdio.obj (.text:UARTvprintf)
                  00001c0e    0000015a     sdo.obj (.text:_writeNetworkDict)
                  00001d68    00000144     states.obj (.text:setNodeId)
                  00001eac    00000134     led_task.obj (.text:LEDTask)
                  00001fe0    0000011c     pdo.obj (.text:_sendPDOevent)
                  000020fc    00000118     queue.obj (.text:xQueueGenericReceive)
                  00002214    00000110     driverlib.lib : sysctl.obj (.text:SysCtlClockGet)
                  00002324    00000110     states.obj (.text:switchCommunicationState)
                  00002434    00000104     tasks.obj (.text:xTaskIncrementTick)
                  00002538    00000102     states.obj (.text:setState)
                  0000263a    00000002     startup_ccs.obj (.text:NmiSR)
                  0000263c    00000100     tasks.obj (.text:xTaskGenericCreate)
                  0000273c    000000fc     lifegrd.obj (.text:proceedNODE_GUARD)
                  00002838    000000f4     objacces.obj (.text:_setODentry)
                  0000292c    000000f0     pdo.obj (.text:sendOnePDOevent)
                  00002a1c    000000e8     queue.obj (.text:xQueueGenericSend)
                  00002b04    000000e4     tasks.obj (.text:xTaskResumeAll)
                  00002be8    000000e0     CO_driver.obj (.text:CAN0IntHandler)
                  00002cc8    000000d8     pdo.obj (.text:buildPDO)
                  00002da0    000000d2     portasm.obj (.text)
                  00002e72    00000002     Master.obj (.text:PD4Master_heartbeatError)
                  00002e74    000000d0     CO_driver.obj (.text:can_init)
                  00002f44    000000c8     MA3encoder.obj (.text:inputInt)
                  0000300c    000000c4     objacces.obj (.text:_getODentry)
                  000030d0    000000c0     cmdUart.obj (.text:cmd_uart_init_handler)
                  00003190    000000b8     timer.obj (.text:TimeDispatch)
                  00003248    000000b0     pdo.obj (.text:CopyBits)
                  000032f8    000000ac     heap_2.obj (.text:pvPortMalloc)
                  000033a4    000000a0     timer.obj (.text:SetAlarm)
                  00003444    0000009c     rtsv7M4_T_le_v4SPD16_eabi.lib : memcpy_t2.obj (.text)
                  000034e0    00000098     cmdUart.obj (.text:cmd_uart_init)
                  00003578    00000094     nmtSlave.obj (.text:proceedNMTstateChange)
                  0000360c    00000090     sdo.obj (.text:initSDOline)
                  0000369c    00000090     tasks.obj (.text:vTaskPriorityInherit)
                  0000372c    0000008c     tasks.obj (.text:vTaskSwitchContext)
                  000037b8    00000084     Master.obj (.text:PD4Master_writeSlaveParam)
                  0000383c    00000084     driver.obj (.text:driver_init_hardware)
                  000038c0    00000084     tasks.obj (.text:vTaskDelayUntil)
                  00003944    00000084     queue.obj (.text:xQueueGenericReset)
                  000039c8    0000007a     rtsv7M4_T_le_v4SPD16_eabi.lib : memset_t2.obj (.text)
                  00003a42    00000002     Master.obj (.text:PD4Master_post_TPDO)
                  00003a44    00000078     lifegrd.obj (.text:heartbeatInit)
                  00003abc    00000078     tasks.obj (.text:xTaskPriorityDisinherit)
                  00003b34    00000074     CO_driver.obj (.text:CO_Timerinit)
                  00003ba8    00000074     PD4_task.obj (.text:PD4Master_taskInit)
                  00003c1c    00000074     sdo.obj (.text:SDOTimeoutAlarm)
                  00003c90    00000074     lifegrd.obj (.text:nodeguardInit)
                  00003d04    00000074     sdo.obj (.text:sendSDO)
                  00003d78    00000074     tasks.obj (.text:xTaskRemoveFromEventList)
                  00003dec    00000072     queue.obj (.text:prvCopyDataToQueue)
                  00003e5e    00000002     Master.obj (.text:PD4Master_post_sync)
                  00003e60    00000070     rtsv7M4_T_le_v4SPD16_eabi.lib : autoinit.obj (.text)
                  00003ed0    0000006e     pdo.obj (.text:TPDO_Communication_Parameter_Callback)
                  00003f3e    0000006c     sdo.obj (.text:failedSDO)
                  00003faa    00000002     pdo.obj (.text:_RxPDO_EventTimers_Handler)
                  00003fac    00000068     driverlib.lib : interrupt.obj (.text:IntEnable)
                  00004014    00000068     states.obj (.text:canDispatch)
                  0000407c    00000068     rtsv7M4_T_le_v4SPD16_eabi.lib : copy_decompress_lzss.obj (.text:decompress:lzss)
                  000040e4    00000068     sync.obj (.text:startSYNC)
                  0000414c    00000064     driver.obj (.text:ConfigureUART)
                  000041b0    00000064     pdo.obj (.text:PDOStop)
                  00004214    00000064     tasks.obj (.text:vTaskPlaceOnEventList)
                  00004278    00000062     lifegrd.obj (.text:GuardTimeAlarm)
                  000042da    00000062     queue.obj (.text:prvUnlockQueue)
                  0000433c    00000060     MA3encoder.obj (.text:MA3_encoder_init)
                  0000439c    00000060     uartstdio.obj (.text:UARTStdioConfig)
                  000043fc    00000060     tasks.obj (.text:prvInitialiseTaskLists)
                  0000445c    00000060     tasks.obj (.text:vTaskStartScheduler)
                  000044bc    0000005c     driverlib.lib : can.obj (.text:_CANIntNumberGet)
                  00004518    0000005c     tasks.obj (.text:vTaskDelay)
                  00004574    0000005c     queue.obj (.text:xQueueGenericSendFromISR)
                  000045d0    00000058     MA3encoder.obj (.text:Captureinit)
                  00004628    00000058     tasks.obj (.text:prvCheckTasksWaitingTermination)
                  00004680    00000056     pdo.obj (.text:sendPDOrequest)
                  000046d6    00000002     lifegrd.obj (.text:_heartbeatError)
                  000046d8    00000054     CO_driver.obj (.text:CO_TimerIntHandler)
                  0000472c    00000054     PD4_task.obj (.text:PD4Master_set_pos)
                  00004780    00000054     tasks.obj (.text:prvInitialiseTCBVariables)
                  000047d4    00000054     rtsv7M4_T_le_v4SPD16_eabi.lib : boot.obj (.text)
                  00004828    00000054                                   : exit.obj (.text)
                  0000487c    00000054     tasks.obj (.text:xTaskCheckForTimeOut)
                  000048d0    00000052     Master.obj (.text:PD4Master_post_emcy)
                  00004922    0000004e     Master.obj (.text:CanOpen_setMaster)
                  00004970    0000004c     pdo.obj (.text:PDOInit)
                  000049bc    0000004c     driverlib.lib : timer.obj (.text:_TimerIntNumberGet)
                  00004a08    0000004c     tasks.obj (.text:prvAddCurrentTaskToDelayedList)
                  00004a54    0000004c     rtsv7M4_T_le_v4SPD16_eabi.lib : cpy_tbl.obj (.text)
                  00004aa0    0000004c     queue.obj (.text:xQueueCreateMutex)
                  00004aec    00000048     sdo.obj (.text:GetSDOClientFromNodeId)
                  00004b34    00000048     lifegrd.obj (.text:ProducerHeartbeatAlarm)
                  00004b7c    00000048     uartstdio.obj (.text:UARTwrite)
                  00004bc4    00000044     CANopen_task.obj (.text:CANopen_taskInit)
                  00004c08    00000044     driverlib.lib : gpio.obj (.text:_GPIOIntNumberGet)
                  00004c4c    00000044     CO_driver.obj (.text:can_write)
                  00004c90    00000044     sdo.obj (.text:lineToSDO)
                  00004cd4    00000044     heap_2.obj (.text:vPortFree)
                  00004d18    00000042     sdo.obj (.text:objdictToSDOline)
                  00004d5a    00000040     sdo.obj (.text:SDOtoLine)
                  00004d9a    00000002     states.obj (.text:_initialisation)
                  00004d9c    00000040     driverlib.lib : uart.obj (.text:_UARTIntNumberGet)
                  00004ddc    00000040     rtsv7M4_T_le_v4SPD16_eabi.lib : u_divt2.obj (.text)
                  00004e1c    00000040     port.obj (.text:xPortStartScheduler)
                  00004e5c    0000003c     queue.obj (.text:xQueueGenericCreate)
                  00004e98    0000003a     tasks.obj (.text:prvAllocateTCBAndStack)
                  00004ed2    0000003a     sdo.obj (.text:sendSDOabort)
                  00004f0c    00000038     sdo.obj (.text:SDOlineToObjdict)
                  00004f44    00000038     list.obj (.text:vListInsert)
                  00004f7c    00000036     lifegrd.obj (.text:heartbeatStop)
                  00004fb2    00000002     lifegrd.obj (.text:_nodeguardError)
                  00004fb4    00000034     CO_driver.obj (.text:CO_start_listening)
                  00004fe8    00000034     driverlib.lib : interrupt.obj (.text:IntRegister)
                  0000501c    00000034     led_task.obj (.text:LEDTaskInit)
                  00005050    00000034     Master.obj (.text:PD4Master_post_SlaveStateChange)
                  00005084    00000034     driverlib.lib : sysctl.obj (.text:SysCtlPeripheralEnable)
                  000050b8    00000034     sdo.obj (.text:closeSDOtransfer)
                  000050ec    00000034     sdo.obj (.text:resetSDOline)
                  00005120    00000030     timer.obj (.text:DelAlarm)
                  00005150    00000030     PD4_task.obj (.text:PD4Master_set_ctrl)
                  00005180    00000030     heap_2.obj (.text:prvHeapInit)
                  000051b0    0000002e     sdo.obj (.text:getSDOlineOnUse)
                  000051de    0000002c     sync.obj (.text:stopSYNC)
                  0000520a    00000002     states.obj (.text:_operational)
                  0000520c    0000002c     port.obj (.text:xPortSysTickHandler)
                  00005238    0000002a     lifegrd.obj (.text:ConsumerHeartbeatAlarm)
                  00005262    0000002a     emcy.obj (.text:OnNumberOfErrorsUpdate)
                  0000528c    0000002a     sdo.obj (.text:getSDOlineToClose)
                  000052b6    0000002a     sync.obj (.text:proceedSYNC)
                  000052e0    0000002a     nmtSlave.obj (.text:slaveSendBootUp)
                  0000530a    00000002     lifegrd.obj (.text:_post_SlaveBootup)
                  0000530c    00000028     CANopen_task.obj (.text:CANopen_task)
                  00005334    00000028     PD4_task.obj (.text:PD4Master_set_speed)
                  0000535c    00000028     CO_driver.obj (.text:canSend)
                  00005384    00000028     CO_driver.obj (.text:getElapsedTime)
                  000053ac    00000028     main.obj (.text:main)
                  000053d4    00000028     nmtMaster.obj (.text:masterSendNMTstateChange)
                  000053fc    00000028     tasks.obj (.text:prvResetNextTaskUnblockTime)
                  00005424    00000028     port.obj (.text:pxPortInitialiseStack)
                  0000544c    00000028     CO_driver.obj (.text:setTimer)
                  00005474    00000028     sdo.obj (.text:writeNetworkDictCallBack)
                  0000549c    00000026     objacces.obj (.text:RegisterSetODentryCallBack)
                  000054c2    00000026     queue.obj (.text:prvCopyDataFromQueue)
                  000054e8    00000026     pdo.obj (.text:sendPdo)
                  0000550e    00000002     lifegrd.obj (.text:_post_SlaveStateChange)
                  00005510    00000024     Master.obj (.text:CheckSDOAndContinue)
                  00005534    00000024     driverlib.lib : interrupt.obj (.text:IntPrioritySet)
                  00005558    00000024     pdo.obj (.text:PDOInhibitTimerAlarm)
                  0000557c    00000024     rtsv7M4_T_le_v4SPD16_eabi.lib : memcmp.obj (.text)
                  000055a0    00000022     Master.obj (.text:PD4Master_initialisation)
                  000055c2    00000002     sync.obj (.text:_post_TPDO)
                  000055c4    00000022     Master.obj (.text:PD4Master_preOperational)
                  000055e6    00000022     pdo.obj (.text:PDOEventTimerAlarm)
                  00005608    00000022     nmtMaster.obj (.text:masterSendNMTnodeguard)
                  0000562a    00000022     emcy.obj (.text:proceedEMCY)
                  0000564c    00000022     sync.obj (.text:sendSYNCMessage)
                  0000566e    00000002     emcy.obj (.text:_post_emcy)
                  00005670    00000020     emcy.obj (.text:emergencyInit)
                  00005690    00000020     list.obj (.text:uxListRemove)
                  000056b0    0000001f     Master.obj (.text:PD4Master_operational)
                  000056cf    00000001     --HOLE-- [fill = 0]
                  000056d0    0000001c     CO_driver.obj (.text:CO_timer_start)
                  000056ec    0000001c     queue.obj (.text:prvIsQueueFull)
                  00005708    0000001c     port.obj (.text:vPortEnterCritical)
                  00005724    0000001b     Master.obj (.text:PD4Master_stopped)
                  0000573f    00000001     --HOLE-- [fill = 0]
                  00005740    0000001a     uartstdio.obj (.text:UARTprintf)
                  0000575a    0000001a     sdo.obj (.text:getSDOfreeLine)
                  00005774    0000001a     sdo.obj (.text:getSDOlineRestBytes)
                  0000578e    0000001a     queue.obj (.text:prvIsQueueEmpty)
                  000057a8    00000018     driverlib.lib : can.obj (.text:CANIntRegister)
                  000057c0    00000018                   : gpio.obj (.text:GPIOIntRegister)
                  000057d8    00000018     PD4Master.obj (.text:TestMaster_valueRangeTest)
                  000057f0    00000018     driverlib.lib : timer.obj (.text:TimerIntRegister)
                  00005808    00000018                   : uart.obj (.text:UARTIntRegister)
                  00005820    00000018     tasks.obj (.text:pvTaskIncrementMutexHeldCount)
                  00005838    00000018     rtsv7M4_T_le_v4SPD16_eabi.lib : args_main.obj (.text)
                  00005850    00000018     list.obj (.text:vListInsertEnd)
                  00005868    00000018     port.obj (.text:vPortExitCritical)
                  00005880    00000018     tasks.obj (.text:vTaskSetTimeOutState)
                  00005898    00000016     list.obj (.text:vListInitialise)
                  000058ae    00000002     sync.obj (.text:_post_sync)
                  000058b0    00000014     rtsv7M4_T_le_v4SPD16_eabi.lib : _lock.obj (.text)
                  000058c4    00000014     sync.obj (.text:sendSYNC)
                  000058d8    00000014     sdo.obj (.text:setSDOlineRestBytes)
                  000058ec    00000014     port.obj (.text:vPortSetupTimerInterrupt)
                  00005900    00000012     lifegrd.obj (.text:OnHeartbeatProducerUpdate)
                  00005912    00000012     lifegrd.obj (.text:OnNodeGuardUpdate)
                  00005924    00000012     lifegrd.obj (.text:nodeguardStop)
                  00005936    00000012     tasks.obj (.text:prvDeleteTCB)
                  00005948    00000012     objacces.obj (.text:scanIndexOD)
                  0000595a    00000010     driverlib.lib : interrupt.obj (.text:IntMasterEnable)
                  0000596a    00000010     states.obj (.text:_preOperational)
                  0000597a    00000010     lifegrd.obj (.text:lifeGuardInit)
                  0000598a    00000010     lifegrd.obj (.text:lifeGuardStop)
                  0000599a    00000010     port.obj (.text:prvTaskExitError)
                  000059aa    00000002     states.obj (.text:_stopped)
                  000059ac    00000010     tasks.obj (.text:vTaskSuspendAll)
                  000059bc    0000000e     driverlib.lib : uart.obj (.text:UARTCharGetNonBlocking)
                  000059ca    0000000e     rtsv7M4_T_le_v4SPD16_eabi.lib : copy_decompress_none.obj (.text:decompress:none)
                  000059d8    0000000c     CO_driver.obj (.text:CO_driver_init)
                  000059e4    0000000c     driverlib.lib : cpu.obj (.text:CPUcpsie)
                  000059f0    0000000c                   : gpio.obj (.text:GPIOIntEnable)
                  000059fc    0000000c     MA3encoder.obj (.text:MA3_encoder_get_value)
                  00005a08    0000000c     rtsv7M4_T_le_v4SPD16_eabi.lib : copy_zero_init.obj (.text:decompress:ZI)
                  00005a14    0000000c     tasks.obj (.text:vTaskMissedYield)
                  00005a20    0000000c     tasks.obj (.text:xTaskGetTickCount)
                  00005a2c    0000000a     sync.obj (.text:OnCOB_ID_SyncUpdate)
                  00005a36    0000000a     driverlib.lib : uart.obj (.text:UARTFIFOEnable)
                  00005a40    00000008     tasks.obj (.text:prvIdleTask)
                  00005a48    00000006     driverlib.lib : gpio.obj (.text:GPIOIntClear)
                  00005a4e    00000006     startup_ccs.obj (.text:ResetISR)
                  00005a54    00000006     driverlib.lib : uart.obj (.text:UARTClockSourceSet)
                  00005a5a    00000006     states.obj (.text:getNodeId)
                  00005a60    00000006     sdo.obj (.text:resetSDO)
                  00005a66    00000006     list.obj (.text:vListInitialiseItem)
                  00005a6c    00000004     sync.obj (.text:SyncAlarm)
                  00005a70    00000004     rtsv7M4_T_le_v4SPD16_eabi.lib : pre_init.obj (.text)
                  00005a74    00000002     objacces.obj (.text:_storeODSubIndex)
                  00005a76    00000002     emcy.obj (.text:emergencyStop)
                  00005a78    00000002     rtsv7M4_T_le_v4SPD16_eabi.lib : i_div0.obj (.text)
                  00005a7a    00000002                                   : mpu_init.obj (.text)
                  00005a7c    00000002                                   : startup.obj (.text)
                  00005a7e    00000002     main.obj (.text:vApplicationStackOverflowHook)

.const     0    00005a80    0000061c     
                  00005a80    00000180     PD4Master.obj (.const:TestMaster_objdict)
                  00005c00    000000d8     driverlib.lib : gpio.obj (.const:g_ppui32GPIOIntMapSnowflake)
                  00005cd8    000000c0                   : gpio.obj (.const:g_ppui32GPIOIntMapBlizzard)
                  00005d98    0000009c                   : interrupt.obj (.const:g_pui32Regs)
                  00005e34    00000070                   : interrupt.obj (.const)
                  00005ea4    0000006c                   : sysctl.obj (.const:g_pui32Xtals)
                  00005f10    00000060                   : timer.obj (.const:g_ppui32TimerIntMap)
                  00005f70    00000040                   : timer.obj (.const:g_ppui32TimerIntMapSnowflake)
                  00005fb0    00000040                   : uart.obj (.const:g_ppui32UARTIntMap)
                  00005ff0    00000040                   : uart.obj (.const:g_ppui32UARTIntMapSnowflake)
                  00006030    00000012     PD4Master.obj (.const:.string)
                  00006042    00000002     --HOLE-- [fill = 0]
                  00006044    00000010     states.obj (.const:$P$T4$5)
                  00006054    00000010     states.obj (.const:$P$T5$6)
                  00006064    0000000c     PD4Master.obj (.const:TestMaster_firstIndex)
                  00006070    0000000c     PD4Master.obj (.const:TestMaster_lastIndex)
                  0000607c    0000000c     uartstdio.obj (.const:g_ui32UARTBase)
                  00006088    0000000c     uartstdio.obj (.const:g_ui32UARTPeriph)
                  00006094    00000004     PD4Master.obj (.const)
                  00006098    00000004     port.obj (.const)

.cinit     0    000060a0    000003f0     
                  000060a0    000003ba     (.cinit..data.load) [load image, compression = lzss]
                  0000645a    00000002     --HOLE-- [fill = 0]
                  0000645c    0000000c     (__TI_handler_table)
                  00006468    00000008     (.cinit..bss.load) [load image, compression = zero_init]
                  00006470    00000008     (.cinit..vtable.load) [load image, compression = zero_init]
                  00006478    00000018     (__TI_cinit_table)

.init_array 
*          0    00000000    00000000     UNINITIALIZED

.vtable    0    20000000    0000026c     UNINITIALIZED
                  20000000    0000026c     driverlib.lib : interrupt.obj (.vtable)

.bss       0    2000026c    00001d6c     UNINITIALIZED
                  2000026c    00001b58     heap_2.obj (.bss:ucHeap)
                  20001dc4    00000140     tasks.obj (.bss:pxReadyTasksLists)
                  20001f04    00000014     tasks.obj (.bss:xDelayedTaskList1)
                  20001f18    00000014     tasks.obj (.bss:xDelayedTaskList2)
                  20001f2c    00000014     tasks.obj (.bss:xPendingReadyList)
                  20001f40    00000014     tasks.obj (.bss:xSuspendedTaskList)
                  20001f54    00000014     tasks.obj (.bss:xTasksWaitingTermination)
                  20001f68    00000014     (.common:g_sCAN0RxMessage)
                  20001f7c    00000014     (.common:g_sCAN0TxMessage)
                  20001f90    0000000c     (.common:g_RxMessage)
                  20001f9c    0000000c     (.common:g_cmd_uart_fifo)
                  20001fa8    00000008     tasks.obj (.bss)
                  20001fb0    00000008     heap_2.obj (.bss:xEnd)
                  20001fb8    00000008     heap_2.obj (.bss:xStart)
                  20001fc0    00000004     (.common:g_MSG_Queue)
                  20001fc4    00000004     (.common:g_PD4_Semaphore)
                  20001fc8    00000004     (.common:g_SDO_Mutex)
                  20001fcc    00000004     (.common:g_SDO_Semaphore)
                  20001fd0    00000004     (.common:g_Slave_Queue)
                  20001fd4    00000004     (.common:g_cmd_Queue)

.data      0    20001fd8    00000c50     UNINITIALIZED
                  20001fd8    0000023c     PD4Master.obj (.data:TestMaster_Data)
                  20002214    000000ee     PD4Master.obj (.data)
                  20002302    00000002     PD4Master.obj (.data:TestMaster_heartBeatTimers)
                  20002304    000000c0     timer.obj (.data:timers)
                  200023c4    00000054     PD4Master.obj (.data:TestMaster_Index1401)
                  20002418    00000054     PD4Master.obj (.data:TestMaster_Index1402)
                  2000246c    00000054     PD4Master.obj (.data:TestMaster_Index1403)
                  200024c0    00000054     PD4Master.obj (.data:TestMaster_Index1800)
                  20002514    00000054     PD4Master.obj (.data:TestMaster_Index1801)
                  20002568    00000054     PD4Master.obj (.data:TestMaster_Index1802)
                  200025bc    00000054     PD4Master.obj (.data:TestMaster_Index1803)
                  20002610    00000048     PD4Master.obj (.data:TestMaster_Index1400)
                  20002658    00000048     PD4Master.obj (.data:TestMaster_PDO_status)
                  200026a0    0000003c     PD4Master.obj (.data:TestMaster_Index1018)
                  200026dc    00000030     PD4Master.obj (.data:TestMaster_Index1280)
                  2000270c    00000030     PD4Master.obj (.data:TestMaster_Index1281)
                  2000273c    00000030     PD4Master.obj (.data:TestMaster_Index1282)
                  2000276c    00000030     PD4Master.obj (.data:TestMaster_Index1283)
                  2000279c    00000030     PD4Master.obj (.data:TestMaster_Index1A00)
                  200027cc    00000030     PD4Master.obj (.data:TestMaster_Index1A01)
                  200027fc    00000030     PD4Master.obj (.data:TestMaster_Index1A02)
                  2000282c    00000030     PD4Master.obj (.data:TestMaster_Index1A03)
                  2000285c    00000030     tasks.obj (.data)
                  2000288c    00000024     PD4Master.obj (.data:TestMaster_Index1600)
                  200028b0    00000024     PD4Master.obj (.data:TestMaster_Index1601)
                  200028d4    00000024     PD4Master.obj (.data:TestMaster_Index1602)
                  200028f8    00000024     PD4Master.obj (.data:TestMaster_Index1603)
                  2000291c    00000024     PD4Master.obj (.data:TestMaster_Index1F22)
                  20002940    0000001c     CO_driver.obj (.data)
                  2000295c    0000001c     PD4Master.obj (.data:TestMaster_Index1800_callbacks)
                  20002978    0000001c     PD4Master.obj (.data:TestMaster_Index1801_callbacks)
                  20002994    0000001c     PD4Master.obj (.data:TestMaster_Index1802_callbacks)
                  200029b0    0000001c     PD4Master.obj (.data:TestMaster_Index1803_callbacks)
                  200029cc    00000018     MA3encoder.obj (.data)
                  200029e4    00000018     PD4Master.obj (.data:TestMaster_Index1016)
                  200029fc    00000010     PD4Master.obj (.data:PD4_Position)
                  20002a0c    00000010     PD4Master.obj (.data:PD4_SubMode)
                  20002a1c    00000010     PD4_task.obj (.data:__homing_step)
                  20002a2c    00000010     PD4_task.obj (.data:g_need_init)
                  20002a3c    0000000c     rtsv7M4_T_le_v4SPD16_eabi.lib : exit.obj (.data:$O1$$)
                  20002a48    0000000c     PD4Master.obj (.data:TestMaster_Index1000)
                  20002a54    0000000c     PD4Master.obj (.data:TestMaster_Index1001)
                  20002a60    0000000c     PD4Master.obj (.data:TestMaster_Index1005)
                  20002a6c    0000000c     PD4Master.obj (.data:TestMaster_Index1006)
                  20002a78    0000000c     PD4Master.obj (.data:TestMaster_Index1014)
                  20002a84    0000000c     PD4Master.obj (.data:TestMaster_Index2011)
                  20002a90    0000000c     PD4Master.obj (.data:TestMaster_Index2012)
                  20002a9c    0000000c     PD4Master.obj (.data:TestMaster_Index2013)
                  20002aa8    0000000c     PD4Master.obj (.data:TestMaster_Index2014)
                  20002ab4    0000000c     PD4Master.obj (.data:TestMaster_Index2015)
                  20002ac0    0000000c     PD4Master.obj (.data:TestMaster_Index2021)
                  20002acc    0000000c     PD4Master.obj (.data:TestMaster_Index2022)
                  20002ad8    0000000c     PD4Master.obj (.data:TestMaster_Index2023)
                  20002ae4    0000000c     PD4Master.obj (.data:TestMaster_Index2024)
                  20002af0    0000000c     PD4Master.obj (.data:TestMaster_Index2025)
                  20002afc    0000000c     PD4Master.obj (.data:TestMaster_Index2031)
                  20002b08    0000000c     PD4Master.obj (.data:TestMaster_Index2032)
                  20002b14    0000000c     PD4Master.obj (.data:TestMaster_Index2033)
                  20002b20    0000000c     PD4Master.obj (.data:TestMaster_Index2034)
                  20002b2c    0000000c     PD4Master.obj (.data:TestMaster_Index2035)
                  20002b38    0000000c     PD4Master.obj (.data:TestMaster_Index2041)
                  20002b44    0000000c     PD4Master.obj (.data:TestMaster_Index2042)
                  20002b50    0000000c     PD4Master.obj (.data:TestMaster_Index2043)
                  20002b5c    0000000c     PD4Master.obj (.data:TestMaster_Index2044)
                  20002b68    0000000c     PD4Master.obj (.data:TestMaster_Index2045)
                  20002b74    0000000c     PD4Master.obj (.data:TestMaster_obj1A00)
                  20002b80    0000000c     PD4Master.obj (.data:TestMaster_obj1A01)
                  20002b8c    0000000c     PD4Master.obj (.data:TestMaster_obj1A02)
                  20002b98    0000000c     PD4Master.obj (.data:TestMaster_obj1A03)
                  20002ba4    0000000c     timer.obj (.data)
                  20002bb0    00000008     rtsv7M4_T_le_v4SPD16_eabi.lib : _lock.obj (.data:$O1$$)
                  20002bb8    00000008     PD4Master.obj (.data:PD4_Controlword)
                  20002bc0    00000008     PD4Master.obj (.data:PD4_Status)
                  20002bc8    00000008     PD4_task.obj (.data)
                  20002bd0    00000008     PD4Master.obj (.data:TestMaster_obj1600)
                  20002bd8    00000008     PD4Master.obj (.data:TestMaster_obj1601)
                  20002be0    00000008     PD4Master.obj (.data:TestMaster_obj1602)
                  20002be8    00000008     PD4Master.obj (.data:TestMaster_obj1603)
                  20002bf0    00000008     PD4Master.obj (.data:TestMaster_obj1F22)
                  20002bf8    00000008     heap_2.obj (.data)
                  20002c00    00000005     uartstdio.obj (.data)
                  20002c05    00000004     PD4Master.obj (.data:PD4_Mode)
                  20002c09    00000003     cmdUart.obj (.data)
                  20002c0c    00000004     PD4Master.obj (.data:TestMaster_Index1005_callbacks)
                  20002c10    00000004     PD4Master.obj (.data:TestMaster_Index1006_callbacks)
                  20002c14    00000004     PD4Master.obj (.data:TestMaster_obj1003)
                  20002c18    00000004     PD4Master.obj (.data:TestMaster_obj1016)
                  20002c1c    00000004     PD4_task.obj (.data:g_trip_bit4)
                  20002c20    00000004     port.obj (.data)
                  20002c24    00000004     rtsv7M4_T_le_v4SPD16_eabi.lib : stkdepth_vars.obj (.data)

.stack     0    20002c28    00000100     UNINITIALIZED
                  20002c28    00000100     --HOLE--

MODULE SUMMARY

       Module                     code    ro data   rw data
       ------                     ----    -------   -------
    .\
       PD4Master.obj              624     430       2760   
       startup_ccs.obj            12      620       0      
       main.obj                   42      0         0      
    +--+--------------------------+-------+---------+---------+
       Total:                     678     1050      2760   
                                                           
    .\app\
       led_task.obj               360     0         0      
    +--+--------------------------+-------+---------+---------+
       Total:                     360     0         0      
                                                           
    .\app\CMD\
       cmd_task.obj               0       0         4      
    +--+--------------------------+-------+---------+---------+
       Total:                     0       0         4      
                                                           
    .\app\PD4\
       PD4_task.obj               996     0         60     
       Master.obj                 512     0         0      
       CANopen_task.obj           108     0         4      
    +--+--------------------------+-------+---------+---------+
       Total:                     1616    0         64     
                                                           
    .\bsp\
       CO_driver.obj              912     0         80     
       MA3encoder.obj             396     0         24     
       cmdUart.obj                344     0         15     
       driver.obj                 232     0         0      
    +--+--------------------------+-------+---------+---------+
       Total:                     1884    0         119    
                                                           
    .\third_party\CanFestival\src\
       sdo.obj                    5738    0         0      
       pdo.obj                    1944    0         0      
       states.obj                 986     32        0      
       lifegrd.obj                848     0         0      
       timer.obj                  392     0         204    
       objacces.obj               498     0         0      
       sync.obj                   262     0         0      
       nmtSlave.obj               190     0         0      
       emcy.obj                   112     0         0      
       nmtMaster.obj              74      0         0      
    +--+--------------------------+-------+---------+---------+
       Total:                     11044   32        204    
                                                           
    .\third_party\FreeRTOS\Source\
       tasks.obj                  2324    0         476    
       queue.obj                  1176    0         0      
       list.obj                   140     0         0      
    +--+--------------------------+-------+---------+---------+
       Total:                     3640    0         476    
                                                           
    .\third_party\FreeRTOS\Source\portable\CCS\ARM_CM4F\
       port.obj                   236     4         4      
       portasm.obj                210     0         0      
    +--+--------------------------+-------+---------+---------+
       Total:                     446     4         4      
                                                           
    .\third_party\FreeRTOS\Source\portable\MemMang\
       heap_2.obj                 288     0         7024   
    +--+--------------------------+-------+---------+---------+
       Total:                     288     0         7024   
                                                           
    .\utils\
       uartstdio.obj              684     24        5      
    +--+--------------------------+-------+---------+---------+
       Total:                     684     24        5      
                                                           
    C:/ti/TivaWare_C_Series-2.1.4.178/driverlib/ccs/Debug/driverlib.lib
       interrupt.obj              208     268       620    
       gpio.obj                   110     408       0      
       sysctl.obj                 324     108       0      
       timer.obj                  100     160       0      
       uart.obj                   118     128       0      
       can.obj                    116     0         0      
       cpu.obj                    12      0         0      
    +--+--------------------------+-------+---------+---------+
       Total:                     988     1072      620    
                                                           
    C:\ti\ccsv7\tools\compiler\ti-cgt-arm_16.9.7.LTS\lib\rtsv7M4_T_le_v4SPD16_eabi.lib
       memcpy_t2.obj              156     0         0      
       memset_t2.obj              122     0         0      
       autoinit.obj               112     0         0      
       copy_decompress_lzss.obj   104     0         0      
       exit.obj                   84      0         12     
       boot.obj                   84      0         0      
       cpy_tbl.obj                76      0         0      
       u_divt2.obj                64      0         0      
       memcmp.obj                 36      0         0      
       _lock.obj                  20      0         8      
       args_main.obj              24      0         0      
       copy_decompress_none.obj   14      0         0      
       copy_zero_init.obj         12      0         0      
       pre_init.obj               4       0         0      
       stkdepth_vars.obj          0       0         4      
       i_div0.obj                 2       0         0      
       mpu_init.obj               2       0         0      
       startup.obj                2       0         0      
    +--+--------------------------+-------+---------+---------+
       Total:                     918     0         24     
                                                           
       Stack:                     0       0         256    
       Linker Generated:          0       1006      0      
    +--+--------------------------+-------+---------+---------+
       Grand Total:               22546   3188      11560  


LINKER GENERATED COPY TABLES

__TI_cinit_table @ 00006478 records: 3, size/record: 8, table size: 24
	.data: load addr=000060a0, load size=000003ba bytes, run addr=20001fd8, run size=00000c50 bytes, compression=lzss
	.bss: load addr=00006468, load size=00000008 bytes, run addr=2000026c, run size=00001d6c bytes, compression=zero_init
	.vtable: load addr=00006470, load size=00000008 bytes, run addr=20000000, run size=0000026c bytes, compression=zero_init


LINKER GENERATED HANDLER TABLE

__TI_handler_table @ 0000645c records: 3, size/record: 4, table size: 12
	index: 0, handler: __TI_zero_init
	index: 1, handler: __TI_decompress_lzss
	index: 2, handler: __TI_decompress_none


GLOBAL SYMBOLS: SORTED ALPHABETICALLY BY Name 

address   name                                                   
-------   ----                                                   
00004829  C$$EXIT                                                
00002be9  CAN0IntHandler                                         
000057a9  CANIntRegister                                         
00004bc5  CANopen_taskInit                                       
000046d9  CO_TimerIntHandler                                     
00003b35  CO_Timerinit                                           
000059d9  CO_driver_init                                         
00004fb5  CO_start_listening                                     
000056d1  CO_timer_start                                         
000059e5  CPUcpsie                                               
00004923  CanOpen_setMaster                                      
000045d1  Captureinit                                            
0000414d  ConfigureUART                                          
00005239  ConsumerHeartbeatAlarm                                 
00003249  CopyBits                                               
00005121  DelAlarm                                               
00005a49  GPIOIntClear                                           
000059f1  GPIOIntEnable                                          
000057c1  GPIOIntRegister                                        
00004aed  GetSDOClientFromNodeId                                 
00004279  GuardTimeAlarm                                         
00003fad  IntEnable                                              
0000595b  IntMasterEnable                                        
00005535  IntPrioritySet                                         
00004fe9  IntRegister                                            
0000501d  LEDTaskInit                                            
000059fd  MA3_encoder_get_value                                  
0000433d  MA3_encoder_init                                       
00005a2d  OnCOB_ID_SyncUpdate                                    
00005901  OnHeartbeatProducerUpdate                              
00005913  OnNodeGuardUpdate                                      
00005263  OnNumberOfErrorsUpdate                                 
00004923  PD4Master_confSlaveNode                                
00002e73  PD4Master_heartbeatError                               
000055a1  PD4Master_initialisation                               
000056b1  PD4Master_operational                                  
00005051  PD4Master_post_SlaveStateChange                        
00003a43  PD4Master_post_TPDO                                    
000048d1  PD4Master_post_emcy                                    
00003e5f  PD4Master_post_sync                                    
000055c5  PD4Master_preOperational                               
00005151  PD4Master_set_ctrl                                     
0000472d  PD4Master_set_pos                                      
00005335  PD4Master_set_speed                                    
00005725  PD4Master_stopped                                      
00003ba9  PD4Master_taskInit                                     
000037b9  PD4Master_writeSlaveParam                              
20002bb8  PD4_Controlword                                        
20002c05  PD4_Mode                                               
200029fc  PD4_Position                                           
20002bc0  PD4_Status                                             
20002a0c  PD4_SubMode                                            
000055e7  PDOEventTimerAlarm                                     
00005559  PDOInhibitTimerAlarm                                   
00004971  PDOInit                                                
000041b1  PDOStop                                                
00004b35  ProducerHeartbeatAlarm                                 
0000549d  RegisterSetODentryCallBack                             
00005a4f  ResetISR                                               
00003c1d  SDOTimeoutAlarm                                        
00004f0d  SDOlineToObjdict                                       
00004d5b  SDOtoLine                                              
UNDEFED   SHT$$INIT_ARRAY$$Base                                  
UNDEFED   SHT$$INIT_ARRAY$$Limit                                 
000033a5  SetAlarm                                               
00005a6d  SyncAlarm                                              
00002215  SysCtlClockGet                                         
00005085  SysCtlPeripheralEnable                                 
00003ed1  TPDO_Communication_Parameter_Callback                  
20001fd8  TestMaster_Data                                        
20002a48  TestMaster_Index1000                                   
20002a54  TestMaster_Index1001                                   
20002a60  TestMaster_Index1005                                   
20002c0c  TestMaster_Index1005_callbacks                         
20002a6c  TestMaster_Index1006                                   
20002c10  TestMaster_Index1006_callbacks                         
20002a78  TestMaster_Index1014                                   
200029e4  TestMaster_Index1016                                   
200026a0  TestMaster_Index1018                                   
200026dc  TestMaster_Index1280                                   
2000270c  TestMaster_Index1281                                   
2000273c  TestMaster_Index1282                                   
2000276c  TestMaster_Index1283                                   
20002610  TestMaster_Index1400                                   
200023c4  TestMaster_Index1401                                   
20002418  TestMaster_Index1402                                   
2000246c  TestMaster_Index1403                                   
2000288c  TestMaster_Index1600                                   
200028b0  TestMaster_Index1601                                   
200028d4  TestMaster_Index1602                                   
200028f8  TestMaster_Index1603                                   
200024c0  TestMaster_Index1800                                   
2000295c  TestMaster_Index1800_callbacks                         
20002514  TestMaster_Index1801                                   
20002978  TestMaster_Index1801_callbacks                         
20002568  TestMaster_Index1802                                   
20002994  TestMaster_Index1802_callbacks                         
200025bc  TestMaster_Index1803                                   
200029b0  TestMaster_Index1803_callbacks                         
2000279c  TestMaster_Index1A00                                   
200027cc  TestMaster_Index1A01                                   
200027fc  TestMaster_Index1A02                                   
2000282c  TestMaster_Index1A03                                   
2000291c  TestMaster_Index1F22                                   
20002a84  TestMaster_Index2011                                   
20002a90  TestMaster_Index2012                                   
20002a9c  TestMaster_Index2013                                   
20002aa8  TestMaster_Index2014                                   
20002ab4  TestMaster_Index2015                                   
20002ac0  TestMaster_Index2021                                   
20002acc  TestMaster_Index2022                                   
20002ad8  TestMaster_Index2023                                   
20002ae4  TestMaster_Index2024                                   
20002af0  TestMaster_Index2025                                   
20002afc  TestMaster_Index2031                                   
20002b08  TestMaster_Index2032                                   
20002b14  TestMaster_Index2033                                   
20002b20  TestMaster_Index2034                                   
20002b2c  TestMaster_Index2035                                   
20002b38  TestMaster_Index2041                                   
20002b44  TestMaster_Index2042                                   
20002b50  TestMaster_Index2043                                   
20002b5c  TestMaster_Index2044                                   
20002b68  TestMaster_Index2045                                   
00006096  TestMaster_ObjdictSize                                 
20002658  TestMaster_PDO_status                                  
20002214  TestMaster_bDeviceNodeId                               
00006064  TestMaster_firstIndex                                  
20002302  TestMaster_heartBeatTimers                             
2000221d  TestMaster_highestSubIndex_obj1003                     
20002230  TestMaster_highestSubIndex_obj1016                     
20002234  TestMaster_highestSubIndex_obj1018                     
20002248  TestMaster_highestSubIndex_obj1280                     
20002255  TestMaster_highestSubIndex_obj1281                     
20002261  TestMaster_highestSubIndex_obj1282                     
2000226d  TestMaster_highestSubIndex_obj1283                     
20002279  TestMaster_highestSubIndex_obj1400                     
20002288  TestMaster_highestSubIndex_obj1401                     
20002299  TestMaster_highestSubIndex_obj1402                     
200022a9  TestMaster_highestSubIndex_obj1403                     
200022b9  TestMaster_highestSubIndex_obj1600                     
200022ba  TestMaster_highestSubIndex_obj1601                     
200022bb  TestMaster_highestSubIndex_obj1602                     
200022bc  TestMaster_highestSubIndex_obj1603                     
200022bd  TestMaster_highestSubIndex_obj1800                     
200022cd  TestMaster_highestSubIndex_obj1801                     
200022dd  TestMaster_highestSubIndex_obj1802                     
200022ed  TestMaster_highestSubIndex_obj1803                     
200022fd  TestMaster_highestSubIndex_obj1A00                     
200022fe  TestMaster_highestSubIndex_obj1A01                     
200022ff  TestMaster_highestSubIndex_obj1A02                     
20002300  TestMaster_highestSubIndex_obj1A03                     
20002301  TestMaster_highestSubIndex_obj1F22                     
00006094  TestMaster_iam_a_slave                                 
00006070  TestMaster_lastIndex                                   
20002218  TestMaster_obj1000                                     
2000221c  TestMaster_obj1001                                     
20002c14  TestMaster_obj1003                                     
20002220  TestMaster_obj1005                                     
20002224  TestMaster_obj1006                                     
20002228  TestMaster_obj100C                                     
2000222a  TestMaster_obj100D                                     
2000222c  TestMaster_obj1014                                     
20002c18  TestMaster_obj1016                                     
20002232  TestMaster_obj1017                                     
2000223c  TestMaster_obj1018_Product_Code                        
20002240  TestMaster_obj1018_Revision_Number                     
20002244  TestMaster_obj1018_Serial_Number                       
20002238  TestMaster_obj1018_Vendor_ID                           
2000224c  TestMaster_obj1280_COB_ID_Client_to_Server_Transmit_SDO
20002250  TestMaster_obj1280_COB_ID_Server_to_Client_Receive_SDO 
20002254  TestMaster_obj1280_Node_ID_of_the_SDO_Server           
20002258  TestMaster_obj1281_COB_ID_Client_to_Server_Transmit_SDO
2000225c  TestMaster_obj1281_COB_ID_Server_to_Client_Receive_SDO 
20002260  TestMaster_obj1281_Node_ID_of_the_SDO_Server           
20002264  TestMaster_obj1282_COB_ID_Client_to_Server_Transmit_SDO
20002268  TestMaster_obj1282_COB_ID_Server_to_Client_Receive_SDO 
2000226c  TestMaster_obj1282_Node_ID_of_the_SDO_Server           
20002270  TestMaster_obj1283_COB_ID_Client_to_Server_Transmit_SDO
20002274  TestMaster_obj1283_COB_ID_Server_to_Client_Receive_SDO 
20002278  TestMaster_obj1283_Node_ID_of_the_SDO_Server           
2000227c  TestMaster_obj1400_COB_ID_used_by_PDO                  
20002284  TestMaster_obj1400_Compatibility_Entry                 
20002286  TestMaster_obj1400_Event_Timer                         
20002282  TestMaster_obj1400_Inhibit_Time                        
20002280  TestMaster_obj1400_Transmission_Type                   
2000228c  TestMaster_obj1401_COB_ID_used_by_PDO                  
20002294  TestMaster_obj1401_Compatibility_Entry                 
20002296  TestMaster_obj1401_Event_Timer                         
20002292  TestMaster_obj1401_Inhibit_Time                        
20002298  TestMaster_obj1401_SYNC_start_value                    
20002290  TestMaster_obj1401_Transmission_Type                   
2000229c  TestMaster_obj1402_COB_ID_used_by_PDO                  
200022a4  TestMaster_obj1402_Compatibility_Entry                 
200022a6  TestMaster_obj1402_Event_Timer                         
200022a2  TestMaster_obj1402_Inhibit_Time                        
200022a8  TestMaster_obj1402_SYNC_start_value                    
200022a0  TestMaster_obj1402_Transmission_Type                   
200022ac  TestMaster_obj1403_COB_ID_used_by_PDO                  
200022b4  TestMaster_obj1403_Compatibility_Entry                 
200022b6  TestMaster_obj1403_Event_Timer                         
200022b2  TestMaster_obj1403_Inhibit_Time                        
200022b8  TestMaster_obj1403_SYNC_start_value                    
200022b0  TestMaster_obj1403_Transmission_Type                   
20002bd0  TestMaster_obj1600                                     
20002bd8  TestMaster_obj1601                                     
20002be0  TestMaster_obj1602                                     
20002be8  TestMaster_obj1603                                     
200022c0  TestMaster_obj1800_COB_ID_used_by_PDO                  
200022c8  TestMaster_obj1800_Compatibility_Entry                 
200022ca  TestMaster_obj1800_Event_Timer                         
200022c6  TestMaster_obj1800_Inhibit_Time                        
200022cc  TestMaster_obj1800_SYNC_start_value                    
200022c4  TestMaster_obj1800_Transmission_Type                   
200022d0  TestMaster_obj1801_COB_ID_used_by_PDO                  
200022d8  TestMaster_obj1801_Compatibility_Entry                 
200022da  TestMaster_obj1801_Event_Timer                         
200022d6  TestMaster_obj1801_Inhibit_Time                        
200022dc  TestMaster_obj1801_SYNC_start_value                    
200022d4  TestMaster_obj1801_Transmission_Type                   
200022e0  TestMaster_obj1802_COB_ID_used_by_PDO                  
200022e8  TestMaster_obj1802_Compatibility_Entry                 
200022ea  TestMaster_obj1802_Event_Timer                         
200022e6  TestMaster_obj1802_Inhibit_Time                        
200022ec  TestMaster_obj1802_SYNC_start_value                    
200022e4  TestMaster_obj1802_Transmission_Type                   
200022f0  TestMaster_obj1803_COB_ID_used_by_PDO                  
200022f8  TestMaster_obj1803_Compatibility_Entry                 
200022fa  TestMaster_obj1803_Event_Timer                         
200022f6  TestMaster_obj1803_Inhibit_Time                        
200022fc  TestMaster_obj1803_SYNC_start_value                    
200022f4  TestMaster_obj1803_Transmission_Type                   
20002b74  TestMaster_obj1A00                                     
20002b80  TestMaster_obj1A01                                     
20002b8c  TestMaster_obj1A02                                     
20002b98  TestMaster_obj1A03                                     
20002bf0  TestMaster_obj1F22                                     
00005a80  TestMaster_objdict                                     
000015a9  TestMaster_scanIndexOD                                 
000057d9  TestMaster_valueRangeTest                              
00003191  TimeDispatch                                           
000057f1  TimerIntRegister                                       
000059bd  UARTCharGetNonBlocking                                 
00005a55  UARTClockSourceSet                                     
00005a37  UARTFIFOEnable                                         
00005809  UARTIntRegister                                        
0000439d  UARTStdioConfig                                        
00005741  UARTprintf                                             
00001a25  UARTvprintf                                            
00004b7d  UARTwrite                                              
20002bcc  _PD4_pos_tmp                                           
20002bc8  _PD4_speed_tmp                                         
00003fab  _RxPDO_EventTimers_Handler                             
20002d28  __STACK_END                                            
00000100  __STACK_SIZE                                           
20002d28  __STACK_TOP                                            
00006478  __TI_CINIT_Base                                        
00006490  __TI_CINIT_Limit                                       
0000645c  __TI_Handler_Table_Base                                
00006468  __TI_Handler_Table_Limit                               
00003e61  __TI_auto_init                                         
20002a3c  __TI_cleanup_ptr                                       
0000407d  __TI_decompress_lzss                                   
000059cb  __TI_decompress_none                                   
20002a40  __TI_dtors_ptr                                         
20002a44  __TI_enable_exit_profile_output                        
ffffffff  __TI_pprof_out_hndl                                    
ffffffff  __TI_prof_data_size                                    
ffffffff  __TI_prof_data_start                                   
00000000  __TI_static_base__                                     
00005a09  __TI_zero_init                                         
00005a79  __aeabi_idiv0                                          
000039c9  __aeabi_memclr                                         
000039c9  __aeabi_memclr4                                        
000039c9  __aeabi_memclr8                                        
00003445  __aeabi_memcpy                                         
00003445  __aeabi_memcpy4                                        
00003445  __aeabi_memcpy8                                        
000039cb  __aeabi_memset                                         
000039cb  __aeabi_memset4                                        
000039cb  __aeabi_memset8                                        
00004ddd  __aeabi_uidiv                                          
00004ddd  __aeabi_uidivmod                                       
ffffffff  __binit__                                              
ffffffff  __c_args__                                             
20002a1c  __homing_step                                          
00005a7b  __mpu_init                                             
20002c28  __stack                                                
00005839  _args_main                                             
000047d5  _c_int00                                               
20002c0a  _cur_pos                                               
0000300d  _getODentry                                            
000046d7  _heartbeatError                                        
00004d9b  _initialisation                                        
20002c0b  _len                                                   
20002bb0  _lock                                                  
00004fb3  _nodeguardError                                        
000058bf  _nop                                                   
0000520b  _operational                                           
0000530b  _post_SlaveBootup                                      
0000550f  _post_SlaveStateChange                                 
000055c3  _post_TPDO                                             
0000566f  _post_emcy                                             
000058af  _post_sync                                             
0000596b  _preOperational                                        
000058b7  _register_lock                                         
000058b1  _register_unlock                                       
00001fe1  _sendPDOevent                                          
00002839  _setODentry                                            
20002c09  _start_flag                                            
000059ab  _stopped                                               
00005a75  _storeODSubIndex                                       
00005a7d  _system_post_cinit                                     
00005a71  _system_pre_init                                       
20002bb4  _unlock                                                
00001c0f  _writeNetworkDict                                      
0000482d  abort                                                  
ffffffff  binit                                                  
00002cc9  buildPDO                                               
00004015  canDispatch                                            
0000535d  canSend                                                
00002e75  can_init                                               
00004c4d  can_write                                              
200029d4  circle                                                 
000050b9  closeSDOtransfer                                       
000034e1  cmd_uart_init                                          
000030d1  cmd_uart_init_handler                                  
00004a55  copy_in                                                
200029d8  dir                                                    
0000383d  driver_init_hardware                                   
00004fb5  driver_init_system                                     
00005671  emergencyInit                                          
00005a77  emergencyStop                                          
00004835  exit                                                   
00003f3f  failedSDO                                              
20001fc0  g_MSG_Queue                                            
20001fc4  g_PD4_Semaphore                                        
20001f90  g_RxMessage                                            
20001fc8  g_SDO_Mutex                                            
20001fcc  g_SDO_Semaphore                                        
20001fd0  g_Slave_Queue                                          
20001fd4  g_cmd_Queue                                            
20001f9c  g_cmd_uart_fifo                                        
20002a2c  g_need_init                                            
20000000  g_pfnRAMVectors                                        
00000000  g_pfnVectors                                           
20001f68  g_sCAN0RxMessage                                       
20001f7c  g_sCAN0TxMessage                                       
20002c1c  g_trip_bit4                                            
20002940  g_ui32ErrFlag                                          
20002944  g_ui32RXMsgCount                                       
20002948  g_ui32TXMsgCount                                       
00005385  getElapsedTime                                         
00005a5b  getNodeId                                              
0000575b  getSDOfreeLine                                         
000051b1  getSDOlineOnUse                                        
00005775  getSDOlineRestBytes                                    
0000528d  getSDOlineToClose                                      
00003a45  heartbeatInit                                          
00004f7d  heartbeatStop                                          
0000360d  initSDOline                                            
00002f45  inputInt                                               
200029d0  last_pulse                                             
20002ba8  last_timer_raw                                         
0000597b  lifeGuardInit                                          
0000598b  lifeGuardStop                                          
00004c91  lineToSDO                                              
000053ad  main                                                   
20002c24  main_func_sp                                           
00005609  masterSendNMTnodeguard                                 
000053d5  masterSendNMTstateChange                               
0000557d  memcmp                                                 
00003445  memcpy                                                 
000039d1  memset                                                 
00003c91  nodeguardInit                                          
00005925  nodeguardStop                                          
00004d19  objdictToSDOline                                       
0000562b  proceedEMCY                                            
00003579  proceedNMTstateChange                                  
0000273d  proceedNODE_GUARD                                      
00001801  proceedPDO                                             
0000026d  proceedSDO                                             
000052b7  proceedSYNC                                            
200029cc  pulse                                                  
000032f9  pvPortMalloc                                           
00005821  pvTaskIncrementMutexHeldCount                          
2000285c  pxCurrentTCB                                           
00005425  pxPortInitialiseStack                                  
00005a61  resetSDO                                               
000050ed  resetSDOline                                           
00005949  scanIndexOD                                            
0000292d  sendOnePDOevent                                        
00004681  sendPDOrequest                                         
00003d05  sendSDO                                                
00004ed3  sendSDOabort                                           
000058c5  sendSYNC                                               
0000564d  sendSYNCMessage                                        
00001d69  setNodeId                                              
000058d9  setSDOlineRestBytes                                    
00002539  setState                                               
0000544d  setTimer                                               
000052e1  slaveSendBootUp                                        
000040e5  startSYNC                                              
000051df  stopSYNC                                               
00002325  switchCommunicationState                               
20002bac  tdcount                                                
20002304  timers                                                 
200029e0  toff                                                   
200029dc  ton                                                    
20002ba4  total_sleep_time                                       
00006098  ulMaxSyscallInterruptPriority                          
00002db1  ulPortGetIPSR                                          
00005691  uxListRemove                                           
00005a7f  vApplicationStackOverflowHook                          
00005899  vListInitialise                                        
00005a67  vListInitialiseItem                                    
00004f45  vListInsert                                            
00005851  vListInsertEnd                                         
00002e65  vPortEnableVFP                                         
00005709  vPortEnterCritical                                     
00005869  vPortExitCritical                                      
00004cd5  vPortFree                                              
00002e29  vPortSVCHandler                                        
000058ed  vPortSetupTimerInterrupt                               
00002e49  vPortStartFirstTask                                    
00004519  vTaskDelay                                             
000038c1  vTaskDelayUntil                                        
00005a15  vTaskMissedYield                                       
00004215  vTaskPlaceOnEventList                                  
0000369d  vTaskPriorityInherit                                   
00005881  vTaskSetTimeOutState                                   
0000445d  vTaskStartScheduler                                    
000059ad  vTaskSuspendAll                                        
0000372d  vTaskSwitchContext                                     
00005475  writeNetworkDictCallBack                               
00002dc9  xPortPendSVHandler                                     
00004e1d  xPortStartScheduler                                    
0000520d  xPortSysTickHandler                                    
00004aa1  xQueueCreateMutex                                      
00004e5d  xQueueGenericCreate                                    
000020fd  xQueueGenericReceive                                   
00003945  xQueueGenericReset                                     
00002a1d  xQueueGenericSend                                      
00004575  xQueueGenericSendFromISR                               
0000487d  xTaskCheckForTimeOut                                   
0000263d  xTaskGenericCreate                                     
00005a21  xTaskGetTickCount                                      
00002435  xTaskIncrementTick                                     
00003abd  xTaskPriorityDisinherit                                
00003d79  xTaskRemoveFromEventList                               
00002b05  xTaskResumeAll                                         


GLOBAL SYMBOLS: SORTED BY Symbol Address 

address   name                                                   
-------   ----                                                   
00000000  __TI_static_base__                                     
00000000  g_pfnVectors                                           
00000100  __STACK_SIZE                                           
0000026d  proceedSDO                                             
000015a9  TestMaster_scanIndexOD                                 
00001801  proceedPDO                                             
00001a25  UARTvprintf                                            
00001c0f  _writeNetworkDict                                      
00001d69  setNodeId                                              
00001fe1  _sendPDOevent                                          
000020fd  xQueueGenericReceive                                   
00002215  SysCtlClockGet                                         
00002325  switchCommunicationState                               
00002435  xTaskIncrementTick                                     
00002539  setState                                               
0000263d  xTaskGenericCreate                                     
0000273d  proceedNODE_GUARD                                      
00002839  _setODentry                                            
0000292d  sendOnePDOevent                                        
00002a1d  xQueueGenericSend                                      
00002b05  xTaskResumeAll                                         
00002be9  CAN0IntHandler                                         
00002cc9  buildPDO                                               
00002db1  ulPortGetIPSR                                          
00002dc9  xPortPendSVHandler                                     
00002e29  vPortSVCHandler                                        
00002e49  vPortStartFirstTask                                    
00002e65  vPortEnableVFP                                         
00002e73  PD4Master_heartbeatError                               
00002e75  can_init                                               
00002f45  inputInt                                               
0000300d  _getODentry                                            
000030d1  cmd_uart_init_handler                                  
00003191  TimeDispatch                                           
00003249  CopyBits                                               
000032f9  pvPortMalloc                                           
000033a5  SetAlarm                                               
00003445  __aeabi_memcpy                                         
00003445  __aeabi_memcpy4                                        
00003445  __aeabi_memcpy8                                        
00003445  memcpy                                                 
000034e1  cmd_uart_init                                          
00003579  proceedNMTstateChange                                  
0000360d  initSDOline                                            
0000369d  vTaskPriorityInherit                                   
0000372d  vTaskSwitchContext                                     
000037b9  PD4Master_writeSlaveParam                              
0000383d  driver_init_hardware                                   
000038c1  vTaskDelayUntil                                        
00003945  xQueueGenericReset                                     
000039c9  __aeabi_memclr                                         
000039c9  __aeabi_memclr4                                        
000039c9  __aeabi_memclr8                                        
000039cb  __aeabi_memset                                         
000039cb  __aeabi_memset4                                        
000039cb  __aeabi_memset8                                        
000039d1  memset                                                 
00003a43  PD4Master_post_TPDO                                    
00003a45  heartbeatInit                                          
00003abd  xTaskPriorityDisinherit                                
00003b35  CO_Timerinit                                           
00003ba9  PD4Master_taskInit                                     
00003c1d  SDOTimeoutAlarm                                        
00003c91  nodeguardInit                                          
00003d05  sendSDO                                                
00003d79  xTaskRemoveFromEventList                               
00003e5f  PD4Master_post_sync                                    
00003e61  __TI_auto_init                                         
00003ed1  TPDO_Communication_Parameter_Callback                  
00003f3f  failedSDO                                              
00003fab  _RxPDO_EventTimers_Handler                             
00003fad  IntEnable                                              
00004015  canDispatch                                            
0000407d  __TI_decompress_lzss                                   
000040e5  startSYNC                                              
0000414d  ConfigureUART                                          
000041b1  PDOStop                                                
00004215  vTaskPlaceOnEventList                                  
00004279  GuardTimeAlarm                                         
0000433d  MA3_encoder_init                                       
0000439d  UARTStdioConfig                                        
0000445d  vTaskStartScheduler                                    
00004519  vTaskDelay                                             
00004575  xQueueGenericSendFromISR                               
000045d1  Captureinit                                            
00004681  sendPDOrequest                                         
000046d7  _heartbeatError                                        
000046d9  CO_TimerIntHandler                                     
0000472d  PD4Master_set_pos                                      
000047d5  _c_int00                                               
00004829  C$$EXIT                                                
0000482d  abort                                                  
00004835  exit                                                   
0000487d  xTaskCheckForTimeOut                                   
000048d1  PD4Master_post_emcy                                    
00004923  CanOpen_setMaster                                      
00004923  PD4Master_confSlaveNode                                
00004971  PDOInit                                                
00004a55  copy_in                                                
00004aa1  xQueueCreateMutex                                      
00004aed  GetSDOClientFromNodeId                                 
00004b35  ProducerHeartbeatAlarm                                 
00004b7d  UARTwrite                                              
00004bc5  CANopen_taskInit                                       
00004c4d  can_write                                              
00004c91  lineToSDO                                              
00004cd5  vPortFree                                              
00004d19  objdictToSDOline                                       
00004d5b  SDOtoLine                                              
00004d9b  _initialisation                                        
00004ddd  __aeabi_uidiv                                          
00004ddd  __aeabi_uidivmod                                       
00004e1d  xPortStartScheduler                                    
00004e5d  xQueueGenericCreate                                    
00004ed3  sendSDOabort                                           
00004f0d  SDOlineToObjdict                                       
00004f45  vListInsert                                            
00004f7d  heartbeatStop                                          
00004fb3  _nodeguardError                                        
00004fb5  CO_start_listening                                     
00004fb5  driver_init_system                                     
00004fe9  IntRegister                                            
0000501d  LEDTaskInit                                            
00005051  PD4Master_post_SlaveStateChange                        
00005085  SysCtlPeripheralEnable                                 
000050b9  closeSDOtransfer                                       
000050ed  resetSDOline                                           
00005121  DelAlarm                                               
00005151  PD4Master_set_ctrl                                     
000051b1  getSDOlineOnUse                                        
000051df  stopSYNC                                               
0000520b  _operational                                           
0000520d  xPortSysTickHandler                                    
00005239  ConsumerHeartbeatAlarm                                 
00005263  OnNumberOfErrorsUpdate                                 
0000528d  getSDOlineToClose                                      
000052b7  proceedSYNC                                            
000052e1  slaveSendBootUp                                        
0000530b  _post_SlaveBootup                                      
00005335  PD4Master_set_speed                                    
0000535d  canSend                                                
00005385  getElapsedTime                                         
000053ad  main                                                   
000053d5  masterSendNMTstateChange                               
00005425  pxPortInitialiseStack                                  
0000544d  setTimer                                               
00005475  writeNetworkDictCallBack                               
0000549d  RegisterSetODentryCallBack                             
0000550f  _post_SlaveStateChange                                 
00005535  IntPrioritySet                                         
00005559  PDOInhibitTimerAlarm                                   
0000557d  memcmp                                                 
000055a1  PD4Master_initialisation                               
000055c3  _post_TPDO                                             
000055c5  PD4Master_preOperational                               
000055e7  PDOEventTimerAlarm                                     
00005609  masterSendNMTnodeguard                                 
0000562b  proceedEMCY                                            
0000564d  sendSYNCMessage                                        
0000566f  _post_emcy                                             
00005671  emergencyInit                                          
00005691  uxListRemove                                           
000056b1  PD4Master_operational                                  
000056d1  CO_timer_start                                         
00005709  vPortEnterCritical                                     
00005725  PD4Master_stopped                                      
00005741  UARTprintf                                             
0000575b  getSDOfreeLine                                         
00005775  getSDOlineRestBytes                                    
000057a9  CANIntRegister                                         
000057c1  GPIOIntRegister                                        
000057d9  TestMaster_valueRangeTest                              
000057f1  TimerIntRegister                                       
00005809  UARTIntRegister                                        
00005821  pvTaskIncrementMutexHeldCount                          
00005839  _args_main                                             
00005851  vListInsertEnd                                         
00005869  vPortExitCritical                                      
00005881  vTaskSetTimeOutState                                   
00005899  vListInitialise                                        
000058af  _post_sync                                             
000058b1  _register_unlock                                       
000058b7  _register_lock                                         
000058bf  _nop                                                   
000058c5  sendSYNC                                               
000058d9  setSDOlineRestBytes                                    
000058ed  vPortSetupTimerInterrupt                               
00005901  OnHeartbeatProducerUpdate                              
00005913  OnNodeGuardUpdate                                      
00005925  nodeguardStop                                          
00005949  scanIndexOD                                            
0000595b  IntMasterEnable                                        
0000596b  _preOperational                                        
0000597b  lifeGuardInit                                          
0000598b  lifeGuardStop                                          
000059ab  _stopped                                               
000059ad  vTaskSuspendAll                                        
000059bd  UARTCharGetNonBlocking                                 
000059cb  __TI_decompress_none                                   
000059d9  CO_driver_init                                         
000059e5  CPUcpsie                                               
000059f1  GPIOIntEnable                                          
000059fd  MA3_encoder_get_value                                  
00005a09  __TI_zero_init                                         
00005a15  vTaskMissedYield                                       
00005a21  xTaskGetTickCount                                      
00005a2d  OnCOB_ID_SyncUpdate                                    
00005a37  UARTFIFOEnable                                         
00005a49  GPIOIntClear                                           
00005a4f  ResetISR                                               
00005a55  UARTClockSourceSet                                     
00005a5b  getNodeId                                              
00005a61  resetSDO                                               
00005a67  vListInitialiseItem                                    
00005a6d  SyncAlarm                                              
00005a71  _system_pre_init                                       
00005a75  _storeODSubIndex                                       
00005a77  emergencyStop                                          
00005a79  __aeabi_idiv0                                          
00005a7b  __mpu_init                                             
00005a7d  _system_post_cinit                                     
00005a7f  vApplicationStackOverflowHook                          
00005a80  TestMaster_objdict                                     
00006064  TestMaster_firstIndex                                  
00006070  TestMaster_lastIndex                                   
00006094  TestMaster_iam_a_slave                                 
00006096  TestMaster_ObjdictSize                                 
00006098  ulMaxSyscallInterruptPriority                          
0000645c  __TI_Handler_Table_Base                                
00006468  __TI_Handler_Table_Limit                               
00006478  __TI_CINIT_Base                                        
00006490  __TI_CINIT_Limit                                       
20000000  g_pfnRAMVectors                                        
20001f68  g_sCAN0RxMessage                                       
20001f7c  g_sCAN0TxMessage                                       
20001f90  g_RxMessage                                            
20001f9c  g_cmd_uart_fifo                                        
20001fc0  g_MSG_Queue                                            
20001fc4  g_PD4_Semaphore                                        
20001fc8  g_SDO_Mutex                                            
20001fcc  g_SDO_Semaphore                                        
20001fd0  g_Slave_Queue                                          
20001fd4  g_cmd_Queue                                            
20001fd8  TestMaster_Data                                        
20002214  TestMaster_bDeviceNodeId                               
20002218  TestMaster_obj1000                                     
2000221c  TestMaster_obj1001                                     
2000221d  TestMaster_highestSubIndex_obj1003                     
20002220  TestMaster_obj1005                                     
20002224  TestMaster_obj1006                                     
20002228  TestMaster_obj100C                                     
2000222a  TestMaster_obj100D                                     
2000222c  TestMaster_obj1014                                     
20002230  TestMaster_highestSubIndex_obj1016                     
20002232  TestMaster_obj1017                                     
20002234  TestMaster_highestSubIndex_obj1018                     
20002238  TestMaster_obj1018_Vendor_ID                           
2000223c  TestMaster_obj1018_Product_Code                        
20002240  TestMaster_obj1018_Revision_Number                     
20002244  TestMaster_obj1018_Serial_Number                       
20002248  TestMaster_highestSubIndex_obj1280                     
2000224c  TestMaster_obj1280_COB_ID_Client_to_Server_Transmit_SDO
20002250  TestMaster_obj1280_COB_ID_Server_to_Client_Receive_SDO 
20002254  TestMaster_obj1280_Node_ID_of_the_SDO_Server           
20002255  TestMaster_highestSubIndex_obj1281                     
20002258  TestMaster_obj1281_COB_ID_Client_to_Server_Transmit_SDO
2000225c  TestMaster_obj1281_COB_ID_Server_to_Client_Receive_SDO 
20002260  TestMaster_obj1281_Node_ID_of_the_SDO_Server           
20002261  TestMaster_highestSubIndex_obj1282                     
20002264  TestMaster_obj1282_COB_ID_Client_to_Server_Transmit_SDO
20002268  TestMaster_obj1282_COB_ID_Server_to_Client_Receive_SDO 
2000226c  TestMaster_obj1282_Node_ID_of_the_SDO_Server           
2000226d  TestMaster_highestSubIndex_obj1283                     
20002270  TestMaster_obj1283_COB_ID_Client_to_Server_Transmit_SDO
20002274  TestMaster_obj1283_COB_ID_Server_to_Client_Receive_SDO 
20002278  TestMaster_obj1283_Node_ID_of_the_SDO_Server           
20002279  TestMaster_highestSubIndex_obj1400                     
2000227c  TestMaster_obj1400_COB_ID_used_by_PDO                  
20002280  TestMaster_obj1400_Transmission_Type                   
20002282  TestMaster_obj1400_Inhibit_Time                        
20002284  TestMaster_obj1400_Compatibility_Entry                 
20002286  TestMaster_obj1400_Event_Timer                         
20002288  TestMaster_highestSubIndex_obj1401                     
2000228c  TestMaster_obj1401_COB_ID_used_by_PDO                  
20002290  TestMaster_obj1401_Transmission_Type                   
20002292  TestMaster_obj1401_Inhibit_Time                        
20002294  TestMaster_obj1401_Compatibility_Entry                 
20002296  TestMaster_obj1401_Event_Timer                         
20002298  TestMaster_obj1401_SYNC_start_value                    
20002299  TestMaster_highestSubIndex_obj1402                     
2000229c  TestMaster_obj1402_COB_ID_used_by_PDO                  
200022a0  TestMaster_obj1402_Transmission_Type                   
200022a2  TestMaster_obj1402_Inhibit_Time                        
200022a4  TestMaster_obj1402_Compatibility_Entry                 
200022a6  TestMaster_obj1402_Event_Timer                         
200022a8  TestMaster_obj1402_SYNC_start_value                    
200022a9  TestMaster_highestSubIndex_obj1403                     
200022ac  TestMaster_obj1403_COB_ID_used_by_PDO                  
200022b0  TestMaster_obj1403_Transmission_Type                   
200022b2  TestMaster_obj1403_Inhibit_Time                        
200022b4  TestMaster_obj1403_Compatibility_Entry                 
200022b6  TestMaster_obj1403_Event_Timer                         
200022b8  TestMaster_obj1403_SYNC_start_value                    
200022b9  TestMaster_highestSubIndex_obj1600                     
200022ba  TestMaster_highestSubIndex_obj1601                     
200022bb  TestMaster_highestSubIndex_obj1602                     
200022bc  TestMaster_highestSubIndex_obj1603                     
200022bd  TestMaster_highestSubIndex_obj1800                     
200022c0  TestMaster_obj1800_COB_ID_used_by_PDO                  
200022c4  TestMaster_obj1800_Transmission_Type                   
200022c6  TestMaster_obj1800_Inhibit_Time                        
200022c8  TestMaster_obj1800_Compatibility_Entry                 
200022ca  TestMaster_obj1800_Event_Timer                         
200022cc  TestMaster_obj1800_SYNC_start_value                    
200022cd  TestMaster_highestSubIndex_obj1801                     
200022d0  TestMaster_obj1801_COB_ID_used_by_PDO                  
200022d4  TestMaster_obj1801_Transmission_Type                   
200022d6  TestMaster_obj1801_Inhibit_Time                        
200022d8  TestMaster_obj1801_Compatibility_Entry                 
200022da  TestMaster_obj1801_Event_Timer                         
200022dc  TestMaster_obj1801_SYNC_start_value                    
200022dd  TestMaster_highestSubIndex_obj1802                     
200022e0  TestMaster_obj1802_COB_ID_used_by_PDO                  
200022e4  TestMaster_obj1802_Transmission_Type                   
200022e6  TestMaster_obj1802_Inhibit_Time                        
200022e8  TestMaster_obj1802_Compatibility_Entry                 
200022ea  TestMaster_obj1802_Event_Timer                         
200022ec  TestMaster_obj1802_SYNC_start_value                    
200022ed  TestMaster_highestSubIndex_obj1803                     
200022f0  TestMaster_obj1803_COB_ID_used_by_PDO                  
200022f4  TestMaster_obj1803_Transmission_Type                   
200022f6  TestMaster_obj1803_Inhibit_Time                        
200022f8  TestMaster_obj1803_Compatibility_Entry                 
200022fa  TestMaster_obj1803_Event_Timer                         
200022fc  TestMaster_obj1803_SYNC_start_value                    
200022fd  TestMaster_highestSubIndex_obj1A00                     
200022fe  TestMaster_highestSubIndex_obj1A01                     
200022ff  TestMaster_highestSubIndex_obj1A02                     
20002300  TestMaster_highestSubIndex_obj1A03                     
20002301  TestMaster_highestSubIndex_obj1F22                     
20002302  TestMaster_heartBeatTimers                             
20002304  timers                                                 
200023c4  TestMaster_Index1401                                   
20002418  TestMaster_Index1402                                   
2000246c  TestMaster_Index1403                                   
200024c0  TestMaster_Index1800                                   
20002514  TestMaster_Index1801                                   
20002568  TestMaster_Index1802                                   
200025bc  TestMaster_Index1803                                   
20002610  TestMaster_Index1400                                   
20002658  TestMaster_PDO_status                                  
200026a0  TestMaster_Index1018                                   
200026dc  TestMaster_Index1280                                   
2000270c  TestMaster_Index1281                                   
2000273c  TestMaster_Index1282                                   
2000276c  TestMaster_Index1283                                   
2000279c  TestMaster_Index1A00                                   
200027cc  TestMaster_Index1A01                                   
200027fc  TestMaster_Index1A02                                   
2000282c  TestMaster_Index1A03                                   
2000285c  pxCurrentTCB                                           
2000288c  TestMaster_Index1600                                   
200028b0  TestMaster_Index1601                                   
200028d4  TestMaster_Index1602                                   
200028f8  TestMaster_Index1603                                   
2000291c  TestMaster_Index1F22                                   
20002940  g_ui32ErrFlag                                          
20002944  g_ui32RXMsgCount                                       
20002948  g_ui32TXMsgCount                                       
2000295c  TestMaster_Index1800_callbacks                         
20002978  TestMaster_Index1801_callbacks                         
20002994  TestMaster_Index1802_callbacks                         
200029b0  TestMaster_Index1803_callbacks                         
200029cc  pulse                                                  
200029d0  last_pulse                                             
200029d4  circle                                                 
200029d8  dir                                                    
200029dc  ton                                                    
200029e0  toff                                                   
200029e4  TestMaster_Index1016                                   
200029fc  PD4_Position                                           
20002a0c  PD4_SubMode                                            
20002a1c  __homing_step                                          
20002a2c  g_need_init                                            
20002a3c  __TI_cleanup_ptr                                       
20002a40  __TI_dtors_ptr                                         
20002a44  __TI_enable_exit_profile_output                        
20002a48  TestMaster_Index1000                                   
20002a54  TestMaster_Index1001                                   
20002a60  TestMaster_Index1005                                   
20002a6c  TestMaster_Index1006                                   
20002a78  TestMaster_Index1014                                   
20002a84  TestMaster_Index2011                                   
20002a90  TestMaster_Index2012                                   
20002a9c  TestMaster_Index2013                                   
20002aa8  TestMaster_Index2014                                   
20002ab4  TestMaster_Index2015                                   
20002ac0  TestMaster_Index2021                                   
20002acc  TestMaster_Index2022                                   
20002ad8  TestMaster_Index2023                                   
20002ae4  TestMaster_Index2024                                   
20002af0  TestMaster_Index2025                                   
20002afc  TestMaster_Index2031                                   
20002b08  TestMaster_Index2032                                   
20002b14  TestMaster_Index2033                                   
20002b20  TestMaster_Index2034                                   
20002b2c  TestMaster_Index2035                                   
20002b38  TestMaster_Index2041                                   
20002b44  TestMaster_Index2042                                   
20002b50  TestMaster_Index2043                                   
20002b5c  TestMaster_Index2044                                   
20002b68  TestMaster_Index2045                                   
20002b74  TestMaster_obj1A00                                     
20002b80  TestMaster_obj1A01                                     
20002b8c  TestMaster_obj1A02                                     
20002b98  TestMaster_obj1A03                                     
20002ba4  total_sleep_time                                       
20002ba8  last_timer_raw                                         
20002bac  tdcount                                                
20002bb0  _lock                                                  
20002bb4  _unlock                                                
20002bb8  PD4_Controlword                                        
20002bc0  PD4_Status                                             
20002bc8  _PD4_speed_tmp                                         
20002bcc  _PD4_pos_tmp                                           
20002bd0  TestMaster_obj1600                                     
20002bd8  TestMaster_obj1601                                     
20002be0  TestMaster_obj1602                                     
20002be8  TestMaster_obj1603                                     
20002bf0  TestMaster_obj1F22                                     
20002c05  PD4_Mode                                               
20002c09  _start_flag                                            
20002c0a  _cur_pos                                               
20002c0b  _len                                                   
20002c0c  TestMaster_Index1005_callbacks                         
20002c10  TestMaster_Index1006_callbacks                         
20002c14  TestMaster_obj1003                                     
20002c18  TestMaster_obj1016                                     
20002c1c  g_trip_bit4                                            
20002c24  main_func_sp                                           
20002c28  __stack                                                
20002d28  __STACK_END                                            
20002d28  __STACK_TOP                                            
ffffffff  __TI_pprof_out_hndl                                    
ffffffff  __TI_prof_data_size                                    
ffffffff  __TI_prof_data_start                                   
ffffffff  __binit__                                              
ffffffff  __c_args__                                             
ffffffff  binit                                                  
UNDEFED   SHT$$INIT_ARRAY$$Base                                  
UNDEFED   SHT$$INIT_ARRAY$$Limit                                 

[451 symbols]
