******************************************************************************
                  TI ARM Linker PC v16.9.7                     
******************************************************************************
>> Linked Mon Jun 25 12:00:35 2018

OUTPUT FILE NAME:   <launchpad.out>
ENTRY POINT SYMBOL: "_c_int00"  address: 00004875


MEMORY CONFIGURATION

         name            origin    length      used     unused   attr    fill
----------------------  --------  ---------  --------  --------  ----  --------
  FLASH                 00000000   00040000  00006668  00039998  R  X
  SRAM                  20000000   00008000  00002538  00005ac8  RW X


SEGMENT ALLOCATION MAP

run origin  load origin   length   init length attrs members
----------  ----------- ---------- ----------- ----- -------
00000000    00000000    00006668   00006668    r-x
  00000000    00000000    0000026c   0000026c    r-- .intvecs
  0000026c    0000026c    000059f0   000059f0    r-x .text
  00005c5c    00005c5c    0000061c   0000061c    r-- .const
  00006278    00006278    000003f0   000003f0    r-- .cinit
20000000    20000000    00002538   00000000    rw-
  20000000    20000000    0000026c   00000000    rw- .vtable
  2000026c    2000026c    0000159c   00000000    rw- .bss
  20001808    20001808    00000c30   00000000    rw- .data
  20002438    20002438    00000100   00000000    rw- .stack


SECTION ALLOCATION MAP

 output                                  attributes/
section   page    origin      length       input sections
--------  ----  ----------  ----------   ----------------
.intvecs   0    00000000    0000026c     
                  00000000    0000026c     startup_ccs.obj (.intvecs)

.text      0    0000026c    000059f0     
                  0000026c    00001076     sdo.obj (.text:proceedSDO)
                  000012e2    00000002     startup_ccs.obj (.text:FaultISR)
                  000012e4    00000258     PD4Master.obj (.text:TestMaster_scanIndexOD)
                  0000153c    00000222     pdo.obj (.text:proceedPDO)
                  0000175e    00000002     startup_ccs.obj (.text:IntDefaultHandler)
                  00001760    00000204     PD4_task.obj (.text:PD4Master_task)
                  00001964    000001ea     uartstdio.obj (.text:UARTvprintf)
                  00001b4e    00000002     startup_ccs.obj (.text:NmiSR)
                  00001b50    00000164     cmd_task.obj (.text:cmd_task)
                  00001cb4    0000015a     sdo.obj (.text:_writeNetworkDict)
                  00001e0e    00000002     Master.obj (.text:PD4Master_heartbeatError)
                  00001e10    00000144     states.obj (.text:setNodeId)
                  00001f54    0000011c     pdo.obj (.text:_sendPDOevent)
                  00002070    00000118     queue.obj (.text:xQueueGenericReceive)
                  00002188    00000110     driverlib.lib : sysctl.obj (.text:SysCtlClockGet)
                  00002298    00000110     states.obj (.text:switchCommunicationState)
                  000023a8    00000104     tasks.obj (.text:xTaskIncrementTick)
                  000024ac    00000102     states.obj (.text:setState)
                  000025ae    00000002     Master.obj (.text:PD4Master_post_TPDO)
                  000025b0    00000100     tasks.obj (.text:xTaskGenericCreate)
                  000026b0    000000fc     lifegrd.obj (.text:proceedNODE_GUARD)
                  000027ac    000000f4     objacces.obj (.text:_setODentry)
                  000028a0    000000f0     pdo.obj (.text:sendOnePDOevent)
                  00002990    000000e8     queue.obj (.text:xQueueGenericSend)
                  00002a78    000000e4     tasks.obj (.text:xTaskResumeAll)
                  00002b5c    000000dc     CO_driver.obj (.text:CAN0IntHandler)
                  00002c38    000000d8     pdo.obj (.text:buildPDO)
                  00002d10    000000d2     portasm.obj (.text)
                  00002de2    00000002     Master.obj (.text:PD4Master_post_sync)
                  00002de4    000000d0     CO_driver.obj (.text:can_init)
                  00002eb4    000000c8     MA3encoder.obj (.text:inputInt)
                  00002f7c    000000c4     objacces.obj (.text:_getODentry)
                  00003040    000000c0     cmdUart.obj (.text:cmd_uart_init_handler)
                  00003100    000000b8     timer.obj (.text:TimeDispatch)
                  000031b8    000000b0     pdo.obj (.text:CopyBits)
                  00003268    000000a8     heap_2.obj (.text:pvPortMalloc)
                  00003310    000000a0     timer.obj (.text:SetAlarm)
                  000033b0    0000009c     rtsv7M4_T_le_v4SPD16_eabi.lib : memcpy_t2.obj (.text)
                  0000344c    00000098     cmdUart.obj (.text:cmd_uart_init)
                  000034e4    00000094     nmtSlave.obj (.text:proceedNMTstateChange)
                  00003578    00000090     Master.obj (.text:PD4Master_writeSlaveParam)
                  00003608    00000090     sdo.obj (.text:initSDOline)
                  00003698    00000090     tasks.obj (.text:vTaskPriorityInherit)
                  00003728    0000008c     tasks.obj (.text:vTaskSwitchContext)
                  000037b4    00000084     driver.obj (.text:driver_init_hardware)
                  00003838    00000084     tasks.obj (.text:vTaskDelayUntil)
                  000038bc    00000084     queue.obj (.text:xQueueGenericReset)
                  00003940    00000080     Master.obj (.text:CanOpen_Change_Param)
                  000039c0    0000007a     rtsv7M4_T_le_v4SPD16_eabi.lib : memset_t2.obj (.text)
                  00003a3a    00000002     pdo.obj (.text:_RxPDO_EventTimers_Handler)
                  00003a3c    00000078     lifegrd.obj (.text:heartbeatInit)
                  00003ab4    00000078     tasks.obj (.text:xTaskPriorityDisinherit)
                  00003b2c    00000074     CO_driver.obj (.text:CO_Timerinit)
                  00003ba0    00000074     PD4_task.obj (.text:PD4Master_taskInit)
                  00003c14    00000074     sdo.obj (.text:SDOTimeoutAlarm)
                  00003c88    00000074     lifegrd.obj (.text:nodeguardInit)
                  00003cfc    00000074     sdo.obj (.text:sendSDO)
                  00003d70    00000074     tasks.obj (.text:xTaskRemoveFromEventList)
                  00003de4    00000072     queue.obj (.text:prvCopyDataToQueue)
                  00003e56    00000002     lifegrd.obj (.text:_heartbeatError)
                  00003e58    00000070     rtsv7M4_T_le_v4SPD16_eabi.lib : autoinit.obj (.text)
                  00003ec8    0000006e     pdo.obj (.text:TPDO_Communication_Parameter_Callback)
                  00003f36    0000006c     sdo.obj (.text:failedSDO)
                  00003fa2    00000002     states.obj (.text:_initialisation)
                  00003fa4    00000068     driverlib.lib : interrupt.obj (.text:IntEnable)
                  0000400c    00000068     states.obj (.text:canDispatch)
                  00004074    00000068     rtsv7M4_T_le_v4SPD16_eabi.lib : copy_decompress_lzss.obj (.text:decompress:lzss)
                  000040dc    00000068     sync.obj (.text:startSYNC)
                  00004144    00000064     driver.obj (.text:ConfigureUART)
                  000041a8    00000064     pdo.obj (.text:PDOStop)
                  0000420c    00000064     tasks.obj (.text:vTaskPlaceOnEventList)
                  00004270    00000062     lifegrd.obj (.text:GuardTimeAlarm)
                  000042d2    00000062     queue.obj (.text:prvUnlockQueue)
                  00004334    00000060     MA3encoder.obj (.text:MA3_encoder_init)
                  00004394    00000060     uartstdio.obj (.text:UARTStdioConfig)
                  000043f4    00000060     tasks.obj (.text:prvInitialiseTaskLists)
                  00004454    00000060     tasks.obj (.text:vTaskStartScheduler)
                  000044b4    0000005c     driverlib.lib : can.obj (.text:_CANIntNumberGet)
                  00004510    0000005c     tasks.obj (.text:vTaskDelay)
                  0000456c    0000005c     queue.obj (.text:xQueueGenericSendFromISR)
                  000045c8    00000058     MA3encoder.obj (.text:Captureinit)
                  00004620    00000058     tasks.obj (.text:prvCheckTasksWaitingTermination)
                  00004678    00000056     pdo.obj (.text:sendPDOrequest)
                  000046ce    00000056     queue.obj (.text:xQueueGiveFromISR)
                  00004724    00000054     CO_driver.obj (.text:CO_TimerIntHandler)
                  00004778    00000054     Master.obj (.text:CanOpen_Reset_RPDO)
                  000047cc    00000054     PD4_task.obj (.text:PD4Master_set_pos)
                  00004820    00000054     tasks.obj (.text:prvInitialiseTCBVariables)
                  00004874    00000054     rtsv7M4_T_le_v4SPD16_eabi.lib : boot.obj (.text)
                  000048c8    00000054                                   : exit.obj (.text)
                  0000491c    00000054     tasks.obj (.text:xTaskCheckForTimeOut)
                  00004970    00000052     Master.obj (.text:PD4Master_post_emcy)
                  000049c2    00000002     lifegrd.obj (.text:_nodeguardError)
                  000049c4    00000050     led_task.obj (.text:LEDTask)
                  00004a14    0000004e     Master.obj (.text:CanOpen_setMaster)
                  00004a62    0000004c     Master.obj (.text:CanOpen_Reset_TPDO)
                  00004aae    00000002     states.obj (.text:_operational)
                  00004ab0    0000004c     pdo.obj (.text:PDOInit)
                  00004afc    0000004c     driverlib.lib : timer.obj (.text:_TimerIntNumberGet)
                  00004b48    0000004c     tasks.obj (.text:prvAddCurrentTaskToDelayedList)
                  00004b94    0000004c     rtsv7M4_T_le_v4SPD16_eabi.lib : cpy_tbl.obj (.text)
                  00004be0    0000004c     queue.obj (.text:xQueueCreateMutex)
                  00004c2c    00000048     sdo.obj (.text:GetSDOClientFromNodeId)
                  00004c74    00000048     lifegrd.obj (.text:ProducerHeartbeatAlarm)
                  00004cbc    00000048     uartstdio.obj (.text:UARTwrite)
                  00004d04    00000048     cmdUart.obj (.text:cmd_uart_send)
                  00004d4c    00000044     driverlib.lib : gpio.obj (.text:_GPIOIntNumberGet)
                  00004d90    00000044     CO_driver.obj (.text:can_write)
                  00004dd4    00000044     cmd_task.obj (.text:cmd_taskInit)
                  00004e18    00000044     sdo.obj (.text:lineToSDO)
                  00004e5c    00000044     heap_2.obj (.text:vPortFree)
                  00004ea0    00000042     sdo.obj (.text:objdictToSDOline)
                  00004ee2    00000040     sdo.obj (.text:SDOtoLine)
                  00004f22    00000002     lifegrd.obj (.text:_post_SlaveBootup)
                  00004f24    00000040     driverlib.lib : uart.obj (.text:_UARTIntNumberGet)
                  00004f64    00000040     rtsv7M4_T_le_v4SPD16_eabi.lib : u_divt2.obj (.text)
                  00004fa4    00000040     port.obj (.text:xPortStartScheduler)
                  00004fe4    0000003c     queue.obj (.text:xQueueGenericCreate)
                  00005020    0000003a     tasks.obj (.text:prvAllocateTCBAndStack)
                  0000505a    0000003a     sdo.obj (.text:sendSDOabort)
                  00005094    00000038     sdo.obj (.text:SDOlineToObjdict)
                  000050cc    00000038     list.obj (.text:vListInsert)
                  00005104    00000036     lifegrd.obj (.text:heartbeatStop)
                  0000513a    00000002     lifegrd.obj (.text:_post_SlaveStateChange)
                  0000513c    00000034     CO_driver.obj (.text:CO_start_listening)
                  00005170    00000034     driverlib.lib : interrupt.obj (.text:IntRegister)
                  000051a4    00000034     led_task.obj (.text:LEDTaskInit)
                  000051d8    00000034     Master.obj (.text:PD4Master_confSlaveNode)
                  0000520c    00000034     Master.obj (.text:PD4Master_post_SlaveStateChange)
                  00005240    00000034     driverlib.lib : sysctl.obj (.text:SysCtlPeripheralEnable)
                  00005274    00000034     sdo.obj (.text:closeSDOtransfer)
                  000052a8    00000034     sdo.obj (.text:resetSDOline)
                  000052dc    00000030     timer.obj (.text:DelAlarm)
                  0000530c    00000030     PD4_task.obj (.text:PD4Master_set_ctrl)
                  0000533c    00000030     heap_2.obj (.text:prvHeapInit)
                  0000536c    0000002e     sdo.obj (.text:getSDOlineOnUse)
                  0000539a    0000002c     sync.obj (.text:stopSYNC)
                  000053c6    00000002     sync.obj (.text:_post_TPDO)
                  000053c8    0000002c     port.obj (.text:xPortSysTickHandler)
                  000053f4    0000002a     lifegrd.obj (.text:ConsumerHeartbeatAlarm)
                  0000541e    0000002a     emcy.obj (.text:OnNumberOfErrorsUpdate)
                  00005448    0000002a     sdo.obj (.text:getSDOlineToClose)
                  00005472    0000002a     sync.obj (.text:proceedSYNC)
                  0000549c    0000002a     nmtSlave.obj (.text:slaveSendBootUp)
                  000054c6    00000002     emcy.obj (.text:_post_emcy)
                  000054c8    00000028     PD4_task.obj (.text:PD4Master_set_speed)
                  000054f0    00000028     CO_driver.obj (.text:canSend)
                  00005518    00000028     CO_driver.obj (.text:getElapsedTime)
                  00005540    00000028     main.obj (.text:main)
                  00005568    00000028     nmtMaster.obj (.text:masterSendNMTstateChange)
                  00005590    00000028     tasks.obj (.text:prvResetNextTaskUnblockTime)
                  000055b8    00000028     port.obj (.text:pxPortInitialiseStack)
                  000055e0    00000028     CO_driver.obj (.text:setTimer)
                  00005608    00000028     sdo.obj (.text:writeNetworkDictCallBack)
                  00005630    00000026     objacces.obj (.text:RegisterSetODentryCallBack)
                  00005656    00000026     queue.obj (.text:prvCopyDataFromQueue)
                  0000567c    00000026     pdo.obj (.text:sendPdo)
                  000056a2    00000002     sync.obj (.text:_post_sync)
                  000056a4    00000024     driverlib.lib : interrupt.obj (.text:IntPrioritySet)
                  000056c8    00000024     PD4_task.obj (.text:PD4Master_get_flag)
                  000056ec    00000024     pdo.obj (.text:PDOInhibitTimerAlarm)
                  00005710    00000024     rtsv7M4_T_le_v4SPD16_eabi.lib : memcmp.obj (.text)
                  00005734    00000022     Master.obj (.text:PD4Master_initialisation)
                  00005756    00000002     states.obj (.text:_stopped)
                  00005758    00000022     Master.obj (.text:PD4Master_preOperational)
                  0000577a    00000022     pdo.obj (.text:PDOEventTimerAlarm)
                  0000579c    00000022     nmtMaster.obj (.text:masterSendNMTnodeguard)
                  000057be    00000022     emcy.obj (.text:proceedEMCY)
                  000057e0    00000022     sync.obj (.text:sendSYNCMessage)
                  00005802    00000002     objacces.obj (.text:_storeODSubIndex)
                  00005804    00000020     Master.obj (.text:CheckSDOAndContinue)
                  00005824    00000020     emcy.obj (.text:emergencyInit)
                  00005844    00000020     list.obj (.text:uxListRemove)
                  00005864    0000001f     Master.obj (.text:PD4Master_operational)
                  00005883    00000001     --HOLE-- [fill = 0]
                  00005884    0000001e     PD4_task.obj (.text:PD4Master_stop)
                  000058a2    00000002     emcy.obj (.text:emergencyStop)
                  000058a4    0000001c     CO_driver.obj (.text:CO_timer_start)
                  000058c0    0000001c     queue.obj (.text:prvIsQueueFull)
                  000058dc    0000001c     port.obj (.text:vPortEnterCritical)
                  000058f8    0000001b     Master.obj (.text:PD4Master_stopped)
                  00005913    00000001     --HOLE-- [fill = 0]
                  00005914    0000001a     uartstdio.obj (.text:UARTprintf)
                  0000592e    0000001a     sdo.obj (.text:getSDOfreeLine)
                  00005948    0000001a     sdo.obj (.text:getSDOlineRestBytes)
                  00005962    0000001a     queue.obj (.text:prvIsQueueEmpty)
                  0000597c    00000018     driverlib.lib : can.obj (.text:CANIntRegister)
                  00005994    00000018                   : gpio.obj (.text:GPIOIntRegister)
                  000059ac    00000018     PD4Master.obj (.text:TestMaster_valueRangeTest)
                  000059c4    00000018     driverlib.lib : timer.obj (.text:TimerIntRegister)
                  000059dc    00000018                   : uart.obj (.text:UARTIntRegister)
                  000059f4    00000018     tasks.obj (.text:pvTaskIncrementMutexHeldCount)
                  00005a0c    00000018     rtsv7M4_T_le_v4SPD16_eabi.lib : args_main.obj (.text)
                  00005a24    00000018     list.obj (.text:vListInsertEnd)
                  00005a3c    00000018     port.obj (.text:vPortExitCritical)
                  00005a54    00000018     tasks.obj (.text:vTaskSetTimeOutState)
                  00005a6c    00000016     list.obj (.text:vListInitialise)
                  00005a82    00000002     rtsv7M4_T_le_v4SPD16_eabi.lib : i_div0.obj (.text)
                  00005a84    00000014                                   : _lock.obj (.text)
                  00005a98    00000014     sync.obj (.text:sendSYNC)
                  00005aac    00000014     sdo.obj (.text:setSDOlineRestBytes)
                  00005ac0    00000014     port.obj (.text:vPortSetupTimerInterrupt)
                  00005ad4    00000012     lifegrd.obj (.text:OnHeartbeatProducerUpdate)
                  00005ae6    00000012     lifegrd.obj (.text:OnNodeGuardUpdate)
                  00005af8    00000012     lifegrd.obj (.text:nodeguardStop)
                  00005b0a    00000012     tasks.obj (.text:prvDeleteTCB)
                  00005b1c    00000012     objacces.obj (.text:scanIndexOD)
                  00005b2e    00000010     driverlib.lib : interrupt.obj (.text:IntMasterEnable)
                  00005b3e    00000002     rtsv7M4_T_le_v4SPD16_eabi.lib : mpu_init.obj (.text)
                  00005b40    00000010     PD4_task.obj (.text:PD4Master_get_encoder)
                  00005b50    00000010     states.obj (.text:_preOperational)
                  00005b60    00000010     lifegrd.obj (.text:lifeGuardInit)
                  00005b70    00000010     lifegrd.obj (.text:lifeGuardStop)
                  00005b80    00000010     port.obj (.text:prvTaskExitError)
                  00005b90    00000010     tasks.obj (.text:vTaskSuspendAll)
                  00005ba0    0000000e     driverlib.lib : uart.obj (.text:UARTCharGetNonBlocking)
                  00005bae    0000000e     rtsv7M4_T_le_v4SPD16_eabi.lib : copy_decompress_none.obj (.text:decompress:none)
                  00005bbc    0000000c     CO_driver.obj (.text:CO_driver_init)
                  00005bc8    0000000c     driverlib.lib : cpu.obj (.text:CPUcpsie)
                  00005bd4    0000000c                   : gpio.obj (.text:GPIOIntEnable)
                  00005be0    0000000c     MA3encoder.obj (.text:MA3_encoder_get_value)
                  00005bec    0000000c     rtsv7M4_T_le_v4SPD16_eabi.lib : copy_zero_init.obj (.text:decompress:ZI)
                  00005bf8    0000000c     tasks.obj (.text:vTaskMissedYield)
                  00005c04    0000000c     tasks.obj (.text:xTaskGetTickCount)
                  00005c10    0000000a     sync.obj (.text:OnCOB_ID_SyncUpdate)
                  00005c1a    0000000a     driverlib.lib : uart.obj (.text:UARTFIFOEnable)
                  00005c24    00000008     tasks.obj (.text:prvIdleTask)
                  00005c2c    00000006     driverlib.lib : gpio.obj (.text:GPIOIntClear)
                  00005c32    00000006     startup_ccs.obj (.text:ResetISR)
                  00005c38    00000006     driverlib.lib : uart.obj (.text:UARTClockSourceSet)
                  00005c3e    00000006     states.obj (.text:getNodeId)
                  00005c44    00000006     sdo.obj (.text:resetSDO)
                  00005c4a    00000006     list.obj (.text:vListInitialiseItem)
                  00005c50    00000004     sync.obj (.text:SyncAlarm)
                  00005c54    00000004     rtsv7M4_T_le_v4SPD16_eabi.lib : pre_init.obj (.text)
                  00005c58    00000002                                   : startup.obj (.text)
                  00005c5a    00000002     main.obj (.text:vApplicationStackOverflowHook)

.const     0    00005c5c    0000061c     
                  00005c5c    00000180     PD4Master.obj (.const:TestMaster_objdict)
                  00005ddc    000000d8     driverlib.lib : gpio.obj (.const:g_ppui32GPIOIntMapSnowflake)
                  00005eb4    000000c0                   : gpio.obj (.const:g_ppui32GPIOIntMapBlizzard)
                  00005f74    0000009c                   : interrupt.obj (.const:g_pui32Regs)
                  00006010    00000070                   : interrupt.obj (.const)
                  00006080    0000006c                   : sysctl.obj (.const:g_pui32Xtals)
                  000060ec    00000060                   : timer.obj (.const:g_ppui32TimerIntMap)
                  0000614c    00000040                   : timer.obj (.const:g_ppui32TimerIntMapSnowflake)
                  0000618c    00000040                   : uart.obj (.const:g_ppui32UARTIntMap)
                  000061cc    00000040                   : uart.obj (.const:g_ppui32UARTIntMapSnowflake)
                  0000620c    00000012     PD4Master.obj (.const:.string)
                  0000621e    00000002     --HOLE-- [fill = 0]
                  00006220    00000010     states.obj (.const:$P$T4$5)
                  00006230    00000010     states.obj (.const:$P$T5$6)
                  00006240    0000000c     PD4Master.obj (.const:TestMaster_firstIndex)
                  0000624c    0000000c     PD4Master.obj (.const:TestMaster_lastIndex)
                  00006258    0000000c     uartstdio.obj (.const:g_ui32UARTBase)
                  00006264    0000000c     uartstdio.obj (.const:g_ui32UARTPeriph)
                  00006270    00000004     PD4Master.obj (.const)
                  00006274    00000004     port.obj (.const)

.cinit     0    00006278    000003f0     
                  00006278    000003b8     (.cinit..data.load) [load image, compression = lzss]
                  00006630    0000000c     (__TI_handler_table)
                  0000663c    00000004     --HOLE-- [fill = 0]
                  00006640    00000008     (.cinit..bss.load) [load image, compression = zero_init]
                  00006648    00000008     (.cinit..vtable.load) [load image, compression = zero_init]
                  00006650    00000018     (__TI_cinit_table)

.init_array 
*          0    00000000    00000000     UNINITIALIZED

.vtable    0    20000000    0000026c     UNINITIALIZED
                  20000000    0000026c     driverlib.lib : interrupt.obj (.vtable)

.bss       0    2000026c    0000159c     UNINITIALIZED
                  2000026c    00001388     heap_2.obj (.bss:ucHeap)
                  200015f4    00000140     tasks.obj (.bss:pxReadyTasksLists)
                  20001734    00000014     tasks.obj (.bss:xDelayedTaskList1)
                  20001748    00000014     tasks.obj (.bss:xDelayedTaskList2)
                  2000175c    00000014     tasks.obj (.bss:xPendingReadyList)
                  20001770    00000014     tasks.obj (.bss:xSuspendedTaskList)
                  20001784    00000014     tasks.obj (.bss:xTasksWaitingTermination)
                  20001798    00000014     (.common:g_sCAN0RxMessage)
                  200017ac    00000014     (.common:g_sCAN0TxMessage)
                  200017c0    0000000c     (.common:g_RxMessage)
                  200017cc    0000000c     (.common:g_cmd_uart_fifo)
                  200017d8    00000008     tasks.obj (.bss)
                  200017e0    00000008     heap_2.obj (.bss:xEnd)
                  200017e8    00000008     heap_2.obj (.bss:xStart)
                  200017f0    00000004     Master.obj (.bss)
                  200017f4    00000004     (.common:g_PD4_Semaphore)
                  200017f8    00000004     (.common:g_SDO_Mutex)
                  200017fc    00000004     (.common:g_SDO_Semaphore)
                  20001800    00000004     (.common:g_Slave_Queue)
                  20001804    00000004     (.common:g_cmd_Queue)

.data      0    20001808    00000c30     UNINITIALIZED
                  20001808    0000023c     PD4Master.obj (.data:TestMaster_Data)
                  20001a44    000000ee     PD4Master.obj (.data)
                  20001b32    00000002     PD4Master.obj (.data:TestMaster_heartBeatTimers)
                  20001b34    000000c0     timer.obj (.data:timers)
                  20001bf4    00000054     PD4Master.obj (.data:TestMaster_Index1401)
                  20001c48    00000054     PD4Master.obj (.data:TestMaster_Index1402)
                  20001c9c    00000054     PD4Master.obj (.data:TestMaster_Index1403)
                  20001cf0    00000054     PD4Master.obj (.data:TestMaster_Index1800)
                  20001d44    00000054     PD4Master.obj (.data:TestMaster_Index1801)
                  20001d98    00000054     PD4Master.obj (.data:TestMaster_Index1802)
                  20001dec    00000054     PD4Master.obj (.data:TestMaster_Index1803)
                  20001e40    00000048     PD4Master.obj (.data:TestMaster_Index1400)
                  20001e88    00000048     PD4Master.obj (.data:TestMaster_PDO_status)
                  20001ed0    0000003c     PD4Master.obj (.data:TestMaster_Index1018)
                  20001f0c    00000030     PD4Master.obj (.data:TestMaster_Index1280)
                  20001f3c    00000030     PD4Master.obj (.data:TestMaster_Index1281)
                  20001f6c    00000030     PD4Master.obj (.data:TestMaster_Index1282)
                  20001f9c    00000030     PD4Master.obj (.data:TestMaster_Index1283)
                  20001fcc    00000030     PD4Master.obj (.data:TestMaster_Index1A00)
                  20001ffc    00000030     PD4Master.obj (.data:TestMaster_Index1A01)
                  2000202c    00000030     PD4Master.obj (.data:TestMaster_Index1A02)
                  2000205c    00000030     PD4Master.obj (.data:TestMaster_Index1A03)
                  2000208c    00000030     tasks.obj (.data)
                  200020bc    00000024     PD4Master.obj (.data:TestMaster_Index1600)
                  200020e0    00000024     PD4Master.obj (.data:TestMaster_Index1601)
                  20002104    00000024     PD4Master.obj (.data:TestMaster_Index1602)
                  20002128    00000024     PD4Master.obj (.data:TestMaster_Index1603)
                  2000214c    00000024     PD4Master.obj (.data:TestMaster_Index1F22)
                  20002170    0000001c     CO_driver.obj (.data)
                  2000218c    0000001c     PD4Master.obj (.data:TestMaster_Index1800_callbacks)
                  200021a8    0000001c     PD4Master.obj (.data:TestMaster_Index1801_callbacks)
                  200021c4    0000001c     PD4Master.obj (.data:TestMaster_Index1802_callbacks)
                  200021e0    0000001c     PD4Master.obj (.data:TestMaster_Index1803_callbacks)
                  200021fc    00000018     MA3encoder.obj (.data)
                  20002214    00000018     PD4Master.obj (.data:TestMaster_Index1016)
                  2000222c    00000010     PD4Master.obj (.data:PD4_Position)
                  2000223c    00000010     PD4Master.obj (.data:PD4_SubMode)
                  2000224c    0000000c     rtsv7M4_T_le_v4SPD16_eabi.lib : exit.obj (.data:$O1$$)
                  20002258    0000000c     PD4Master.obj (.data:TestMaster_Index1000)
                  20002264    0000000c     PD4Master.obj (.data:TestMaster_Index1001)
                  20002270    0000000c     PD4Master.obj (.data:TestMaster_Index1005)
                  2000227c    0000000c     PD4Master.obj (.data:TestMaster_Index1006)
                  20002288    0000000c     PD4Master.obj (.data:TestMaster_Index1014)
                  20002294    0000000c     PD4Master.obj (.data:TestMaster_Index2011)
                  200022a0    0000000c     PD4Master.obj (.data:TestMaster_Index2012)
                  200022ac    0000000c     PD4Master.obj (.data:TestMaster_Index2013)
                  200022b8    0000000c     PD4Master.obj (.data:TestMaster_Index2014)
                  200022c4    0000000c     PD4Master.obj (.data:TestMaster_Index2015)
                  200022d0    0000000c     PD4Master.obj (.data:TestMaster_Index2021)
                  200022dc    0000000c     PD4Master.obj (.data:TestMaster_Index2022)
                  200022e8    0000000c     PD4Master.obj (.data:TestMaster_Index2023)
                  200022f4    0000000c     PD4Master.obj (.data:TestMaster_Index2024)
                  20002300    0000000c     PD4Master.obj (.data:TestMaster_Index2025)
                  2000230c    0000000c     PD4Master.obj (.data:TestMaster_Index2031)
                  20002318    0000000c     PD4Master.obj (.data:TestMaster_Index2032)
                  20002324    0000000c     PD4Master.obj (.data:TestMaster_Index2033)
                  20002330    0000000c     PD4Master.obj (.data:TestMaster_Index2034)
                  2000233c    0000000c     PD4Master.obj (.data:TestMaster_Index2035)
                  20002348    0000000c     PD4Master.obj (.data:TestMaster_Index2041)
                  20002354    0000000c     PD4Master.obj (.data:TestMaster_Index2042)
                  20002360    0000000c     PD4Master.obj (.data:TestMaster_Index2043)
                  2000236c    0000000c     PD4Master.obj (.data:TestMaster_Index2044)
                  20002378    0000000c     PD4Master.obj (.data:TestMaster_Index2045)
                  20002384    0000000c     PD4Master.obj (.data:TestMaster_obj1A00)
                  20002390    0000000c     PD4Master.obj (.data:TestMaster_obj1A01)
                  2000239c    0000000c     PD4Master.obj (.data:TestMaster_obj1A02)
                  200023a8    0000000c     PD4Master.obj (.data:TestMaster_obj1A03)
                  200023b4    0000000c     timer.obj (.data)
                  200023c0    00000008     rtsv7M4_T_le_v4SPD16_eabi.lib : _lock.obj (.data:$O1$$)
                  200023c8    00000008     PD4Master.obj (.data:PD4_Controlword)
                  200023d0    00000008     PD4Master.obj (.data:PD4_Status)
                  200023d8    00000008     PD4_task.obj (.data)
                  200023e0    00000008     PD4Master.obj (.data:TestMaster_obj1600)
                  200023e8    00000008     PD4Master.obj (.data:TestMaster_obj1601)
                  200023f0    00000008     PD4Master.obj (.data:TestMaster_obj1602)
                  200023f8    00000008     PD4Master.obj (.data:TestMaster_obj1603)
                  20002400    00000008     PD4Master.obj (.data:TestMaster_obj1F22)
                  20002408    00000008     heap_2.obj (.data)
                  20002410    00000005     uartstdio.obj (.data)
                  20002415    00000004     PD4Master.obj (.data:PD4_Mode)
                  20002419    00000003     cmdUart.obj (.data)
                  2000241c    00000004     PD4Master.obj (.data:TestMaster_Index1005_callbacks)
                  20002420    00000004     PD4Master.obj (.data:TestMaster_Index1006_callbacks)
                  20002424    00000004     PD4Master.obj (.data:TestMaster_obj1003)
                  20002428    00000004     PD4Master.obj (.data:TestMaster_obj1016)
                  2000242c    00000004     PD4_task.obj (.data:g_trip_bit4)
                  20002430    00000004     port.obj (.data)
                  20002434    00000004     rtsv7M4_T_le_v4SPD16_eabi.lib : stkdepth_vars.obj (.data)

.stack     0    20002438    00000100     UNINITIALIZED
                  20002438    00000100     --HOLE--

MODULE SUMMARY

       Module                     code    ro data   rw data
       ------                     ----    -------   -------
    .\
       PD4Master.obj              624     430       2760   
       startup_ccs.obj            12      620       0      
       main.obj                   42      0         0      
    +--+--------------------------+-------+---------+---------+
       Total:                     678     1050      2760   
                                                           
    .\app\
       led_task.obj               132     0         0      
    +--+--------------------------+-------+---------+---------+
       Total:                     132     0         0      
                                                           
    .\app\CMD\
       cmd_task.obj               424     0         4      
    +--+--------------------------+-------+---------+---------+
       Total:                     424     0         4      
                                                           
    .\app\PD4\
       PD4_task.obj               886     0         28     
       Master.obj                 860     0         4      
    +--+--------------------------+-------+---------+---------+
       Total:                     1746    0         32     
                                                           
    .\bsp\
       CO_driver.obj              908     0         80     
       cmdUart.obj                416     0         15     
       MA3encoder.obj             396     0         24     
       driver.obj                 232     0         0      
    +--+--------------------------+-------+---------+---------+
       Total:                     1952    0         119    
                                                           
    .\third_party\CanFestival\src\
       sdo.obj                    5738    0         0      
       pdo.obj                    1944    0         0      
       states.obj                 986     32        0      
       lifegrd.obj                848     0         0      
       timer.obj                  392     0         204    
       objacces.obj               498     0         0      
       sync.obj                   262     0         0      
       nmtSlave.obj               190     0         0      
       emcy.obj                   112     0         0      
       nmtMaster.obj              74      0         0      
    +--+--------------------------+-------+---------+---------+
       Total:                     11044   32        204    
                                                           
    .\third_party\FreeRTOS\Source\
       tasks.obj                  2324    0         476    
       queue.obj                  1262    0         0      
       list.obj                   140     0         0      
    +--+--------------------------+-------+---------+---------+
       Total:                     3726    0         476    
                                                           
    .\third_party\FreeRTOS\Source\portable\CCS\ARM_CM4F\
       port.obj                   236     4         4      
       portasm.obj                210     0         0      
    +--+--------------------------+-------+---------+---------+
       Total:                     446     4         4      
                                                           
    .\third_party\FreeRTOS\Source\portable\MemMang\
       heap_2.obj                 284     0         5024   
    +--+--------------------------+-------+---------+---------+
       Total:                     284     0         5024   
                                                           
    .\utils\
       uartstdio.obj              684     24        5      
    +--+--------------------------+-------+---------+---------+
       Total:                     684     24        5      
                                                           
    C:/ti/TivaWare_C_Series-2.1.4.178/driverlib/ccs/Debug/driverlib.lib
       interrupt.obj              208     268       620    
       gpio.obj                   110     408       0      
       sysctl.obj                 324     108       0      
       timer.obj                  100     160       0      
       uart.obj                   118     128       0      
       can.obj                    116     0         0      
       cpu.obj                    12      0         0      
    +--+--------------------------+-------+---------+---------+
       Total:                     988     1072      620    
                                                           
    C:\ti\ccsv7\tools\compiler\ti-cgt-arm_16.9.7.LTS\lib\rtsv7M4_T_le_v4SPD16_eabi.lib
       memcpy_t2.obj              156     0         0      
       memset_t2.obj              122     0         0      
       autoinit.obj               112     0         0      
       copy_decompress_lzss.obj   104     0         0      
       exit.obj                   84      0         12     
       boot.obj                   84      0         0      
       cpy_tbl.obj                76      0         0      
       u_divt2.obj                64      0         0      
       memcmp.obj                 36      0         0      
       _lock.obj                  20      0         8      
       args_main.obj              24      0         0      
       copy_decompress_none.obj   14      0         0      
       copy_zero_init.obj         12      0         0      
       pre_init.obj               4       0         0      
       stkdepth_vars.obj          0       0         4      
       i_div0.obj                 2       0         0      
       mpu_init.obj               2       0         0      
       startup.obj                2       0         0      
    +--+--------------------------+-------+---------+---------+
       Total:                     918     0         24     
                                                           
       Stack:                     0       0         256    
       Linker Generated:          0       1004      0      
    +--+--------------------------+-------+---------+---------+
       Grand Total:               23022   3186      9528   


LINKER GENERATED COPY TABLES

__TI_cinit_table @ 00006650 records: 3, size/record: 8, table size: 24
	.data: load addr=00006278, load size=000003b8 bytes, run addr=20001808, run size=00000c30 bytes, compression=lzss
	.bss: load addr=00006640, load size=00000008 bytes, run addr=2000026c, run size=0000159c bytes, compression=zero_init
	.vtable: load addr=00006648, load size=00000008 bytes, run addr=20000000, run size=0000026c bytes, compression=zero_init


LINKER GENERATED HANDLER TABLE

__TI_handler_table @ 00006630 records: 3, size/record: 4, table size: 12
	index: 0, handler: __TI_zero_init
	index: 1, handler: __TI_decompress_lzss
	index: 2, handler: __TI_decompress_none


GLOBAL SYMBOLS: SORTED ALPHABETICALLY BY Name 

address   name                                                   
-------   ----                                                   
000048c9  C$$EXIT                                                
00002b5d  CAN0IntHandler                                         
0000597d  CANIntRegister                                         
00004725  CO_TimerIntHandler                                     
00003b2d  CO_Timerinit                                           
00005bbd  CO_driver_init                                         
0000513d  CO_start_listening                                     
000058a5  CO_timer_start                                         
00005bc9  CPUcpsie                                               
00003941  CanOpen_Change_Param                                   
00004779  CanOpen_Reset_RPDO                                     
00004a63  CanOpen_Reset_TPDO                                     
00004a15  CanOpen_setMaster                                      
000045c9  Captureinit                                            
00004145  ConfigureUART                                          
000053f5  ConsumerHeartbeatAlarm                                 
000031b9  CopyBits                                               
000052dd  DelAlarm                                               
00005c2d  GPIOIntClear                                           
00005bd5  GPIOIntEnable                                          
00005995  GPIOIntRegister                                        
00004c2d  GetSDOClientFromNodeId                                 
00004271  GuardTimeAlarm                                         
00003fa5  IntEnable                                              
00005b2f  IntMasterEnable                                        
000056a5  IntPrioritySet                                         
00005171  IntRegister                                            
000051a5  LEDTaskInit                                            
00005be1  MA3_encoder_get_value                                  
00004335  MA3_encoder_init                                       
00005c11  OnCOB_ID_SyncUpdate                                    
00005ad5  OnHeartbeatProducerUpdate                              
00005ae7  OnNodeGuardUpdate                                      
0000541f  OnNumberOfErrorsUpdate                                 
000051d9  PD4Master_confSlaveNode                                
00005b41  PD4Master_get_encoder                                  
000056c9  PD4Master_get_flag                                     
00001e0f  PD4Master_heartbeatError                               
00005735  PD4Master_initialisation                               
00005865  PD4Master_operational                                  
0000520d  PD4Master_post_SlaveStateChange                        
000025af  PD4Master_post_TPDO                                    
00004971  PD4Master_post_emcy                                    
00002de3  PD4Master_post_sync                                    
00005759  PD4Master_preOperational                               
0000530d  PD4Master_set_ctrl                                     
000047cd  PD4Master_set_pos                                      
000054c9  PD4Master_set_speed                                    
00005885  PD4Master_stop                                         
000058f9  PD4Master_stopped                                      
00003ba1  PD4Master_taskInit                                     
00003579  PD4Master_writeSlaveParam                              
200023c8  PD4_Controlword                                        
20002415  PD4_Mode                                               
2000222c  PD4_Position                                           
200023d0  PD4_Status                                             
2000223c  PD4_SubMode                                            
0000577b  PDOEventTimerAlarm                                     
000056ed  PDOInhibitTimerAlarm                                   
00004ab1  PDOInit                                                
000041a9  PDOStop                                                
00004c75  ProducerHeartbeatAlarm                                 
00005631  RegisterSetODentryCallBack                             
00005c33  ResetISR                                               
00003c15  SDOTimeoutAlarm                                        
00005095  SDOlineToObjdict                                       
00004ee3  SDOtoLine                                              
UNDEFED   SHT$$INIT_ARRAY$$Base                                  
UNDEFED   SHT$$INIT_ARRAY$$Limit                                 
00003311  SetAlarm                                               
00005c51  SyncAlarm                                              
00002189  SysCtlClockGet                                         
00005241  SysCtlPeripheralEnable                                 
00003ec9  TPDO_Communication_Parameter_Callback                  
20001808  TestMaster_Data                                        
20002258  TestMaster_Index1000                                   
20002264  TestMaster_Index1001                                   
20002270  TestMaster_Index1005                                   
2000241c  TestMaster_Index1005_callbacks                         
2000227c  TestMaster_Index1006                                   
20002420  TestMaster_Index1006_callbacks                         
20002288  TestMaster_Index1014                                   
20002214  TestMaster_Index1016                                   
20001ed0  TestMaster_Index1018                                   
20001f0c  TestMaster_Index1280                                   
20001f3c  TestMaster_Index1281                                   
20001f6c  TestMaster_Index1282                                   
20001f9c  TestMaster_Index1283                                   
20001e40  TestMaster_Index1400                                   
20001bf4  TestMaster_Index1401                                   
20001c48  TestMaster_Index1402                                   
20001c9c  TestMaster_Index1403                                   
200020bc  TestMaster_Index1600                                   
200020e0  TestMaster_Index1601                                   
20002104  TestMaster_Index1602                                   
20002128  TestMaster_Index1603                                   
20001cf0  TestMaster_Index1800                                   
2000218c  TestMaster_Index1800_callbacks                         
20001d44  TestMaster_Index1801                                   
200021a8  TestMaster_Index1801_callbacks                         
20001d98  TestMaster_Index1802                                   
200021c4  TestMaster_Index1802_callbacks                         
20001dec  TestMaster_Index1803                                   
200021e0  TestMaster_Index1803_callbacks                         
20001fcc  TestMaster_Index1A00                                   
20001ffc  TestMaster_Index1A01                                   
2000202c  TestMaster_Index1A02                                   
2000205c  TestMaster_Index1A03                                   
2000214c  TestMaster_Index1F22                                   
20002294  TestMaster_Index2011                                   
200022a0  TestMaster_Index2012                                   
200022ac  TestMaster_Index2013                                   
200022b8  TestMaster_Index2014                                   
200022c4  TestMaster_Index2015                                   
200022d0  TestMaster_Index2021                                   
200022dc  TestMaster_Index2022                                   
200022e8  TestMaster_Index2023                                   
200022f4  TestMaster_Index2024                                   
20002300  TestMaster_Index2025                                   
2000230c  TestMaster_Index2031                                   
20002318  TestMaster_Index2032                                   
20002324  TestMaster_Index2033                                   
20002330  TestMaster_Index2034                                   
2000233c  TestMaster_Index2035                                   
20002348  TestMaster_Index2041                                   
20002354  TestMaster_Index2042                                   
20002360  TestMaster_Index2043                                   
2000236c  TestMaster_Index2044                                   
20002378  TestMaster_Index2045                                   
00006272  TestMaster_ObjdictSize                                 
20001e88  TestMaster_PDO_status                                  
20001a44  TestMaster_bDeviceNodeId                               
00006240  TestMaster_firstIndex                                  
20001b32  TestMaster_heartBeatTimers                             
20001a4d  TestMaster_highestSubIndex_obj1003                     
20001a60  TestMaster_highestSubIndex_obj1016                     
20001a64  TestMaster_highestSubIndex_obj1018                     
20001a78  TestMaster_highestSubIndex_obj1280                     
20001a85  TestMaster_highestSubIndex_obj1281                     
20001a91  TestMaster_highestSubIndex_obj1282                     
20001a9d  TestMaster_highestSubIndex_obj1283                     
20001aa9  TestMaster_highestSubIndex_obj1400                     
20001ab8  TestMaster_highestSubIndex_obj1401                     
20001ac9  TestMaster_highestSubIndex_obj1402                     
20001ad9  TestMaster_highestSubIndex_obj1403                     
20001ae9  TestMaster_highestSubIndex_obj1600                     
20001aea  TestMaster_highestSubIndex_obj1601                     
20001aeb  TestMaster_highestSubIndex_obj1602                     
20001aec  TestMaster_highestSubIndex_obj1603                     
20001aed  TestMaster_highestSubIndex_obj1800                     
20001afd  TestMaster_highestSubIndex_obj1801                     
20001b0d  TestMaster_highestSubIndex_obj1802                     
20001b1d  TestMaster_highestSubIndex_obj1803                     
20001b2d  TestMaster_highestSubIndex_obj1A00                     
20001b2e  TestMaster_highestSubIndex_obj1A01                     
20001b2f  TestMaster_highestSubIndex_obj1A02                     
20001b30  TestMaster_highestSubIndex_obj1A03                     
20001b31  TestMaster_highestSubIndex_obj1F22                     
00006270  TestMaster_iam_a_slave                                 
0000624c  TestMaster_lastIndex                                   
20001a48  TestMaster_obj1000                                     
20001a4c  TestMaster_obj1001                                     
20002424  TestMaster_obj1003                                     
20001a50  TestMaster_obj1005                                     
20001a54  TestMaster_obj1006                                     
20001a58  TestMaster_obj100C                                     
20001a5a  TestMaster_obj100D                                     
20001a5c  TestMaster_obj1014                                     
20002428  TestMaster_obj1016                                     
20001a62  TestMaster_obj1017                                     
20001a6c  TestMaster_obj1018_Product_Code                        
20001a70  TestMaster_obj1018_Revision_Number                     
20001a74  TestMaster_obj1018_Serial_Number                       
20001a68  TestMaster_obj1018_Vendor_ID                           
20001a7c  TestMaster_obj1280_COB_ID_Client_to_Server_Transmit_SDO
20001a80  TestMaster_obj1280_COB_ID_Server_to_Client_Receive_SDO 
20001a84  TestMaster_obj1280_Node_ID_of_the_SDO_Server           
20001a88  TestMaster_obj1281_COB_ID_Client_to_Server_Transmit_SDO
20001a8c  TestMaster_obj1281_COB_ID_Server_to_Client_Receive_SDO 
20001a90  TestMaster_obj1281_Node_ID_of_the_SDO_Server           
20001a94  TestMaster_obj1282_COB_ID_Client_to_Server_Transmit_SDO
20001a98  TestMaster_obj1282_COB_ID_Server_to_Client_Receive_SDO 
20001a9c  TestMaster_obj1282_Node_ID_of_the_SDO_Server           
20001aa0  TestMaster_obj1283_COB_ID_Client_to_Server_Transmit_SDO
20001aa4  TestMaster_obj1283_COB_ID_Server_to_Client_Receive_SDO 
20001aa8  TestMaster_obj1283_Node_ID_of_the_SDO_Server           
20001aac  TestMaster_obj1400_COB_ID_used_by_PDO                  
20001ab4  TestMaster_obj1400_Compatibility_Entry                 
20001ab6  TestMaster_obj1400_Event_Timer                         
20001ab2  TestMaster_obj1400_Inhibit_Time                        
20001ab0  TestMaster_obj1400_Transmission_Type                   
20001abc  TestMaster_obj1401_COB_ID_used_by_PDO                  
20001ac4  TestMaster_obj1401_Compatibility_Entry                 
20001ac6  TestMaster_obj1401_Event_Timer                         
20001ac2  TestMaster_obj1401_Inhibit_Time                        
20001ac8  TestMaster_obj1401_SYNC_start_value                    
20001ac0  TestMaster_obj1401_Transmission_Type                   
20001acc  TestMaster_obj1402_COB_ID_used_by_PDO                  
20001ad4  TestMaster_obj1402_Compatibility_Entry                 
20001ad6  TestMaster_obj1402_Event_Timer                         
20001ad2  TestMaster_obj1402_Inhibit_Time                        
20001ad8  TestMaster_obj1402_SYNC_start_value                    
20001ad0  TestMaster_obj1402_Transmission_Type                   
20001adc  TestMaster_obj1403_COB_ID_used_by_PDO                  
20001ae4  TestMaster_obj1403_Compatibility_Entry                 
20001ae6  TestMaster_obj1403_Event_Timer                         
20001ae2  TestMaster_obj1403_Inhibit_Time                        
20001ae8  TestMaster_obj1403_SYNC_start_value                    
20001ae0  TestMaster_obj1403_Transmission_Type                   
200023e0  TestMaster_obj1600                                     
200023e8  TestMaster_obj1601                                     
200023f0  TestMaster_obj1602                                     
200023f8  TestMaster_obj1603                                     
20001af0  TestMaster_obj1800_COB_ID_used_by_PDO                  
20001af8  TestMaster_obj1800_Compatibility_Entry                 
20001afa  TestMaster_obj1800_Event_Timer                         
20001af6  TestMaster_obj1800_Inhibit_Time                        
20001afc  TestMaster_obj1800_SYNC_start_value                    
20001af4  TestMaster_obj1800_Transmission_Type                   
20001b00  TestMaster_obj1801_COB_ID_used_by_PDO                  
20001b08  TestMaster_obj1801_Compatibility_Entry                 
20001b0a  TestMaster_obj1801_Event_Timer                         
20001b06  TestMaster_obj1801_Inhibit_Time                        
20001b0c  TestMaster_obj1801_SYNC_start_value                    
20001b04  TestMaster_obj1801_Transmission_Type                   
20001b10  TestMaster_obj1802_COB_ID_used_by_PDO                  
20001b18  TestMaster_obj1802_Compatibility_Entry                 
20001b1a  TestMaster_obj1802_Event_Timer                         
20001b16  TestMaster_obj1802_Inhibit_Time                        
20001b1c  TestMaster_obj1802_SYNC_start_value                    
20001b14  TestMaster_obj1802_Transmission_Type                   
20001b20  TestMaster_obj1803_COB_ID_used_by_PDO                  
20001b28  TestMaster_obj1803_Compatibility_Entry                 
20001b2a  TestMaster_obj1803_Event_Timer                         
20001b26  TestMaster_obj1803_Inhibit_Time                        
20001b2c  TestMaster_obj1803_SYNC_start_value                    
20001b24  TestMaster_obj1803_Transmission_Type                   
20002384  TestMaster_obj1A00                                     
20002390  TestMaster_obj1A01                                     
2000239c  TestMaster_obj1A02                                     
200023a8  TestMaster_obj1A03                                     
20002400  TestMaster_obj1F22                                     
00005c5c  TestMaster_objdict                                     
000012e5  TestMaster_scanIndexOD                                 
000059ad  TestMaster_valueRangeTest                              
00003101  TimeDispatch                                           
000059c5  TimerIntRegister                                       
00005ba1  UARTCharGetNonBlocking                                 
00005c39  UARTClockSourceSet                                     
00005c1b  UARTFIFOEnable                                         
000059dd  UARTIntRegister                                        
00004395  UARTStdioConfig                                        
00005915  UARTprintf                                             
00001965  UARTvprintf                                            
00004cbd  UARTwrite                                              
200023dc  _PD4_pos_tmp                                           
200023d8  _PD4_speed_tmp                                         
00003a3b  _RxPDO_EventTimers_Handler                             
20002538  __STACK_END                                            
00000100  __STACK_SIZE                                           
20002538  __STACK_TOP                                            
00006650  __TI_CINIT_Base                                        
00006668  __TI_CINIT_Limit                                       
00006630  __TI_Handler_Table_Base                                
0000663c  __TI_Handler_Table_Limit                               
00003e59  __TI_auto_init                                         
2000224c  __TI_cleanup_ptr                                       
00004075  __TI_decompress_lzss                                   
00005baf  __TI_decompress_none                                   
20002250  __TI_dtors_ptr                                         
20002254  __TI_enable_exit_profile_output                        
ffffffff  __TI_pprof_out_hndl                                    
ffffffff  __TI_prof_data_size                                    
ffffffff  __TI_prof_data_start                                   
00000000  __TI_static_base__                                     
00005bed  __TI_zero_init                                         
00005a83  __aeabi_idiv0                                          
000039c1  __aeabi_memclr                                         
000039c1  __aeabi_memclr4                                        
000039c1  __aeabi_memclr8                                        
000033b1  __aeabi_memcpy                                         
000033b1  __aeabi_memcpy4                                        
000033b1  __aeabi_memcpy8                                        
000039c3  __aeabi_memset                                         
000039c3  __aeabi_memset4                                        
000039c3  __aeabi_memset8                                        
00004f65  __aeabi_uidiv                                          
00004f65  __aeabi_uidivmod                                       
ffffffff  __binit__                                              
ffffffff  __c_args__                                             
00005b3f  __mpu_init                                             
20002438  __stack                                                
00005a0d  _args_main                                             
00004875  _c_int00                                               
2000241a  _cur_pos                                               
00002f7d  _getODentry                                            
00003e57  _heartbeatError                                        
00003fa3  _initialisation                                        
2000241b  _len                                                   
200023c0  _lock                                                  
000049c3  _nodeguardError                                        
00005a93  _nop                                                   
00004aaf  _operational                                           
00004f23  _post_SlaveBootup                                      
0000513b  _post_SlaveStateChange                                 
000053c7  _post_TPDO                                             
000054c7  _post_emcy                                             
000056a3  _post_sync                                             
00005b51  _preOperational                                        
00005a8b  _register_lock                                         
00005a85  _register_unlock                                       
00001f55  _sendPDOevent                                          
000027ad  _setODentry                                            
20002419  _start_flag                                            
00005757  _stopped                                               
00005803  _storeODSubIndex                                       
00005c59  _system_post_cinit                                     
00005c55  _system_pre_init                                       
200023c4  _unlock                                                
00001cb5  _writeNetworkDict                                      
000048cd  abort                                                  
ffffffff  binit                                                  
00002c39  buildPDO                                               
0000400d  canDispatch                                            
000054f1  canSend                                                
00002de5  can_init                                               
00004d91  can_write                                              
20002204  circle                                                 
00005275  closeSDOtransfer                                       
00004dd5  cmd_taskInit                                           
0000344d  cmd_uart_init                                          
00003041  cmd_uart_init_handler                                  
00004d05  cmd_uart_send                                          
00004b95  copy_in                                                
20002208  dir                                                    
000037b5  driver_init_hardware                                   
0000513d  driver_init_system                                     
00005825  emergencyInit                                          
000058a3  emergencyStop                                          
000048d5  exit                                                   
00003f37  failedSDO                                              
200017f4  g_PD4_Semaphore                                        
200017c0  g_RxMessage                                            
200017f8  g_SDO_Mutex                                            
200017fc  g_SDO_Semaphore                                        
20001800  g_Slave_Queue                                          
20001804  g_cmd_Queue                                            
200017cc  g_cmd_uart_fifo                                        
20000000  g_pfnRAMVectors                                        
00000000  g_pfnVectors                                           
20001798  g_sCAN0RxMessage                                       
200017ac  g_sCAN0TxMessage                                       
2000242c  g_trip_bit4                                            
20002170  g_ui32ErrFlag                                          
20002174  g_ui32RXMsgCount                                       
20002178  g_ui32TXMsgCount                                       
00005519  getElapsedTime                                         
00005c3f  getNodeId                                              
0000592f  getSDOfreeLine                                         
0000536d  getSDOlineOnUse                                        
00005949  getSDOlineRestBytes                                    
00005449  getSDOlineToClose                                      
00003a3d  heartbeatInit                                          
00005105  heartbeatStop                                          
00003609  initSDOline                                            
00002eb5  inputInt                                               
20002200  last_pulse                                             
200023b8  last_timer_raw                                         
00005b61  lifeGuardInit                                          
00005b71  lifeGuardStop                                          
00004e19  lineToSDO                                              
00005541  main                                                   
20002434  main_func_sp                                           
0000579d  masterSendNMTnodeguard                                 
00005569  masterSendNMTstateChange                               
00005711  memcmp                                                 
000033b1  memcpy                                                 
000039c9  memset                                                 
00003c89  nodeguardInit                                          
00005af9  nodeguardStop                                          
00004ea1  objdictToSDOline                                       
000057bf  proceedEMCY                                            
000034e5  proceedNMTstateChange                                  
000026b1  proceedNODE_GUARD                                      
0000153d  proceedPDO                                             
0000026d  proceedSDO                                             
00005473  proceedSYNC                                            
200021fc  pulse                                                  
00003269  pvPortMalloc                                           
000059f5  pvTaskIncrementMutexHeldCount                          
2000208c  pxCurrentTCB                                           
000055b9  pxPortInitialiseStack                                  
00005c45  resetSDO                                               
000052a9  resetSDOline                                           
00005b1d  scanIndexOD                                            
000028a1  sendOnePDOevent                                        
00004679  sendPDOrequest                                         
00003cfd  sendSDO                                                
0000505b  sendSDOabort                                           
00005a99  sendSYNC                                               
000057e1  sendSYNCMessage                                        
00001e11  setNodeId                                              
00005aad  setSDOlineRestBytes                                    
000024ad  setState                                               
000055e1  setTimer                                               
0000549d  slaveSendBootUp                                        
000040dd  startSYNC                                              
0000539b  stopSYNC                                               
00002299  switchCommunicationState                               
200023bc  tdcount                                                
20001b34  timers                                                 
20002210  toff                                                   
2000220c  ton                                                    
200023b4  total_sleep_time                                       
00006274  ulMaxSyscallInterruptPriority                          
00002d21  ulPortGetIPSR                                          
00005845  uxListRemove                                           
00005c5b  vApplicationStackOverflowHook                          
00005a6d  vListInitialise                                        
00005c4b  vListInitialiseItem                                    
000050cd  vListInsert                                            
00005a25  vListInsertEnd                                         
00002dd5  vPortEnableVFP                                         
000058dd  vPortEnterCritical                                     
00005a3d  vPortExitCritical                                      
00004e5d  vPortFree                                              
00002d99  vPortSVCHandler                                        
00005ac1  vPortSetupTimerInterrupt                               
00002db9  vPortStartFirstTask                                    
00004511  vTaskDelay                                             
00003839  vTaskDelayUntil                                        
00005bf9  vTaskMissedYield                                       
0000420d  vTaskPlaceOnEventList                                  
00003699  vTaskPriorityInherit                                   
00005a55  vTaskSetTimeOutState                                   
00004455  vTaskStartScheduler                                    
00005b91  vTaskSuspendAll                                        
00003729  vTaskSwitchContext                                     
00005609  writeNetworkDictCallBack                               
00002d39  xPortPendSVHandler                                     
00004fa5  xPortStartScheduler                                    
000053c9  xPortSysTickHandler                                    
00004be1  xQueueCreateMutex                                      
00004fe5  xQueueGenericCreate                                    
00002071  xQueueGenericReceive                                   
000038bd  xQueueGenericReset                                     
00002991  xQueueGenericSend                                      
0000456d  xQueueGenericSendFromISR                               
000046cf  xQueueGiveFromISR                                      
0000491d  xTaskCheckForTimeOut                                   
000025b1  xTaskGenericCreate                                     
00005c05  xTaskGetTickCount                                      
000023a9  xTaskIncrementTick                                     
00003ab5  xTaskPriorityDisinherit                                
00003d71  xTaskRemoveFromEventList                               
00002a79  xTaskResumeAll                                         


GLOBAL SYMBOLS: SORTED BY Symbol Address 

address   name                                                   
-------   ----                                                   
00000000  __TI_static_base__                                     
00000000  g_pfnVectors                                           
00000100  __STACK_SIZE                                           
0000026d  proceedSDO                                             
000012e5  TestMaster_scanIndexOD                                 
0000153d  proceedPDO                                             
00001965  UARTvprintf                                            
00001cb5  _writeNetworkDict                                      
00001e0f  PD4Master_heartbeatError                               
00001e11  setNodeId                                              
00001f55  _sendPDOevent                                          
00002071  xQueueGenericReceive                                   
00002189  SysCtlClockGet                                         
00002299  switchCommunicationState                               
000023a9  xTaskIncrementTick                                     
000024ad  setState                                               
000025af  PD4Master_post_TPDO                                    
000025b1  xTaskGenericCreate                                     
000026b1  proceedNODE_GUARD                                      
000027ad  _setODentry                                            
000028a1  sendOnePDOevent                                        
00002991  xQueueGenericSend                                      
00002a79  xTaskResumeAll                                         
00002b5d  CAN0IntHandler                                         
00002c39  buildPDO                                               
00002d21  ulPortGetIPSR                                          
00002d39  xPortPendSVHandler                                     
00002d99  vPortSVCHandler                                        
00002db9  vPortStartFirstTask                                    
00002dd5  vPortEnableVFP                                         
00002de3  PD4Master_post_sync                                    
00002de5  can_init                                               
00002eb5  inputInt                                               
00002f7d  _getODentry                                            
00003041  cmd_uart_init_handler                                  
00003101  TimeDispatch                                           
000031b9  CopyBits                                               
00003269  pvPortMalloc                                           
00003311  SetAlarm                                               
000033b1  __aeabi_memcpy                                         
000033b1  __aeabi_memcpy4                                        
000033b1  __aeabi_memcpy8                                        
000033b1  memcpy                                                 
0000344d  cmd_uart_init                                          
000034e5  proceedNMTstateChange                                  
00003579  PD4Master_writeSlaveParam                              
00003609  initSDOline                                            
00003699  vTaskPriorityInherit                                   
00003729  vTaskSwitchContext                                     
000037b5  driver_init_hardware                                   
00003839  vTaskDelayUntil                                        
000038bd  xQueueGenericReset                                     
00003941  CanOpen_Change_Param                                   
000039c1  __aeabi_memclr                                         
000039c1  __aeabi_memclr4                                        
000039c1  __aeabi_memclr8                                        
000039c3  __aeabi_memset                                         
000039c3  __aeabi_memset4                                        
000039c3  __aeabi_memset8                                        
000039c9  memset                                                 
00003a3b  _RxPDO_EventTimers_Handler                             
00003a3d  heartbeatInit                                          
00003ab5  xTaskPriorityDisinherit                                
00003b2d  CO_Timerinit                                           
00003ba1  PD4Master_taskInit                                     
00003c15  SDOTimeoutAlarm                                        
00003c89  nodeguardInit                                          
00003cfd  sendSDO                                                
00003d71  xTaskRemoveFromEventList                               
00003e57  _heartbeatError                                        
00003e59  __TI_auto_init                                         
00003ec9  TPDO_Communication_Parameter_Callback                  
00003f37  failedSDO                                              
00003fa3  _initialisation                                        
00003fa5  IntEnable                                              
0000400d  canDispatch                                            
00004075  __TI_decompress_lzss                                   
000040dd  startSYNC                                              
00004145  ConfigureUART                                          
000041a9  PDOStop                                                
0000420d  vTaskPlaceOnEventList                                  
00004271  GuardTimeAlarm                                         
00004335  MA3_encoder_init                                       
00004395  UARTStdioConfig                                        
00004455  vTaskStartScheduler                                    
00004511  vTaskDelay                                             
0000456d  xQueueGenericSendFromISR                               
000045c9  Captureinit                                            
00004679  sendPDOrequest                                         
000046cf  xQueueGiveFromISR                                      
00004725  CO_TimerIntHandler                                     
00004779  CanOpen_Reset_RPDO                                     
000047cd  PD4Master_set_pos                                      
00004875  _c_int00                                               
000048c9  C$$EXIT                                                
000048cd  abort                                                  
000048d5  exit                                                   
0000491d  xTaskCheckForTimeOut                                   
00004971  PD4Master_post_emcy                                    
000049c3  _nodeguardError                                        
00004a15  CanOpen_setMaster                                      
00004a63  CanOpen_Reset_TPDO                                     
00004aaf  _operational                                           
00004ab1  PDOInit                                                
00004b95  copy_in                                                
00004be1  xQueueCreateMutex                                      
00004c2d  GetSDOClientFromNodeId                                 
00004c75  ProducerHeartbeatAlarm                                 
00004cbd  UARTwrite                                              
00004d05  cmd_uart_send                                          
00004d91  can_write                                              
00004dd5  cmd_taskInit                                           
00004e19  lineToSDO                                              
00004e5d  vPortFree                                              
00004ea1  objdictToSDOline                                       
00004ee3  SDOtoLine                                              
00004f23  _post_SlaveBootup                                      
00004f65  __aeabi_uidiv                                          
00004f65  __aeabi_uidivmod                                       
00004fa5  xPortStartScheduler                                    
00004fe5  xQueueGenericCreate                                    
0000505b  sendSDOabort                                           
00005095  SDOlineToObjdict                                       
000050cd  vListInsert                                            
00005105  heartbeatStop                                          
0000513b  _post_SlaveStateChange                                 
0000513d  CO_start_listening                                     
0000513d  driver_init_system                                     
00005171  IntRegister                                            
000051a5  LEDTaskInit                                            
000051d9  PD4Master_confSlaveNode                                
0000520d  PD4Master_post_SlaveStateChange                        
00005241  SysCtlPeripheralEnable                                 
00005275  closeSDOtransfer                                       
000052a9  resetSDOline                                           
000052dd  DelAlarm                                               
0000530d  PD4Master_set_ctrl                                     
0000536d  getSDOlineOnUse                                        
0000539b  stopSYNC                                               
000053c7  _post_TPDO                                             
000053c9  xPortSysTickHandler                                    
000053f5  ConsumerHeartbeatAlarm                                 
0000541f  OnNumberOfErrorsUpdate                                 
00005449  getSDOlineToClose                                      
00005473  proceedSYNC                                            
0000549d  slaveSendBootUp                                        
000054c7  _post_emcy                                             
000054c9  PD4Master_set_speed                                    
000054f1  canSend                                                
00005519  getElapsedTime                                         
00005541  main                                                   
00005569  masterSendNMTstateChange                               
000055b9  pxPortInitialiseStack                                  
000055e1  setTimer                                               
00005609  writeNetworkDictCallBack                               
00005631  RegisterSetODentryCallBack                             
000056a3  _post_sync                                             
000056a5  IntPrioritySet                                         
000056c9  PD4Master_get_flag                                     
000056ed  PDOInhibitTimerAlarm                                   
00005711  memcmp                                                 
00005735  PD4Master_initialisation                               
00005757  _stopped                                               
00005759  PD4Master_preOperational                               
0000577b  PDOEventTimerAlarm                                     
0000579d  masterSendNMTnodeguard                                 
000057bf  proceedEMCY                                            
000057e1  sendSYNCMessage                                        
00005803  _storeODSubIndex                                       
00005825  emergencyInit                                          
00005845  uxListRemove                                           
00005865  PD4Master_operational                                  
00005885  PD4Master_stop                                         
000058a3  emergencyStop                                          
000058a5  CO_timer_start                                         
000058dd  vPortEnterCritical                                     
000058f9  PD4Master_stopped                                      
00005915  UARTprintf                                             
0000592f  getSDOfreeLine                                         
00005949  getSDOlineRestBytes                                    
0000597d  CANIntRegister                                         
00005995  GPIOIntRegister                                        
000059ad  TestMaster_valueRangeTest                              
000059c5  TimerIntRegister                                       
000059dd  UARTIntRegister                                        
000059f5  pvTaskIncrementMutexHeldCount                          
00005a0d  _args_main                                             
00005a25  vListInsertEnd                                         
00005a3d  vPortExitCritical                                      
00005a55  vTaskSetTimeOutState                                   
00005a6d  vListInitialise                                        
00005a83  __aeabi_idiv0                                          
00005a85  _register_unlock                                       
00005a8b  _register_lock                                         
00005a93  _nop                                                   
00005a99  sendSYNC                                               
00005aad  setSDOlineRestBytes                                    
00005ac1  vPortSetupTimerInterrupt                               
00005ad5  OnHeartbeatProducerUpdate                              
00005ae7  OnNodeGuardUpdate                                      
00005af9  nodeguardStop                                          
00005b1d  scanIndexOD                                            
00005b2f  IntMasterEnable                                        
00005b3f  __mpu_init                                             
00005b41  PD4Master_get_encoder                                  
00005b51  _preOperational                                        
00005b61  lifeGuardInit                                          
00005b71  lifeGuardStop                                          
00005b91  vTaskSuspendAll                                        
00005ba1  UARTCharGetNonBlocking                                 
00005baf  __TI_decompress_none                                   
00005bbd  CO_driver_init                                         
00005bc9  CPUcpsie                                               
00005bd5  GPIOIntEnable                                          
00005be1  MA3_encoder_get_value                                  
00005bed  __TI_zero_init                                         
00005bf9  vTaskMissedYield                                       
00005c05  xTaskGetTickCount                                      
00005c11  OnCOB_ID_SyncUpdate                                    
00005c1b  UARTFIFOEnable                                         
00005c2d  GPIOIntClear                                           
00005c33  ResetISR                                               
00005c39  UARTClockSourceSet                                     
00005c3f  getNodeId                                              
00005c45  resetSDO                                               
00005c4b  vListInitialiseItem                                    
00005c51  SyncAlarm                                              
00005c55  _system_pre_init                                       
00005c59  _system_post_cinit                                     
00005c5b  vApplicationStackOverflowHook                          
00005c5c  TestMaster_objdict                                     
00006240  TestMaster_firstIndex                                  
0000624c  TestMaster_lastIndex                                   
00006270  TestMaster_iam_a_slave                                 
00006272  TestMaster_ObjdictSize                                 
00006274  ulMaxSyscallInterruptPriority                          
00006630  __TI_Handler_Table_Base                                
0000663c  __TI_Handler_Table_Limit                               
00006650  __TI_CINIT_Base                                        
00006668  __TI_CINIT_Limit                                       
20000000  g_pfnRAMVectors                                        
20001798  g_sCAN0RxMessage                                       
200017ac  g_sCAN0TxMessage                                       
200017c0  g_RxMessage                                            
200017cc  g_cmd_uart_fifo                                        
200017f4  g_PD4_Semaphore                                        
200017f8  g_SDO_Mutex                                            
200017fc  g_SDO_Semaphore                                        
20001800  g_Slave_Queue                                          
20001804  g_cmd_Queue                                            
20001808  TestMaster_Data                                        
20001a44  TestMaster_bDeviceNodeId                               
20001a48  TestMaster_obj1000                                     
20001a4c  TestMaster_obj1001                                     
20001a4d  TestMaster_highestSubIndex_obj1003                     
20001a50  TestMaster_obj1005                                     
20001a54  TestMaster_obj1006                                     
20001a58  TestMaster_obj100C                                     
20001a5a  TestMaster_obj100D                                     
20001a5c  TestMaster_obj1014                                     
20001a60  TestMaster_highestSubIndex_obj1016                     
20001a62  TestMaster_obj1017                                     
20001a64  TestMaster_highestSubIndex_obj1018                     
20001a68  TestMaster_obj1018_Vendor_ID                           
20001a6c  TestMaster_obj1018_Product_Code                        
20001a70  TestMaster_obj1018_Revision_Number                     
20001a74  TestMaster_obj1018_Serial_Number                       
20001a78  TestMaster_highestSubIndex_obj1280                     
20001a7c  TestMaster_obj1280_COB_ID_Client_to_Server_Transmit_SDO
20001a80  TestMaster_obj1280_COB_ID_Server_to_Client_Receive_SDO 
20001a84  TestMaster_obj1280_Node_ID_of_the_SDO_Server           
20001a85  TestMaster_highestSubIndex_obj1281                     
20001a88  TestMaster_obj1281_COB_ID_Client_to_Server_Transmit_SDO
20001a8c  TestMaster_obj1281_COB_ID_Server_to_Client_Receive_SDO 
20001a90  TestMaster_obj1281_Node_ID_of_the_SDO_Server           
20001a91  TestMaster_highestSubIndex_obj1282                     
20001a94  TestMaster_obj1282_COB_ID_Client_to_Server_Transmit_SDO
20001a98  TestMaster_obj1282_COB_ID_Server_to_Client_Receive_SDO 
20001a9c  TestMaster_obj1282_Node_ID_of_the_SDO_Server           
20001a9d  TestMaster_highestSubIndex_obj1283                     
20001aa0  TestMaster_obj1283_COB_ID_Client_to_Server_Transmit_SDO
20001aa4  TestMaster_obj1283_COB_ID_Server_to_Client_Receive_SDO 
20001aa8  TestMaster_obj1283_Node_ID_of_the_SDO_Server           
20001aa9  TestMaster_highestSubIndex_obj1400                     
20001aac  TestMaster_obj1400_COB_ID_used_by_PDO                  
20001ab0  TestMaster_obj1400_Transmission_Type                   
20001ab2  TestMaster_obj1400_Inhibit_Time                        
20001ab4  TestMaster_obj1400_Compatibility_Entry                 
20001ab6  TestMaster_obj1400_Event_Timer                         
20001ab8  TestMaster_highestSubIndex_obj1401                     
20001abc  TestMaster_obj1401_COB_ID_used_by_PDO                  
20001ac0  TestMaster_obj1401_Transmission_Type                   
20001ac2  TestMaster_obj1401_Inhibit_Time                        
20001ac4  TestMaster_obj1401_Compatibility_Entry                 
20001ac6  TestMaster_obj1401_Event_Timer                         
20001ac8  TestMaster_obj1401_SYNC_start_value                    
20001ac9  TestMaster_highestSubIndex_obj1402                     
20001acc  TestMaster_obj1402_COB_ID_used_by_PDO                  
20001ad0  TestMaster_obj1402_Transmission_Type                   
20001ad2  TestMaster_obj1402_Inhibit_Time                        
20001ad4  TestMaster_obj1402_Compatibility_Entry                 
20001ad6  TestMaster_obj1402_Event_Timer                         
20001ad8  TestMaster_obj1402_SYNC_start_value                    
20001ad9  TestMaster_highestSubIndex_obj1403                     
20001adc  TestMaster_obj1403_COB_ID_used_by_PDO                  
20001ae0  TestMaster_obj1403_Transmission_Type                   
20001ae2  TestMaster_obj1403_Inhibit_Time                        
20001ae4  TestMaster_obj1403_Compatibility_Entry                 
20001ae6  TestMaster_obj1403_Event_Timer                         
20001ae8  TestMaster_obj1403_SYNC_start_value                    
20001ae9  TestMaster_highestSubIndex_obj1600                     
20001aea  TestMaster_highestSubIndex_obj1601                     
20001aeb  TestMaster_highestSubIndex_obj1602                     
20001aec  TestMaster_highestSubIndex_obj1603                     
20001aed  TestMaster_highestSubIndex_obj1800                     
20001af0  TestMaster_obj1800_COB_ID_used_by_PDO                  
20001af4  TestMaster_obj1800_Transmission_Type                   
20001af6  TestMaster_obj1800_Inhibit_Time                        
20001af8  TestMaster_obj1800_Compatibility_Entry                 
20001afa  TestMaster_obj1800_Event_Timer                         
20001afc  TestMaster_obj1800_SYNC_start_value                    
20001afd  TestMaster_highestSubIndex_obj1801                     
20001b00  TestMaster_obj1801_COB_ID_used_by_PDO                  
20001b04  TestMaster_obj1801_Transmission_Type                   
20001b06  TestMaster_obj1801_Inhibit_Time                        
20001b08  TestMaster_obj1801_Compatibility_Entry                 
20001b0a  TestMaster_obj1801_Event_Timer                         
20001b0c  TestMaster_obj1801_SYNC_start_value                    
20001b0d  TestMaster_highestSubIndex_obj1802                     
20001b10  TestMaster_obj1802_COB_ID_used_by_PDO                  
20001b14  TestMaster_obj1802_Transmission_Type                   
20001b16  TestMaster_obj1802_Inhibit_Time                        
20001b18  TestMaster_obj1802_Compatibility_Entry                 
20001b1a  TestMaster_obj1802_Event_Timer                         
20001b1c  TestMaster_obj1802_SYNC_start_value                    
20001b1d  TestMaster_highestSubIndex_obj1803                     
20001b20  TestMaster_obj1803_COB_ID_used_by_PDO                  
20001b24  TestMaster_obj1803_Transmission_Type                   
20001b26  TestMaster_obj1803_Inhibit_Time                        
20001b28  TestMaster_obj1803_Compatibility_Entry                 
20001b2a  TestMaster_obj1803_Event_Timer                         
20001b2c  TestMaster_obj1803_SYNC_start_value                    
20001b2d  TestMaster_highestSubIndex_obj1A00                     
20001b2e  TestMaster_highestSubIndex_obj1A01                     
20001b2f  TestMaster_highestSubIndex_obj1A02                     
20001b30  TestMaster_highestSubIndex_obj1A03                     
20001b31  TestMaster_highestSubIndex_obj1F22                     
20001b32  TestMaster_heartBeatTimers                             
20001b34  timers                                                 
20001bf4  TestMaster_Index1401                                   
20001c48  TestMaster_Index1402                                   
20001c9c  TestMaster_Index1403                                   
20001cf0  TestMaster_Index1800                                   
20001d44  TestMaster_Index1801                                   
20001d98  TestMaster_Index1802                                   
20001dec  TestMaster_Index1803                                   
20001e40  TestMaster_Index1400                                   
20001e88  TestMaster_PDO_status                                  
20001ed0  TestMaster_Index1018                                   
20001f0c  TestMaster_Index1280                                   
20001f3c  TestMaster_Index1281                                   
20001f6c  TestMaster_Index1282                                   
20001f9c  TestMaster_Index1283                                   
20001fcc  TestMaster_Index1A00                                   
20001ffc  TestMaster_Index1A01                                   
2000202c  TestMaster_Index1A02                                   
2000205c  TestMaster_Index1A03                                   
2000208c  pxCurrentTCB                                           
200020bc  TestMaster_Index1600                                   
200020e0  TestMaster_Index1601                                   
20002104  TestMaster_Index1602                                   
20002128  TestMaster_Index1603                                   
2000214c  TestMaster_Index1F22                                   
20002170  g_ui32ErrFlag                                          
20002174  g_ui32RXMsgCount                                       
20002178  g_ui32TXMsgCount                                       
2000218c  TestMaster_Index1800_callbacks                         
200021a8  TestMaster_Index1801_callbacks                         
200021c4  TestMaster_Index1802_callbacks                         
200021e0  TestMaster_Index1803_callbacks                         
200021fc  pulse                                                  
20002200  last_pulse                                             
20002204  circle                                                 
20002208  dir                                                    
2000220c  ton                                                    
20002210  toff                                                   
20002214  TestMaster_Index1016                                   
2000222c  PD4_Position                                           
2000223c  PD4_SubMode                                            
2000224c  __TI_cleanup_ptr                                       
20002250  __TI_dtors_ptr                                         
20002254  __TI_enable_exit_profile_output                        
20002258  TestMaster_Index1000                                   
20002264  TestMaster_Index1001                                   
20002270  TestMaster_Index1005                                   
2000227c  TestMaster_Index1006                                   
20002288  TestMaster_Index1014                                   
20002294  TestMaster_Index2011                                   
200022a0  TestMaster_Index2012                                   
200022ac  TestMaster_Index2013                                   
200022b8  TestMaster_Index2014                                   
200022c4  TestMaster_Index2015                                   
200022d0  TestMaster_Index2021                                   
200022dc  TestMaster_Index2022                                   
200022e8  TestMaster_Index2023                                   
200022f4  TestMaster_Index2024                                   
20002300  TestMaster_Index2025                                   
2000230c  TestMaster_Index2031                                   
20002318  TestMaster_Index2032                                   
20002324  TestMaster_Index2033                                   
20002330  TestMaster_Index2034                                   
2000233c  TestMaster_Index2035                                   
20002348  TestMaster_Index2041                                   
20002354  TestMaster_Index2042                                   
20002360  TestMaster_Index2043                                   
2000236c  TestMaster_Index2044                                   
20002378  TestMaster_Index2045                                   
20002384  TestMaster_obj1A00                                     
20002390  TestMaster_obj1A01                                     
2000239c  TestMaster_obj1A02                                     
200023a8  TestMaster_obj1A03                                     
200023b4  total_sleep_time                                       
200023b8  last_timer_raw                                         
200023bc  tdcount                                                
200023c0  _lock                                                  
200023c4  _unlock                                                
200023c8  PD4_Controlword                                        
200023d0  PD4_Status                                             
200023d8  _PD4_speed_tmp                                         
200023dc  _PD4_pos_tmp                                           
200023e0  TestMaster_obj1600                                     
200023e8  TestMaster_obj1601                                     
200023f0  TestMaster_obj1602                                     
200023f8  TestMaster_obj1603                                     
20002400  TestMaster_obj1F22                                     
20002415  PD4_Mode                                               
20002419  _start_flag                                            
2000241a  _cur_pos                                               
2000241b  _len                                                   
2000241c  TestMaster_Index1005_callbacks                         
20002420  TestMaster_Index1006_callbacks                         
20002424  TestMaster_obj1003                                     
20002428  TestMaster_obj1016                                     
2000242c  g_trip_bit4                                            
20002434  main_func_sp                                           
20002438  __stack                                                
20002538  __STACK_END                                            
20002538  __STACK_TOP                                            
ffffffff  __TI_pprof_out_hndl                                    
ffffffff  __TI_prof_data_size                                    
ffffffff  __TI_prof_data_start                                   
ffffffff  __binit__                                              
ffffffff  __c_args__                                             
ffffffff  binit                                                  
UNDEFED   SHT$$INIT_ARRAY$$Base                                  
UNDEFED   SHT$$INIT_ARRAY$$Limit                                 

[456 symbols]
