******************************************************************************
                  TI ARM Linker PC v16.9.7                     
******************************************************************************
>> Linked Tue Jun 05 15:50:25 2018

OUTPUT FILE NAME:   <launchpad.out>
ENTRY POINT SYMBOL: "_c_int00"  address: 0000356d


MEMORY CONFIGURATION

         name            origin    length      used     unused   attr    fill
----------------------  --------  ---------  --------  --------  ----  --------
  FLASH                 00000000   00040000  0000488a  0003b776  R  X
  SRAM                  20000000   00008000  000009e0  00007620  RW X


SEGMENT ALLOCATION MAP

run origin  load origin   length   init length attrs members
----------  ----------- ---------- ----------- ----- -------
00000000    00000000    00004890   00004890    r-x
  00000000    00000000    0000026c   0000026c    r-- .intvecs
  0000026c    0000026c    00003fba   00003fba    r-x .text
  00004228    00004228    00000484   00000484    r-- .const
  000046b0    000046b0    000001e0   000001e0    r-- .cinit
20000000    20000000    000009e0   00000000    rw-
  20000000    20000000    0000026c   00000000    rw- .vtable
  2000026c    2000026c    0000063c   00000000    rw- .data
  200008a8    200008a8    00000100   00000000    rw- .stack
  200009a8    200009a8    00000038   00000000    rw- .bss


SECTION ALLOCATION MAP

 output                                  attributes/
section   page    origin      length       input sections
--------  ----  ----------  ----------   ----------------
.intvecs   0    00000000    0000026c     
                  00000000    0000026c     startup_ccs.obj (.intvecs)

.text      0    0000026c    00003fba     
                  0000026c    00001076     sdo.obj (.text:proceedSDO)
                  000012e2    00000222     pdo.obj (.text:proceedPDO)
                  00001504    000001ea     uartstdio.obj (.text:UARTvprintf)
                  000016ee    00000002     startup_ccs.obj (.text:FaultISR)
                  000016f0    00000144     states.obj (.text:setNodeId)
                  00001834    00000132     driverlib.lib : gpio.obj (.text:GPIOPadConfigSet)
                  00001966    0000011c     pdo.obj (.text:_sendPDOevent)
                  00001a82    00000002     startup_ccs.obj (.text:IntDefaultHandler)
                  00001a84    00000110     driverlib.lib : sysctl.obj (.text:SysCtlClockGet)
                  00001b94    00000110     MA3encoder.obj (.text:inputInt)
                  00001ca4    00000110     states.obj (.text:switchCommunicationState)
                  00001db4    00000102     states.obj (.text:setState)
                  00001eb6    00000002     startup_ccs.obj (.text:NmiSR)
                  00001eb8    000000fc     lifegrd.obj (.text:proceedNODE_GUARD)
                  00001fb4    000000f4     objacces.obj (.text:_setODentry)
                  000020a8    000000f0     pdo.obj (.text:sendOnePDOevent)
                  00002198    000000ec     io.obj (.text:io_manager_process)
                  00002284    000000dc     CO_driver.obj (.text:CAN0IntHandler)
                  00002360    000000dc     PG2Slave.obj (.text:TestSlave_scanIndexOD)
                  0000243c    000000d8     pdo.obj (.text:buildPDO)
                  00002514    000000c8     CO_driver.obj (.text:can_init)
                  000025dc    000000c4     objacces.obj (.text:_getODentry)
                  000026a0    000000c4     io.obj (.text:io_manager_init)
                  00002764    000000b8     timer.obj (.text:TimeDispatch)
                  0000281c    000000b0     pdo.obj (.text:CopyBits)
                  000028cc    000000a0     timer.obj (.text:SetAlarm)
                  0000296c    0000009c     rtsv7M4_T_le_v4SPD16_eabi.lib : memcpy_t2.obj (.text)
                  00002a08    00000094     nmtSlave.obj (.text:proceedNMTstateChange)
                  00002a9c    00000090     sdo.obj (.text:initSDOline)
                  00002b2c    0000007a     driverlib.lib : adc.obj (.text:ADCSequenceStepConfigure)
                  00002ba6    0000007a     rtsv7M4_T_le_v4SPD16_eabi.lib : memset_t2.obj (.text)
                  00002c20    00000078     lifegrd.obj (.text:heartbeatInit)
                  00002c98    00000074     CO_driver.obj (.text:CO_Timerinit)
                  00002d0c    00000074     sdo.obj (.text:SDOTimeoutAlarm)
                  00002d80    00000074     lifegrd.obj (.text:nodeguardInit)
                  00002df4    00000074     sdo.obj (.text:sendSDO)
                  00002e68    00000070     rtsv7M4_T_le_v4SPD16_eabi.lib : autoinit.obj (.text)
                  00002ed8    0000006e     pdo.obj (.text:TPDO_Communication_Parameter_Callback)
                  00002f46    0000006c     sdo.obj (.text:failedSDO)
                  00002fb2    00000002     pdo.obj (.text:_RxPDO_EventTimers_Handler)
                  00002fb4    0000006c     main.obj (.text:main)
                  00003020    00000068     driverlib.lib : interrupt.obj (.text:IntEnable)
                  00003088    00000068     Bumper.obj (.text:bumper_init)
                  000030f0    00000068     states.obj (.text:canDispatch)
                  00003158    00000068     rtsv7M4_T_le_v4SPD16_eabi.lib : copy_decompress_lzss.obj (.text:decompress:lzss)
                  000031c0    00000068     sync.obj (.text:startSYNC)
                  00003228    00000064     driver.obj (.text:ConfigureUART)
                  0000328c    00000064     pdo.obj (.text:PDOStop)
                  000032f0    00000062     lifegrd.obj (.text:GuardTimeAlarm)
                  00003352    00000002     lifegrd.obj (.text:_heartbeatError)
                  00003354    00000060     uartstdio.obj (.text:UARTStdioConfig)
                  000033b4    0000005c     driverlib.lib : can.obj (.text:_CANIntNumberGet)
                  00003410    00000058     MA3encoder.obj (.text:Captureinit)
                  00003468    00000058     MA3encoder.obj (.text:MA3_encoder_init)
                  000034c0    00000058     period.obj (.text:SysTickIntHandler)
                  00003518    00000054     CO_driver.obj (.text:CO_TimerIntHandler)
                  0000356c    00000054     rtsv7M4_T_le_v4SPD16_eabi.lib : boot.obj (.text)
                  000035c0    00000054                                   : exit.obj (.text)
                  00003614    00000050     driverlib.lib : adc.obj (.text:ADCSequenceConfigure)
                  00003664    0000004c     pdo.obj (.text:PDOInit)
                  000036b0    0000004c     driverlib.lib : timer.obj (.text:_TimerIntNumberGet)
                  000036fc    0000004c     rtsv7M4_T_le_v4SPD16_eabi.lib : cpy_tbl.obj (.text)
                  00003748    00000048     lifegrd.obj (.text:ProducerHeartbeatAlarm)
                  00003790    00000048     uartstdio.obj (.text:UARTwrite)
                  000037d8    00000048     Bumper.obj (.text:bumper_process)
                  00003820    00000044     driverlib.lib : gpio.obj (.text:_GPIOIntNumberGet)
                  00003864    00000044     CO_driver.obj (.text:can_write)
                  000038a8    00000044     sdo.obj (.text:lineToSDO)
                  000038ec    00000042     sdo.obj (.text:objdictToSDOline)
                  0000392e    00000040     sdo.obj (.text:SDOtoLine)
                  0000396e    00000040     rtsv7M4_T_le_v4SPD16_eabi.lib : u_divt2.obj (.text)
                  000039ae    0000003a     sdo.obj (.text:sendSDOabort)
                  000039e8    00000038     sdo.obj (.text:SDOlineToObjdict)
                  00003a20    00000038     driver.obj (.text:driver_init_hardware)
                  00003a58    00000036     lifegrd.obj (.text:heartbeatStop)
                  00003a8e    00000002     states.obj (.text:_initialisation)
                  00003a90    00000034     driverlib.lib : interrupt.obj (.text:IntRegister)
                  00003ac4    00000034                   : sysctl.obj (.text:SysCtlPeripheralEnable)
                  00003af8    00000034     sdo.obj (.text:resetSDOline)
                  00003b2c    00000030     CO_driver.obj (.text:CO_start_listening)
                  00003b5c    00000030     timer.obj (.text:DelAlarm)
                  00003b8c    00000030     delay.obj (.text:delay_ms)
                  00003bbc    0000002e     driverlib.lib : adc.obj (.text:ADCIntStatus)
                  00003bea    0000002e     sdo.obj (.text:getSDOlineOnUse)
                  00003c18    0000002c     sync.obj (.text:stopSYNC)
                  00003c44    0000002a     lifegrd.obj (.text:ConsumerHeartbeatAlarm)
                  00003c6e    0000002a     driverlib.lib : gpio.obj (.text:GPIODirModeSet)
                  00003c98    0000002a     emcy.obj (.text:OnNumberOfErrorsUpdate)
                  00003cc2    0000002a     sync.obj (.text:proceedSYNC)
                  00003cec    0000002a     nmtSlave.obj (.text:slaveSendBootUp)
                  00003d16    00000028     CO_driver.obj (.text:canSend)
                  00003d3e    00000002     lifegrd.obj (.text:_nodeguardError)
                  00003d40    00000028     CO_driver.obj (.text:getElapsedTime)
                  00003d68    00000028     nmtMaster.obj (.text:masterSendNMTstateChange)
                  00003d90    00000028     CO_driver.obj (.text:setTimer)
                  00003db8    00000026     objacces.obj (.text:RegisterSetODentryCallBack)
                  00003dde    00000026     pdo.obj (.text:sendPdo)
                  00003e04    00000024     driverlib.lib : interrupt.obj (.text:IntPrioritySet)
                  00003e28    00000024     pdo.obj (.text:PDOInhibitTimerAlarm)
                  00003e4c    00000024     rtsv7M4_T_le_v4SPD16_eabi.lib : memcmp.obj (.text)
                  00003e70    00000022     pdo.obj (.text:PDOEventTimerAlarm)
                  00003e92    00000022     nmtMaster.obj (.text:masterSendNMTnodeguard)
                  00003eb4    00000022     emcy.obj (.text:proceedEMCY)
                  00003ed6    00000022     sync.obj (.text:sendSYNCMessage)
                  00003ef8    00000020     MA3encoder.obj (.text:MA3_encoder_process)
                  00003f18    00000020     driver.obj (.text:driver_start_tick)
                  00003f38    00000020     emcy.obj (.text:emergencyInit)
                  00003f58    0000001e     driverlib.lib : adc.obj (.text:ADCSequenceDataGet)
                  00003f76    00000002     states.obj (.text:_operational)
                  00003f78    0000001c     driverlib.lib : systick.obj (.text:SysTickIntRegister)
                  00003f94    0000001a     uartstdio.obj (.text:UARTprintf)
                  00003fae    0000001a     sdo.obj (.text:getSDOfreeLine)
                  00003fc8    0000001a     sdo.obj (.text:getSDOlineRestBytes)
                  00003fe2    00000018     driverlib.lib : adc.obj (.text:ADCProcessorTrigger)
                  00003ffa    00000018                   : can.obj (.text:CANIntRegister)
                  00004012    00000018                   : gpio.obj (.text:GPIOIntRegister)
                  0000402a    00000018                   : gpio.obj (.text:GPIOPinTypeGPIOOutput)
                  00004042    00000002     lifegrd.obj (.text:_post_SlaveBootup)
                  00004044    00000018     PG2Slave.obj (.text:TestSlave_valueRangeTest)
                  0000405c    00000018     driverlib.lib : timer.obj (.text:TimerIntRegister)
                  00004074    00000018     rtsv7M4_T_le_v4SPD16_eabi.lib : args_main.obj (.text)
                  0000408c    00000014                                   : _lock.obj (.text)
                  000040a0    00000014     sync.obj (.text:sendSYNC)
                  000040b4    00000014     sdo.obj (.text:setSDOlineRestBytes)
                  000040c8    00000012     driverlib.lib : gpio.obj (.text:GPIOPinTypeADC)
                  000040da    00000012                   : gpio.obj (.text:GPIOPinTypeGPIOInput)
                  000040ec    00000012     lifegrd.obj (.text:OnHeartbeatProducerUpdate)
                  000040fe    00000012     lifegrd.obj (.text:OnNodeGuardUpdate)
                  00004110    00000012     lifegrd.obj (.text:nodeguardStop)
                  00004122    00000012     objacces.obj (.text:scanIndexOD)
                  00004134    00000010     driverlib.lib : interrupt.obj (.text:IntMasterEnable)
                  00004144    00000010     states.obj (.text:_preOperational)
                  00004154    00000010     lifegrd.obj (.text:lifeGuardInit)
                  00004164    00000010     lifegrd.obj (.text:lifeGuardStop)
                  00004174    0000000e     driverlib.lib : adc.obj (.text:ADCSequenceEnable)
                  00004182    0000000e     rtsv7M4_T_le_v4SPD16_eabi.lib : copy_decompress_none.obj (.text:decompress:none)
                  00004190    0000000c     CO_driver.obj (.text:CO_driver_init)
                  0000419c    0000000c     driverlib.lib : cpu.obj (.text:CPUcpsie)
                  000041a8    0000000c                   : gpio.obj (.text:GPIOIntEnable)
                  000041b4    0000000c     rtsv7M4_T_le_v4SPD16_eabi.lib : copy_zero_init.obj (.text:decompress:ZI)
                  000041c0    0000000c     driver.obj (.text:driver_get_address)
                  000041cc    0000000a     driverlib.lib : adc.obj (.text:ADCIntClear)
                  000041d6    0000000a     sync.obj (.text:OnCOB_ID_SyncUpdate)
                  000041e0    00000006     driverlib.lib : gpio.obj (.text:GPIOIntClear)
                  000041e6    00000006                   : gpio.obj (.text:GPIOPinRead)
                  000041ec    00000006                   : gpio.obj (.text:GPIOPinWrite)
                  000041f2    00000006     startup_ccs.obj (.text:ResetISR)
                  000041f8    00000006     driverlib.lib : uart.obj (.text:UARTClockSourceSet)
                  000041fe    00000006     states.obj (.text:getNodeId)
                  00004204    00000006     sdo.obj (.text:resetSDO)
                  0000420a    00000004     sync.obj (.text:SyncAlarm)
                  0000420e    00000004     rtsv7M4_T_le_v4SPD16_eabi.lib : pre_init.obj (.text)
                  00004212    00000002     lifegrd.obj (.text:_post_SlaveStateChange)
                  00004214    00000002     sync.obj (.text:_post_TPDO)
                  00004216    00000002     emcy.obj (.text:_post_emcy)
                  00004218    00000002     sync.obj (.text:_post_sync)
                  0000421a    00000002     states.obj (.text:_stopped)
                  0000421c    00000002     objacces.obj (.text:_storeODSubIndex)
                  0000421e    00000002     emcy.obj (.text:emergencyStop)
                  00004220    00000002     rtsv7M4_T_le_v4SPD16_eabi.lib : i_div0.obj (.text)
                  00004222    00000002                                   : mpu_init.obj (.text)
                  00004224    00000002                                   : startup.obj (.text)

.const     0    00004228    00000484     
                  00004228    000000d8     driverlib.lib : gpio.obj (.const:g_ppui32GPIOIntMapSnowflake)
                  00004300    000000c0                   : gpio.obj (.const:g_ppui32GPIOIntMapBlizzard)
                  000043c0    0000009c                   : interrupt.obj (.const:g_pui32Regs)
                  0000445c    00000080     PG2Slave.obj (.const:TestSlave_objdict)
                  000044dc    00000070     driverlib.lib : interrupt.obj (.const)
                  0000454c    0000006c                   : sysctl.obj (.const:g_pui32Xtals)
                  000045b8    00000060                   : timer.obj (.const:g_ppui32TimerIntMap)
                  00004618    00000040                   : timer.obj (.const:g_ppui32TimerIntMapSnowflake)
                  00004658    00000010     states.obj (.const:$P$T4$5)
                  00004668    00000010     states.obj (.const:$P$T5$6)
                  00004678    0000000c     PG2Slave.obj (.const:TestSlave_firstIndex)
                  00004684    0000000c     PG2Slave.obj (.const:TestSlave_lastIndex)
                  00004690    0000000c     uartstdio.obj (.const:g_ui32UARTBase)
                  0000469c    0000000c     uartstdio.obj (.const:g_ui32UARTPeriph)
                  000046a8    00000004     PG2Slave.obj (.const)

.cinit     0    000046b0    000001e0     
                  000046b0    000001ac     (.cinit..data.load) [load image, compression = lzss]
                  0000485c    0000000c     (__TI_handler_table)
                  00004868    00000008     (.cinit..bss.load) [load image, compression = zero_init]
                  00004870    00000008     (.cinit..vtable.load) [load image, compression = zero_init]
                  00004878    00000018     (__TI_cinit_table)

.init_array 
*          0    00000000    00000000     UNINITIALIZED

.vtable    0    20000000    0000026c     UNINITIALIZED
                  20000000    0000026c     driverlib.lib : interrupt.obj (.vtable)

.data      0    2000026c    0000063c     UNINITIALIZED
                  2000026c    0000023c     PG2Slave.obj (.data:TestSlave_Data)
                  200004a8    000000c0     timer.obj (.data:timers)
                  20000568    00000074     PG2Slave.obj (.data)
                  200005dc    0000006c     PG2Slave.obj (.data:TestSlave_Index1003)
                  20000648    0000003c     PG2Slave.obj (.data:TestSlave_Index1010)
                  20000684    0000003c     PG2Slave.obj (.data:TestSlave_Index1011)
                  200006c0    0000003c     PG2Slave.obj (.data:TestSlave_Index1018)
                  200006fc    00000024     PG2Slave.obj (.data:TestSlave_Index1003_callbacks)
                  20000720    00000024     PG2Slave.obj (.data:TestSlave_Index1200)
                  20000744    00000020     PG2Slave.obj (.data:TestSlave_obj1003)
                  20000764    0000001c     CO_driver.obj (.data)
                  20000780    00000018     MA3encoder.obj (.data)
                  20000798    00000014     PG2Slave.obj (.data:TestSlave_Index1010_callbacks)
                  200007ac    00000014     PG2Slave.obj (.data:TestSlave_Index1011_callbacks)
                  200007c0    00000012     PG2Slave.obj (.data:TestSlave_PDO_status)
                  200007d2    00000002     --HOLE--
                  200007d4    0000000c     rtsv7M4_T_le_v4SPD16_eabi.lib : exit.obj (.data:$O1$$)
                  200007e0    0000000c     PG2Slave.obj (.data:TestSlave_Index1000)
                  200007ec    0000000c     PG2Slave.obj (.data:TestSlave_Index1001)
                  200007f8    0000000c     PG2Slave.obj (.data:TestSlave_Index1005)
                  20000804    0000000c     PG2Slave.obj (.data:TestSlave_Index1006)
                  20000810    0000000c     PG2Slave.obj (.data:TestSlave_Index1014)
                  2000081c    0000000c     PG2Slave.obj (.data:TestSlave_Index1017)
                  20000828    0000000c     PG2Slave.obj (.data:TestSlave_Index2000)
                  20000834    0000000c     PG2Slave.obj (.data:TestSlave_Index2001)
                  20000840    0000000c     PG2Slave.obj (.data:TestSlave_Index2002)
                  2000084c    0000000c     PG2Slave.obj (.data:TestSlave_Index2004)
                  20000858    0000000c     PG2Slave.obj (.data:TestSlave_Index2006)
                  20000864    0000000c     period.obj (.data)
                  20000870    0000000c     timer.obj (.data)
                  2000087c    00000008     rtsv7M4_T_le_v4SPD16_eabi.lib : _lock.obj (.data:$O1$$)
                  20000884    00000005     uartstdio.obj (.data)
                  20000889    00000003     --HOLE--
                  2000088c    00000004     PG2Slave.obj (.data:TestSlave_Index1005_callbacks)
                  20000890    00000004     PG2Slave.obj (.data:TestSlave_Index1006_callbacks)
                  20000894    00000004     PG2Slave.obj (.data:TestSlave_Index1017_callbacks)
                  20000898    00000004     PG2Slave.obj (.data:TestSlave_obj1016)
                  2000089c    00000004     driver.obj (.data)
                  200008a0    00000004     main.obj (.data)
                  200008a4    00000004     rtsv7M4_T_le_v4SPD16_eabi.lib : stkdepth_vars.obj (.data)

.stack     0    200008a8    00000100     UNINITIALIZED
                  200008a8    00000100     --HOLE--

.bss       0    200009a8    00000038     UNINITIALIZED
                  200009a8    00000014     (.common:g_sCAN0RxMessage)
                  200009bc    00000014     (.common:g_sCAN0TxMessage)
                  200009d0    0000000c     (.common:g_RxMessage)
                  200009dc    00000004     (.common:TestSlave_heartBeatTimers)

MODULE SUMMARY

       Module                     code    ro data   rw data
       ------                     ----    -------   -------
    .\
       PG2Slave.obj               244     156       1290   
       startup_ccs.obj            12      620       0      
       main.obj                   108     0         4      
       period.obj                 88      0         12     
    +--+--------------------------+-------+---------+---------+
       Total:                     452     776       1306   
                                                           
    .\bsp\
       CO_driver.obj              868     0         80     
       MA3encoder.obj             480     0         24     
       io.obj                     432     0         0      
       driver.obj                 200     0         4      
       Bumper.obj                 176     0         0      
       delay.obj                  48      0         0      
    +--+--------------------------+-------+---------+---------+
       Total:                     2204    0         108    
                                                           
    .\third_party\CanFestival\src\
       sdo.obj                    5186    0         0      
       pdo.obj                    1858    0         0      
       states.obj                 986     32        0      
       lifegrd.obj                848     0         0      
       timer.obj                  392     0         204    
       objacces.obj               498     0         0      
       sync.obj                   262     0         0      
       nmtSlave.obj               190     0         0      
       emcy.obj                   112     0         0      
       nmtMaster.obj              74      0         0      
    +--+--------------------------+-------+---------+---------+
       Total:                     10406   32        204    
                                                           
    .\utils\
       uartstdio.obj              684     24        5      
    +--+--------------------------+-------+---------+---------+
       Total:                     684     24        5      
                                                           
    C:/ti/TivaWare_C_Series-2.1.4.178/driverlib/ccs/Debug/driverlib.lib
       interrupt.obj              208     268       620    
       gpio.obj                   530     408       0      
       sysctl.obj                 324     108       0      
       adc.obj                    326     0         0      
       timer.obj                  100     160       0      
       can.obj                    116     0         0      
       systick.obj                28      0         0      
       cpu.obj                    12      0         0      
       uart.obj                   6       0         0      
    +--+--------------------------+-------+---------+---------+
       Total:                     1650    944       620    
                                                           
    C:\ti\ccsv7\tools\compiler\ti-cgt-arm_16.9.7.LTS\lib\rtsv7M4_T_le_v4SPD16_eabi.lib
       memcpy_t2.obj              156     0         0      
       memset_t2.obj              122     0         0      
       autoinit.obj               112     0         0      
       copy_decompress_lzss.obj   104     0         0      
       exit.obj                   84      0         12     
       boot.obj                   84      0         0      
       cpy_tbl.obj                76      0         0      
       u_divt2.obj                64      0         0      
       memcmp.obj                 36      0         0      
       _lock.obj                  20      0         8      
       args_main.obj              24      0         0      
       copy_decompress_none.obj   14      0         0      
       copy_zero_init.obj         12      0         0      
       pre_init.obj               4       0         0      
       stkdepth_vars.obj          0       0         4      
       i_div0.obj                 2       0         0      
       mpu_init.obj               2       0         0      
       startup.obj                2       0         0      
    +--+--------------------------+-------+---------+---------+
       Total:                     918     0         24     
                                                           
       Stack:                     0       0         256    
       Linker Generated:          0       480       0      
    +--+--------------------------+-------+---------+---------+
       Grand Total:               16314   2256      2523   


LINKER GENERATED COPY TABLES

__TI_cinit_table @ 00004878 records: 3, size/record: 8, table size: 24
	.data: load addr=000046b0, load size=000001ac bytes, run addr=2000026c, run size=0000063c bytes, compression=lzss
	.bss: load addr=00004868, load size=00000008 bytes, run addr=200009a8, run size=00000038 bytes, compression=zero_init
	.vtable: load addr=00004870, load size=00000008 bytes, run addr=20000000, run size=0000026c bytes, compression=zero_init


LINKER GENERATED HANDLER TABLE

__TI_handler_table @ 0000485c records: 3, size/record: 4, table size: 12
	index: 0, handler: __TI_zero_init
	index: 1, handler: __TI_decompress_lzss
	index: 2, handler: __TI_decompress_none


GLOBAL SYMBOLS: SORTED ALPHABETICALLY BY Name 

address   name                                                               
-------   ----                                                               
000041cd  ADCIntClear                                                        
00003bbd  ADCIntStatus                                                       
00003fe3  ADCProcessorTrigger                                                
00003615  ADCSequenceConfigure                                               
00003f59  ADCSequenceDataGet                                                 
00004175  ADCSequenceEnable                                                  
00002b2d  ADCSequenceStepConfigure                                           
2000056c  Bumper1                                                            
20000570  Bumper2                                                            
000035c1  C$$EXIT                                                            
00002285  CAN0IntHandler                                                     
00003ffb  CANIntRegister                                                     
00003519  CO_TimerIntHandler                                                 
00002c99  CO_Timerinit                                                       
00004191  CO_driver_init                                                     
00003b2d  CO_start_listening                                                 
0000419d  CPUcpsie                                                           
00003411  Captureinit                                                        
00003229  ConfigureUART                                                      
00003c45  ConsumerHeartbeatAlarm                                             
0000281d  CopyBits                                                           
00003b5d  DelAlarm                                                           
00003c6f  GPIODirModeSet                                                     
000041e1  GPIOIntClear                                                       
000041a9  GPIOIntEnable                                                      
00004013  GPIOIntRegister                                                    
00001835  GPIOPadConfigSet                                                   
000041e7  GPIOPinRead                                                        
000040c9  GPIOPinTypeADC                                                     
000040db  GPIOPinTypeGPIOInput                                               
0000402b  GPIOPinTypeGPIOOutput                                              
000041ed  GPIOPinWrite                                                       
000032f1  GuardTimeAlarm                                                     
20000568  Input1                                                             
00003021  IntEnable                                                          
00004135  IntMasterEnable                                                    
00003e05  IntPrioritySet                                                     
00003a91  IntRegister                                                        
00003469  MA3_encoder_init                                                   
00003ef9  MA3_encoder_process                                                
000041d7  OnCOB_ID_SyncUpdate                                                
000040ed  OnHeartbeatProducerUpdate                                          
000040ff  OnNodeGuardUpdate                                                  
00003c99  OnNumberOfErrorsUpdate                                             
20000569  Output1                                                            
00003e71  PDOEventTimerAlarm                                                 
00003e29  PDOInhibitTimerAlarm                                               
00003665  PDOInit                                                            
0000328d  PDOStop                                                            
00003749  ProducerHeartbeatAlarm                                             
00003db9  RegisterSetODentryCallBack                                         
000041f3  ResetISR                                                           
00002d0d  SDOTimeoutAlarm                                                    
000039e9  SDOlineToObjdict                                                   
0000392f  SDOtoLine                                                          
UNDEFED   SHT$$INIT_ARRAY$$Base                                              
UNDEFED   SHT$$INIT_ARRAY$$Limit                                             
000028cd  SetAlarm                                                           
0000420b  SyncAlarm                                                          
00001a85  SysCtlClockGet                                                     
00003ac5  SysCtlPeripheralEnable                                             
000034c1  SysTickIntHandler                                                  
00003f79  SysTickIntRegister                                                 
00002ed9  TPDO_Communication_Parameter_Callback                              
2000026c  TestSlave_Data                                                     
200007e0  TestSlave_Index1000                                                
200007ec  TestSlave_Index1001                                                
200005dc  TestSlave_Index1003                                                
200006fc  TestSlave_Index1003_callbacks                                      
200007f8  TestSlave_Index1005                                                
2000088c  TestSlave_Index1005_callbacks                                      
20000804  TestSlave_Index1006                                                
20000890  TestSlave_Index1006_callbacks                                      
20000648  TestSlave_Index1010                                                
20000798  TestSlave_Index1010_callbacks                                      
20000684  TestSlave_Index1011                                                
200007ac  TestSlave_Index1011_callbacks                                      
20000810  TestSlave_Index1014                                                
2000081c  TestSlave_Index1017                                                
20000894  TestSlave_Index1017_callbacks                                      
200006c0  TestSlave_Index1018                                                
20000720  TestSlave_Index1200                                                
20000828  TestSlave_Index2000                                                
20000834  TestSlave_Index2001                                                
20000840  TestSlave_Index2002                                                
2000084c  TestSlave_Index2004                                                
20000858  TestSlave_Index2006                                                
000046aa  TestSlave_ObjdictSize                                              
200007c0  TestSlave_PDO_status                                               
20000578  TestSlave_bDeviceNodeId                                            
00004678  TestSlave_firstIndex                                               
200009dc  TestSlave_heartBeatTimers                                          
20000581  TestSlave_highestSubIndex_obj1003                                  
2000058f  TestSlave_highestSubIndex_obj1010                                  
200005a0  TestSlave_highestSubIndex_obj1011                                  
200005b8  TestSlave_highestSubIndex_obj1016                                  
200005bc  TestSlave_highestSubIndex_obj1018                                  
200005d0  TestSlave_highestSubIndex_obj1200                                  
000046a8  TestSlave_iam_a_slave                                              
00004684  TestSlave_lastIndex                                                
2000057c  TestSlave_obj1000                                                  
20000580  TestSlave_obj1001                                                  
20000744  TestSlave_obj1003                                                  
20000584  TestSlave_obj1005                                                  
20000588  TestSlave_obj1006                                                  
2000058c  TestSlave_obj100C                                                  
2000058e  TestSlave_obj100D                                                  
20000590  TestSlave_obj1010_Save_All_Parameters                              
20000598  TestSlave_obj1010_Save_Application_Parameters                      
20000594  TestSlave_obj1010_Save_Communication_Parameters                    
2000059c  TestSlave_obj1010_Save_Manufacturer_Parameters_1                   
200005a4  TestSlave_obj1011_Restore_All_Default_Parameters                   
200005ac  TestSlave_obj1011_Restore_Application_Default_Parameters           
200005a8  TestSlave_obj1011_Restore_Communication_Default_Parameters         
200005b0  TestSlave_obj1011_Restore_Manufacturer_Defined_Default_Parameters_1
200005b4  TestSlave_obj1014                                                  
20000898  TestSlave_obj1016                                                  
200005ba  TestSlave_obj1017                                                  
200005c4  TestSlave_obj1018_Product_Code                                     
200005c8  TestSlave_obj1018_Revision_Number                                  
200005cc  TestSlave_obj1018_Serial_Number                                    
200005c0  TestSlave_obj1018_Vendor_ID                                        
200005d4  TestSlave_obj1200_COB_ID_Client_to_Server_Receive_SDO              
200005d8  TestSlave_obj1200_COB_ID_Server_to_Client_Transmit_SDO             
0000445c  TestSlave_objdict                                                  
00002361  TestSlave_scanIndexOD                                              
00004045  TestSlave_valueRangeTest                                           
00002765  TimeDispatch                                                       
0000405d  TimerIntRegister                                                   
000041f9  UARTClockSourceSet                                                 
00003355  UARTStdioConfig                                                    
00003f95  UARTprintf                                                         
00001505  UARTvprintf                                                        
00003791  UARTwrite                                                          
20000574  YEncoder                                                           
00002fb3  _RxPDO_EventTimers_Handler                                         
200009a8  __STACK_END                                                        
00000100  __STACK_SIZE                                                       
200009a8  __STACK_TOP                                                        
00004878  __TI_CINIT_Base                                                    
00004890  __TI_CINIT_Limit                                                   
0000485c  __TI_Handler_Table_Base                                            
00004868  __TI_Handler_Table_Limit                                           
00002e69  __TI_auto_init                                                     
200007d4  __TI_cleanup_ptr                                                   
00003159  __TI_decompress_lzss                                               
00004183  __TI_decompress_none                                               
200007d8  __TI_dtors_ptr                                                     
200007dc  __TI_enable_exit_profile_output                                    
ffffffff  __TI_pprof_out_hndl                                                
ffffffff  __TI_prof_data_size                                                
ffffffff  __TI_prof_data_start                                               
00000000  __TI_static_base__                                                 
000041b5  __TI_zero_init                                                     
00004221  __aeabi_idiv0                                                      
00002ba7  __aeabi_memclr                                                     
00002ba7  __aeabi_memclr4                                                    
00002ba7  __aeabi_memclr8                                                    
0000296d  __aeabi_memcpy                                                     
0000296d  __aeabi_memcpy4                                                    
0000296d  __aeabi_memcpy8                                                    
00002ba9  __aeabi_memset                                                     
00002ba9  __aeabi_memset4                                                    
00002ba9  __aeabi_memset8                                                    
0000396f  __aeabi_uidiv                                                      
0000396f  __aeabi_uidivmod                                                   
ffffffff  __binit__                                                          
ffffffff  __c_args__                                                         
00004223  __mpu_init                                                         
200008a8  __stack                                                            
2000089c  _address                                                           
00004075  _args_main                                                         
0000356d  _c_int00                                                           
000025dd  _getODentry                                                        
00003353  _heartbeatError                                                    
00003a8f  _initialisation                                                    
2000087c  _lock                                                              
00003d3f  _nodeguardError                                                    
0000409b  _nop                                                               
00003f77  _operational                                                       
00004043  _post_SlaveBootup                                                  
00004213  _post_SlaveStateChange                                             
00004215  _post_TPDO                                                         
00004217  _post_emcy                                                         
00004219  _post_sync                                                         
00004145  _preOperational                                                    
00004093  _register_lock                                                     
0000408d  _register_unlock                                                   
00001967  _sendPDOevent                                                      
00001fb5  _setODentry                                                        
0000421b  _stopped                                                           
0000421d  _storeODSubIndex                                                   
00004225  _system_post_cinit                                                 
0000420f  _system_pre_init                                                   
20000864  _testi                                                             
20000868  _tick                                                              
2000086c  _tick_second                                                       
20000880  _unlock                                                            
000035c5  abort                                                              
ffffffff  binit                                                              
0000243d  buildPDO                                                           
00003089  bumper_init                                                        
000037d9  bumper_process                                                     
000030f1  canDispatch                                                        
00003d17  canSend                                                            
00002515  can_init                                                           
00003865  can_write                                                          
20000788  circle                                                             
000036fd  copy_in                                                            
00003b8d  delay_ms                                                           
2000078c  dir                                                                
000041c1  driver_get_address                                                 
00003a21  driver_init_hardware                                               
00003b2d  driver_init_system                                                 
00003f19  driver_start_tick                                                  
00003f39  emergencyInit                                                      
0000421f  emergencyStop                                                      
000035cd  exit                                                               
00002f47  failedSDO                                                          
200009d0  g_RxMessage                                                        
20000000  g_pfnRAMVectors                                                    
00000000  g_pfnVectors                                                       
200009a8  g_sCAN0RxMessage                                                   
200009bc  g_sCAN0TxMessage                                                   
20000764  g_ui32ErrFlag                                                      
20000768  g_ui32RXMsgCount                                                   
2000076c  g_ui32TXMsgCount                                                   
00003d41  getElapsedTime                                                     
000041ff  getNodeId                                                          
00003faf  getSDOfreeLine                                                     
00003beb  getSDOlineOnUse                                                    
00003fc9  getSDOlineRestBytes                                                
00002c21  heartbeatInit                                                      
00003a59  heartbeatStop                                                      
00002a9d  initSDOline                                                        
00001b95  inputInt                                                           
000026a1  io_manager_init                                                    
00002199  io_manager_process                                                 
20000784  last_pulse                                                         
20000874  last_timer_raw                                                     
00004155  lifeGuardInit                                                      
00004165  lifeGuardStop                                                      
000038a9  lineToSDO                                                          
00002fb5  main                                                               
200008a4  main_func_sp                                                       
00003e93  masterSendNMTnodeguard                                             
00003d69  masterSendNMTstateChange                                           
00003e4d  memcmp                                                             
0000296d  memcpy                                                             
00002baf  memset                                                             
200008a0  nodeId                                                             
00002d81  nodeguardInit                                                      
00004111  nodeguardStop                                                      
000038ed  objdictToSDOline                                                   
00003eb5  proceedEMCY                                                        
00002a09  proceedNMTstateChange                                              
00001eb9  proceedNODE_GUARD                                                  
000012e3  proceedPDO                                                         
0000026d  proceedSDO                                                         
00003cc3  proceedSYNC                                                        
20000780  pulse                                                              
00004205  resetSDO                                                           
00003af9  resetSDOline                                                       
00004123  scanIndexOD                                                        
000020a9  sendOnePDOevent                                                    
00002df5  sendSDO                                                            
000039af  sendSDOabort                                                       
000040a1  sendSYNC                                                           
00003ed7  sendSYNCMessage                                                    
000016f1  setNodeId                                                          
000040b5  setSDOlineRestBytes                                                
00001db5  setState                                                           
00003d91  setTimer                                                           
00003ced  slaveSendBootUp                                                    
000031c1  startSYNC                                                          
00003c19  stopSYNC                                                           
00001ca5  switchCommunicationState                                           
20000878  tdcount                                                            
200004a8  timers                                                             
20000794  toff                                                               
20000790  ton                                                                
20000870  total_sleep_time                                                   


GLOBAL SYMBOLS: SORTED BY Symbol Address 

address   name                                                               
-------   ----                                                               
00000000  __TI_static_base__                                                 
00000000  g_pfnVectors                                                       
00000100  __STACK_SIZE                                                       
0000026d  proceedSDO                                                         
000012e3  proceedPDO                                                         
00001505  UARTvprintf                                                        
000016f1  setNodeId                                                          
00001835  GPIOPadConfigSet                                                   
00001967  _sendPDOevent                                                      
00001a85  SysCtlClockGet                                                     
00001b95  inputInt                                                           
00001ca5  switchCommunicationState                                           
00001db5  setState                                                           
00001eb9  proceedNODE_GUARD                                                  
00001fb5  _setODentry                                                        
000020a9  sendOnePDOevent                                                    
00002199  io_manager_process                                                 
00002285  CAN0IntHandler                                                     
00002361  TestSlave_scanIndexOD                                              
0000243d  buildPDO                                                           
00002515  can_init                                                           
000025dd  _getODentry                                                        
000026a1  io_manager_init                                                    
00002765  TimeDispatch                                                       
0000281d  CopyBits                                                           
000028cd  SetAlarm                                                           
0000296d  __aeabi_memcpy                                                     
0000296d  __aeabi_memcpy4                                                    
0000296d  __aeabi_memcpy8                                                    
0000296d  memcpy                                                             
00002a09  proceedNMTstateChange                                              
00002a9d  initSDOline                                                        
00002b2d  ADCSequenceStepConfigure                                           
00002ba7  __aeabi_memclr                                                     
00002ba7  __aeabi_memclr4                                                    
00002ba7  __aeabi_memclr8                                                    
00002ba9  __aeabi_memset                                                     
00002ba9  __aeabi_memset4                                                    
00002ba9  __aeabi_memset8                                                    
00002baf  memset                                                             
00002c21  heartbeatInit                                                      
00002c99  CO_Timerinit                                                       
00002d0d  SDOTimeoutAlarm                                                    
00002d81  nodeguardInit                                                      
00002df5  sendSDO                                                            
00002e69  __TI_auto_init                                                     
00002ed9  TPDO_Communication_Parameter_Callback                              
00002f47  failedSDO                                                          
00002fb3  _RxPDO_EventTimers_Handler                                         
00002fb5  main                                                               
00003021  IntEnable                                                          
00003089  bumper_init                                                        
000030f1  canDispatch                                                        
00003159  __TI_decompress_lzss                                               
000031c1  startSYNC                                                          
00003229  ConfigureUART                                                      
0000328d  PDOStop                                                            
000032f1  GuardTimeAlarm                                                     
00003353  _heartbeatError                                                    
00003355  UARTStdioConfig                                                    
00003411  Captureinit                                                        
00003469  MA3_encoder_init                                                   
000034c1  SysTickIntHandler                                                  
00003519  CO_TimerIntHandler                                                 
0000356d  _c_int00                                                           
000035c1  C$$EXIT                                                            
000035c5  abort                                                              
000035cd  exit                                                               
00003615  ADCSequenceConfigure                                               
00003665  PDOInit                                                            
000036fd  copy_in                                                            
00003749  ProducerHeartbeatAlarm                                             
00003791  UARTwrite                                                          
000037d9  bumper_process                                                     
00003865  can_write                                                          
000038a9  lineToSDO                                                          
000038ed  objdictToSDOline                                                   
0000392f  SDOtoLine                                                          
0000396f  __aeabi_uidiv                                                      
0000396f  __aeabi_uidivmod                                                   
000039af  sendSDOabort                                                       
000039e9  SDOlineToObjdict                                                   
00003a21  driver_init_hardware                                               
00003a59  heartbeatStop                                                      
00003a8f  _initialisation                                                    
00003a91  IntRegister                                                        
00003ac5  SysCtlPeripheralEnable                                             
00003af9  resetSDOline                                                       
00003b2d  CO_start_listening                                                 
00003b2d  driver_init_system                                                 
00003b5d  DelAlarm                                                           
00003b8d  delay_ms                                                           
00003bbd  ADCIntStatus                                                       
00003beb  getSDOlineOnUse                                                    
00003c19  stopSYNC                                                           
00003c45  ConsumerHeartbeatAlarm                                             
00003c6f  GPIODirModeSet                                                     
00003c99  OnNumberOfErrorsUpdate                                             
00003cc3  proceedSYNC                                                        
00003ced  slaveSendBootUp                                                    
00003d17  canSend                                                            
00003d3f  _nodeguardError                                                    
00003d41  getElapsedTime                                                     
00003d69  masterSendNMTstateChange                                           
00003d91  setTimer                                                           
00003db9  RegisterSetODentryCallBack                                         
00003e05  IntPrioritySet                                                     
00003e29  PDOInhibitTimerAlarm                                               
00003e4d  memcmp                                                             
00003e71  PDOEventTimerAlarm                                                 
00003e93  masterSendNMTnodeguard                                             
00003eb5  proceedEMCY                                                        
00003ed7  sendSYNCMessage                                                    
00003ef9  MA3_encoder_process                                                
00003f19  driver_start_tick                                                  
00003f39  emergencyInit                                                      
00003f59  ADCSequenceDataGet                                                 
00003f77  _operational                                                       
00003f79  SysTickIntRegister                                                 
00003f95  UARTprintf                                                         
00003faf  getSDOfreeLine                                                     
00003fc9  getSDOlineRestBytes                                                
00003fe3  ADCProcessorTrigger                                                
00003ffb  CANIntRegister                                                     
00004013  GPIOIntRegister                                                    
0000402b  GPIOPinTypeGPIOOutput                                              
00004043  _post_SlaveBootup                                                  
00004045  TestSlave_valueRangeTest                                           
0000405d  TimerIntRegister                                                   
00004075  _args_main                                                         
0000408d  _register_unlock                                                   
00004093  _register_lock                                                     
0000409b  _nop                                                               
000040a1  sendSYNC                                                           
000040b5  setSDOlineRestBytes                                                
000040c9  GPIOPinTypeADC                                                     
000040db  GPIOPinTypeGPIOInput                                               
000040ed  OnHeartbeatProducerUpdate                                          
000040ff  OnNodeGuardUpdate                                                  
00004111  nodeguardStop                                                      
00004123  scanIndexOD                                                        
00004135  IntMasterEnable                                                    
00004145  _preOperational                                                    
00004155  lifeGuardInit                                                      
00004165  lifeGuardStop                                                      
00004175  ADCSequenceEnable                                                  
00004183  __TI_decompress_none                                               
00004191  CO_driver_init                                                     
0000419d  CPUcpsie                                                           
000041a9  GPIOIntEnable                                                      
000041b5  __TI_zero_init                                                     
000041c1  driver_get_address                                                 
000041cd  ADCIntClear                                                        
000041d7  OnCOB_ID_SyncUpdate                                                
000041e1  GPIOIntClear                                                       
000041e7  GPIOPinRead                                                        
000041ed  GPIOPinWrite                                                       
000041f3  ResetISR                                                           
000041f9  UARTClockSourceSet                                                 
000041ff  getNodeId                                                          
00004205  resetSDO                                                           
0000420b  SyncAlarm                                                          
0000420f  _system_pre_init                                                   
00004213  _post_SlaveStateChange                                             
00004215  _post_TPDO                                                         
00004217  _post_emcy                                                         
00004219  _post_sync                                                         
0000421b  _stopped                                                           
0000421d  _storeODSubIndex                                                   
0000421f  emergencyStop                                                      
00004221  __aeabi_idiv0                                                      
00004223  __mpu_init                                                         
00004225  _system_post_cinit                                                 
0000445c  TestSlave_objdict                                                  
00004678  TestSlave_firstIndex                                               
00004684  TestSlave_lastIndex                                                
000046a8  TestSlave_iam_a_slave                                              
000046aa  TestSlave_ObjdictSize                                              
0000485c  __TI_Handler_Table_Base                                            
00004868  __TI_Handler_Table_Limit                                           
00004878  __TI_CINIT_Base                                                    
00004890  __TI_CINIT_Limit                                                   
20000000  g_pfnRAMVectors                                                    
2000026c  TestSlave_Data                                                     
200004a8  timers                                                             
20000568  Input1                                                             
20000569  Output1                                                            
2000056c  Bumper1                                                            
20000570  Bumper2                                                            
20000574  YEncoder                                                           
20000578  TestSlave_bDeviceNodeId                                            
2000057c  TestSlave_obj1000                                                  
20000580  TestSlave_obj1001                                                  
20000581  TestSlave_highestSubIndex_obj1003                                  
20000584  TestSlave_obj1005                                                  
20000588  TestSlave_obj1006                                                  
2000058c  TestSlave_obj100C                                                  
2000058e  TestSlave_obj100D                                                  
2000058f  TestSlave_highestSubIndex_obj1010                                  
20000590  TestSlave_obj1010_Save_All_Parameters                              
20000594  TestSlave_obj1010_Save_Communication_Parameters                    
20000598  TestSlave_obj1010_Save_Application_Parameters                      
2000059c  TestSlave_obj1010_Save_Manufacturer_Parameters_1                   
200005a0  TestSlave_highestSubIndex_obj1011                                  
200005a4  TestSlave_obj1011_Restore_All_Default_Parameters                   
200005a8  TestSlave_obj1011_Restore_Communication_Default_Parameters         
200005ac  TestSlave_obj1011_Restore_Application_Default_Parameters           
200005b0  TestSlave_obj1011_Restore_Manufacturer_Defined_Default_Parameters_1
200005b4  TestSlave_obj1014                                                  
200005b8  TestSlave_highestSubIndex_obj1016                                  
200005ba  TestSlave_obj1017                                                  
200005bc  TestSlave_highestSubIndex_obj1018                                  
200005c0  TestSlave_obj1018_Vendor_ID                                        
200005c4  TestSlave_obj1018_Product_Code                                     
200005c8  TestSlave_obj1018_Revision_Number                                  
200005cc  TestSlave_obj1018_Serial_Number                                    
200005d0  TestSlave_highestSubIndex_obj1200                                  
200005d4  TestSlave_obj1200_COB_ID_Client_to_Server_Receive_SDO              
200005d8  TestSlave_obj1200_COB_ID_Server_to_Client_Transmit_SDO             
200005dc  TestSlave_Index1003                                                
20000648  TestSlave_Index1010                                                
20000684  TestSlave_Index1011                                                
200006c0  TestSlave_Index1018                                                
200006fc  TestSlave_Index1003_callbacks                                      
20000720  TestSlave_Index1200                                                
20000744  TestSlave_obj1003                                                  
20000764  g_ui32ErrFlag                                                      
20000768  g_ui32RXMsgCount                                                   
2000076c  g_ui32TXMsgCount                                                   
20000780  pulse                                                              
20000784  last_pulse                                                         
20000788  circle                                                             
2000078c  dir                                                                
20000790  ton                                                                
20000794  toff                                                               
20000798  TestSlave_Index1010_callbacks                                      
200007ac  TestSlave_Index1011_callbacks                                      
200007c0  TestSlave_PDO_status                                               
200007d4  __TI_cleanup_ptr                                                   
200007d8  __TI_dtors_ptr                                                     
200007dc  __TI_enable_exit_profile_output                                    
200007e0  TestSlave_Index1000                                                
200007ec  TestSlave_Index1001                                                
200007f8  TestSlave_Index1005                                                
20000804  TestSlave_Index1006                                                
20000810  TestSlave_Index1014                                                
2000081c  TestSlave_Index1017                                                
20000828  TestSlave_Index2000                                                
20000834  TestSlave_Index2001                                                
20000840  TestSlave_Index2002                                                
2000084c  TestSlave_Index2004                                                
20000858  TestSlave_Index2006                                                
20000864  _testi                                                             
20000868  _tick                                                              
2000086c  _tick_second                                                       
20000870  total_sleep_time                                                   
20000874  last_timer_raw                                                     
20000878  tdcount                                                            
2000087c  _lock                                                              
20000880  _unlock                                                            
2000088c  TestSlave_Index1005_callbacks                                      
20000890  TestSlave_Index1006_callbacks                                      
20000894  TestSlave_Index1017_callbacks                                      
20000898  TestSlave_obj1016                                                  
2000089c  _address                                                           
200008a0  nodeId                                                             
200008a4  main_func_sp                                                       
200008a8  __stack                                                            
200009a8  __STACK_END                                                        
200009a8  __STACK_TOP                                                        
200009a8  g_sCAN0RxMessage                                                   
200009bc  g_sCAN0TxMessage                                                   
200009d0  g_RxMessage                                                        
200009dc  TestSlave_heartBeatTimers                                          
ffffffff  __TI_pprof_out_hndl                                                
ffffffff  __TI_prof_data_size                                                
ffffffff  __TI_prof_data_start                                               
ffffffff  __binit__                                                          
ffffffff  __c_args__                                                         
ffffffff  binit                                                              
UNDEFED   SHT$$INIT_ARRAY$$Base                                              
UNDEFED   SHT$$INIT_ARRAY$$Limit                                             

[282 symbols]
