******************************************************************************
                  TI ARM Linker PC v16.9.7                     
******************************************************************************
>> Linked Mon Jun 18 17:11:32 2018

OUTPUT FILE NAME:   <launchpad.out>
ENTRY POINT SYMBOL: "_c_int00"  address: 000039ad


MEMORY CONFIGURATION

         name            origin    length      used     unused   attr    fill
----------------------  --------  ---------  --------  --------  ----  --------
  FLASH                 00000000   00040000  0000535c  0003aca4  R  X
  SRAM                  20000000   00008000  00001500  00006b00  RW X


SEGMENT ALLOCATION MAP

run origin  load origin   length   init length attrs members
----------  ----------- ---------- ----------- ----- -------
00000000    00000000    00005360   00005360    r-x
  00000000    00000000    0000026c   0000026c    r-- .intvecs
  0000026c    0000026c    000047d0   000047d0    r-x .text
  00004a3c    00004a3c    00000500   00000500    r-- .const
  00004f40    00004f40    00000420   00000420    r-- .cinit
20000000    20000000    00001500   00000000    rw-
  20000000    20000000    0000026c   00000000    rw- .vtable
  2000026c    2000026c    00000c6c   00000000    rw- .data
  20000ed8    20000ed8    00000528   00000000    rw- .bss
  20001400    20001400    00000100   00000000    rw- .stack


SECTION ALLOCATION MAP

 output                                  attributes/
section   page    origin      length       input sections
--------  ----  ----------  ----------   ----------------
.intvecs   0    00000000    0000026c     
                  00000000    0000026c     startup_ccs.obj (.intvecs)

.text      0    0000026c    000047d0     
                  0000026c    00001076     sdo.obj (.text:proceedSDO)
                  000012e2    00000002     startup_ccs.obj (.text:FaultISR)
                  000012e4    00000258     PD4Master.obj (.text:TestMaster_scanIndexOD)
                  0000153c    00000222     pdo.obj (.text:proceedPDO)
                  0000175e    00000002     startup_ccs.obj (.text:IntDefaultHandler)
                  00001760    000001ea     uartstdio.obj (.text:UARTvprintf)
                  0000194a    00000002     startup_ccs.obj (.text:NmiSR)
                  0000194c    00000160     uartstdio.obj (.text:UARTStdioIntHandler)
                  00001aac    0000015a     sdo.obj (.text:_writeNetworkDict)
                  00001c06    00000002     Master.obj (.text:TestMaster_post_TPDO)
                  00001c08    00000144     states.obj (.text:setNodeId)
                  00001d4c    0000011c     pdo.obj (.text:_sendPDOevent)
                  00001e68    00000110     driverlib.lib : sysctl.obj (.text:SysCtlClockGet)
                  00001f78    00000110     MA3encoder.obj (.text:inputInt)
                  00002088    00000110     states.obj (.text:switchCommunicationState)
                  00002198    00000102     states.obj (.text:setState)
                  0000229a    00000002     Master.obj (.text:TestMaster_post_sync)
                  0000229c    000000f8     lifegrd.obj (.text:proceedNODE_GUARD)
                  00002394    000000f4     objacces.obj (.text:_setODentry)
                  00002488    000000ec     pdo.obj (.text:sendOnePDOevent)
                  00002574    000000e0     can.obj (.text:CAN0IntHandler)
                  00002654    000000d8     pdo.obj (.text:buildPDO)
                  0000272c    000000c4     objacces.obj (.text:_getODentry)
                  000027f0    000000c0     PD4_task.obj (.text:PD4Master_op_period)
                  000028b0    000000b8     timer.obj (.text:TimeDispatch)
                  00002968    000000b0     pdo.obj (.text:CopyBits)
                  00002a18    000000b0     uartstdio.obj (.text:UARTStdioConfig)
                  00002ac8    000000a8     uartstdio.obj (.text:UARTwrite)
                  00002b70    000000a8     can.obj (.text:can_init)
                  00002c18    000000a0     timer.obj (.text:SetAlarm)
                  00002cb8    0000009c     rtsv7M4_T_le_v4SPD16_eabi.lib : memcpy_t2.obj (.text)
                  00002d54    0000009c     ustdlib.obj (.text:ustrtoul)
                  00002df0    00000094     nmtSlave.obj (.text:proceedNMTstateChange)
                  00002e84    00000090     sdo.obj (.text:initSDOline)
                  00002f14    0000008c     uartstdio.obj (.text:UARTPrimeTransmit)
                  00002fa0    00000088     PD4_task.obj (.text:PD4Master_taskInit)
                  00003028    00000080     cmd_task.obj (.text:cmd_task_period)
                  000030a8    0000007c     lifegrd.obj (.text:heartbeatInit)
                  00003124    0000007a     rtsv7M4_T_le_v4SPD16_eabi.lib : memset_t2.obj (.text)
                  0000319e    00000002     pdo.obj (.text:_RxPDO_EventTimers_Handler)
                  000031a0    00000074     sdo.obj (.text:SDOTimeoutAlarm)
                  00003214    00000074     lifegrd.obj (.text:nodeguardInit)
                  00003288    00000074     sdo.obj (.text:sendSDO)
                  000032fc    00000070     Master.obj (.text:CheckSDOAndContinue)
                  0000336c    00000070     rtsv7M4_T_le_v4SPD16_eabi.lib : autoinit.obj (.text)
                  000033dc    0000006e     pdo.obj (.text:TPDO_Communication_Parameter_Callback)
                  0000344a    0000006c     sdo.obj (.text:failedSDO)
                  000034b6    00000002     lifegrd.obj (.text:_heartbeatError)
                  000034b8    00000068     user_cmd.obj (.text:CMD_help)
                  00003520    00000068     driverlib.lib : interrupt.obj (.text:IntEnable)
                  00003588    00000068     states.obj (.text:canDispatch)
                  000035f0    00000068     rtsv7M4_T_le_v4SPD16_eabi.lib : copy_decompress_lzss.obj (.text:decompress:lzss)
                  00003658    00000068     sync.obj (.text:startSYNC)
                  000036c0    00000064     cmdline.obj (.text:CmdLineProcess)
                  00003724    00000064     driver.obj (.text:ConfigureUART)
                  00003788    00000064     pdo.obj (.text:PDOStop)
                  000037ec    00000062     lifegrd.obj (.text:GuardTimeAlarm)
                  0000384e    00000002     states.obj (.text:_initialisation)
                  00003850    00000058     MA3encoder.obj (.text:Captureinit)
                  000038a8    00000058     MA3encoder.obj (.text:MA3_encoder_init)
                  00003900    00000056     pdo.obj (.text:sendPDOrequest)
                  00003956    00000002     lifegrd.obj (.text:_nodeguardError)
                  00003958    00000054     uartstdio.obj (.text:UARTgets)
                  000039ac    00000054     rtsv7M4_T_le_v4SPD16_eabi.lib : boot.obj (.text)
                  00003a00    00000054                                   : exit.obj (.text)
                  00003a54    00000052     Master.obj (.text:TestMaster_post_emcy)
                  00003aa6    00000002     states.obj (.text:_operational)
                  00003aa8    0000004f     Master.obj (.text:TestMaster_initialisation)
                  00003af7    00000001     --HOLE-- [fill = 0]
                  00003af8    0000004e     Master.obj (.text:CanOpen_setMaster)
                  00003b46    00000002     lifegrd.obj (.text:_post_SlaveBootup)
                  00003b48    0000004c     pdo.obj (.text:PDOInit)
                  00003b94    0000004c     sdo.obj (.text:getWriteResultNetworkDict)
                  00003be0    0000004c     rtsv7M4_T_le_v4SPD16_eabi.lib : cpy_tbl.obj (.text)
                  00003c2c    00000048     sdo.obj (.text:GetSDOClientFromNodeId)
                  00003c74    00000048     lifegrd.obj (.text:ProducerHeartbeatAlarm)
                  00003cbc    00000044     Master.obj (.text:PD4Master_set_pos)
                  00003d00    00000044     Master.obj (.text:PD4Master_writeSlaveParam)
                  00003d44    00000044     period.obj (.text:SysTickIntHandler)
                  00003d88    00000044     uartstdio.obj (.text:UARTPeek)
                  00003dcc    00000044     driverlib.lib : gpio.obj (.text:_GPIOIntNumberGet)
                  00003e10    00000044     can.obj (.text:can_write)
                  00003e54    00000044     sdo.obj (.text:lineToSDO)
                  00003e98    00000042     sdo.obj (.text:objdictToSDOline)
                  00003eda    00000040     sdo.obj (.text:SDOtoLine)
                  00003f1a    00000040     rtsv7M4_T_le_v4SPD16_eabi.lib : u_divt2.obj (.text)
                  00003f5a    00000002     lifegrd.obj (.text:_post_SlaveStateChange)
                  00003f5c    0000003c     uartstdio.obj (.text:UARTFlushTx)
                  00003f98    0000003a     sdo.obj (.text:sendSDOabort)
                  00003fd2    00000038     sdo.obj (.text:SDOlineToObjdict)
                  0000400a    00000002     sync.obj (.text:_post_TPDO)
                  0000400c    00000038     Master.obj (.text:TestMaster_post_SlaveBootup)
                  00004044    00000036     lifegrd.obj (.text:heartbeatStop)
                  0000407a    00000002     emcy.obj (.text:_post_emcy)
                  0000407c    00000034     driverlib.lib : interrupt.obj (.text:IntRegister)
                  000040b0    00000034     PD4_task.obj (.text:PD4Master_preop_period)
                  000040e4    00000034     driverlib.lib : sysctl.obj (.text:SysCtlPeripheralEnable)
                  00004118    00000034     sdo.obj (.text:closeSDOtransfer)
                  0000414c    00000034     sdo.obj (.text:resetSDOline)
                  00004180    00000030     timer.obj (.text:DelAlarm)
                  000041b0    00000030     Master.obj (.text:PD4Master_set_ctrl)
                  000041e0    00000030     can.obj (.text:can_start_listening)
                  00004210    00000030     canfestival_thread.obj (.text:canfestival_period)
                  00004240    00000030     delay.obj (.text:delay_ms)
                  00004270    00000030     driver.obj (.text:driver_init_hardware)
                  000042a0    0000002e     sdo.obj (.text:getSDOlineOnUse)
                  000042ce    00000002     sync.obj (.text:_post_sync)
                  000042d0    0000002d     Master.obj (.text:TestMaster_post_SlaveStateChange)
                  000042fd    00000001     --HOLE-- [fill = 0]
                  000042fe    00000002     states.obj (.text:_stopped)
                  00004300    0000002c     MA3encoder.obj (.text:MA3_encoder_print_value)
                  0000432c    0000002c     uartstdio.obj (.text:UARTFlushRx)
                  00004358    0000002c     sync.obj (.text:stopSYNC)
                  00004384    0000002a     user_cmd.obj (.text:CMD_set_pos)
                  000043ae    0000002a     user_cmd.obj (.text:CMD_set_speed)
                  000043d8    0000002a     lifegrd.obj (.text:ConsumerHeartbeatAlarm)
                  00004402    0000002a     emcy.obj (.text:OnNumberOfErrorsUpdate)
                  0000442c    0000002a     sdo.obj (.text:getSDOlineToClose)
                  00004456    0000002a     sync.obj (.text:proceedSYNC)
                  00004480    0000002a     nmtSlave.obj (.text:slaveSendBootUp)
                  000044aa    00000002     objacces.obj (.text:_storeODSubIndex)
                  000044ac    00000028     Master.obj (.text:ConfigureSlaveNode)
                  000044d4    00000028     Master.obj (.text:PD4Master_set_speed)
                  000044fc    00000028     canfestival_thread.obj (.text:getElapsedTime)
                  00004524    00000028     main.obj (.text:main)
                  0000454c    00000028     nmtMaster.obj (.text:masterSendNMTstateChange)
                  00004574    00000028     canfestival_thread.obj (.text:setTimer)
                  0000459c    00000028     sdo.obj (.text:writeNetworkDictCallBack)
                  000045c4    00000026     objacces.obj (.text:RegisterSetODentryCallBack)
                  000045ea    00000002     emcy.obj (.text:emergencyStop)
                  000045ec    00000026     Master.obj (.text:TestMaster_heartbeatError)
                  00004612    00000026     pdo.obj (.text:sendPdo)
                  00004638    00000024     pdo.obj (.text:PDOInhibitTimerAlarm)
                  0000465c    00000024     rtsv7M4_T_le_v4SPD16_eabi.lib : memcmp.obj (.text)
                  00004680    00000023     Master.obj (.text:TestMaster_preOperational)
                  000046a3    00000001     --HOLE-- [fill = 0]
                  000046a4    00000022     pdo.obj (.text:PDOEventTimerAlarm)
                  000046c6    00000022     nmtMaster.obj (.text:masterSendNMTnodeguard)
                  000046e8    00000022     emcy.obj (.text:proceedEMCY)
                  0000470a    00000022     sync.obj (.text:sendSYNCMessage)
                  0000472c    00000020     Master.obj (.text:TestMaster_operational)
                  0000474c    00000020     delay.obj (.text:delay_us)
                  0000476c    00000020     driver.obj (.text:driver_start_tick)
                  0000478c    00000020     emcy.obj (.text:emergencyInit)
                  000047ac    0000001c     PD4_task.obj (.text:PD4Master_period)
                  000047c8    0000001c     driverlib.lib : systick.obj (.text:SysTickIntRegister)
                  000047e4    0000001c     Master.obj (.text:TestMaster_stopped)
                  00004800    0000001a     user_cmd.obj (.text:CMD_set_stop)
                  0000481a    0000001a     uartstdio.obj (.text:UARTprintf)
                  00004834    0000001a     sdo.obj (.text:getSDOfreeLine)
                  0000484e    0000001a     sdo.obj (.text:getSDOlineRestBytes)
                  00004868    00000018     driverlib.lib : gpio.obj (.text:GPIOIntRegister)
                  00004880    00000018     uartstdio.obj (.text:IsBufferFull)
                  00004898    00000018     PD4Master.obj (.text:TestMaster_valueRangeTest)
                  000048b0    00000018     rtsv7M4_T_le_v4SPD16_eabi.lib : args_main.obj (.text)
                  000048c8    00000018                                   : strcmp.obj (.text)
                  000048e0    00000016     canfestival_thread.obj (.text:canSend)
                  000048f6    00000002     rtsv7M4_T_le_v4SPD16_eabi.lib : i_div0.obj (.text)
                  000048f8    00000014                                   : _lock.obj (.text)
                  0000490c    00000014     sync.obj (.text:sendSYNC)
                  00004920    00000014     sdo.obj (.text:setSDOlineRestBytes)
                  00004934    00000012     uartstdio.obj (.text:GetBufferCount)
                  00004946    00000012     lifegrd.obj (.text:OnHeartbeatProducerUpdate)
                  00004958    00000012     lifegrd.obj (.text:OnNodeGuardUpdate)
                  0000496a    00000012     lifegrd.obj (.text:nodeguardStop)
                  0000497c    00000012     objacces.obj (.text:scanIndexOD)
                  0000498e    00000010     states.obj (.text:_preOperational)
                  0000499e    00000010     lifegrd.obj (.text:lifeGuardInit)
                  000049ae    00000010     lifegrd.obj (.text:lifeGuardStop)
                  000049be    0000000e     uartstdio.obj (.text:IsBufferEmpty)
                  000049cc    0000000e     rtsv7M4_T_le_v4SPD16_eabi.lib : copy_decompress_none.obj (.text:decompress:none)
                  000049da    0000000c     driverlib.lib : gpio.obj (.text:GPIOIntEnable)
                  000049e6    0000000c     rtsv7M4_T_le_v4SPD16_eabi.lib : copy_zero_init.obj (.text:decompress:ZI)
                  000049f2    0000000a     user_cmd.obj (.text:CMD_get_encoder)
                  000049fc    0000000a     sync.obj (.text:OnCOB_ID_SyncUpdate)
                  00004a06    00000006     driverlib.lib : gpio.obj (.text:GPIOIntClear)
                  00004a0c    00000006     Master.obj (.text:PD4Master_stop)
                  00004a12    00000006     startup_ccs.obj (.text:ResetISR)
                  00004a18    00000006     driverlib.lib : uart.obj (.text:UARTClockSourceSet)
                  00004a1e    00000006     states.obj (.text:getNodeId)
                  00004a24    00000006     states.obj (.text:getState)
                  00004a2a    00000006     sdo.obj (.text:resetSDO)
                  00004a30    00000004     sync.obj (.text:SyncAlarm)
                  00004a34    00000004     rtsv7M4_T_le_v4SPD16_eabi.lib : pre_init.obj (.text)
                  00004a38    00000002                                   : mpu_init.obj (.text)
                  00004a3a    00000002                                   : startup.obj (.text)

.const     0    00004a3c    00000500     
                  00004a3c    00000180     PD4Master.obj (.const:TestMaster_objdict)
                  00004bbc    000000d8     driverlib.lib : gpio.obj (.const:g_ppui32GPIOIntMapSnowflake)
                  00004c94    000000c0                   : gpio.obj (.const:g_ppui32GPIOIntMapBlizzard)
                  00004d54    00000098     user_cmd.obj (.const:.string)
                  00004dec    00000070     driverlib.lib : interrupt.obj (.const)
                  00004e5c    0000006c                   : sysctl.obj (.const:g_pui32Xtals)
                  00004ec8    00000012     PD4Master.obj (.const:.string)
                  00004eda    00000002     --HOLE-- [fill = 0]
                  00004edc    00000010     states.obj (.const:$P$T4$5)
                  00004eec    00000010     states.obj (.const:$P$T5$6)
                  00004efc    0000000c     PD4Master.obj (.const:TestMaster_firstIndex)
                  00004f08    0000000c     PD4Master.obj (.const:TestMaster_lastIndex)
                  00004f14    0000000c     uartstdio.obj (.const:g_ui32UARTBase)
                  00004f20    0000000c     uartstdio.obj (.const:g_ui32UARTInt)
                  00004f2c    0000000c     uartstdio.obj (.const:g_ui32UARTPeriph)
                  00004f38    00000004     PD4Master.obj (.const)

.cinit     0    00004f40    00000420     
                  00004f40    000003e5     (.cinit..data.load) [load image, compression = lzss]
                  00005325    00000003     --HOLE-- [fill = 0]
                  00005328    0000000c     (__TI_handler_table)
                  00005334    00000004     --HOLE-- [fill = 0]
                  00005338    00000008     (.cinit..bss.load) [load image, compression = zero_init]
                  00005340    00000008     (.cinit..vtable.load) [load image, compression = zero_init]
                  00005348    00000018     (__TI_cinit_table)

.init_array 
*          0    00000000    00000000     UNINITIALIZED

.vtable    0    20000000    0000026c     UNINITIALIZED
                  20000000    0000026c     driverlib.lib : interrupt.obj (.vtable)

.data      0    2000026c    00000c6c     UNINITIALIZED
                  2000026c    0000023c     PD4Master.obj (.data:TestMaster_Data)
                  200004a8    000000ee     PD4Master.obj (.data)
                  20000596    00000002     PD4Master.obj (.data:TestMaster_heartBeatTimers)
                  20000598    000000c0     timer.obj (.data:timers)
                  20000658    00000054     PD4Master.obj (.data:TestMaster_Index1401)
                  200006ac    00000054     PD4Master.obj (.data:TestMaster_Index1402)
                  20000700    00000054     PD4Master.obj (.data:TestMaster_Index1403)
                  20000754    00000054     PD4Master.obj (.data:TestMaster_Index1800)
                  200007a8    00000054     PD4Master.obj (.data:TestMaster_Index1801)
                  200007fc    00000054     PD4Master.obj (.data:TestMaster_Index1802)
                  20000850    00000054     PD4Master.obj (.data:TestMaster_Index1803)
                  200008a4    00000048     PD4Master.obj (.data:TestMaster_Index1400)
                  200008ec    00000048     PD4Master.obj (.data:TestMaster_PDO_status)
                  20000934    00000048     user_cmd.obj (.data:g_psCmdTable)
                  2000097c    0000003c     PD4Master.obj (.data:TestMaster_Index1018)
                  200009b8    00000030     PD4Master.obj (.data:TestMaster_Index1280)
                  200009e8    00000030     PD4Master.obj (.data:TestMaster_Index1281)
                  20000a18    00000030     PD4Master.obj (.data:TestMaster_Index1282)
                  20000a48    00000030     PD4Master.obj (.data:TestMaster_Index1283)
                  20000a78    00000030     PD4Master.obj (.data:TestMaster_Index1A00)
                  20000aa8    00000030     PD4Master.obj (.data:TestMaster_Index1A01)
                  20000ad8    00000030     PD4Master.obj (.data:TestMaster_Index1A02)
                  20000b08    00000030     PD4Master.obj (.data:TestMaster_Index1A03)
                  20000b38    00000024     PD4Master.obj (.data:TestMaster_Index1600)
                  20000b5c    00000024     PD4Master.obj (.data:TestMaster_Index1601)
                  20000b80    00000024     PD4Master.obj (.data:TestMaster_Index1602)
                  20000ba4    00000024     PD4Master.obj (.data:TestMaster_Index1603)
                  20000bc8    00000024     PD4Master.obj (.data:TestMaster_Index1F22)
                  20000bec    0000001c     PD4Master.obj (.data:TestMaster_Index1800_callbacks)
                  20000c08    0000001c     PD4Master.obj (.data:TestMaster_Index1801_callbacks)
                  20000c24    0000001c     PD4Master.obj (.data:TestMaster_Index1802_callbacks)
                  20000c40    0000001c     PD4Master.obj (.data:TestMaster_Index1803_callbacks)
                  20000c5c    00000018     MA3encoder.obj (.data)
                  20000c74    00000018     PD4Master.obj (.data:TestMaster_Index1016)
                  20000c8c    00000015     uartstdio.obj (.data)
                  20000ca1    00000001     Master.obj (.data)
                  20000ca2    00000002     --HOLE--
                  20000ca4    00000010     PD4Master.obj (.data:PD4_Position)
                  20000cb4    00000010     PD4Master.obj (.data:PD4_SubMode)
                  20000cc4    00000010     PD4_task.obj (.data:PD4_bConnected)
                  20000cd4    00000010     canfestival_thread.obj (.data)
                  20000ce4    00000010     PD4_task.obj (.data:g_trip_bit)
                  20000cf4    0000000c     rtsv7M4_T_le_v4SPD16_eabi.lib : exit.obj (.data:$O1$$)
                  20000d00    0000000c     PD4Master.obj (.data:TestMaster_Index1000)
                  20000d0c    0000000c     PD4Master.obj (.data:TestMaster_Index1001)
                  20000d18    0000000c     PD4Master.obj (.data:TestMaster_Index1005)
                  20000d24    0000000c     PD4Master.obj (.data:TestMaster_Index1006)
                  20000d30    0000000c     PD4Master.obj (.data:TestMaster_Index1014)
                  20000d3c    0000000c     PD4Master.obj (.data:TestMaster_Index2011)
                  20000d48    0000000c     PD4Master.obj (.data:TestMaster_Index2012)
                  20000d54    0000000c     PD4Master.obj (.data:TestMaster_Index2013)
                  20000d60    0000000c     PD4Master.obj (.data:TestMaster_Index2014)
                  20000d6c    0000000c     PD4Master.obj (.data:TestMaster_Index2015)
                  20000d78    0000000c     PD4Master.obj (.data:TestMaster_Index2021)
                  20000d84    0000000c     PD4Master.obj (.data:TestMaster_Index2022)
                  20000d90    0000000c     PD4Master.obj (.data:TestMaster_Index2023)
                  20000d9c    0000000c     PD4Master.obj (.data:TestMaster_Index2024)
                  20000da8    0000000c     PD4Master.obj (.data:TestMaster_Index2025)
                  20000db4    0000000c     PD4Master.obj (.data:TestMaster_Index2031)
                  20000dc0    0000000c     PD4Master.obj (.data:TestMaster_Index2032)
                  20000dcc    0000000c     PD4Master.obj (.data:TestMaster_Index2033)
                  20000dd8    0000000c     PD4Master.obj (.data:TestMaster_Index2034)
                  20000de4    0000000c     PD4Master.obj (.data:TestMaster_Index2035)
                  20000df0    0000000c     PD4Master.obj (.data:TestMaster_Index2041)
                  20000dfc    0000000c     PD4Master.obj (.data:TestMaster_Index2042)
                  20000e08    0000000c     PD4Master.obj (.data:TestMaster_Index2043)
                  20000e14    0000000c     PD4Master.obj (.data:TestMaster_Index2044)
                  20000e20    0000000c     PD4Master.obj (.data:TestMaster_Index2045)
                  20000e2c    0000000c     PD4Master.obj (.data:TestMaster_obj1A00)
                  20000e38    0000000c     PD4Master.obj (.data:TestMaster_obj1A01)
                  20000e44    0000000c     PD4Master.obj (.data:TestMaster_obj1A02)
                  20000e50    0000000c     PD4Master.obj (.data:TestMaster_obj1A03)
                  20000e5c    0000000c     can.obj (.data)
                  20000e68    0000000c     period.obj (.data)
                  20000e74    0000000c     timer.obj (.data)
                  20000e80    00000008     rtsv7M4_T_le_v4SPD16_eabi.lib : _lock.obj (.data:$O1$$)
                  20000e88    00000008     PD4Master.obj (.data:PD4_Controlword)
                  20000e90    00000008     PD4Master.obj (.data:PD4_Status)
                  20000e98    00000008     PD4Master.obj (.data:TestMaster_obj1600)
                  20000ea0    00000008     PD4Master.obj (.data:TestMaster_obj1601)
                  20000ea8    00000008     PD4Master.obj (.data:TestMaster_obj1602)
                  20000eb0    00000008     PD4Master.obj (.data:TestMaster_obj1603)
                  20000eb8    00000008     PD4Master.obj (.data:TestMaster_obj1F22)
                  20000ec0    00000004     PD4Master.obj (.data:PD4_Mode)
                  20000ec4    00000004     PD4Master.obj (.data:TestMaster_Index1005_callbacks)
                  20000ec8    00000004     PD4Master.obj (.data:TestMaster_Index1006_callbacks)
                  20000ecc    00000004     PD4Master.obj (.data:TestMaster_obj1003)
                  20000ed0    00000004     PD4Master.obj (.data:TestMaster_obj1016)
                  20000ed4    00000004     rtsv7M4_T_le_v4SPD16_eabi.lib : stkdepth_vars.obj (.data)

.bss       0    20000ed8    00000528     UNINITIALIZED
                  20000ed8    00000400     uartstdio.obj (.bss:g_pcUARTTxBuffer)
                  200012d8    00000080     uartstdio.obj (.bss:g_pcUARTRxBuffer)
                  20001358    00000040     cmd_task.obj (.bss:g_cInput)
                  20001398    00000024     cmdline.obj (.bss:g_ppcArgv)
                  200013bc    00000014     (.common:g_sCAN0RxMessage)
                  200013d0    00000014     (.common:g_sCAN0TxMessage)
                  200013e4    0000000c     (.common:g_RxMessage)
                  200013f0    00000008     uartstdio.obj (.bss)
                  200013f8    00000004     (.common:_PD4_pos_tmp)
                  200013fc    00000004     (.common:_PD4_speed_tmp)

.stack     0    20001400    00000100     UNINITIALIZED
                  20001400    00000100     --HOLE--

MODULE SUMMARY

       Module                     code    ro data   rw data
       ------                     ----    -------   -------
    .\
       PD4Master.obj              624     430       2760   
       startup_ccs.obj            12      620       0      
       period.obj                 68      0         12     
       main.obj                   40      0         0      
    +--+--------------------------+-------+---------+---------+
       Total:                     744     1050      2772   
                                                           
    .\app\
       canfestival_thread.obj     150     0         16     
    +--+--------------------------+-------+---------+---------+
       Total:                     150     0         16     
                                                           
    .\app\CMD\
       user_cmd.obj               224     152       72     
       cmd_task.obj               128     0         64     
    +--+--------------------------+-------+---------+---------+
       Total:                     352     152       136    
                                                           
    .\app\PD4\
       Master.obj                 859     0         9      
       PD4_task.obj               408     0         32     
    +--+--------------------------+-------+---------+---------+
       Total:                     1267    0         41     
                                                           
    .\bsp\
       can.obj                    508     0         64     
       MA3encoder.obj             492     0         24     
       driver.obj                 180     0         0      
       delay.obj                  80      0         0      
    +--+--------------------------+-------+---------+---------+
       Total:                     1260    0         88     
                                                           
    .\third_party\CanFestival\src\
       sdo.obj                    5814    0         0      
       pdo.obj                    1940    0         0      
       states.obj                 992     32        0      
       lifegrd.obj                848     0         0      
       timer.obj                  392     0         204    
       objacces.obj               498     0         0      
       sync.obj                   262     0         0      
       nmtSlave.obj               190     0         0      
       emcy.obj                   112     0         0      
       nmtMaster.obj              74      0         0      
    +--+--------------------------+-------+---------+---------+
       Total:                     11122   32        204    
                                                           
    .\utils\
       uartstdio.obj              1664    36        1181   
       ustdlib.obj                156     0         0      
       cmdline.obj                100     0         36     
    +--+--------------------------+-------+---------+---------+
       Total:                     1920    36        1217   
                                                           
    C:/ti/TivaWare_C_Series-2.1.4.178/driverlib/ccs/Debug/driverlib.lib
       interrupt.obj              156     112       620    
       gpio.obj                   110     408       0      
       sysctl.obj                 324     108       0      
       systick.obj                28      0         0      
       uart.obj                   6       0         0      
    +--+--------------------------+-------+---------+---------+
       Total:                     624     628       620    
                                                           
    C:\ti\ccsv7\tools\compiler\ti-cgt-arm_16.9.7.LTS\lib\rtsv7M4_T_le_v4SPD16_eabi.lib
       memcpy_t2.obj              156     0         0      
       memset_t2.obj              122     0         0      
       autoinit.obj               112     0         0      
       copy_decompress_lzss.obj   104     0         0      
       exit.obj                   84      0         12     
       boot.obj                   84      0         0      
       cpy_tbl.obj                76      0         0      
       u_divt2.obj                64      0         0      
       memcmp.obj                 36      0         0      
       _lock.obj                  20      0         8      
       args_main.obj              24      0         0      
       strcmp.obj                 24      0         0      
       copy_decompress_none.obj   14      0         0      
       copy_zero_init.obj         12      0         0      
       pre_init.obj               4       0         0      
       stkdepth_vars.obj          0       0         4      
       i_div0.obj                 2       0         0      
       mpu_init.obj               2       0         0      
       startup.obj                2       0         0      
    +--+--------------------------+-------+---------+---------+
       Total:                     942     0         24     
                                                           
       Stack:                     0       0         256    
       Linker Generated:          0       1049      0      
    +--+--------------------------+-------+---------+---------+
       Grand Total:               18381   2947      5374   


LINKER GENERATED COPY TABLES

__TI_cinit_table @ 00005348 records: 3, size/record: 8, table size: 24
	.data: load addr=00004f40, load size=000003e5 bytes, run addr=2000026c, run size=00000c6c bytes, compression=lzss
	.bss: load addr=00005338, load size=00000008 bytes, run addr=20000ed8, run size=00000528 bytes, compression=zero_init
	.vtable: load addr=00005340, load size=00000008 bytes, run addr=20000000, run size=0000026c bytes, compression=zero_init


LINKER GENERATED HANDLER TABLE

__TI_handler_table @ 00005328 records: 3, size/record: 4, table size: 12
	index: 0, handler: __TI_zero_init
	index: 1, handler: __TI_decompress_lzss
	index: 2, handler: __TI_decompress_none


GLOBAL SYMBOLS: SORTED ALPHABETICALLY BY Name 

address   name                                                   
-------   ----                                                   
00003a01  C$$EXIT                                                
00002575  CAN0IntHandler                                         
000049f3  CMD_get_encoder                                        
000034b9  CMD_help                                               
00004385  CMD_set_pos                                            
000043af  CMD_set_speed                                          
00004801  CMD_set_stop                                           
00003af9  CanOpen_setMaster                                      
00003851  Captureinit                                            
000036c1  CmdLineProcess                                         
000044ad  ConfigureSlaveNode                                     
00003725  ConfigureUART                                          
000043d9  ConsumerHeartbeatAlarm                                 
00002969  CopyBits                                               
00004181  DelAlarm                                               
00004a07  GPIOIntClear                                           
000049db  GPIOIntEnable                                          
00004869  GPIOIntRegister                                        
00003c2d  GetSDOClientFromNodeId                                 
000037ed  GuardTimeAlarm                                         
00003521  IntEnable                                              
0000407d  IntRegister                                            
000038a9  MA3_encoder_init                                       
00004301  MA3_encoder_print_value                                
20000cd8  NextTime                                               
000049fd  OnCOB_ID_SyncUpdate                                    
00004947  OnHeartbeatProducerUpdate                              
00004959  OnNodeGuardUpdate                                      
00004403  OnNumberOfErrorsUpdate                                 
000027f1  PD4Master_op_period                                    
000047ad  PD4Master_period                                       
000040b1  PD4Master_preop_period                                 
000041b1  PD4Master_set_ctrl                                     
00003cbd  PD4Master_set_pos                                      
000044d5  PD4Master_set_speed                                    
00004a0d  PD4Master_stop                                         
00002fa1  PD4Master_taskInit                                     
00003d01  PD4Master_writeSlaveParam                              
20000e88  PD4_Controlword                                        
20000ec0  PD4_Mode                                               
20000ca4  PD4_Position                                           
20000e90  PD4_Status                                             
20000cb4  PD4_SubMode                                            
20000cc4  PD4_bConnected                                         
000046a5  PDOEventTimerAlarm                                     
00004639  PDOInhibitTimerAlarm                                   
00003b49  PDOInit                                                
00003789  PDOStop                                                
00003c75  ProducerHeartbeatAlarm                                 
000045c5  RegisterSetODentryCallBack                             
00004a13  ResetISR                                               
000031a1  SDOTimeoutAlarm                                        
00003fd3  SDOlineToObjdict                                       
00003edb  SDOtoLine                                              
UNDEFED   SHT$$INIT_ARRAY$$Base                                  
UNDEFED   SHT$$INIT_ARRAY$$Limit                                 
00002c19  SetAlarm                                               
00004a31  SyncAlarm                                              
00001e69  SysCtlClockGet                                         
000040e5  SysCtlPeripheralEnable                                 
00003d45  SysTickIntHandler                                      
000047c9  SysTickIntRegister                                     
20000cdc  TIMER_MAX_COUNT                                        
000033dd  TPDO_Communication_Parameter_Callback                  
2000026c  TestMaster_Data                                        
20000d00  TestMaster_Index1000                                   
20000d0c  TestMaster_Index1001                                   
20000d18  TestMaster_Index1005                                   
20000ec4  TestMaster_Index1005_callbacks                         
20000d24  TestMaster_Index1006                                   
20000ec8  TestMaster_Index1006_callbacks                         
20000d30  TestMaster_Index1014                                   
20000c74  TestMaster_Index1016                                   
2000097c  TestMaster_Index1018                                   
200009b8  TestMaster_Index1280                                   
200009e8  TestMaster_Index1281                                   
20000a18  TestMaster_Index1282                                   
20000a48  TestMaster_Index1283                                   
200008a4  TestMaster_Index1400                                   
20000658  TestMaster_Index1401                                   
200006ac  TestMaster_Index1402                                   
20000700  TestMaster_Index1403                                   
20000b38  TestMaster_Index1600                                   
20000b5c  TestMaster_Index1601                                   
20000b80  TestMaster_Index1602                                   
20000ba4  TestMaster_Index1603                                   
20000754  TestMaster_Index1800                                   
20000bec  TestMaster_Index1800_callbacks                         
200007a8  TestMaster_Index1801                                   
20000c08  TestMaster_Index1801_callbacks                         
200007fc  TestMaster_Index1802                                   
20000c24  TestMaster_Index1802_callbacks                         
20000850  TestMaster_Index1803                                   
20000c40  TestMaster_Index1803_callbacks                         
20000a78  TestMaster_Index1A00                                   
20000aa8  TestMaster_Index1A01                                   
20000ad8  TestMaster_Index1A02                                   
20000b08  TestMaster_Index1A03                                   
20000bc8  TestMaster_Index1F22                                   
20000d3c  TestMaster_Index2011                                   
20000d48  TestMaster_Index2012                                   
20000d54  TestMaster_Index2013                                   
20000d60  TestMaster_Index2014                                   
20000d6c  TestMaster_Index2015                                   
20000d78  TestMaster_Index2021                                   
20000d84  TestMaster_Index2022                                   
20000d90  TestMaster_Index2023                                   
20000d9c  TestMaster_Index2024                                   
20000da8  TestMaster_Index2025                                   
20000db4  TestMaster_Index2031                                   
20000dc0  TestMaster_Index2032                                   
20000dcc  TestMaster_Index2033                                   
20000dd8  TestMaster_Index2034                                   
20000de4  TestMaster_Index2035                                   
20000df0  TestMaster_Index2041                                   
20000dfc  TestMaster_Index2042                                   
20000e08  TestMaster_Index2043                                   
20000e14  TestMaster_Index2044                                   
20000e20  TestMaster_Index2045                                   
00004f3a  TestMaster_ObjdictSize                                 
200008ec  TestMaster_PDO_status                                  
200004a8  TestMaster_bDeviceNodeId                               
00004efc  TestMaster_firstIndex                                  
20000596  TestMaster_heartBeatTimers                             
000045ed  TestMaster_heartbeatError                              
200004b1  TestMaster_highestSubIndex_obj1003                     
200004c4  TestMaster_highestSubIndex_obj1016                     
200004c8  TestMaster_highestSubIndex_obj1018                     
200004dc  TestMaster_highestSubIndex_obj1280                     
200004e9  TestMaster_highestSubIndex_obj1281                     
200004f5  TestMaster_highestSubIndex_obj1282                     
20000501  TestMaster_highestSubIndex_obj1283                     
2000050d  TestMaster_highestSubIndex_obj1400                     
2000051c  TestMaster_highestSubIndex_obj1401                     
2000052d  TestMaster_highestSubIndex_obj1402                     
2000053d  TestMaster_highestSubIndex_obj1403                     
2000054d  TestMaster_highestSubIndex_obj1600                     
2000054e  TestMaster_highestSubIndex_obj1601                     
2000054f  TestMaster_highestSubIndex_obj1602                     
20000550  TestMaster_highestSubIndex_obj1603                     
20000551  TestMaster_highestSubIndex_obj1800                     
20000561  TestMaster_highestSubIndex_obj1801                     
20000571  TestMaster_highestSubIndex_obj1802                     
20000581  TestMaster_highestSubIndex_obj1803                     
20000591  TestMaster_highestSubIndex_obj1A00                     
20000592  TestMaster_highestSubIndex_obj1A01                     
20000593  TestMaster_highestSubIndex_obj1A02                     
20000594  TestMaster_highestSubIndex_obj1A03                     
20000595  TestMaster_highestSubIndex_obj1F22                     
00004f38  TestMaster_iam_a_slave                                 
00003aa9  TestMaster_initialisation                              
00004f08  TestMaster_lastIndex                                   
200004ac  TestMaster_obj1000                                     
200004b0  TestMaster_obj1001                                     
20000ecc  TestMaster_obj1003                                     
200004b4  TestMaster_obj1005                                     
200004b8  TestMaster_obj1006                                     
200004bc  TestMaster_obj100C                                     
200004be  TestMaster_obj100D                                     
200004c0  TestMaster_obj1014                                     
20000ed0  TestMaster_obj1016                                     
200004c6  TestMaster_obj1017                                     
200004d0  TestMaster_obj1018_Product_Code                        
200004d4  TestMaster_obj1018_Revision_Number                     
200004d8  TestMaster_obj1018_Serial_Number                       
200004cc  TestMaster_obj1018_Vendor_ID                           
200004e0  TestMaster_obj1280_COB_ID_Client_to_Server_Transmit_SDO
200004e4  TestMaster_obj1280_COB_ID_Server_to_Client_Receive_SDO 
200004e8  TestMaster_obj1280_Node_ID_of_the_SDO_Server           
200004ec  TestMaster_obj1281_COB_ID_Client_to_Server_Transmit_SDO
200004f0  TestMaster_obj1281_COB_ID_Server_to_Client_Receive_SDO 
200004f4  TestMaster_obj1281_Node_ID_of_the_SDO_Server           
200004f8  TestMaster_obj1282_COB_ID_Client_to_Server_Transmit_SDO
200004fc  TestMaster_obj1282_COB_ID_Server_to_Client_Receive_SDO 
20000500  TestMaster_obj1282_Node_ID_of_the_SDO_Server           
20000504  TestMaster_obj1283_COB_ID_Client_to_Server_Transmit_SDO
20000508  TestMaster_obj1283_COB_ID_Server_to_Client_Receive_SDO 
2000050c  TestMaster_obj1283_Node_ID_of_the_SDO_Server           
20000510  TestMaster_obj1400_COB_ID_used_by_PDO                  
20000518  TestMaster_obj1400_Compatibility_Entry                 
2000051a  TestMaster_obj1400_Event_Timer                         
20000516  TestMaster_obj1400_Inhibit_Time                        
20000514  TestMaster_obj1400_Transmission_Type                   
20000520  TestMaster_obj1401_COB_ID_used_by_PDO                  
20000528  TestMaster_obj1401_Compatibility_Entry                 
2000052a  TestMaster_obj1401_Event_Timer                         
20000526  TestMaster_obj1401_Inhibit_Time                        
2000052c  TestMaster_obj1401_SYNC_start_value                    
20000524  TestMaster_obj1401_Transmission_Type                   
20000530  TestMaster_obj1402_COB_ID_used_by_PDO                  
20000538  TestMaster_obj1402_Compatibility_Entry                 
2000053a  TestMaster_obj1402_Event_Timer                         
20000536  TestMaster_obj1402_Inhibit_Time                        
2000053c  TestMaster_obj1402_SYNC_start_value                    
20000534  TestMaster_obj1402_Transmission_Type                   
20000540  TestMaster_obj1403_COB_ID_used_by_PDO                  
20000548  TestMaster_obj1403_Compatibility_Entry                 
2000054a  TestMaster_obj1403_Event_Timer                         
20000546  TestMaster_obj1403_Inhibit_Time                        
2000054c  TestMaster_obj1403_SYNC_start_value                    
20000544  TestMaster_obj1403_Transmission_Type                   
20000e98  TestMaster_obj1600                                     
20000ea0  TestMaster_obj1601                                     
20000ea8  TestMaster_obj1602                                     
20000eb0  TestMaster_obj1603                                     
20000554  TestMaster_obj1800_COB_ID_used_by_PDO                  
2000055c  TestMaster_obj1800_Compatibility_Entry                 
2000055e  TestMaster_obj1800_Event_Timer                         
2000055a  TestMaster_obj1800_Inhibit_Time                        
20000560  TestMaster_obj1800_SYNC_start_value                    
20000558  TestMaster_obj1800_Transmission_Type                   
20000564  TestMaster_obj1801_COB_ID_used_by_PDO                  
2000056c  TestMaster_obj1801_Compatibility_Entry                 
2000056e  TestMaster_obj1801_Event_Timer                         
2000056a  TestMaster_obj1801_Inhibit_Time                        
20000570  TestMaster_obj1801_SYNC_start_value                    
20000568  TestMaster_obj1801_Transmission_Type                   
20000574  TestMaster_obj1802_COB_ID_used_by_PDO                  
2000057c  TestMaster_obj1802_Compatibility_Entry                 
2000057e  TestMaster_obj1802_Event_Timer                         
2000057a  TestMaster_obj1802_Inhibit_Time                        
20000580  TestMaster_obj1802_SYNC_start_value                    
20000578  TestMaster_obj1802_Transmission_Type                   
20000584  TestMaster_obj1803_COB_ID_used_by_PDO                  
2000058c  TestMaster_obj1803_Compatibility_Entry                 
2000058e  TestMaster_obj1803_Event_Timer                         
2000058a  TestMaster_obj1803_Inhibit_Time                        
20000590  TestMaster_obj1803_SYNC_start_value                    
20000588  TestMaster_obj1803_Transmission_Type                   
20000e2c  TestMaster_obj1A00                                     
20000e38  TestMaster_obj1A01                                     
20000e44  TestMaster_obj1A02                                     
20000e50  TestMaster_obj1A03                                     
20000eb8  TestMaster_obj1F22                                     
00004a3c  TestMaster_objdict                                     
0000472d  TestMaster_operational                                 
0000400d  TestMaster_post_SlaveBootup                            
000042d1  TestMaster_post_SlaveStateChange                       
00001c07  TestMaster_post_TPDO                                   
00003a55  TestMaster_post_emcy                                   
0000229b  TestMaster_post_sync                                   
00004681  TestMaster_preOperational                              
000012e5  TestMaster_scanIndexOD                                 
000047e5  TestMaster_stopped                                     
00004899  TestMaster_valueRangeTest                              
20000cd4  TimeCNT                                                
000028b1  TimeDispatch                                           
00004a19  UARTClockSourceSet                                     
0000432d  UARTFlushRx                                            
00003f5d  UARTFlushTx                                            
00003d89  UARTPeek                                               
00002a19  UARTStdioConfig                                        
0000194d  UARTStdioIntHandler                                    
00003959  UARTgets                                               
0000481b  UARTprintf                                             
00001761  UARTvprintf                                            
00002ac9  UARTwrite                                              
200013f8  _PD4_pos_tmp                                           
200013fc  _PD4_speed_tmp                                         
0000319f  _RxPDO_EventTimers_Handler                             
20001500  __STACK_END                                            
00000100  __STACK_SIZE                                           
20001500  __STACK_TOP                                            
00005348  __TI_CINIT_Base                                        
00005360  __TI_CINIT_Limit                                       
00005328  __TI_Handler_Table_Base                                
00005334  __TI_Handler_Table_Limit                               
0000336d  __TI_auto_init                                         
20000cf4  __TI_cleanup_ptr                                       
000035f1  __TI_decompress_lzss                                   
000049cd  __TI_decompress_none                                   
20000cf8  __TI_dtors_ptr                                         
20000cfc  __TI_enable_exit_profile_output                        
ffffffff  __TI_pprof_out_hndl                                    
ffffffff  __TI_prof_data_size                                    
ffffffff  __TI_prof_data_start                                   
00000000  __TI_static_base__                                     
000049e7  __TI_zero_init                                         
000048f7  __aeabi_idiv0                                          
00003125  __aeabi_memclr                                         
00003125  __aeabi_memclr4                                        
00003125  __aeabi_memclr8                                        
00002cb9  __aeabi_memcpy                                         
00002cb9  __aeabi_memcpy4                                        
00002cb9  __aeabi_memcpy8                                        
00003127  __aeabi_memset                                         
00003127  __aeabi_memset4                                        
00003127  __aeabi_memset8                                        
00003f1b  __aeabi_uidiv                                          
00003f1b  __aeabi_uidivmod                                       
ffffffff  __binit__                                              
ffffffff  __c_args__                                             
20000ca1  __is_sending                                           
00004a39  __mpu_init                                             
20001400  __stack                                                
000048b1  _args_main                                             
000039ad  _c_int00                                               
0000272d  _getODentry                                            
000034b7  _heartbeatError                                        
0000384f  _initialisation                                        
20000e80  _lock                                                  
00003957  _nodeguardError                                        
00004907  _nop                                                   
00003aa7  _operational                                           
00003b47  _post_SlaveBootup                                      
00003f5b  _post_SlaveStateChange                                 
0000400b  _post_TPDO                                             
0000407b  _post_emcy                                             
000042cf  _post_sync                                             
0000498f  _preOperational                                        
000048ff  _register_lock                                         
000048f9  _register_unlock                                       
00001d4d  _sendPDOevent                                          
00002395  _setODentry                                            
000042ff  _stopped                                               
000044ab  _storeODSubIndex                                       
00004a3b  _system_post_cinit                                     
00004a35  _system_pre_init                                       
20000e68  _testi                                                 
20000e6c  _tick                                                  
20000e70  _tick_second                                           
20000e84  _unlock                                                
00001aad  _writeNetworkDict                                      
00003a05  abort                                                  
ffffffff  binit                                                  
00002655  buildPDO                                               
00003589  canDispatch                                            
000048e1  canSend                                                
00002b71  can_init                                               
000041e1  can_start_listening                                    
00003e11  can_write                                              
00004211  canfestival_period                                     
20000c64  circle                                                 
00004119  closeSDOtransfer                                       
00003029  cmd_task_period                                        
00003be1  copy_in                                                
00004241  delay_ms                                               
0000474d  delay_us                                               
20000c68  dir                                                    
00004271  driver_init_hardware                                   
000041e1  driver_init_system                                     
0000476d  driver_start_tick                                      
0000478d  emergencyInit                                          
000045eb  emergencyStop                                          
00003a0d  exit                                                   
0000344b  failedSDO                                              
200013e4  g_RxMessage                                            
20000000  g_pfnRAMVectors                                        
00000000  g_pfnVectors                                           
20000934  g_psCmdTable                                           
200013bc  g_sCAN0RxMessage                                       
200013d0  g_sCAN0TxMessage                                       
20000ce4  g_trip_bit                                             
20000e5c  g_ui32ErrFlag                                          
20000e60  g_ui32RXMsgCount                                       
20000e64  g_ui32TXMsgCount                                       
000044fd  getElapsedTime                                         
00004a1f  getNodeId                                              
00004835  getSDOfreeLine                                         
000042a1  getSDOlineOnUse                                        
0000484f  getSDOlineRestBytes                                    
0000442d  getSDOlineToClose                                      
00004a25  getState                                               
00003b95  getWriteResultNetworkDict                              
000030a9  heartbeatInit                                          
00004045  heartbeatStop                                          
00002e85  initSDOline                                            
00001f79  inputInt                                               
20000c60  last_pulse                                             
20000e78  last_timer_raw                                         
0000499f  lifeGuardInit                                          
000049af  lifeGuardStop                                          
00003e55  lineToSDO                                              
00004525  main                                                   
20000ed4  main_func_sp                                           
000046c7  masterSendNMTnodeguard                                 
0000454d  masterSendNMTstateChange                               
0000465d  memcmp                                                 
00002cb9  memcpy                                                 
0000312d  memset                                                 
00003215  nodeguardInit                                          
0000496b  nodeguardStop                                          
00003e99  objdictToSDOline                                       
000046e9  proceedEMCY                                            
00002df1  proceedNMTstateChange                                  
0000229d  proceedNODE_GUARD                                      
0000153d  proceedPDO                                             
0000026d  proceedSDO                                             
00004457  proceedSYNC                                            
20000c5c  pulse                                                  
00004a2b  resetSDO                                               
0000414d  resetSDOline                                           
0000497d  scanIndexOD                                            
00002489  sendOnePDOevent                                        
00003901  sendPDOrequest                                         
00003289  sendSDO                                                
00003f99  sendSDOabort                                           
0000490d  sendSYNC                                               
0000470b  sendSYNCMessage                                        
00001c09  setNodeId                                              
00004921  setSDOlineRestBytes                                    
00002199  setState                                               
00004575  setTimer                                               
00004481  slaveSendBootUp                                        
00003659  startSYNC                                              
00004359  stopSYNC                                               
000048c9  strcmp                                                 
00002089  switchCommunicationState                               
20000e7c  tdcount                                                
20000598  timers                                                 
20000c70  toff                                                   
20000c6c  ton                                                    
20000e74  total_sleep_time                                       
00002d55  ustrtoul                                               
0000459d  writeNetworkDictCallBack                               


GLOBAL SYMBOLS: SORTED BY Symbol Address 

address   name                                                   
-------   ----                                                   
00000000  __TI_static_base__                                     
00000000  g_pfnVectors                                           
00000100  __STACK_SIZE                                           
0000026d  proceedSDO                                             
000012e5  TestMaster_scanIndexOD                                 
0000153d  proceedPDO                                             
00001761  UARTvprintf                                            
0000194d  UARTStdioIntHandler                                    
00001aad  _writeNetworkDict                                      
00001c07  TestMaster_post_TPDO                                   
00001c09  setNodeId                                              
00001d4d  _sendPDOevent                                          
00001e69  SysCtlClockGet                                         
00001f79  inputInt                                               
00002089  switchCommunicationState                               
00002199  setState                                               
0000229b  TestMaster_post_sync                                   
0000229d  proceedNODE_GUARD                                      
00002395  _setODentry                                            
00002489  sendOnePDOevent                                        
00002575  CAN0IntHandler                                         
00002655  buildPDO                                               
0000272d  _getODentry                                            
000027f1  PD4Master_op_period                                    
000028b1  TimeDispatch                                           
00002969  CopyBits                                               
00002a19  UARTStdioConfig                                        
00002ac9  UARTwrite                                              
00002b71  can_init                                               
00002c19  SetAlarm                                               
00002cb9  __aeabi_memcpy                                         
00002cb9  __aeabi_memcpy4                                        
00002cb9  __aeabi_memcpy8                                        
00002cb9  memcpy                                                 
00002d55  ustrtoul                                               
00002df1  proceedNMTstateChange                                  
00002e85  initSDOline                                            
00002fa1  PD4Master_taskInit                                     
00003029  cmd_task_period                                        
000030a9  heartbeatInit                                          
00003125  __aeabi_memclr                                         
00003125  __aeabi_memclr4                                        
00003125  __aeabi_memclr8                                        
00003127  __aeabi_memset                                         
00003127  __aeabi_memset4                                        
00003127  __aeabi_memset8                                        
0000312d  memset                                                 
0000319f  _RxPDO_EventTimers_Handler                             
000031a1  SDOTimeoutAlarm                                        
00003215  nodeguardInit                                          
00003289  sendSDO                                                
0000336d  __TI_auto_init                                         
000033dd  TPDO_Communication_Parameter_Callback                  
0000344b  failedSDO                                              
000034b7  _heartbeatError                                        
000034b9  CMD_help                                               
00003521  IntEnable                                              
00003589  canDispatch                                            
000035f1  __TI_decompress_lzss                                   
00003659  startSYNC                                              
000036c1  CmdLineProcess                                         
00003725  ConfigureUART                                          
00003789  PDOStop                                                
000037ed  GuardTimeAlarm                                         
0000384f  _initialisation                                        
00003851  Captureinit                                            
000038a9  MA3_encoder_init                                       
00003901  sendPDOrequest                                         
00003957  _nodeguardError                                        
00003959  UARTgets                                               
000039ad  _c_int00                                               
00003a01  C$$EXIT                                                
00003a05  abort                                                  
00003a0d  exit                                                   
00003a55  TestMaster_post_emcy                                   
00003aa7  _operational                                           
00003aa9  TestMaster_initialisation                              
00003af9  CanOpen_setMaster                                      
00003b47  _post_SlaveBootup                                      
00003b49  PDOInit                                                
00003b95  getWriteResultNetworkDict                              
00003be1  copy_in                                                
00003c2d  GetSDOClientFromNodeId                                 
00003c75  ProducerHeartbeatAlarm                                 
00003cbd  PD4Master_set_pos                                      
00003d01  PD4Master_writeSlaveParam                              
00003d45  SysTickIntHandler                                      
00003d89  UARTPeek                                               
00003e11  can_write                                              
00003e55  lineToSDO                                              
00003e99  objdictToSDOline                                       
00003edb  SDOtoLine                                              
00003f1b  __aeabi_uidiv                                          
00003f1b  __aeabi_uidivmod                                       
00003f5b  _post_SlaveStateChange                                 
00003f5d  UARTFlushTx                                            
00003f99  sendSDOabort                                           
00003fd3  SDOlineToObjdict                                       
0000400b  _post_TPDO                                             
0000400d  TestMaster_post_SlaveBootup                            
00004045  heartbeatStop                                          
0000407b  _post_emcy                                             
0000407d  IntRegister                                            
000040b1  PD4Master_preop_period                                 
000040e5  SysCtlPeripheralEnable                                 
00004119  closeSDOtransfer                                       
0000414d  resetSDOline                                           
00004181  DelAlarm                                               
000041b1  PD4Master_set_ctrl                                     
000041e1  can_start_listening                                    
000041e1  driver_init_system                                     
00004211  canfestival_period                                     
00004241  delay_ms                                               
00004271  driver_init_hardware                                   
000042a1  getSDOlineOnUse                                        
000042cf  _post_sync                                             
000042d1  TestMaster_post_SlaveStateChange                       
000042ff  _stopped                                               
00004301  MA3_encoder_print_value                                
0000432d  UARTFlushRx                                            
00004359  stopSYNC                                               
00004385  CMD_set_pos                                            
000043af  CMD_set_speed                                          
000043d9  ConsumerHeartbeatAlarm                                 
00004403  OnNumberOfErrorsUpdate                                 
0000442d  getSDOlineToClose                                      
00004457  proceedSYNC                                            
00004481  slaveSendBootUp                                        
000044ab  _storeODSubIndex                                       
000044ad  ConfigureSlaveNode                                     
000044d5  PD4Master_set_speed                                    
000044fd  getElapsedTime                                         
00004525  main                                                   
0000454d  masterSendNMTstateChange                               
00004575  setTimer                                               
0000459d  writeNetworkDictCallBack                               
000045c5  RegisterSetODentryCallBack                             
000045eb  emergencyStop                                          
000045ed  TestMaster_heartbeatError                              
00004639  PDOInhibitTimerAlarm                                   
0000465d  memcmp                                                 
00004681  TestMaster_preOperational                              
000046a5  PDOEventTimerAlarm                                     
000046c7  masterSendNMTnodeguard                                 
000046e9  proceedEMCY                                            
0000470b  sendSYNCMessage                                        
0000472d  TestMaster_operational                                 
0000474d  delay_us                                               
0000476d  driver_start_tick                                      
0000478d  emergencyInit                                          
000047ad  PD4Master_period                                       
000047c9  SysTickIntRegister                                     
000047e5  TestMaster_stopped                                     
00004801  CMD_set_stop                                           
0000481b  UARTprintf                                             
00004835  getSDOfreeLine                                         
0000484f  getSDOlineRestBytes                                    
00004869  GPIOIntRegister                                        
00004899  TestMaster_valueRangeTest                              
000048b1  _args_main                                             
000048c9  strcmp                                                 
000048e1  canSend                                                
000048f7  __aeabi_idiv0                                          
000048f9  _register_unlock                                       
000048ff  _register_lock                                         
00004907  _nop                                                   
0000490d  sendSYNC                                               
00004921  setSDOlineRestBytes                                    
00004947  OnHeartbeatProducerUpdate                              
00004959  OnNodeGuardUpdate                                      
0000496b  nodeguardStop                                          
0000497d  scanIndexOD                                            
0000498f  _preOperational                                        
0000499f  lifeGuardInit                                          
000049af  lifeGuardStop                                          
000049cd  __TI_decompress_none                                   
000049db  GPIOIntEnable                                          
000049e7  __TI_zero_init                                         
000049f3  CMD_get_encoder                                        
000049fd  OnCOB_ID_SyncUpdate                                    
00004a07  GPIOIntClear                                           
00004a0d  PD4Master_stop                                         
00004a13  ResetISR                                               
00004a19  UARTClockSourceSet                                     
00004a1f  getNodeId                                              
00004a25  getState                                               
00004a2b  resetSDO                                               
00004a31  SyncAlarm                                              
00004a35  _system_pre_init                                       
00004a39  __mpu_init                                             
00004a3b  _system_post_cinit                                     
00004a3c  TestMaster_objdict                                     
00004efc  TestMaster_firstIndex                                  
00004f08  TestMaster_lastIndex                                   
00004f38  TestMaster_iam_a_slave                                 
00004f3a  TestMaster_ObjdictSize                                 
00005328  __TI_Handler_Table_Base                                
00005334  __TI_Handler_Table_Limit                               
00005348  __TI_CINIT_Base                                        
00005360  __TI_CINIT_Limit                                       
20000000  g_pfnRAMVectors                                        
2000026c  TestMaster_Data                                        
200004a8  TestMaster_bDeviceNodeId                               
200004ac  TestMaster_obj1000                                     
200004b0  TestMaster_obj1001                                     
200004b1  TestMaster_highestSubIndex_obj1003                     
200004b4  TestMaster_obj1005                                     
200004b8  TestMaster_obj1006                                     
200004bc  TestMaster_obj100C                                     
200004be  TestMaster_obj100D                                     
200004c0  TestMaster_obj1014                                     
200004c4  TestMaster_highestSubIndex_obj1016                     
200004c6  TestMaster_obj1017                                     
200004c8  TestMaster_highestSubIndex_obj1018                     
200004cc  TestMaster_obj1018_Vendor_ID                           
200004d0  TestMaster_obj1018_Product_Code                        
200004d4  TestMaster_obj1018_Revision_Number                     
200004d8  TestMaster_obj1018_Serial_Number                       
200004dc  TestMaster_highestSubIndex_obj1280                     
200004e0  TestMaster_obj1280_COB_ID_Client_to_Server_Transmit_SDO
200004e4  TestMaster_obj1280_COB_ID_Server_to_Client_Receive_SDO 
200004e8  TestMaster_obj1280_Node_ID_of_the_SDO_Server           
200004e9  TestMaster_highestSubIndex_obj1281                     
200004ec  TestMaster_obj1281_COB_ID_Client_to_Server_Transmit_SDO
200004f0  TestMaster_obj1281_COB_ID_Server_to_Client_Receive_SDO 
200004f4  TestMaster_obj1281_Node_ID_of_the_SDO_Server           
200004f5  TestMaster_highestSubIndex_obj1282                     
200004f8  TestMaster_obj1282_COB_ID_Client_to_Server_Transmit_SDO
200004fc  TestMaster_obj1282_COB_ID_Server_to_Client_Receive_SDO 
20000500  TestMaster_obj1282_Node_ID_of_the_SDO_Server           
20000501  TestMaster_highestSubIndex_obj1283                     
20000504  TestMaster_obj1283_COB_ID_Client_to_Server_Transmit_SDO
20000508  TestMaster_obj1283_COB_ID_Server_to_Client_Receive_SDO 
2000050c  TestMaster_obj1283_Node_ID_of_the_SDO_Server           
2000050d  TestMaster_highestSubIndex_obj1400                     
20000510  TestMaster_obj1400_COB_ID_used_by_PDO                  
20000514  TestMaster_obj1400_Transmission_Type                   
20000516  TestMaster_obj1400_Inhibit_Time                        
20000518  TestMaster_obj1400_Compatibility_Entry                 
2000051a  TestMaster_obj1400_Event_Timer                         
2000051c  TestMaster_highestSubIndex_obj1401                     
20000520  TestMaster_obj1401_COB_ID_used_by_PDO                  
20000524  TestMaster_obj1401_Transmission_Type                   
20000526  TestMaster_obj1401_Inhibit_Time                        
20000528  TestMaster_obj1401_Compatibility_Entry                 
2000052a  TestMaster_obj1401_Event_Timer                         
2000052c  TestMaster_obj1401_SYNC_start_value                    
2000052d  TestMaster_highestSubIndex_obj1402                     
20000530  TestMaster_obj1402_COB_ID_used_by_PDO                  
20000534  TestMaster_obj1402_Transmission_Type                   
20000536  TestMaster_obj1402_Inhibit_Time                        
20000538  TestMaster_obj1402_Compatibility_Entry                 
2000053a  TestMaster_obj1402_Event_Timer                         
2000053c  TestMaster_obj1402_SYNC_start_value                    
2000053d  TestMaster_highestSubIndex_obj1403                     
20000540  TestMaster_obj1403_COB_ID_used_by_PDO                  
20000544  TestMaster_obj1403_Transmission_Type                   
20000546  TestMaster_obj1403_Inhibit_Time                        
20000548  TestMaster_obj1403_Compatibility_Entry                 
2000054a  TestMaster_obj1403_Event_Timer                         
2000054c  TestMaster_obj1403_SYNC_start_value                    
2000054d  TestMaster_highestSubIndex_obj1600                     
2000054e  TestMaster_highestSubIndex_obj1601                     
2000054f  TestMaster_highestSubIndex_obj1602                     
20000550  TestMaster_highestSubIndex_obj1603                     
20000551  TestMaster_highestSubIndex_obj1800                     
20000554  TestMaster_obj1800_COB_ID_used_by_PDO                  
20000558  TestMaster_obj1800_Transmission_Type                   
2000055a  TestMaster_obj1800_Inhibit_Time                        
2000055c  TestMaster_obj1800_Compatibility_Entry                 
2000055e  TestMaster_obj1800_Event_Timer                         
20000560  TestMaster_obj1800_SYNC_start_value                    
20000561  TestMaster_highestSubIndex_obj1801                     
20000564  TestMaster_obj1801_COB_ID_used_by_PDO                  
20000568  TestMaster_obj1801_Transmission_Type                   
2000056a  TestMaster_obj1801_Inhibit_Time                        
2000056c  TestMaster_obj1801_Compatibility_Entry                 
2000056e  TestMaster_obj1801_Event_Timer                         
20000570  TestMaster_obj1801_SYNC_start_value                    
20000571  TestMaster_highestSubIndex_obj1802                     
20000574  TestMaster_obj1802_COB_ID_used_by_PDO                  
20000578  TestMaster_obj1802_Transmission_Type                   
2000057a  TestMaster_obj1802_Inhibit_Time                        
2000057c  TestMaster_obj1802_Compatibility_Entry                 
2000057e  TestMaster_obj1802_Event_Timer                         
20000580  TestMaster_obj1802_SYNC_start_value                    
20000581  TestMaster_highestSubIndex_obj1803                     
20000584  TestMaster_obj1803_COB_ID_used_by_PDO                  
20000588  TestMaster_obj1803_Transmission_Type                   
2000058a  TestMaster_obj1803_Inhibit_Time                        
2000058c  TestMaster_obj1803_Compatibility_Entry                 
2000058e  TestMaster_obj1803_Event_Timer                         
20000590  TestMaster_obj1803_SYNC_start_value                    
20000591  TestMaster_highestSubIndex_obj1A00                     
20000592  TestMaster_highestSubIndex_obj1A01                     
20000593  TestMaster_highestSubIndex_obj1A02                     
20000594  TestMaster_highestSubIndex_obj1A03                     
20000595  TestMaster_highestSubIndex_obj1F22                     
20000596  TestMaster_heartBeatTimers                             
20000598  timers                                                 
20000658  TestMaster_Index1401                                   
200006ac  TestMaster_Index1402                                   
20000700  TestMaster_Index1403                                   
20000754  TestMaster_Index1800                                   
200007a8  TestMaster_Index1801                                   
200007fc  TestMaster_Index1802                                   
20000850  TestMaster_Index1803                                   
200008a4  TestMaster_Index1400                                   
200008ec  TestMaster_PDO_status                                  
20000934  g_psCmdTable                                           
2000097c  TestMaster_Index1018                                   
200009b8  TestMaster_Index1280                                   
200009e8  TestMaster_Index1281                                   
20000a18  TestMaster_Index1282                                   
20000a48  TestMaster_Index1283                                   
20000a78  TestMaster_Index1A00                                   
20000aa8  TestMaster_Index1A01                                   
20000ad8  TestMaster_Index1A02                                   
20000b08  TestMaster_Index1A03                                   
20000b38  TestMaster_Index1600                                   
20000b5c  TestMaster_Index1601                                   
20000b80  TestMaster_Index1602                                   
20000ba4  TestMaster_Index1603                                   
20000bc8  TestMaster_Index1F22                                   
20000bec  TestMaster_Index1800_callbacks                         
20000c08  TestMaster_Index1801_callbacks                         
20000c24  TestMaster_Index1802_callbacks                         
20000c40  TestMaster_Index1803_callbacks                         
20000c5c  pulse                                                  
20000c60  last_pulse                                             
20000c64  circle                                                 
20000c68  dir                                                    
20000c6c  ton                                                    
20000c70  toff                                                   
20000c74  TestMaster_Index1016                                   
20000ca1  __is_sending                                           
20000ca4  PD4_Position                                           
20000cb4  PD4_SubMode                                            
20000cc4  PD4_bConnected                                         
20000cd4  TimeCNT                                                
20000cd8  NextTime                                               
20000cdc  TIMER_MAX_COUNT                                        
20000ce4  g_trip_bit                                             
20000cf4  __TI_cleanup_ptr                                       
20000cf8  __TI_dtors_ptr                                         
20000cfc  __TI_enable_exit_profile_output                        
20000d00  TestMaster_Index1000                                   
20000d0c  TestMaster_Index1001                                   
20000d18  TestMaster_Index1005                                   
20000d24  TestMaster_Index1006                                   
20000d30  TestMaster_Index1014                                   
20000d3c  TestMaster_Index2011                                   
20000d48  TestMaster_Index2012                                   
20000d54  TestMaster_Index2013                                   
20000d60  TestMaster_Index2014                                   
20000d6c  TestMaster_Index2015                                   
20000d78  TestMaster_Index2021                                   
20000d84  TestMaster_Index2022                                   
20000d90  TestMaster_Index2023                                   
20000d9c  TestMaster_Index2024                                   
20000da8  TestMaster_Index2025                                   
20000db4  TestMaster_Index2031                                   
20000dc0  TestMaster_Index2032                                   
20000dcc  TestMaster_Index2033                                   
20000dd8  TestMaster_Index2034                                   
20000de4  TestMaster_Index2035                                   
20000df0  TestMaster_Index2041                                   
20000dfc  TestMaster_Index2042                                   
20000e08  TestMaster_Index2043                                   
20000e14  TestMaster_Index2044                                   
20000e20  TestMaster_Index2045                                   
20000e2c  TestMaster_obj1A00                                     
20000e38  TestMaster_obj1A01                                     
20000e44  TestMaster_obj1A02                                     
20000e50  TestMaster_obj1A03                                     
20000e5c  g_ui32ErrFlag                                          
20000e60  g_ui32RXMsgCount                                       
20000e64  g_ui32TXMsgCount                                       
20000e68  _testi                                                 
20000e6c  _tick                                                  
20000e70  _tick_second                                           
20000e74  total_sleep_time                                       
20000e78  last_timer_raw                                         
20000e7c  tdcount                                                
20000e80  _lock                                                  
20000e84  _unlock                                                
20000e88  PD4_Controlword                                        
20000e90  PD4_Status                                             
20000e98  TestMaster_obj1600                                     
20000ea0  TestMaster_obj1601                                     
20000ea8  TestMaster_obj1602                                     
20000eb0  TestMaster_obj1603                                     
20000eb8  TestMaster_obj1F22                                     
20000ec0  PD4_Mode                                               
20000ec4  TestMaster_Index1005_callbacks                         
20000ec8  TestMaster_Index1006_callbacks                         
20000ecc  TestMaster_obj1003                                     
20000ed0  TestMaster_obj1016                                     
20000ed4  main_func_sp                                           
200013bc  g_sCAN0RxMessage                                       
200013d0  g_sCAN0TxMessage                                       
200013e4  g_RxMessage                                            
200013f8  _PD4_pos_tmp                                           
200013fc  _PD4_speed_tmp                                         
20001400  __stack                                                
20001500  __STACK_END                                            
20001500  __STACK_TOP                                            
ffffffff  __TI_pprof_out_hndl                                    
ffffffff  __TI_prof_data_size                                    
ffffffff  __TI_prof_data_start                                   
ffffffff  __binit__                                              
ffffffff  __c_args__                                             
ffffffff  binit                                                  
UNDEFED   SHT$$INIT_ARRAY$$Base                                  
UNDEFED   SHT$$INIT_ARRAY$$Limit                                 

[415 symbols]
