******************************************************************************
                  TI ARM Linker PC v16.9.7                     
******************************************************************************
>> Linked Mon Jun 04 18:13:51 2018

OUTPUT FILE NAME:   <launchpad.out>
ENTRY POINT SYMBOL: "_c_int00"  address: 000034d5


MEMORY CONFIGURATION

         name            origin    length      used     unused   attr    fill
----------------------  --------  ---------  --------  --------  ----  --------
  FLASH                 00000000   00040000  000048a8  0003b758  R  X
  SRAM                  20000000   00008000  00000b44  000074bc  RW X


SEGMENT ALLOCATION MAP

run origin  load origin   length   init length attrs members
----------  ----------- ---------- ----------- ----- -------
00000000    00000000    000048a8   000048a8    r-x
  00000000    00000000    0000026c   0000026c    r-- .intvecs
  0000026c    0000026c    00003f80   00003f80    r-x .text
  000041ec    000041ec    0000047c   0000047c    r-- .const
  00004668    00004668    00000240   00000240    r-- .cinit
20000000    20000000    00000b44   00000000    rw-
  20000000    20000000    0000026c   00000000    rw- .vtable
  2000026c    2000026c    000007a0   00000000    rw- .data
  20000a0c    20000a0c    00000100   00000000    rw- .stack
  20000b0c    20000b0c    00000038   00000000    rw- .bss


SECTION ALLOCATION MAP

 output                                  attributes/
section   page    origin      length       input sections
--------  ----  ----------  ----------   ----------------
.intvecs   0    00000000    0000026c     
                  00000000    0000026c     startup_ccs.obj (.intvecs)

.text      0    0000026c    00003f80     
                  0000026c    00001076     sdo.obj (.text:proceedSDO)
                  000012e2    00000222     pdo.obj (.text:proceedPDO)
                  00001504    000001ea     uartstdio.obj (.text:UARTvprintf)
                  000016ee    00000002     startup_ccs.obj (.text:FaultISR)
                  000016f0    00000144     states.obj (.text:setNodeId)
                  00001834    00000132     driverlib.lib : gpio.obj (.text:GPIOPadConfigSet)
                  00001966    0000011c     pdo.obj (.text:_sendPDOevent)
                  00001a82    00000002     startup_ccs.obj (.text:IntDefaultHandler)
                  00001a84    00000110     driverlib.lib : sysctl.obj (.text:SysCtlClockGet)
                  00001b94    00000110     states.obj (.text:switchCommunicationState)
                  00001ca4    00000102     states.obj (.text:setState)
                  00001da6    00000002     startup_ccs.obj (.text:NmiSR)
                  00001da8    000000fc     lifegrd.obj (.text:proceedNODE_GUARD)
                  00001ea4    000000f8     io.obj (.text:io_manager_test)
                  00001f9c    000000f4     objacces.obj (.text:_setODentry)
                  00002090    000000f0     pdo.obj (.text:sendOnePDOevent)
                  00002180    000000e4     PG2Slave.obj (.text:TestSlave_scanIndexOD)
                  00002264    000000dc     CO_driver.obj (.text:CAN0IntHandler)
                  00002340    000000d8     pdo.obj (.text:buildPDO)
                  00002418    000000cc     MA3encoder.obj (.text:inputInt)
                  000024e4    000000c8     CO_driver.obj (.text:can_init)
                  000025ac    000000c4     objacces.obj (.text:_getODentry)
                  00002670    000000c4     io.obj (.text:io_manager_init)
                  00002734    000000b8     timer.obj (.text:TimeDispatch)
                  000027ec    000000b0     pdo.obj (.text:CopyBits)
                  0000289c    000000a0     timer.obj (.text:SetAlarm)
                  0000293c    0000009c     rtsv7M4_T_le_v4SPD16_eabi.lib : memcpy_t2.obj (.text)
                  000029d8    00000094     nmtSlave.obj (.text:proceedNMTstateChange)
                  00002a6c    00000090     sdo.obj (.text:initSDOline)
                  00002afc    0000007a     driverlib.lib : adc.obj (.text:ADCSequenceStepConfigure)
                  00002b76    0000007a     rtsv7M4_T_le_v4SPD16_eabi.lib : memset_t2.obj (.text)
                  00002bf0    00000078     lifegrd.obj (.text:heartbeatInit)
                  00002c68    00000074     CO_driver.obj (.text:CO_Timerinit)
                  00002cdc    00000074     sdo.obj (.text:SDOTimeoutAlarm)
                  00002d50    00000074     lifegrd.obj (.text:nodeguardInit)
                  00002dc4    00000074     sdo.obj (.text:sendSDO)
                  00002e38    00000070     rtsv7M4_T_le_v4SPD16_eabi.lib : autoinit.obj (.text)
                  00002ea8    0000006e     pdo.obj (.text:TPDO_Communication_Parameter_Callback)
                  00002f16    0000006c     sdo.obj (.text:failedSDO)
                  00002f82    00000002     pdo.obj (.text:_RxPDO_EventTimers_Handler)
                  00002f84    00000068     driverlib.lib : interrupt.obj (.text:IntEnable)
                  00002fec    00000068     Bumper.obj (.text:bumper_init)
                  00003054    00000068     states.obj (.text:canDispatch)
                  000030bc    00000068     rtsv7M4_T_le_v4SPD16_eabi.lib : copy_decompress_lzss.obj (.text:decompress:lzss)
                  00003124    00000068     sync.obj (.text:startSYNC)
                  0000318c    00000064     driver.obj (.text:ConfigureUART)
                  000031f0    00000064     pdo.obj (.text:PDOStop)
                  00003254    00000062     lifegrd.obj (.text:GuardTimeAlarm)
                  000032b6    00000002     lifegrd.obj (.text:_heartbeatError)
                  000032b8    00000060     uartstdio.obj (.text:UARTStdioConfig)
                  00003318    0000005c     driverlib.lib : can.obj (.text:_CANIntNumberGet)
                  00003374    0000005c     Bumper.obj (.text:bumper_print)
                  000033d0    00000058     MA3encoder.obj (.text:Captureinit)
                  00003428    00000058     MA3encoder.obj (.text:MA3_encoder_init)
                  00003480    00000054     CO_driver.obj (.text:CO_TimerIntHandler)
                  000034d4    00000054     rtsv7M4_T_le_v4SPD16_eabi.lib : boot.obj (.text)
                  00003528    00000054                                   : exit.obj (.text)
                  0000357c    00000052     main.obj (.text:main)
                  000035ce    00000050     driverlib.lib : adc.obj (.text:ADCSequenceConfigure)
                  0000361e    00000002     states.obj (.text:_initialisation)
                  00003620    0000004c     pdo.obj (.text:PDOInit)
                  0000366c    0000004c     period.obj (.text:SysTickIntHandler)
                  000036b8    0000004c     driverlib.lib : timer.obj (.text:_TimerIntNumberGet)
                  00003704    0000004c     rtsv7M4_T_le_v4SPD16_eabi.lib : cpy_tbl.obj (.text)
                  00003750    00000048     lifegrd.obj (.text:ProducerHeartbeatAlarm)
                  00003798    00000048     uartstdio.obj (.text:UARTwrite)
                  000037e0    00000044     driverlib.lib : gpio.obj (.text:_GPIOIntNumberGet)
                  00003824    00000044     CO_driver.obj (.text:can_write)
                  00003868    00000044     sdo.obj (.text:lineToSDO)
                  000038ac    00000042     sdo.obj (.text:objdictToSDOline)
                  000038ee    00000040     sdo.obj (.text:SDOtoLine)
                  0000392e    00000040     rtsv7M4_T_le_v4SPD16_eabi.lib : u_divt2.obj (.text)
                  0000396e    0000003a     sdo.obj (.text:sendSDOabort)
                  000039a8    00000038     sdo.obj (.text:SDOlineToObjdict)
                  000039e0    00000038     driver.obj (.text:driver_init_hardware)
                  00003a18    00000036     lifegrd.obj (.text:heartbeatStop)
                  00003a4e    00000002     lifegrd.obj (.text:_nodeguardError)
                  00003a50    00000034     driverlib.lib : interrupt.obj (.text:IntRegister)
                  00003a84    00000034                   : sysctl.obj (.text:SysCtlPeripheralEnable)
                  00003ab8    00000034     sdo.obj (.text:resetSDOline)
                  00003aec    00000030     CO_driver.obj (.text:CO_start_listening)
                  00003b1c    00000030     timer.obj (.text:DelAlarm)
                  00003b4c    00000030     delay.obj (.text:delay_ms)
                  00003b7c    0000002e     driverlib.lib : adc.obj (.text:ADCIntStatus)
                  00003baa    0000002e     sdo.obj (.text:getSDOlineOnUse)
                  00003bd8    0000002c     sync.obj (.text:stopSYNC)
                  00003c04    0000002a     lifegrd.obj (.text:ConsumerHeartbeatAlarm)
                  00003c2e    0000002a     driverlib.lib : gpio.obj (.text:GPIODirModeSet)
                  00003c58    0000002a     emcy.obj (.text:OnNumberOfErrorsUpdate)
                  00003c82    0000002a     sync.obj (.text:proceedSYNC)
                  00003cac    0000002a     nmtSlave.obj (.text:slaveSendBootUp)
                  00003cd6    00000002     states.obj (.text:_operational)
                  00003cd8    00000028     MA3encoder.obj (.text:MA3_encoder_print_value)
                  00003d00    00000028     CO_driver.obj (.text:canSend)
                  00003d28    00000028     CO_driver.obj (.text:getElapsedTime)
                  00003d50    00000028     nmtMaster.obj (.text:masterSendNMTstateChange)
                  00003d78    00000028     CO_driver.obj (.text:setTimer)
                  00003da0    00000026     objacces.obj (.text:RegisterSetODentryCallBack)
                  00003dc6    00000026     pdo.obj (.text:sendPdo)
                  00003dec    00000024     driverlib.lib : interrupt.obj (.text:IntPrioritySet)
                  00003e10    00000024     pdo.obj (.text:PDOInhibitTimerAlarm)
                  00003e34    00000024     rtsv7M4_T_le_v4SPD16_eabi.lib : memcmp.obj (.text)
                  00003e58    00000022     pdo.obj (.text:PDOEventTimerAlarm)
                  00003e7a    00000022     nmtMaster.obj (.text:masterSendNMTnodeguard)
                  00003e9c    00000022     emcy.obj (.text:proceedEMCY)
                  00003ebe    00000022     sync.obj (.text:sendSYNCMessage)
                  00003ee0    00000020     driver.obj (.text:driver_start_tick)
                  00003f00    00000020     emcy.obj (.text:emergencyInit)
                  00003f20    0000001e     driverlib.lib : adc.obj (.text:ADCSequenceDataGet)
                  00003f3e    00000002     lifegrd.obj (.text:_post_SlaveBootup)
                  00003f40    0000001c     driverlib.lib : systick.obj (.text:SysTickIntRegister)
                  00003f5c    0000001a     uartstdio.obj (.text:UARTprintf)
                  00003f76    0000001a     sdo.obj (.text:getSDOfreeLine)
                  00003f90    0000001a     sdo.obj (.text:getSDOlineRestBytes)
                  00003faa    00000018     driverlib.lib : adc.obj (.text:ADCProcessorTrigger)
                  00003fc2    00000018                   : can.obj (.text:CANIntRegister)
                  00003fda    00000018                   : gpio.obj (.text:GPIOIntRegister)
                  00003ff2    00000018                   : gpio.obj (.text:GPIOPinTypeGPIOOutput)
                  0000400a    00000002     lifegrd.obj (.text:_post_SlaveStateChange)
                  0000400c    00000018     PG2Slave.obj (.text:TestSlave_valueRangeTest)
                  00004024    00000018     driverlib.lib : timer.obj (.text:TimerIntRegister)
                  0000403c    00000018     rtsv7M4_T_le_v4SPD16_eabi.lib : args_main.obj (.text)
                  00004054    00000014                                   : _lock.obj (.text)
                  00004068    00000014     sync.obj (.text:sendSYNC)
                  0000407c    00000014     sdo.obj (.text:setSDOlineRestBytes)
                  00004090    00000012     driverlib.lib : gpio.obj (.text:GPIOPinTypeADC)
                  000040a2    00000012                   : gpio.obj (.text:GPIOPinTypeGPIOInput)
                  000040b4    00000012     lifegrd.obj (.text:OnHeartbeatProducerUpdate)
                  000040c6    00000012     lifegrd.obj (.text:OnNodeGuardUpdate)
                  000040d8    00000012     lifegrd.obj (.text:nodeguardStop)
                  000040ea    00000012     objacces.obj (.text:scanIndexOD)
                  000040fc    00000010     driverlib.lib : interrupt.obj (.text:IntMasterEnable)
                  0000410c    00000010     states.obj (.text:_preOperational)
                  0000411c    00000010     lifegrd.obj (.text:lifeGuardInit)
                  0000412c    00000010     lifegrd.obj (.text:lifeGuardStop)
                  0000413c    0000000e     driverlib.lib : adc.obj (.text:ADCSequenceEnable)
                  0000414a    0000000e     rtsv7M4_T_le_v4SPD16_eabi.lib : copy_decompress_none.obj (.text:decompress:none)
                  00004158    0000000c     CO_driver.obj (.text:CO_driver_init)
                  00004164    0000000c     driverlib.lib : cpu.obj (.text:CPUcpsie)
                  00004170    0000000c                   : gpio.obj (.text:GPIOIntEnable)
                  0000417c    0000000c     rtsv7M4_T_le_v4SPD16_eabi.lib : copy_zero_init.obj (.text:decompress:ZI)
                  00004188    0000000c     driver.obj (.text:driver_get_address)
                  00004194    0000000a     driverlib.lib : adc.obj (.text:ADCIntClear)
                  0000419e    0000000a     sync.obj (.text:OnCOB_ID_SyncUpdate)
                  000041a8    00000006     driverlib.lib : gpio.obj (.text:GPIOIntClear)
                  000041ae    00000006                   : gpio.obj (.text:GPIOPinRead)
                  000041b4    00000006                   : gpio.obj (.text:GPIOPinWrite)
                  000041ba    00000006     startup_ccs.obj (.text:ResetISR)
                  000041c0    00000006     driverlib.lib : uart.obj (.text:UARTClockSourceSet)
                  000041c6    00000006     states.obj (.text:getNodeId)
                  000041cc    00000006     sdo.obj (.text:resetSDO)
                  000041d2    00000004     sync.obj (.text:SyncAlarm)
                  000041d6    00000004     rtsv7M4_T_le_v4SPD16_eabi.lib : pre_init.obj (.text)
                  000041da    00000002     sync.obj (.text:_post_TPDO)
                  000041dc    00000002     emcy.obj (.text:_post_emcy)
                  000041de    00000002     sync.obj (.text:_post_sync)
                  000041e0    00000002     states.obj (.text:_stopped)
                  000041e2    00000002     objacces.obj (.text:_storeODSubIndex)
                  000041e4    00000002     emcy.obj (.text:emergencyStop)
                  000041e6    00000002     rtsv7M4_T_le_v4SPD16_eabi.lib : i_div0.obj (.text)
                  000041e8    00000002                                   : mpu_init.obj (.text)
                  000041ea    00000002                                   : startup.obj (.text)

.const     0    000041ec    0000047c     
                  000041ec    000000d8     driverlib.lib : gpio.obj (.const:g_ppui32GPIOIntMapSnowflake)
                  000042c4    000000c0                   : gpio.obj (.const:g_ppui32GPIOIntMapBlizzard)
                  00004384    0000009c                   : interrupt.obj (.const:g_pui32Regs)
                  00004420    00000078     PG2Slave.obj (.const:TestSlave_objdict)
                  00004498    00000070     driverlib.lib : interrupt.obj (.const)
                  00004508    0000006c                   : sysctl.obj (.const:g_pui32Xtals)
                  00004574    00000060                   : timer.obj (.const:g_ppui32TimerIntMap)
                  000045d4    00000040                   : timer.obj (.const:g_ppui32TimerIntMapSnowflake)
                  00004614    00000010     states.obj (.const:$P$T4$5)
                  00004624    00000010     states.obj (.const:$P$T5$6)
                  00004634    0000000c     PG2Slave.obj (.const:TestSlave_firstIndex)
                  00004640    0000000c     PG2Slave.obj (.const:TestSlave_lastIndex)
                  0000464c    0000000c     uartstdio.obj (.const:g_ui32UARTBase)
                  00004658    0000000c     uartstdio.obj (.const:g_ui32UARTPeriph)
                  00004664    00000004     PG2Slave.obj (.const)

.cinit     0    00004668    00000240     
                  00004668    0000020a     (.cinit..data.load) [load image, compression = lzss]
                  00004872    00000002     --HOLE-- [fill = 0]
                  00004874    0000000c     (__TI_handler_table)
                  00004880    00000008     (.cinit..bss.load) [load image, compression = zero_init]
                  00004888    00000008     (.cinit..vtable.load) [load image, compression = zero_init]
                  00004890    00000018     (__TI_cinit_table)

.init_array 
*          0    00000000    00000000     UNINITIALIZED

.vtable    0    20000000    0000026c     UNINITIALIZED
                  20000000    0000026c     driverlib.lib : interrupt.obj (.vtable)

.data      0    2000026c    000007a0     UNINITIALIZED
                  2000026c    0000023c     PG2Slave.obj (.data:TestSlave_Data)
                  200004a8    000000c0     timer.obj (.data:timers)
                  20000568    00000086     PG2Slave.obj (.data)
                  200005ee    00000002     --HOLE--
                  200005f0    00000084     PG2Slave.obj (.data:TestSlave_Index1A00)
                  20000674    0000006c     PG2Slave.obj (.data:TestSlave_Index1003)
                  200006e0    00000048     PG2Slave.obj (.data:TestSlave_Index1800)
                  20000728    00000048     PG2Slave.obj (.data:TestSlave_Index1801)
                  20000770    0000003c     PG2Slave.obj (.data:TestSlave_Index1010)
                  200007ac    0000003c     PG2Slave.obj (.data:TestSlave_Index1011)
                  200007e8    0000003c     PG2Slave.obj (.data:TestSlave_Index1018)
                  20000824    00000028     PG2Slave.obj (.data:TestSlave_obj1A00)
                  2000084c    00000024     PG2Slave.obj (.data:TestSlave_Index1003_callbacks)
                  20000870    00000024     PG2Slave.obj (.data:TestSlave_Index1200)
                  20000894    00000024     PG2Slave.obj (.data:TestSlave_PDO_status)
                  200008b8    00000020     PG2Slave.obj (.data:TestSlave_obj1003)
                  200008d8    0000001c     CO_driver.obj (.data)
                  200008f4    00000018     PG2Slave.obj (.data:TestSlave_Index1800_callbacks)
                  2000090c    00000018     PG2Slave.obj (.data:TestSlave_Index1801_callbacks)
                  20000924    00000018     PG2Slave.obj (.data:TestSlave_Index1A01)
                  2000093c    00000014     PG2Slave.obj (.data:TestSlave_Index1010_callbacks)
                  20000950    00000014     PG2Slave.obj (.data:TestSlave_Index1011_callbacks)
                  20000964    00000010     MA3encoder.obj (.data)
                  20000974    0000000c     rtsv7M4_T_le_v4SPD16_eabi.lib : exit.obj (.data:$O1$$)
                  20000980    0000000c     PG2Slave.obj (.data:TestSlave_Index1000)
                  2000098c    0000000c     PG2Slave.obj (.data:TestSlave_Index1001)
                  20000998    0000000c     PG2Slave.obj (.data:TestSlave_Index1005)
                  200009a4    0000000c     PG2Slave.obj (.data:TestSlave_Index1006)
                  200009b0    0000000c     PG2Slave.obj (.data:TestSlave_Index1014)
                  200009bc    0000000c     PG2Slave.obj (.data:TestSlave_Index1017)
                  200009c8    0000000c     period.obj (.data)
                  200009d4    0000000c     timer.obj (.data)
                  200009e0    00000008     rtsv7M4_T_le_v4SPD16_eabi.lib : _lock.obj (.data:$O1$$)
                  200009e8    00000005     uartstdio.obj (.data)
                  200009ed    00000003     --HOLE--
                  200009f0    00000004     PG2Slave.obj (.data:TestSlave_Index1005_callbacks)
                  200009f4    00000004     PG2Slave.obj (.data:TestSlave_Index1006_callbacks)
                  200009f8    00000004     PG2Slave.obj (.data:TestSlave_Index1017_callbacks)
                  200009fc    00000004     PG2Slave.obj (.data:TestSlave_obj1016)
                  20000a00    00000004     PG2Slave.obj (.data:TestSlave_obj1A01)
                  20000a04    00000004     driver.obj (.data)
                  20000a08    00000004     rtsv7M4_T_le_v4SPD16_eabi.lib : stkdepth_vars.obj (.data)

.stack     0    20000a0c    00000100     UNINITIALIZED
                  20000a0c    00000100     --HOLE--

.bss       0    20000b0c    00000038     UNINITIALIZED
                  20000b0c    00000014     (.common:g_sCAN0RxMessage)
                  20000b20    00000014     (.common:g_sCAN0TxMessage)
                  20000b34    0000000c     (.common:g_RxMessage)
                  20000b40    00000004     (.common:TestSlave_heartBeatTimers)

MODULE SUMMARY

       Module                     code    ro data   rw data
       ------                     ----    -------   -------
    .\
       PG2Slave.obj               252     148       1658   
       startup_ccs.obj            12      620       0      
       period.obj                 76      0         12     
       main.obj                   82      0         0      
    +--+--------------------------+-------+---------+---------+
       Total:                     422     768       1670   
                                                           
    .\bsp\
       CO_driver.obj              868     0         80     
       io.obj                     444     0         0      
       MA3encoder.obj             420     0         16     
       driver.obj                 200     0         4      
       Bumper.obj                 196     0         0      
       delay.obj                  48      0         0      
    +--+--------------------------+-------+---------+---------+
       Total:                     2176    0         100    
                                                           
    .\third_party\CanFestival\src\
       sdo.obj                    5186    0         0      
       pdo.obj                    1858    0         0      
       states.obj                 986     32        0      
       lifegrd.obj                848     0         0      
       timer.obj                  392     0         204    
       objacces.obj               498     0         0      
       sync.obj                   262     0         0      
       nmtSlave.obj               190     0         0      
       emcy.obj                   112     0         0      
       nmtMaster.obj              74      0         0      
    +--+--------------------------+-------+---------+---------+
       Total:                     10406   32        204    
                                                           
    .\utils\
       uartstdio.obj              684     24        5      
    +--+--------------------------+-------+---------+---------+
       Total:                     684     24        5      
                                                           
    C:/ti/TivaWare_C_Series-2.1.4.178/driverlib/ccs/Debug/driverlib.lib
       interrupt.obj              208     268       620    
       gpio.obj                   530     408       0      
       sysctl.obj                 324     108       0      
       adc.obj                    326     0         0      
       timer.obj                  100     160       0      
       can.obj                    116     0         0      
       systick.obj                28      0         0      
       cpu.obj                    12      0         0      
       uart.obj                   6       0         0      
    +--+--------------------------+-------+---------+---------+
       Total:                     1650    944       620    
                                                           
    C:\ti\ccsv7\tools\compiler\ti-cgt-arm_16.9.7.LTS\lib\rtsv7M4_T_le_v4SPD16_eabi.lib
       memcpy_t2.obj              156     0         0      
       memset_t2.obj              122     0         0      
       autoinit.obj               112     0         0      
       copy_decompress_lzss.obj   104     0         0      
       exit.obj                   84      0         12     
       boot.obj                   84      0         0      
       cpy_tbl.obj                76      0         0      
       u_divt2.obj                64      0         0      
       memcmp.obj                 36      0         0      
       _lock.obj                  20      0         8      
       args_main.obj              24      0         0      
       copy_decompress_none.obj   14      0         0      
       copy_zero_init.obj         12      0         0      
       pre_init.obj               4       0         0      
       stkdepth_vars.obj          0       0         4      
       i_div0.obj                 2       0         0      
       mpu_init.obj               2       0         0      
       startup.obj                2       0         0      
    +--+--------------------------+-------+---------+---------+
       Total:                     918     0         24     
                                                           
       Stack:                     0       0         256    
       Linker Generated:          0       574       0      
    +--+--------------------------+-------+---------+---------+
       Grand Total:               16256   2342      2879   


LINKER GENERATED COPY TABLES

__TI_cinit_table @ 00004890 records: 3, size/record: 8, table size: 24
	.data: load addr=00004668, load size=0000020a bytes, run addr=2000026c, run size=000007a0 bytes, compression=lzss
	.bss: load addr=00004880, load size=00000008 bytes, run addr=20000b0c, run size=00000038 bytes, compression=zero_init
	.vtable: load addr=00004888, load size=00000008 bytes, run addr=20000000, run size=0000026c bytes, compression=zero_init


LINKER GENERATED HANDLER TABLE

__TI_handler_table @ 00004874 records: 3, size/record: 4, table size: 12
	index: 0, handler: __TI_zero_init
	index: 1, handler: __TI_decompress_lzss
	index: 2, handler: __TI_decompress_none


GLOBAL SYMBOLS: SORTED ALPHABETICALLY BY Name 

address   name                                                               
-------   ----                                                               
00004195  ADCIntClear                                                        
00003b7d  ADCIntStatus                                                       
00003fab  ADCProcessorTrigger                                                
000035cf  ADCSequenceConfigure                                               
00003f21  ADCSequenceDataGet                                                 
0000413d  ADCSequenceEnable                                                  
00002afd  ADCSequenceStepConfigure                                           
00003529  C$$EXIT                                                            
00002265  CAN0IntHandler                                                     
00003fc3  CANIntRegister                                                     
00003481  CO_TimerIntHandler                                                 
00002c69  CO_Timerinit                                                       
00004159  CO_driver_init                                                     
00003aed  CO_start_listening                                                 
00004165  CPUcpsie                                                           
000033d1  Captureinit                                                        
0000318d  ConfigureUART                                                      
00003c05  ConsumerHeartbeatAlarm                                             
000027ed  CopyBits                                                           
00003b1d  DelAlarm                                                           
00003c2f  GPIODirModeSet                                                     
000041a9  GPIOIntClear                                                       
00004171  GPIOIntEnable                                                      
00003fdb  GPIOIntRegister                                                    
00001835  GPIOPadConfigSet                                                   
000041af  GPIOPinRead                                                        
00004091  GPIOPinTypeADC                                                     
000040a3  GPIOPinTypeGPIOInput                                               
00003ff3  GPIOPinTypeGPIOOutput                                              
000041b5  GPIOPinWrite                                                       
00003255  GuardTimeAlarm                                                     
00002f85  IntEnable                                                          
000040fd  IntMasterEnable                                                    
00003ded  IntPrioritySet                                                     
00003a51  IntRegister                                                        
00003429  MA3_encoder_init                                                   
00003cd9  MA3_encoder_print_value                                            
0000419f  OnCOB_ID_SyncUpdate                                                
000040b5  OnHeartbeatProducerUpdate                                          
000040c7  OnNodeGuardUpdate                                                  
00003c59  OnNumberOfErrorsUpdate                                             
00003e59  PDOEventTimerAlarm                                                 
00003e11  PDOInhibitTimerAlarm                                               
00003621  PDOInit                                                            
000031f1  PDOStop                                                            
00003751  ProducerHeartbeatAlarm                                             
00003da1  RegisterSetODentryCallBack                                         
000041bb  ResetISR                                                           
00002cdd  SDOTimeoutAlarm                                                    
000039a9  SDOlineToObjdict                                                   
000038ef  SDOtoLine                                                          
UNDEFED   SHT$$INIT_ARRAY$$Base                                              
UNDEFED   SHT$$INIT_ARRAY$$Limit                                             
0000289d  SetAlarm                                                           
000041d3  SyncAlarm                                                          
00001a85  SysCtlClockGet                                                     
00003a85  SysCtlPeripheralEnable                                             
0000366d  SysTickIntHandler                                                  
00003f41  SysTickIntRegister                                                 
00002ea9  TPDO_Communication_Parameter_Callback                              
2000026c  TestSlave_Data                                                     
20000980  TestSlave_Index1000                                                
2000098c  TestSlave_Index1001                                                
20000674  TestSlave_Index1003                                                
2000084c  TestSlave_Index1003_callbacks                                      
20000998  TestSlave_Index1005                                                
200009f0  TestSlave_Index1005_callbacks                                      
200009a4  TestSlave_Index1006                                                
200009f4  TestSlave_Index1006_callbacks                                      
20000770  TestSlave_Index1010                                                
2000093c  TestSlave_Index1010_callbacks                                      
200007ac  TestSlave_Index1011                                                
20000950  TestSlave_Index1011_callbacks                                      
200009b0  TestSlave_Index1014                                                
200009bc  TestSlave_Index1017                                                
200009f8  TestSlave_Index1017_callbacks                                      
200007e8  TestSlave_Index1018                                                
20000870  TestSlave_Index1200                                                
200006e0  TestSlave_Index1800                                                
200008f4  TestSlave_Index1800_callbacks                                      
20000728  TestSlave_Index1801                                                
2000090c  TestSlave_Index1801_callbacks                                      
200005f0  TestSlave_Index1A00                                                
20000924  TestSlave_Index1A01                                                
00004666  TestSlave_ObjdictSize                                              
20000894  TestSlave_PDO_status                                               
20000568  TestSlave_bDeviceNodeId                                            
00004634  TestSlave_firstIndex                                               
20000b40  TestSlave_heartBeatTimers                                          
20000571  TestSlave_highestSubIndex_obj1003                                  
2000057f  TestSlave_highestSubIndex_obj1010                                  
20000590  TestSlave_highestSubIndex_obj1011                                  
200005a8  TestSlave_highestSubIndex_obj1016                                  
200005ac  TestSlave_highestSubIndex_obj1018                                  
200005c0  TestSlave_highestSubIndex_obj1200                                  
200005cc  TestSlave_highestSubIndex_obj1800                                  
200005dc  TestSlave_highestSubIndex_obj1801                                  
200005ec  TestSlave_highestSubIndex_obj1A00                                  
200005ed  TestSlave_highestSubIndex_obj1A01                                  
00004664  TestSlave_iam_a_slave                                              
00004640  TestSlave_lastIndex                                                
2000056c  TestSlave_obj1000                                                  
20000570  TestSlave_obj1001                                                  
200008b8  TestSlave_obj1003                                                  
20000574  TestSlave_obj1005                                                  
20000578  TestSlave_obj1006                                                  
2000057c  TestSlave_obj100C                                                  
2000057e  TestSlave_obj100D                                                  
20000580  TestSlave_obj1010_Save_All_Parameters                              
20000588  TestSlave_obj1010_Save_Application_Parameters                      
20000584  TestSlave_obj1010_Save_Communication_Parameters                    
2000058c  TestSlave_obj1010_Save_Manufacturer_Parameters_1                   
20000594  TestSlave_obj1011_Restore_All_Default_Parameters                   
2000059c  TestSlave_obj1011_Restore_Application_Default_Parameters           
20000598  TestSlave_obj1011_Restore_Communication_Default_Parameters         
200005a0  TestSlave_obj1011_Restore_Manufacturer_Defined_Default_Parameters_1
200005a4  TestSlave_obj1014                                                  
200009fc  TestSlave_obj1016                                                  
200005aa  TestSlave_obj1017                                                  
200005b4  TestSlave_obj1018_Product_Code                                     
200005b8  TestSlave_obj1018_Revision_Number                                  
200005bc  TestSlave_obj1018_Serial_Number                                    
200005b0  TestSlave_obj1018_Vendor_ID                                        
200005c4  TestSlave_obj1200_COB_ID_Client_to_Server_Receive_SDO              
200005c8  TestSlave_obj1200_COB_ID_Server_to_Client_Transmit_SDO             
200005d0  TestSlave_obj1800_COB_ID_used_by_PDO                               
200005d8  TestSlave_obj1800_Compatibility_Entry                              
200005da  TestSlave_obj1800_Event_Timer                                      
200005d6  TestSlave_obj1800_Inhibit_Time                                     
200005d4  TestSlave_obj1800_Transmission_Type                                
200005e0  TestSlave_obj1801_COB_ID_used_by_PDO                               
200005e8  TestSlave_obj1801_Compatibility_Entry                              
200005ea  TestSlave_obj1801_Event_Timer                                      
200005e6  TestSlave_obj1801_Inhibit_Time                                     
200005e4  TestSlave_obj1801_Transmission_Type                                
20000824  TestSlave_obj1A00                                                  
20000a00  TestSlave_obj1A01                                                  
00004420  TestSlave_objdict                                                  
00002181  TestSlave_scanIndexOD                                              
0000400d  TestSlave_valueRangeTest                                           
00002735  TimeDispatch                                                       
00004025  TimerIntRegister                                                   
000041c1  UARTClockSourceSet                                                 
000032b9  UARTStdioConfig                                                    
00003f5d  UARTprintf                                                         
00001505  UARTvprintf                                                        
00003799  UARTwrite                                                          
00002f83  _RxPDO_EventTimers_Handler                                         
20000b0c  __STACK_END                                                        
00000100  __STACK_SIZE                                                       
20000b0c  __STACK_TOP                                                        
00004890  __TI_CINIT_Base                                                    
000048a8  __TI_CINIT_Limit                                                   
00004874  __TI_Handler_Table_Base                                            
00004880  __TI_Handler_Table_Limit                                           
00002e39  __TI_auto_init                                                     
20000974  __TI_cleanup_ptr                                                   
000030bd  __TI_decompress_lzss                                               
0000414b  __TI_decompress_none                                               
20000978  __TI_dtors_ptr                                                     
2000097c  __TI_enable_exit_profile_output                                    
ffffffff  __TI_pprof_out_hndl                                                
ffffffff  __TI_prof_data_size                                                
ffffffff  __TI_prof_data_start                                               
00000000  __TI_static_base__                                                 
0000417d  __TI_zero_init                                                     
000041e7  __aeabi_idiv0                                                      
00002b77  __aeabi_memclr                                                     
00002b77  __aeabi_memclr4                                                    
00002b77  __aeabi_memclr8                                                    
0000293d  __aeabi_memcpy                                                     
0000293d  __aeabi_memcpy4                                                    
0000293d  __aeabi_memcpy8                                                    
00002b79  __aeabi_memset                                                     
00002b79  __aeabi_memset4                                                    
00002b79  __aeabi_memset8                                                    
0000392f  __aeabi_uidiv                                                      
0000392f  __aeabi_uidivmod                                                   
ffffffff  __binit__                                                          
ffffffff  __c_args__                                                         
000041e9  __mpu_init                                                         
20000a0c  __stack                                                            
20000a04  _address                                                           
0000403d  _args_main                                                         
000034d5  _c_int00                                                           
000025ad  _getODentry                                                        
000032b7  _heartbeatError                                                    
0000361f  _initialisation                                                    
200009e0  _lock                                                              
00003a4f  _nodeguardError                                                    
00004063  _nop                                                               
00003cd7  _operational                                                       
00003f3f  _post_SlaveBootup                                                  
0000400b  _post_SlaveStateChange                                             
000041db  _post_TPDO                                                         
000041dd  _post_emcy                                                         
000041df  _post_sync                                                         
0000410d  _preOperational                                                    
0000405b  _register_lock                                                     
00004055  _register_unlock                                                   
00001967  _sendPDOevent                                                      
00001f9d  _setODentry                                                        
000041e1  _stopped                                                           
000041e3  _storeODSubIndex                                                   
000041eb  _system_post_cinit                                                 
000041d7  _system_pre_init                                                   
200009c8  _testi                                                             
200009cc  _tick                                                              
200009d0  _tick_second                                                       
200009e4  _unlock                                                            
0000352d  abort                                                              
ffffffff  binit                                                              
00002341  buildPDO                                                           
00002fed  bumper_init                                                        
00003375  bumper_print                                                       
00003055  canDispatch                                                        
00003d01  canSend                                                            
000024e5  can_init                                                           
00003825  can_write                                                          
00003705  copy_in                                                            
00003b4d  delay_ms                                                           
00004189  driver_get_address                                                 
000039e1  driver_init_hardware                                               
00003aed  driver_init_system                                                 
00003ee1  driver_start_tick                                                  
00003f01  emergencyInit                                                      
000041e5  emergencyStop                                                      
00003535  exit                                                               
00002f17  failedSDO                                                          
20000b34  g_RxMessage                                                        
20000000  g_pfnRAMVectors                                                    
00000000  g_pfnVectors                                                       
20000b0c  g_sCAN0RxMessage                                                   
20000b20  g_sCAN0TxMessage                                                   
200008d8  g_ui32ErrFlag                                                      
200008dc  g_ui32RXMsgCount                                                   
200008e0  g_ui32TXMsgCount                                                   
00003d29  getElapsedTime                                                     
000041c7  getNodeId                                                          
00003f77  getSDOfreeLine                                                     
00003bab  getSDOlineOnUse                                                    
00003f91  getSDOlineRestBytes                                                
00002bf1  heartbeatInit                                                      
00003a19  heartbeatStop                                                      
00002a6d  initSDOline                                                        
00002419  inputInt                                                           
00002671  io_manager_init                                                    
00001ea5  io_manager_test                                                    
20000968  last_pulse                                                         
200009d8  last_timer_raw                                                     
0000411d  lifeGuardInit                                                      
0000412d  lifeGuardStop                                                      
00003869  lineToSDO                                                          
0000357d  main                                                               
20000a08  main_func_sp                                                       
00003e7b  masterSendNMTnodeguard                                             
00003d51  masterSendNMTstateChange                                           
00003e35  memcmp                                                             
0000293d  memcpy                                                             
00002b7f  memset                                                             
00002d51  nodeguardInit                                                      
000040d9  nodeguardStop                                                      
000038ad  objdictToSDOline                                                   
00003e9d  proceedEMCY                                                        
000029d9  proceedNMTstateChange                                              
00001da9  proceedNODE_GUARD                                                  
000012e3  proceedPDO                                                         
0000026d  proceedSDO                                                         
00003c83  proceedSYNC                                                        
20000964  pulse                                                              
000041cd  resetSDO                                                           
00003ab9  resetSDOline                                                       
000040eb  scanIndexOD                                                        
00002091  sendOnePDOevent                                                    
00002dc5  sendSDO                                                            
0000396f  sendSDOabort                                                       
00004069  sendSYNC                                                           
00003ebf  sendSYNCMessage                                                    
000016f1  setNodeId                                                          
0000407d  setSDOlineRestBytes                                                
00001ca5  setState                                                           
00003d79  setTimer                                                           
00003cad  slaveSendBootUp                                                    
00003125  startSYNC                                                          
00003bd9  stopSYNC                                                           
00001b95  switchCommunicationState                                           
200009dc  tdcount                                                            
200004a8  timers                                                             
20000970  toff                                                               
2000096c  ton                                                                
200009d4  total_sleep_time                                                   


GLOBAL SYMBOLS: SORTED BY Symbol Address 

address   name                                                               
-------   ----                                                               
00000000  __TI_static_base__                                                 
00000000  g_pfnVectors                                                       
00000100  __STACK_SIZE                                                       
0000026d  proceedSDO                                                         
000012e3  proceedPDO                                                         
00001505  UARTvprintf                                                        
000016f1  setNodeId                                                          
00001835  GPIOPadConfigSet                                                   
00001967  _sendPDOevent                                                      
00001a85  SysCtlClockGet                                                     
00001b95  switchCommunicationState                                           
00001ca5  setState                                                           
00001da9  proceedNODE_GUARD                                                  
00001ea5  io_manager_test                                                    
00001f9d  _setODentry                                                        
00002091  sendOnePDOevent                                                    
00002181  TestSlave_scanIndexOD                                              
00002265  CAN0IntHandler                                                     
00002341  buildPDO                                                           
00002419  inputInt                                                           
000024e5  can_init                                                           
000025ad  _getODentry                                                        
00002671  io_manager_init                                                    
00002735  TimeDispatch                                                       
000027ed  CopyBits                                                           
0000289d  SetAlarm                                                           
0000293d  __aeabi_memcpy                                                     
0000293d  __aeabi_memcpy4                                                    
0000293d  __aeabi_memcpy8                                                    
0000293d  memcpy                                                             
000029d9  proceedNMTstateChange                                              
00002a6d  initSDOline                                                        
00002afd  ADCSequenceStepConfigure                                           
00002b77  __aeabi_memclr                                                     
00002b77  __aeabi_memclr4                                                    
00002b77  __aeabi_memclr8                                                    
00002b79  __aeabi_memset                                                     
00002b79  __aeabi_memset4                                                    
00002b79  __aeabi_memset8                                                    
00002b7f  memset                                                             
00002bf1  heartbeatInit                                                      
00002c69  CO_Timerinit                                                       
00002cdd  SDOTimeoutAlarm                                                    
00002d51  nodeguardInit                                                      
00002dc5  sendSDO                                                            
00002e39  __TI_auto_init                                                     
00002ea9  TPDO_Communication_Parameter_Callback                              
00002f17  failedSDO                                                          
00002f83  _RxPDO_EventTimers_Handler                                         
00002f85  IntEnable                                                          
00002fed  bumper_init                                                        
00003055  canDispatch                                                        
000030bd  __TI_decompress_lzss                                               
00003125  startSYNC                                                          
0000318d  ConfigureUART                                                      
000031f1  PDOStop                                                            
00003255  GuardTimeAlarm                                                     
000032b7  _heartbeatError                                                    
000032b9  UARTStdioConfig                                                    
00003375  bumper_print                                                       
000033d1  Captureinit                                                        
00003429  MA3_encoder_init                                                   
00003481  CO_TimerIntHandler                                                 
000034d5  _c_int00                                                           
00003529  C$$EXIT                                                            
0000352d  abort                                                              
00003535  exit                                                               
0000357d  main                                                               
000035cf  ADCSequenceConfigure                                               
0000361f  _initialisation                                                    
00003621  PDOInit                                                            
0000366d  SysTickIntHandler                                                  
00003705  copy_in                                                            
00003751  ProducerHeartbeatAlarm                                             
00003799  UARTwrite                                                          
00003825  can_write                                                          
00003869  lineToSDO                                                          
000038ad  objdictToSDOline                                                   
000038ef  SDOtoLine                                                          
0000392f  __aeabi_uidiv                                                      
0000392f  __aeabi_uidivmod                                                   
0000396f  sendSDOabort                                                       
000039a9  SDOlineToObjdict                                                   
000039e1  driver_init_hardware                                               
00003a19  heartbeatStop                                                      
00003a4f  _nodeguardError                                                    
00003a51  IntRegister                                                        
00003a85  SysCtlPeripheralEnable                                             
00003ab9  resetSDOline                                                       
00003aed  CO_start_listening                                                 
00003aed  driver_init_system                                                 
00003b1d  DelAlarm                                                           
00003b4d  delay_ms                                                           
00003b7d  ADCIntStatus                                                       
00003bab  getSDOlineOnUse                                                    
00003bd9  stopSYNC                                                           
00003c05  ConsumerHeartbeatAlarm                                             
00003c2f  GPIODirModeSet                                                     
00003c59  OnNumberOfErrorsUpdate                                             
00003c83  proceedSYNC                                                        
00003cad  slaveSendBootUp                                                    
00003cd7  _operational                                                       
00003cd9  MA3_encoder_print_value                                            
00003d01  canSend                                                            
00003d29  getElapsedTime                                                     
00003d51  masterSendNMTstateChange                                           
00003d79  setTimer                                                           
00003da1  RegisterSetODentryCallBack                                         
00003ded  IntPrioritySet                                                     
00003e11  PDOInhibitTimerAlarm                                               
00003e35  memcmp                                                             
00003e59  PDOEventTimerAlarm                                                 
00003e7b  masterSendNMTnodeguard                                             
00003e9d  proceedEMCY                                                        
00003ebf  sendSYNCMessage                                                    
00003ee1  driver_start_tick                                                  
00003f01  emergencyInit                                                      
00003f21  ADCSequenceDataGet                                                 
00003f3f  _post_SlaveBootup                                                  
00003f41  SysTickIntRegister                                                 
00003f5d  UARTprintf                                                         
00003f77  getSDOfreeLine                                                     
00003f91  getSDOlineRestBytes                                                
00003fab  ADCProcessorTrigger                                                
00003fc3  CANIntRegister                                                     
00003fdb  GPIOIntRegister                                                    
00003ff3  GPIOPinTypeGPIOOutput                                              
0000400b  _post_SlaveStateChange                                             
0000400d  TestSlave_valueRangeTest                                           
00004025  TimerIntRegister                                                   
0000403d  _args_main                                                         
00004055  _register_unlock                                                   
0000405b  _register_lock                                                     
00004063  _nop                                                               
00004069  sendSYNC                                                           
0000407d  setSDOlineRestBytes                                                
00004091  GPIOPinTypeADC                                                     
000040a3  GPIOPinTypeGPIOInput                                               
000040b5  OnHeartbeatProducerUpdate                                          
000040c7  OnNodeGuardUpdate                                                  
000040d9  nodeguardStop                                                      
000040eb  scanIndexOD                                                        
000040fd  IntMasterEnable                                                    
0000410d  _preOperational                                                    
0000411d  lifeGuardInit                                                      
0000412d  lifeGuardStop                                                      
0000413d  ADCSequenceEnable                                                  
0000414b  __TI_decompress_none                                               
00004159  CO_driver_init                                                     
00004165  CPUcpsie                                                           
00004171  GPIOIntEnable                                                      
0000417d  __TI_zero_init                                                     
00004189  driver_get_address                                                 
00004195  ADCIntClear                                                        
0000419f  OnCOB_ID_SyncUpdate                                                
000041a9  GPIOIntClear                                                       
000041af  GPIOPinRead                                                        
000041b5  GPIOPinWrite                                                       
000041bb  ResetISR                                                           
000041c1  UARTClockSourceSet                                                 
000041c7  getNodeId                                                          
000041cd  resetSDO                                                           
000041d3  SyncAlarm                                                          
000041d7  _system_pre_init                                                   
000041db  _post_TPDO                                                         
000041dd  _post_emcy                                                         
000041df  _post_sync                                                         
000041e1  _stopped                                                           
000041e3  _storeODSubIndex                                                   
000041e5  emergencyStop                                                      
000041e7  __aeabi_idiv0                                                      
000041e9  __mpu_init                                                         
000041eb  _system_post_cinit                                                 
00004420  TestSlave_objdict                                                  
00004634  TestSlave_firstIndex                                               
00004640  TestSlave_lastIndex                                                
00004664  TestSlave_iam_a_slave                                              
00004666  TestSlave_ObjdictSize                                              
00004874  __TI_Handler_Table_Base                                            
00004880  __TI_Handler_Table_Limit                                           
00004890  __TI_CINIT_Base                                                    
000048a8  __TI_CINIT_Limit                                                   
20000000  g_pfnRAMVectors                                                    
2000026c  TestSlave_Data                                                     
200004a8  timers                                                             
20000568  TestSlave_bDeviceNodeId                                            
2000056c  TestSlave_obj1000                                                  
20000570  TestSlave_obj1001                                                  
20000571  TestSlave_highestSubIndex_obj1003                                  
20000574  TestSlave_obj1005                                                  
20000578  TestSlave_obj1006                                                  
2000057c  TestSlave_obj100C                                                  
2000057e  TestSlave_obj100D                                                  
2000057f  TestSlave_highestSubIndex_obj1010                                  
20000580  TestSlave_obj1010_Save_All_Parameters                              
20000584  TestSlave_obj1010_Save_Communication_Parameters                    
20000588  TestSlave_obj1010_Save_Application_Parameters                      
2000058c  TestSlave_obj1010_Save_Manufacturer_Parameters_1                   
20000590  TestSlave_highestSubIndex_obj1011                                  
20000594  TestSlave_obj1011_Restore_All_Default_Parameters                   
20000598  TestSlave_obj1011_Restore_Communication_Default_Parameters         
2000059c  TestSlave_obj1011_Restore_Application_Default_Parameters           
200005a0  TestSlave_obj1011_Restore_Manufacturer_Defined_Default_Parameters_1
200005a4  TestSlave_obj1014                                                  
200005a8  TestSlave_highestSubIndex_obj1016                                  
200005aa  TestSlave_obj1017                                                  
200005ac  TestSlave_highestSubIndex_obj1018                                  
200005b0  TestSlave_obj1018_Vendor_ID                                        
200005b4  TestSlave_obj1018_Product_Code                                     
200005b8  TestSlave_obj1018_Revision_Number                                  
200005bc  TestSlave_obj1018_Serial_Number                                    
200005c0  TestSlave_highestSubIndex_obj1200                                  
200005c4  TestSlave_obj1200_COB_ID_Client_to_Server_Receive_SDO              
200005c8  TestSlave_obj1200_COB_ID_Server_to_Client_Transmit_SDO             
200005cc  TestSlave_highestSubIndex_obj1800                                  
200005d0  TestSlave_obj1800_COB_ID_used_by_PDO                               
200005d4  TestSlave_obj1800_Transmission_Type                                
200005d6  TestSlave_obj1800_Inhibit_Time                                     
200005d8  TestSlave_obj1800_Compatibility_Entry                              
200005da  TestSlave_obj1800_Event_Timer                                      
200005dc  TestSlave_highestSubIndex_obj1801                                  
200005e0  TestSlave_obj1801_COB_ID_used_by_PDO                               
200005e4  TestSlave_obj1801_Transmission_Type                                
200005e6  TestSlave_obj1801_Inhibit_Time                                     
200005e8  TestSlave_obj1801_Compatibility_Entry                              
200005ea  TestSlave_obj1801_Event_Timer                                      
200005ec  TestSlave_highestSubIndex_obj1A00                                  
200005ed  TestSlave_highestSubIndex_obj1A01                                  
200005f0  TestSlave_Index1A00                                                
20000674  TestSlave_Index1003                                                
200006e0  TestSlave_Index1800                                                
20000728  TestSlave_Index1801                                                
20000770  TestSlave_Index1010                                                
200007ac  TestSlave_Index1011                                                
200007e8  TestSlave_Index1018                                                
20000824  TestSlave_obj1A00                                                  
2000084c  TestSlave_Index1003_callbacks                                      
20000870  TestSlave_Index1200                                                
20000894  TestSlave_PDO_status                                               
200008b8  TestSlave_obj1003                                                  
200008d8  g_ui32ErrFlag                                                      
200008dc  g_ui32RXMsgCount                                                   
200008e0  g_ui32TXMsgCount                                                   
200008f4  TestSlave_Index1800_callbacks                                      
2000090c  TestSlave_Index1801_callbacks                                      
20000924  TestSlave_Index1A01                                                
2000093c  TestSlave_Index1010_callbacks                                      
20000950  TestSlave_Index1011_callbacks                                      
20000964  pulse                                                              
20000968  last_pulse                                                         
2000096c  ton                                                                
20000970  toff                                                               
20000974  __TI_cleanup_ptr                                                   
20000978  __TI_dtors_ptr                                                     
2000097c  __TI_enable_exit_profile_output                                    
20000980  TestSlave_Index1000                                                
2000098c  TestSlave_Index1001                                                
20000998  TestSlave_Index1005                                                
200009a4  TestSlave_Index1006                                                
200009b0  TestSlave_Index1014                                                
200009bc  TestSlave_Index1017                                                
200009c8  _testi                                                             
200009cc  _tick                                                              
200009d0  _tick_second                                                       
200009d4  total_sleep_time                                                   
200009d8  last_timer_raw                                                     
200009dc  tdcount                                                            
200009e0  _lock                                                              
200009e4  _unlock                                                            
200009f0  TestSlave_Index1005_callbacks                                      
200009f4  TestSlave_Index1006_callbacks                                      
200009f8  TestSlave_Index1017_callbacks                                      
200009fc  TestSlave_obj1016                                                  
20000a00  TestSlave_obj1A01                                                  
20000a04  _address                                                           
20000a08  main_func_sp                                                       
20000a0c  __stack                                                            
20000b0c  __STACK_END                                                        
20000b0c  __STACK_TOP                                                        
20000b0c  g_sCAN0RxMessage                                                   
20000b20  g_sCAN0TxMessage                                                   
20000b34  g_RxMessage                                                        
20000b40  TestSlave_heartBeatTimers                                          
ffffffff  __TI_pprof_out_hndl                                                
ffffffff  __TI_prof_data_size                                                
ffffffff  __TI_prof_data_start                                               
ffffffff  __binit__                                                          
ffffffff  __c_args__                                                         
ffffffff  binit                                                              
UNDEFED   SHT$$INIT_ARRAY$$Base                                              
UNDEFED   SHT$$INIT_ARRAY$$Limit                                             

[291 symbols]
