******************************************************************************
                  TI ARM Linker PC v16.9.7                     
******************************************************************************
>> Linked Thu Jun 21 09:56:28 2018

OUTPUT FILE NAME:   <launchpad.out>
ENTRY POINT SYMBOL: "_c_int00"  address: 00004645


MEMORY CONFIGURATION

         name            origin    length      used     unused   attr    fill
----------------------  --------  ---------  --------  --------  ----  --------
  FLASH                 00000000   00040000  00006216  00039dea  R  X
  SRAM                  20000000   00008000  00002528  00005ad8  RW X


SEGMENT ALLOCATION MAP

run origin  load origin   length   init length attrs members
----------  ----------- ---------- ----------- ----- -------
00000000    00000000    00006218   00006218    r-x
  00000000    00000000    0000026c   0000026c    r-- .intvecs
  0000026c    0000026c    0000561e   0000561e    r-x .text
  0000588c    0000588c    0000059c   0000059c    r-- .const
  00005e28    00005e28    000003f0   000003f0    r-- .cinit
20000000    20000000    00002528   00000000    rw-
  20000000    20000000    0000026c   00000000    rw- .vtable
  2000026c    2000026c    0000158c   00000000    rw- .bss
  200017f8    200017f8    00000c30   00000000    rw- .data
  20002428    20002428    00000100   00000000    rw- .stack


SECTION ALLOCATION MAP

 output                                  attributes/
section   page    origin      length       input sections
--------  ----  ----------  ----------   ----------------
.intvecs   0    00000000    0000026c     
                  00000000    0000026c     startup_ccs.obj (.intvecs)

.text      0    0000026c    0000561e     
                  0000026c    00001076     sdo.obj (.text:proceedSDO)
                  000012e2    00000002     startup_ccs.obj (.text:FaultISR)
                  000012e4    00000258     PD4Master.obj (.text:TestMaster_scanIndexOD)
                  0000153c    00000222     pdo.obj (.text:proceedPDO)
                  0000175e    00000002     startup_ccs.obj (.text:IntDefaultHandler)
                  00001760    00000204     PD4_task.obj (.text:PD4Master_task)
                  00001964    000001ea     uartstdio.obj (.text:UARTvprintf)
                  00001b4e    0000015a     sdo.obj (.text:_writeNetworkDict)
                  00001ca8    00000144     states.obj (.text:setNodeId)
                  00001dec    0000011c     pdo.obj (.text:_sendPDOevent)
                  00001f08    00000118     queue.obj (.text:xQueueGenericReceive)
                  00002020    00000110     driverlib.lib : sysctl.obj (.text:SysCtlClockGet)
                  00002130    00000110     states.obj (.text:switchCommunicationState)
                  00002240    00000104     tasks.obj (.text:xTaskIncrementTick)
                  00002344    00000102     states.obj (.text:setState)
                  00002446    00000002     startup_ccs.obj (.text:NmiSR)
                  00002448    00000100     tasks.obj (.text:xTaskGenericCreate)
                  00002548    000000fc     lifegrd.obj (.text:proceedNODE_GUARD)
                  00002644    000000f4     objacces.obj (.text:_setODentry)
                  00002738    000000f0     pdo.obj (.text:sendOnePDOevent)
                  00002828    000000e8     queue.obj (.text:xQueueGenericSend)
                  00002910    000000e4     tasks.obj (.text:xTaskResumeAll)
                  000029f4    000000dc     CO_driver.obj (.text:CAN0IntHandler)
                  00002ad0    000000d8     pdo.obj (.text:buildPDO)
                  00002ba8    000000d2     portasm.obj (.text)
                  00002c7a    00000002     Master.obj (.text:PD4Master_heartbeatError)
                  00002c7c    000000d0     CO_driver.obj (.text:can_init)
                  00002d4c    000000c8     MA3encoder.obj (.text:inputInt)
                  00002e14    000000c4     objacces.obj (.text:_getODentry)
                  00002ed8    000000b8     timer.obj (.text:TimeDispatch)
                  00002f90    000000b0     pdo.obj (.text:CopyBits)
                  00003040    000000a8     heap_2.obj (.text:pvPortMalloc)
                  000030e8    000000a0     timer.obj (.text:SetAlarm)
                  00003188    0000009c     rtsv7M4_T_le_v4SPD16_eabi.lib : memcpy_t2.obj (.text)
                  00003224    00000094     led_task.obj (.text:LEDTask)
                  000032b8    00000094     nmtSlave.obj (.text:proceedNMTstateChange)
                  0000334c    00000090     Master.obj (.text:PD4Master_writeSlaveParam)
                  000033dc    00000090     sdo.obj (.text:initSDOline)
                  0000346c    00000090     tasks.obj (.text:vTaskPriorityInherit)
                  000034fc    0000008c     tasks.obj (.text:vTaskSwitchContext)
                  00003588    00000084     tasks.obj (.text:vTaskDelayUntil)
                  0000360c    00000084     queue.obj (.text:xQueueGenericReset)
                  00003690    00000080     Master.obj (.text:CanOpen_Change_Param)
                  00003710    00000080     driver.obj (.text:driver_init_hardware)
                  00003790    0000007a     rtsv7M4_T_le_v4SPD16_eabi.lib : memset_t2.obj (.text)
                  0000380a    00000002     Master.obj (.text:PD4Master_post_TPDO)
                  0000380c    00000078     lifegrd.obj (.text:heartbeatInit)
                  00003884    00000078     tasks.obj (.text:xTaskPriorityDisinherit)
                  000038fc    00000074     CO_driver.obj (.text:CO_Timerinit)
                  00003970    00000074     PD4_task.obj (.text:PD4Master_taskInit)
                  000039e4    00000074     sdo.obj (.text:SDOTimeoutAlarm)
                  00003a58    00000074     lifegrd.obj (.text:nodeguardInit)
                  00003acc    00000074     sdo.obj (.text:sendSDO)
                  00003b40    00000074     tasks.obj (.text:xTaskRemoveFromEventList)
                  00003bb4    00000072     queue.obj (.text:prvCopyDataToQueue)
                  00003c26    00000002     Master.obj (.text:PD4Master_post_sync)
                  00003c28    00000070     rtsv7M4_T_le_v4SPD16_eabi.lib : autoinit.obj (.text)
                  00003c98    0000006e     pdo.obj (.text:TPDO_Communication_Parameter_Callback)
                  00003d06    0000006c     sdo.obj (.text:failedSDO)
                  00003d72    00000002     pdo.obj (.text:_RxPDO_EventTimers_Handler)
                  00003d74    00000068     driverlib.lib : interrupt.obj (.text:IntEnable)
                  00003ddc    00000068     states.obj (.text:canDispatch)
                  00003e44    00000068     rtsv7M4_T_le_v4SPD16_eabi.lib : copy_decompress_lzss.obj (.text:decompress:lzss)
                  00003eac    00000068     sync.obj (.text:startSYNC)
                  00003f14    00000064     driver.obj (.text:ConfigureUART)
                  00003f78    00000064     pdo.obj (.text:PDOStop)
                  00003fdc    00000064     tasks.obj (.text:vTaskPlaceOnEventList)
                  00004040    00000062     lifegrd.obj (.text:GuardTimeAlarm)
                  000040a2    00000062     queue.obj (.text:prvUnlockQueue)
                  00004104    00000060     MA3encoder.obj (.text:MA3_encoder_init)
                  00004164    00000060     uartstdio.obj (.text:UARTStdioConfig)
                  000041c4    00000060     tasks.obj (.text:prvInitialiseTaskLists)
                  00004224    00000060     tasks.obj (.text:vTaskStartScheduler)
                  00004284    0000005c     driverlib.lib : can.obj (.text:_CANIntNumberGet)
                  000042e0    0000005c     tasks.obj (.text:vTaskDelay)
                  0000433c    0000005c     queue.obj (.text:xQueueGenericSendFromISR)
                  00004398    00000058     MA3encoder.obj (.text:Captureinit)
                  000043f0    00000058     tasks.obj (.text:prvCheckTasksWaitingTermination)
                  00004448    00000056     pdo.obj (.text:sendPDOrequest)
                  0000449e    00000056     queue.obj (.text:xQueueGiveFromISR)
                  000044f4    00000054     CO_driver.obj (.text:CO_TimerIntHandler)
                  00004548    00000054     Master.obj (.text:CanOpen_Reset_RPDO)
                  0000459c    00000054     PD4_task.obj (.text:PD4Master_set_pos)
                  000045f0    00000054     tasks.obj (.text:prvInitialiseTCBVariables)
                  00004644    00000054     rtsv7M4_T_le_v4SPD16_eabi.lib : boot.obj (.text)
                  00004698    00000054                                   : exit.obj (.text)
                  000046ec    00000054     tasks.obj (.text:xTaskCheckForTimeOut)
                  00004740    00000052     Master.obj (.text:PD4Master_post_emcy)
                  00004792    0000004e     Master.obj (.text:CanOpen_setMaster)
                  000047e0    0000004c     Master.obj (.text:CanOpen_Reset_TPDO)
                  0000482c    0000004c     pdo.obj (.text:PDOInit)
                  00004878    0000004c     driverlib.lib : timer.obj (.text:_TimerIntNumberGet)
                  000048c4    0000004c     tasks.obj (.text:prvAddCurrentTaskToDelayedList)
                  00004910    0000004c     rtsv7M4_T_le_v4SPD16_eabi.lib : cpy_tbl.obj (.text)
                  0000495c    0000004c     queue.obj (.text:xQueueCreateMutex)
                  000049a8    00000048     sdo.obj (.text:GetSDOClientFromNodeId)
                  000049f0    00000048     lifegrd.obj (.text:ProducerHeartbeatAlarm)
                  00004a38    00000048     uartstdio.obj (.text:UARTwrite)
                  00004a80    00000044     driverlib.lib : gpio.obj (.text:_GPIOIntNumberGet)
                  00004ac4    00000044     CO_driver.obj (.text:can_write)
                  00004b08    00000044     sdo.obj (.text:lineToSDO)
                  00004b4c    00000044     heap_2.obj (.text:vPortFree)
                  00004b90    00000042     sdo.obj (.text:objdictToSDOline)
                  00004bd2    00000040     sdo.obj (.text:SDOtoLine)
                  00004c12    00000040     rtsv7M4_T_le_v4SPD16_eabi.lib : u_divt2.obj (.text)
                  00004c52    00000002     lifegrd.obj (.text:_heartbeatError)
                  00004c54    00000040     port.obj (.text:xPortStartScheduler)
                  00004c94    0000003c     queue.obj (.text:xQueueGenericCreate)
                  00004cd0    0000003a     tasks.obj (.text:prvAllocateTCBAndStack)
                  00004d0a    0000003a     sdo.obj (.text:sendSDOabort)
                  00004d44    00000038     sdo.obj (.text:SDOlineToObjdict)
                  00004d7c    00000038     list.obj (.text:vListInsert)
                  00004db4    00000036     lifegrd.obj (.text:heartbeatStop)
                  00004dea    00000002     states.obj (.text:_initialisation)
                  00004dec    00000034     CO_driver.obj (.text:CO_start_listening)
                  00004e20    00000034     driverlib.lib : interrupt.obj (.text:IntRegister)
                  00004e54    00000034     led_task.obj (.text:LEDTaskInit)
                  00004e88    00000034     Master.obj (.text:PD4Master_confSlaveNode)
                  00004ebc    00000034     Master.obj (.text:PD4Master_post_SlaveStateChange)
                  00004ef0    00000034     driverlib.lib : sysctl.obj (.text:SysCtlPeripheralEnable)
                  00004f24    00000034     sdo.obj (.text:closeSDOtransfer)
                  00004f58    00000034     sdo.obj (.text:resetSDOline)
                  00004f8c    00000030     timer.obj (.text:DelAlarm)
                  00004fbc    00000030     PD4_task.obj (.text:PD4Master_set_ctrl)
                  00004fec    00000030     heap_2.obj (.text:prvHeapInit)
                  0000501c    0000002e     sdo.obj (.text:getSDOlineOnUse)
                  0000504a    0000002c     sync.obj (.text:stopSYNC)
                  00005076    00000002     lifegrd.obj (.text:_nodeguardError)
                  00005078    0000002c     port.obj (.text:xPortSysTickHandler)
                  000050a4    0000002a     lifegrd.obj (.text:ConsumerHeartbeatAlarm)
                  000050ce    0000002a     emcy.obj (.text:OnNumberOfErrorsUpdate)
                  000050f8    0000002a     sdo.obj (.text:getSDOlineToClose)
                  00005122    0000002a     sync.obj (.text:proceedSYNC)
                  0000514c    0000002a     nmtSlave.obj (.text:slaveSendBootUp)
                  00005176    00000002     states.obj (.text:_operational)
                  00005178    00000028     PD4_task.obj (.text:PD4Master_set_speed)
                  000051a0    00000028     CO_driver.obj (.text:canSend)
                  000051c8    00000028     CO_driver.obj (.text:getElapsedTime)
                  000051f0    00000028     nmtMaster.obj (.text:masterSendNMTstateChange)
                  00005218    00000028     tasks.obj (.text:prvResetNextTaskUnblockTime)
                  00005240    00000028     port.obj (.text:pxPortInitialiseStack)
                  00005268    00000028     CO_driver.obj (.text:setTimer)
                  00005290    00000028     sdo.obj (.text:writeNetworkDictCallBack)
                  000052b8    00000026     objacces.obj (.text:RegisterSetODentryCallBack)
                  000052de    00000026     queue.obj (.text:prvCopyDataFromQueue)
                  00005304    00000026     pdo.obj (.text:sendPdo)
                  0000532a    00000002     lifegrd.obj (.text:_post_SlaveBootup)
                  0000532c    00000024     driverlib.lib : interrupt.obj (.text:IntPrioritySet)
                  00005350    00000024     pdo.obj (.text:PDOInhibitTimerAlarm)
                  00005374    00000024     rtsv7M4_T_le_v4SPD16_eabi.lib : memcmp.obj (.text)
                  00005398    00000022     Master.obj (.text:PD4Master_initialisation)
                  000053ba    00000002     lifegrd.obj (.text:_post_SlaveStateChange)
                  000053bc    00000022     Master.obj (.text:PD4Master_preOperational)
                  000053de    00000022     pdo.obj (.text:PDOEventTimerAlarm)
                  00005400    00000022     nmtMaster.obj (.text:masterSendNMTnodeguard)
                  00005422    00000022     emcy.obj (.text:proceedEMCY)
                  00005444    00000022     sync.obj (.text:sendSYNCMessage)
                  00005466    00000002     sync.obj (.text:_post_TPDO)
                  00005468    00000020     Master.obj (.text:CheckSDOAndContinue)
                  00005488    00000020     emcy.obj (.text:emergencyInit)
                  000054a8    00000020     main.obj (.text:main)
                  000054c8    00000020     list.obj (.text:uxListRemove)
                  000054e8    0000001f     Master.obj (.text:PD4Master_operational)
                  00005507    00000001     --HOLE-- [fill = 0]
                  00005508    0000001c     CO_driver.obj (.text:CO_timer_start)
                  00005524    0000001c     queue.obj (.text:prvIsQueueFull)
                  00005540    0000001c     port.obj (.text:vPortEnterCritical)
                  0000555c    0000001b     Master.obj (.text:PD4Master_stopped)
                  00005577    00000001     --HOLE-- [fill = 0]
                  00005578    0000001a     uartstdio.obj (.text:UARTprintf)
                  00005592    0000001a     sdo.obj (.text:getSDOfreeLine)
                  000055ac    0000001a     sdo.obj (.text:getSDOlineRestBytes)
                  000055c6    0000001a     queue.obj (.text:prvIsQueueEmpty)
                  000055e0    00000018     driverlib.lib : can.obj (.text:CANIntRegister)
                  000055f8    00000018                   : gpio.obj (.text:GPIOIntRegister)
                  00005610    00000018     PD4Master.obj (.text:TestMaster_valueRangeTest)
                  00005628    00000018     driverlib.lib : timer.obj (.text:TimerIntRegister)
                  00005640    00000018     tasks.obj (.text:pvTaskIncrementMutexHeldCount)
                  00005658    00000018     rtsv7M4_T_le_v4SPD16_eabi.lib : args_main.obj (.text)
                  00005670    00000018     list.obj (.text:vListInsertEnd)
                  00005688    00000018     port.obj (.text:vPortExitCritical)
                  000056a0    00000018     tasks.obj (.text:vTaskSetTimeOutState)
                  000056b8    00000016     list.obj (.text:vListInitialise)
                  000056ce    00000002     emcy.obj (.text:_post_emcy)
                  000056d0    00000014     rtsv7M4_T_le_v4SPD16_eabi.lib : _lock.obj (.text)
                  000056e4    00000014     sync.obj (.text:sendSYNC)
                  000056f8    00000014     sdo.obj (.text:setSDOlineRestBytes)
                  0000570c    00000014     port.obj (.text:vPortSetupTimerInterrupt)
                  00005720    00000012     lifegrd.obj (.text:OnHeartbeatProducerUpdate)
                  00005732    00000012     lifegrd.obj (.text:OnNodeGuardUpdate)
                  00005744    00000012     lifegrd.obj (.text:nodeguardStop)
                  00005756    00000012     tasks.obj (.text:prvDeleteTCB)
                  00005768    00000012     objacces.obj (.text:scanIndexOD)
                  0000577a    00000010     driverlib.lib : interrupt.obj (.text:IntMasterEnable)
                  0000578a    00000010     states.obj (.text:_preOperational)
                  0000579a    00000010     lifegrd.obj (.text:lifeGuardInit)
                  000057aa    00000010     lifegrd.obj (.text:lifeGuardStop)
                  000057ba    00000010     port.obj (.text:prvTaskExitError)
                  000057ca    00000002     sync.obj (.text:_post_sync)
                  000057cc    00000010     tasks.obj (.text:vTaskSuspendAll)
                  000057dc    0000000e     rtsv7M4_T_le_v4SPD16_eabi.lib : copy_decompress_none.obj (.text:decompress:none)
                  000057ea    0000000c     CO_driver.obj (.text:CO_driver_init)
                  000057f6    0000000c     driverlib.lib : cpu.obj (.text:CPUcpsie)
                  00005802    0000000c                   : gpio.obj (.text:GPIOIntEnable)
                  0000580e    00000002     states.obj (.text:_stopped)
                  00005810    0000000c     MA3encoder.obj (.text:MA3_encoder_get_value)
                  0000581c    0000000c     rtsv7M4_T_le_v4SPD16_eabi.lib : copy_zero_init.obj (.text:decompress:ZI)
                  00005828    0000000c     tasks.obj (.text:vTaskMissedYield)
                  00005834    0000000c     tasks.obj (.text:xTaskGetTickCount)
                  00005840    0000000a     sync.obj (.text:OnCOB_ID_SyncUpdate)
                  0000584a    00000008     tasks.obj (.text:prvIdleTask)
                  00005852    00000006     driverlib.lib : gpio.obj (.text:GPIOIntClear)
                  00005858    00000006     startup_ccs.obj (.text:ResetISR)
                  0000585e    00000006     driverlib.lib : uart.obj (.text:UARTClockSourceSet)
                  00005864    00000006     states.obj (.text:getNodeId)
                  0000586a    00000006     sdo.obj (.text:resetSDO)
                  00005870    00000006     list.obj (.text:vListInitialiseItem)
                  00005876    00000004     sync.obj (.text:SyncAlarm)
                  0000587a    00000004     rtsv7M4_T_le_v4SPD16_eabi.lib : pre_init.obj (.text)
                  0000587e    00000002     objacces.obj (.text:_storeODSubIndex)
                  00005880    00000002     emcy.obj (.text:emergencyStop)
                  00005882    00000002     rtsv7M4_T_le_v4SPD16_eabi.lib : i_div0.obj (.text)
                  00005884    00000002                                   : mpu_init.obj (.text)
                  00005886    00000002                                   : startup.obj (.text)
                  00005888    00000002     main.obj (.text:vApplicationStackOverflowHook)

.const     0    0000588c    0000059c     
                  0000588c    00000180     PD4Master.obj (.const:TestMaster_objdict)
                  00005a0c    000000d8     driverlib.lib : gpio.obj (.const:g_ppui32GPIOIntMapSnowflake)
                  00005ae4    000000c0                   : gpio.obj (.const:g_ppui32GPIOIntMapBlizzard)
                  00005ba4    0000009c                   : interrupt.obj (.const:g_pui32Regs)
                  00005c40    00000070                   : interrupt.obj (.const)
                  00005cb0    0000006c                   : sysctl.obj (.const:g_pui32Xtals)
                  00005d1c    00000060                   : timer.obj (.const:g_ppui32TimerIntMap)
                  00005d7c    00000040                   : timer.obj (.const:g_ppui32TimerIntMapSnowflake)
                  00005dbc    00000012     PD4Master.obj (.const:.string)
                  00005dce    00000002     --HOLE-- [fill = 0]
                  00005dd0    00000010     states.obj (.const:$P$T4$5)
                  00005de0    00000010     states.obj (.const:$P$T5$6)
                  00005df0    0000000c     PD4Master.obj (.const:TestMaster_firstIndex)
                  00005dfc    0000000c     PD4Master.obj (.const:TestMaster_lastIndex)
                  00005e08    0000000c     uartstdio.obj (.const:g_ui32UARTBase)
                  00005e14    0000000c     uartstdio.obj (.const:g_ui32UARTPeriph)
                  00005e20    00000004     PD4Master.obj (.const)
                  00005e24    00000004     port.obj (.const)

.cinit     0    00005e28    000003f0     
                  00005e28    000003b9     (.cinit..data.load) [load image, compression = lzss]
                  000061e1    00000003     --HOLE-- [fill = 0]
                  000061e4    0000000c     (__TI_handler_table)
                  000061f0    00000008     (.cinit..bss.load) [load image, compression = zero_init]
                  000061f8    00000008     (.cinit..vtable.load) [load image, compression = zero_init]
                  00006200    00000018     (__TI_cinit_table)

.init_array 
*          0    00000000    00000000     UNINITIALIZED

.vtable    0    20000000    0000026c     UNINITIALIZED
                  20000000    0000026c     driverlib.lib : interrupt.obj (.vtable)

.bss       0    2000026c    0000158c     UNINITIALIZED
                  2000026c    00001388     heap_2.obj (.bss:ucHeap)
                  200015f4    00000140     tasks.obj (.bss:pxReadyTasksLists)
                  20001734    00000014     tasks.obj (.bss:xDelayedTaskList1)
                  20001748    00000014     tasks.obj (.bss:xDelayedTaskList2)
                  2000175c    00000014     tasks.obj (.bss:xPendingReadyList)
                  20001770    00000014     tasks.obj (.bss:xSuspendedTaskList)
                  20001784    00000014     tasks.obj (.bss:xTasksWaitingTermination)
                  20001798    00000014     (.common:g_sCAN0RxMessage)
                  200017ac    00000014     (.common:g_sCAN0TxMessage)
                  200017c0    0000000c     (.common:g_RxMessage)
                  200017cc    00000008     tasks.obj (.bss)
                  200017d4    00000008     heap_2.obj (.bss:xEnd)
                  200017dc    00000008     heap_2.obj (.bss:xStart)
                  200017e4    00000004     Master.obj (.bss)
                  200017e8    00000004     (.common:g_PD4_Semaphore)
                  200017ec    00000004     (.common:g_SDO_Mutex)
                  200017f0    00000004     (.common:g_SDO_Semaphore)
                  200017f4    00000004     (.common:g_Slave_Queue)

.data      0    200017f8    00000c30     UNINITIALIZED
                  200017f8    0000023c     PD4Master.obj (.data:TestMaster_Data)
                  20001a34    000000ee     PD4Master.obj (.data)
                  20001b22    00000002     PD4Master.obj (.data:TestMaster_heartBeatTimers)
                  20001b24    000000c0     timer.obj (.data:timers)
                  20001be4    00000054     PD4Master.obj (.data:TestMaster_Index1401)
                  20001c38    00000054     PD4Master.obj (.data:TestMaster_Index1402)
                  20001c8c    00000054     PD4Master.obj (.data:TestMaster_Index1403)
                  20001ce0    00000054     PD4Master.obj (.data:TestMaster_Index1800)
                  20001d34    00000054     PD4Master.obj (.data:TestMaster_Index1801)
                  20001d88    00000054     PD4Master.obj (.data:TestMaster_Index1802)
                  20001ddc    00000054     PD4Master.obj (.data:TestMaster_Index1803)
                  20001e30    00000048     PD4Master.obj (.data:TestMaster_Index1400)
                  20001e78    00000048     PD4Master.obj (.data:TestMaster_PDO_status)
                  20001ec0    0000003c     PD4Master.obj (.data:TestMaster_Index1018)
                  20001efc    00000030     PD4Master.obj (.data:TestMaster_Index1280)
                  20001f2c    00000030     PD4Master.obj (.data:TestMaster_Index1281)
                  20001f5c    00000030     PD4Master.obj (.data:TestMaster_Index1282)
                  20001f8c    00000030     PD4Master.obj (.data:TestMaster_Index1283)
                  20001fbc    00000030     PD4Master.obj (.data:TestMaster_Index1A00)
                  20001fec    00000030     PD4Master.obj (.data:TestMaster_Index1A01)
                  2000201c    00000030     PD4Master.obj (.data:TestMaster_Index1A02)
                  2000204c    00000030     PD4Master.obj (.data:TestMaster_Index1A03)
                  2000207c    00000030     tasks.obj (.data)
                  200020ac    00000024     PD4Master.obj (.data:TestMaster_Index1600)
                  200020d0    00000024     PD4Master.obj (.data:TestMaster_Index1601)
                  200020f4    00000024     PD4Master.obj (.data:TestMaster_Index1602)
                  20002118    00000024     PD4Master.obj (.data:TestMaster_Index1603)
                  2000213c    00000024     PD4Master.obj (.data:TestMaster_Index1F22)
                  20002160    0000001c     CO_driver.obj (.data)
                  2000217c    0000001c     PD4Master.obj (.data:TestMaster_Index1800_callbacks)
                  20002198    0000001c     PD4Master.obj (.data:TestMaster_Index1801_callbacks)
                  200021b4    0000001c     PD4Master.obj (.data:TestMaster_Index1802_callbacks)
                  200021d0    0000001c     PD4Master.obj (.data:TestMaster_Index1803_callbacks)
                  200021ec    00000018     MA3encoder.obj (.data)
                  20002204    00000018     PD4Master.obj (.data:TestMaster_Index1016)
                  2000221c    00000010     PD4Master.obj (.data:PD4_Position)
                  2000222c    00000010     PD4Master.obj (.data:PD4_SubMode)
                  2000223c    0000000c     rtsv7M4_T_le_v4SPD16_eabi.lib : exit.obj (.data:$O1$$)
                  20002248    0000000c     PD4Master.obj (.data:TestMaster_Index1000)
                  20002254    0000000c     PD4Master.obj (.data:TestMaster_Index1001)
                  20002260    0000000c     PD4Master.obj (.data:TestMaster_Index1005)
                  2000226c    0000000c     PD4Master.obj (.data:TestMaster_Index1006)
                  20002278    0000000c     PD4Master.obj (.data:TestMaster_Index1014)
                  20002284    0000000c     PD4Master.obj (.data:TestMaster_Index2011)
                  20002290    0000000c     PD4Master.obj (.data:TestMaster_Index2012)
                  2000229c    0000000c     PD4Master.obj (.data:TestMaster_Index2013)
                  200022a8    0000000c     PD4Master.obj (.data:TestMaster_Index2014)
                  200022b4    0000000c     PD4Master.obj (.data:TestMaster_Index2015)
                  200022c0    0000000c     PD4Master.obj (.data:TestMaster_Index2021)
                  200022cc    0000000c     PD4Master.obj (.data:TestMaster_Index2022)
                  200022d8    0000000c     PD4Master.obj (.data:TestMaster_Index2023)
                  200022e4    0000000c     PD4Master.obj (.data:TestMaster_Index2024)
                  200022f0    0000000c     PD4Master.obj (.data:TestMaster_Index2025)
                  200022fc    0000000c     PD4Master.obj (.data:TestMaster_Index2031)
                  20002308    0000000c     PD4Master.obj (.data:TestMaster_Index2032)
                  20002314    0000000c     PD4Master.obj (.data:TestMaster_Index2033)
                  20002320    0000000c     PD4Master.obj (.data:TestMaster_Index2034)
                  2000232c    0000000c     PD4Master.obj (.data:TestMaster_Index2035)
                  20002338    0000000c     PD4Master.obj (.data:TestMaster_Index2041)
                  20002344    0000000c     PD4Master.obj (.data:TestMaster_Index2042)
                  20002350    0000000c     PD4Master.obj (.data:TestMaster_Index2043)
                  2000235c    0000000c     PD4Master.obj (.data:TestMaster_Index2044)
                  20002368    0000000c     PD4Master.obj (.data:TestMaster_Index2045)
                  20002374    0000000c     PD4Master.obj (.data:TestMaster_obj1A00)
                  20002380    0000000c     PD4Master.obj (.data:TestMaster_obj1A01)
                  2000238c    0000000c     PD4Master.obj (.data:TestMaster_obj1A02)
                  20002398    0000000c     PD4Master.obj (.data:TestMaster_obj1A03)
                  200023a4    0000000c     timer.obj (.data)
                  200023b0    00000008     rtsv7M4_T_le_v4SPD16_eabi.lib : _lock.obj (.data:$O1$$)
                  200023b8    00000008     PD4Master.obj (.data:PD4_Controlword)
                  200023c0    00000008     PD4Master.obj (.data:PD4_Status)
                  200023c8    00000008     PD4_task.obj (.data)
                  200023d0    00000008     PD4Master.obj (.data:TestMaster_obj1600)
                  200023d8    00000008     PD4Master.obj (.data:TestMaster_obj1601)
                  200023e0    00000008     PD4Master.obj (.data:TestMaster_obj1602)
                  200023e8    00000008     PD4Master.obj (.data:TestMaster_obj1603)
                  200023f0    00000008     PD4Master.obj (.data:TestMaster_obj1F22)
                  200023f8    00000008     heap_2.obj (.data)
                  20002400    00000005     uartstdio.obj (.data)
                  20002405    00000004     PD4Master.obj (.data:PD4_Mode)
                  20002409    00000003     --HOLE--
                  2000240c    00000004     PD4Master.obj (.data:TestMaster_Index1005_callbacks)
                  20002410    00000004     PD4Master.obj (.data:TestMaster_Index1006_callbacks)
                  20002414    00000004     PD4Master.obj (.data:TestMaster_obj1003)
                  20002418    00000004     PD4Master.obj (.data:TestMaster_obj1016)
                  2000241c    00000004     PD4_task.obj (.data:g_trip_bit4)
                  20002420    00000004     port.obj (.data)
                  20002424    00000004     rtsv7M4_T_le_v4SPD16_eabi.lib : stkdepth_vars.obj (.data)

.stack     0    20002428    00000100     UNINITIALIZED
                  20002428    00000100     --HOLE--

MODULE SUMMARY

       Module                     code    ro data   rw data
       ------                     ----    -------   -------
    .\
       PD4Master.obj              624     430       2760   
       startup_ccs.obj            12      620       0      
       main.obj                   34      0         0      
    +--+--------------------------+-------+---------+---------+
       Total:                     670     1050      2760   
                                                           
    .\app\
       led_task.obj               200     0         0      
    +--+--------------------------+-------+---------+---------+
       Total:                     200     0         0      
                                                           
    .\app\PD4\
       Master.obj                 860     0         4      
       PD4_task.obj               804     0         28     
    +--+--------------------------+-------+---------+---------+
       Total:                     1664    0         32     
                                                           
    .\bsp\
       CO_driver.obj              908     0         80     
       MA3encoder.obj             396     0         24     
       driver.obj                 228     0         0      
    +--+--------------------------+-------+---------+---------+
       Total:                     1532    0         104    
                                                           
    .\third_party\CanFestival\src\
       sdo.obj                    5738    0         0      
       pdo.obj                    1944    0         0      
       states.obj                 986     32        0      
       lifegrd.obj                848     0         0      
       timer.obj                  392     0         204    
       objacces.obj               498     0         0      
       sync.obj                   262     0         0      
       nmtSlave.obj               190     0         0      
       emcy.obj                   112     0         0      
       nmtMaster.obj              74      0         0      
    +--+--------------------------+-------+---------+---------+
       Total:                     11044   32        204    
                                                           
    .\third_party\FreeRTOS\Source\
       tasks.obj                  2324    0         476    
       queue.obj                  1262    0         0      
       list.obj                   140     0         0      
    +--+--------------------------+-------+---------+---------+
       Total:                     3726    0         476    
                                                           
    .\third_party\FreeRTOS\Source\portable\CCS\ARM_CM4F\
       port.obj                   236     4         4      
       portasm.obj                210     0         0      
    +--+--------------------------+-------+---------+---------+
       Total:                     446     4         4      
                                                           
    .\third_party\FreeRTOS\Source\portable\MemMang\
       heap_2.obj                 284     0         5024   
    +--+--------------------------+-------+---------+---------+
       Total:                     284     0         5024   
                                                           
    .\utils\
       uartstdio.obj              684     24        5      
    +--+--------------------------+-------+---------+---------+
       Total:                     684     24        5      
                                                           
    C:/ti/TivaWare_C_Series-2.1.4.178/driverlib/ccs/Debug/driverlib.lib
       interrupt.obj              208     268       620    
       gpio.obj                   110     408       0      
       sysctl.obj                 324     108       0      
       timer.obj                  100     160       0      
       can.obj                    116     0         0      
       cpu.obj                    12      0         0      
       uart.obj                   6       0         0      
    +--+--------------------------+-------+---------+---------+
       Total:                     876     944       620    
                                                           
    C:\ti\ccsv7\tools\compiler\ti-cgt-arm_16.9.7.LTS\lib\rtsv7M4_T_le_v4SPD16_eabi.lib
       memcpy_t2.obj              156     0         0      
       memset_t2.obj              122     0         0      
       autoinit.obj               112     0         0      
       copy_decompress_lzss.obj   104     0         0      
       exit.obj                   84      0         12     
       boot.obj                   84      0         0      
       cpy_tbl.obj                76      0         0      
       u_divt2.obj                64      0         0      
       memcmp.obj                 36      0         0      
       _lock.obj                  20      0         8      
       args_main.obj              24      0         0      
       copy_decompress_none.obj   14      0         0      
       copy_zero_init.obj         12      0         0      
       pre_init.obj               4       0         0      
       stkdepth_vars.obj          0       0         4      
       i_div0.obj                 2       0         0      
       mpu_init.obj               2       0         0      
       startup.obj                2       0         0      
    +--+--------------------------+-------+---------+---------+
       Total:                     918     0         24     
                                                           
       Stack:                     0       0         256    
       Linker Generated:          0       1005      0      
    +--+--------------------------+-------+---------+---------+
       Grand Total:               22044   3059      9509   


LINKER GENERATED COPY TABLES

__TI_cinit_table @ 00006200 records: 3, size/record: 8, table size: 24
	.data: load addr=00005e28, load size=000003b9 bytes, run addr=200017f8, run size=00000c30 bytes, compression=lzss
	.bss: load addr=000061f0, load size=00000008 bytes, run addr=2000026c, run size=0000158c bytes, compression=zero_init
	.vtable: load addr=000061f8, load size=00000008 bytes, run addr=20000000, run size=0000026c bytes, compression=zero_init


LINKER GENERATED HANDLER TABLE

__TI_handler_table @ 000061e4 records: 3, size/record: 4, table size: 12
	index: 0, handler: __TI_zero_init
	index: 1, handler: __TI_decompress_lzss
	index: 2, handler: __TI_decompress_none


GLOBAL SYMBOLS: SORTED ALPHABETICALLY BY Name 

address   name                                                   
-------   ----                                                   
00004699  C$$EXIT                                                
000029f5  CAN0IntHandler                                         
000055e1  CANIntRegister                                         
000044f5  CO_TimerIntHandler                                     
000038fd  CO_Timerinit                                           
000057eb  CO_driver_init                                         
00004ded  CO_start_listening                                     
00005509  CO_timer_start                                         
000057f7  CPUcpsie                                               
00003691  CanOpen_Change_Param                                   
00004549  CanOpen_Reset_RPDO                                     
000047e1  CanOpen_Reset_TPDO                                     
00004793  CanOpen_setMaster                                      
00004399  Captureinit                                            
00003f15  ConfigureUART                                          
000050a5  ConsumerHeartbeatAlarm                                 
00002f91  CopyBits                                               
00004f8d  DelAlarm                                               
00005853  GPIOIntClear                                           
00005803  GPIOIntEnable                                          
000055f9  GPIOIntRegister                                        
000049a9  GetSDOClientFromNodeId                                 
00004041  GuardTimeAlarm                                         
00003d75  IntEnable                                              
0000577b  IntMasterEnable                                        
0000532d  IntPrioritySet                                         
00004e21  IntRegister                                            
00004e55  LEDTaskInit                                            
00005811  MA3_encoder_get_value                                  
00004105  MA3_encoder_init                                       
00005841  OnCOB_ID_SyncUpdate                                    
00005721  OnHeartbeatProducerUpdate                              
00005733  OnNodeGuardUpdate                                      
000050cf  OnNumberOfErrorsUpdate                                 
00004e89  PD4Master_confSlaveNode                                
00002c7b  PD4Master_heartbeatError                               
00005399  PD4Master_initialisation                               
000054e9  PD4Master_operational                                  
00004ebd  PD4Master_post_SlaveStateChange                        
0000380b  PD4Master_post_TPDO                                    
00004741  PD4Master_post_emcy                                    
00003c27  PD4Master_post_sync                                    
000053bd  PD4Master_preOperational                               
00004fbd  PD4Master_set_ctrl                                     
0000459d  PD4Master_set_pos                                      
00005179  PD4Master_set_speed                                    
0000555d  PD4Master_stopped                                      
00003971  PD4Master_taskInit                                     
0000334d  PD4Master_writeSlaveParam                              
200023b8  PD4_Controlword                                        
20002405  PD4_Mode                                               
2000221c  PD4_Position                                           
200023c0  PD4_Status                                             
2000222c  PD4_SubMode                                            
000053df  PDOEventTimerAlarm                                     
00005351  PDOInhibitTimerAlarm                                   
0000482d  PDOInit                                                
00003f79  PDOStop                                                
000049f1  ProducerHeartbeatAlarm                                 
000052b9  RegisterSetODentryCallBack                             
00005859  ResetISR                                               
000039e5  SDOTimeoutAlarm                                        
00004d45  SDOlineToObjdict                                       
00004bd3  SDOtoLine                                              
UNDEFED   SHT$$INIT_ARRAY$$Base                                  
UNDEFED   SHT$$INIT_ARRAY$$Limit                                 
000030e9  SetAlarm                                               
00005877  SyncAlarm                                              
00002021  SysCtlClockGet                                         
00004ef1  SysCtlPeripheralEnable                                 
00003c99  TPDO_Communication_Parameter_Callback                  
200017f8  TestMaster_Data                                        
20002248  TestMaster_Index1000                                   
20002254  TestMaster_Index1001                                   
20002260  TestMaster_Index1005                                   
2000240c  TestMaster_Index1005_callbacks                         
2000226c  TestMaster_Index1006                                   
20002410  TestMaster_Index1006_callbacks                         
20002278  TestMaster_Index1014                                   
20002204  TestMaster_Index1016                                   
20001ec0  TestMaster_Index1018                                   
20001efc  TestMaster_Index1280                                   
20001f2c  TestMaster_Index1281                                   
20001f5c  TestMaster_Index1282                                   
20001f8c  TestMaster_Index1283                                   
20001e30  TestMaster_Index1400                                   
20001be4  TestMaster_Index1401                                   
20001c38  TestMaster_Index1402                                   
20001c8c  TestMaster_Index1403                                   
200020ac  TestMaster_Index1600                                   
200020d0  TestMaster_Index1601                                   
200020f4  TestMaster_Index1602                                   
20002118  TestMaster_Index1603                                   
20001ce0  TestMaster_Index1800                                   
2000217c  TestMaster_Index1800_callbacks                         
20001d34  TestMaster_Index1801                                   
20002198  TestMaster_Index1801_callbacks                         
20001d88  TestMaster_Index1802                                   
200021b4  TestMaster_Index1802_callbacks                         
20001ddc  TestMaster_Index1803                                   
200021d0  TestMaster_Index1803_callbacks                         
20001fbc  TestMaster_Index1A00                                   
20001fec  TestMaster_Index1A01                                   
2000201c  TestMaster_Index1A02                                   
2000204c  TestMaster_Index1A03                                   
2000213c  TestMaster_Index1F22                                   
20002284  TestMaster_Index2011                                   
20002290  TestMaster_Index2012                                   
2000229c  TestMaster_Index2013                                   
200022a8  TestMaster_Index2014                                   
200022b4  TestMaster_Index2015                                   
200022c0  TestMaster_Index2021                                   
200022cc  TestMaster_Index2022                                   
200022d8  TestMaster_Index2023                                   
200022e4  TestMaster_Index2024                                   
200022f0  TestMaster_Index2025                                   
200022fc  TestMaster_Index2031                                   
20002308  TestMaster_Index2032                                   
20002314  TestMaster_Index2033                                   
20002320  TestMaster_Index2034                                   
2000232c  TestMaster_Index2035                                   
20002338  TestMaster_Index2041                                   
20002344  TestMaster_Index2042                                   
20002350  TestMaster_Index2043                                   
2000235c  TestMaster_Index2044                                   
20002368  TestMaster_Index2045                                   
00005e22  TestMaster_ObjdictSize                                 
20001e78  TestMaster_PDO_status                                  
20001a34  TestMaster_bDeviceNodeId                               
00005df0  TestMaster_firstIndex                                  
20001b22  TestMaster_heartBeatTimers                             
20001a3d  TestMaster_highestSubIndex_obj1003                     
20001a50  TestMaster_highestSubIndex_obj1016                     
20001a54  TestMaster_highestSubIndex_obj1018                     
20001a68  TestMaster_highestSubIndex_obj1280                     
20001a75  TestMaster_highestSubIndex_obj1281                     
20001a81  TestMaster_highestSubIndex_obj1282                     
20001a8d  TestMaster_highestSubIndex_obj1283                     
20001a99  TestMaster_highestSubIndex_obj1400                     
20001aa8  TestMaster_highestSubIndex_obj1401                     
20001ab9  TestMaster_highestSubIndex_obj1402                     
20001ac9  TestMaster_highestSubIndex_obj1403                     
20001ad9  TestMaster_highestSubIndex_obj1600                     
20001ada  TestMaster_highestSubIndex_obj1601                     
20001adb  TestMaster_highestSubIndex_obj1602                     
20001adc  TestMaster_highestSubIndex_obj1603                     
20001add  TestMaster_highestSubIndex_obj1800                     
20001aed  TestMaster_highestSubIndex_obj1801                     
20001afd  TestMaster_highestSubIndex_obj1802                     
20001b0d  TestMaster_highestSubIndex_obj1803                     
20001b1d  TestMaster_highestSubIndex_obj1A00                     
20001b1e  TestMaster_highestSubIndex_obj1A01                     
20001b1f  TestMaster_highestSubIndex_obj1A02                     
20001b20  TestMaster_highestSubIndex_obj1A03                     
20001b21  TestMaster_highestSubIndex_obj1F22                     
00005e20  TestMaster_iam_a_slave                                 
00005dfc  TestMaster_lastIndex                                   
20001a38  TestMaster_obj1000                                     
20001a3c  TestMaster_obj1001                                     
20002414  TestMaster_obj1003                                     
20001a40  TestMaster_obj1005                                     
20001a44  TestMaster_obj1006                                     
20001a48  TestMaster_obj100C                                     
20001a4a  TestMaster_obj100D                                     
20001a4c  TestMaster_obj1014                                     
20002418  TestMaster_obj1016                                     
20001a52  TestMaster_obj1017                                     
20001a5c  TestMaster_obj1018_Product_Code                        
20001a60  TestMaster_obj1018_Revision_Number                     
20001a64  TestMaster_obj1018_Serial_Number                       
20001a58  TestMaster_obj1018_Vendor_ID                           
20001a6c  TestMaster_obj1280_COB_ID_Client_to_Server_Transmit_SDO
20001a70  TestMaster_obj1280_COB_ID_Server_to_Client_Receive_SDO 
20001a74  TestMaster_obj1280_Node_ID_of_the_SDO_Server           
20001a78  TestMaster_obj1281_COB_ID_Client_to_Server_Transmit_SDO
20001a7c  TestMaster_obj1281_COB_ID_Server_to_Client_Receive_SDO 
20001a80  TestMaster_obj1281_Node_ID_of_the_SDO_Server           
20001a84  TestMaster_obj1282_COB_ID_Client_to_Server_Transmit_SDO
20001a88  TestMaster_obj1282_COB_ID_Server_to_Client_Receive_SDO 
20001a8c  TestMaster_obj1282_Node_ID_of_the_SDO_Server           
20001a90  TestMaster_obj1283_COB_ID_Client_to_Server_Transmit_SDO
20001a94  TestMaster_obj1283_COB_ID_Server_to_Client_Receive_SDO 
20001a98  TestMaster_obj1283_Node_ID_of_the_SDO_Server           
20001a9c  TestMaster_obj1400_COB_ID_used_by_PDO                  
20001aa4  TestMaster_obj1400_Compatibility_Entry                 
20001aa6  TestMaster_obj1400_Event_Timer                         
20001aa2  TestMaster_obj1400_Inhibit_Time                        
20001aa0  TestMaster_obj1400_Transmission_Type                   
20001aac  TestMaster_obj1401_COB_ID_used_by_PDO                  
20001ab4  TestMaster_obj1401_Compatibility_Entry                 
20001ab6  TestMaster_obj1401_Event_Timer                         
20001ab2  TestMaster_obj1401_Inhibit_Time                        
20001ab8  TestMaster_obj1401_SYNC_start_value                    
20001ab0  TestMaster_obj1401_Transmission_Type                   
20001abc  TestMaster_obj1402_COB_ID_used_by_PDO                  
20001ac4  TestMaster_obj1402_Compatibility_Entry                 
20001ac6  TestMaster_obj1402_Event_Timer                         
20001ac2  TestMaster_obj1402_Inhibit_Time                        
20001ac8  TestMaster_obj1402_SYNC_start_value                    
20001ac0  TestMaster_obj1402_Transmission_Type                   
20001acc  TestMaster_obj1403_COB_ID_used_by_PDO                  
20001ad4  TestMaster_obj1403_Compatibility_Entry                 
20001ad6  TestMaster_obj1403_Event_Timer                         
20001ad2  TestMaster_obj1403_Inhibit_Time                        
20001ad8  TestMaster_obj1403_SYNC_start_value                    
20001ad0  TestMaster_obj1403_Transmission_Type                   
200023d0  TestMaster_obj1600                                     
200023d8  TestMaster_obj1601                                     
200023e0  TestMaster_obj1602                                     
200023e8  TestMaster_obj1603                                     
20001ae0  TestMaster_obj1800_COB_ID_used_by_PDO                  
20001ae8  TestMaster_obj1800_Compatibility_Entry                 
20001aea  TestMaster_obj1800_Event_Timer                         
20001ae6  TestMaster_obj1800_Inhibit_Time                        
20001aec  TestMaster_obj1800_SYNC_start_value                    
20001ae4  TestMaster_obj1800_Transmission_Type                   
20001af0  TestMaster_obj1801_COB_ID_used_by_PDO                  
20001af8  TestMaster_obj1801_Compatibility_Entry                 
20001afa  TestMaster_obj1801_Event_Timer                         
20001af6  TestMaster_obj1801_Inhibit_Time                        
20001afc  TestMaster_obj1801_SYNC_start_value                    
20001af4  TestMaster_obj1801_Transmission_Type                   
20001b00  TestMaster_obj1802_COB_ID_used_by_PDO                  
20001b08  TestMaster_obj1802_Compatibility_Entry                 
20001b0a  TestMaster_obj1802_Event_Timer                         
20001b06  TestMaster_obj1802_Inhibit_Time                        
20001b0c  TestMaster_obj1802_SYNC_start_value                    
20001b04  TestMaster_obj1802_Transmission_Type                   
20001b10  TestMaster_obj1803_COB_ID_used_by_PDO                  
20001b18  TestMaster_obj1803_Compatibility_Entry                 
20001b1a  TestMaster_obj1803_Event_Timer                         
20001b16  TestMaster_obj1803_Inhibit_Time                        
20001b1c  TestMaster_obj1803_SYNC_start_value                    
20001b14  TestMaster_obj1803_Transmission_Type                   
20002374  TestMaster_obj1A00                                     
20002380  TestMaster_obj1A01                                     
2000238c  TestMaster_obj1A02                                     
20002398  TestMaster_obj1A03                                     
200023f0  TestMaster_obj1F22                                     
0000588c  TestMaster_objdict                                     
000012e5  TestMaster_scanIndexOD                                 
00005611  TestMaster_valueRangeTest                              
00002ed9  TimeDispatch                                           
00005629  TimerIntRegister                                       
0000585f  UARTClockSourceSet                                     
00004165  UARTStdioConfig                                        
00005579  UARTprintf                                             
00001965  UARTvprintf                                            
00004a39  UARTwrite                                              
200023cc  _PD4_pos_tmp                                           
200023c8  _PD4_speed_tmp                                         
00003d73  _RxPDO_EventTimers_Handler                             
20002528  __STACK_END                                            
00000100  __STACK_SIZE                                           
20002528  __STACK_TOP                                            
00006200  __TI_CINIT_Base                                        
00006218  __TI_CINIT_Limit                                       
000061e4  __TI_Handler_Table_Base                                
000061f0  __TI_Handler_Table_Limit                               
00003c29  __TI_auto_init                                         
2000223c  __TI_cleanup_ptr                                       
00003e45  __TI_decompress_lzss                                   
000057dd  __TI_decompress_none                                   
20002240  __TI_dtors_ptr                                         
20002244  __TI_enable_exit_profile_output                        
ffffffff  __TI_pprof_out_hndl                                    
ffffffff  __TI_prof_data_size                                    
ffffffff  __TI_prof_data_start                                   
00000000  __TI_static_base__                                     
0000581d  __TI_zero_init                                         
00005883  __aeabi_idiv0                                          
00003791  __aeabi_memclr                                         
00003791  __aeabi_memclr4                                        
00003791  __aeabi_memclr8                                        
00003189  __aeabi_memcpy                                         
00003189  __aeabi_memcpy4                                        
00003189  __aeabi_memcpy8                                        
00003793  __aeabi_memset                                         
00003793  __aeabi_memset4                                        
00003793  __aeabi_memset8                                        
00004c13  __aeabi_uidiv                                          
00004c13  __aeabi_uidivmod                                       
ffffffff  __binit__                                              
ffffffff  __c_args__                                             
00005885  __mpu_init                                             
20002428  __stack                                                
00005659  _args_main                                             
00004645  _c_int00                                               
00002e15  _getODentry                                            
00004c53  _heartbeatError                                        
00004deb  _initialisation                                        
200023b0  _lock                                                  
00005077  _nodeguardError                                        
000056df  _nop                                                   
00005177  _operational                                           
0000532b  _post_SlaveBootup                                      
000053bb  _post_SlaveStateChange                                 
00005467  _post_TPDO                                             
000056cf  _post_emcy                                             
000057cb  _post_sync                                             
0000578b  _preOperational                                        
000056d7  _register_lock                                         
000056d1  _register_unlock                                       
00001ded  _sendPDOevent                                          
00002645  _setODentry                                            
0000580f  _stopped                                               
0000587f  _storeODSubIndex                                       
00005887  _system_post_cinit                                     
0000587b  _system_pre_init                                       
200023b4  _unlock                                                
00001b4f  _writeNetworkDict                                      
0000469d  abort                                                  
ffffffff  binit                                                  
00002ad1  buildPDO                                               
00003ddd  canDispatch                                            
000051a1  canSend                                                
00002c7d  can_init                                               
00004ac5  can_write                                              
200021f4  circle                                                 
00004f25  closeSDOtransfer                                       
00004911  copy_in                                                
200021f8  dir                                                    
00003711  driver_init_hardware                                   
00004ded  driver_init_system                                     
00005489  emergencyInit                                          
00005881  emergencyStop                                          
000046a5  exit                                                   
00003d07  failedSDO                                              
200017e8  g_PD4_Semaphore                                        
200017c0  g_RxMessage                                            
200017ec  g_SDO_Mutex                                            
200017f0  g_SDO_Semaphore                                        
200017f4  g_Slave_Queue                                          
20000000  g_pfnRAMVectors                                        
00000000  g_pfnVectors                                           
20001798  g_sCAN0RxMessage                                       
200017ac  g_sCAN0TxMessage                                       
2000241c  g_trip_bit4                                            
20002160  g_ui32ErrFlag                                          
20002164  g_ui32RXMsgCount                                       
20002168  g_ui32TXMsgCount                                       
000051c9  getElapsedTime                                         
00005865  getNodeId                                              
00005593  getSDOfreeLine                                         
0000501d  getSDOlineOnUse                                        
000055ad  getSDOlineRestBytes                                    
000050f9  getSDOlineToClose                                      
0000380d  heartbeatInit                                          
00004db5  heartbeatStop                                          
000033dd  initSDOline                                            
00002d4d  inputInt                                               
200021f0  last_pulse                                             
200023a8  last_timer_raw                                         
0000579b  lifeGuardInit                                          
000057ab  lifeGuardStop                                          
00004b09  lineToSDO                                              
000054a9  main                                                   
20002424  main_func_sp                                           
00005401  masterSendNMTnodeguard                                 
000051f1  masterSendNMTstateChange                               
00005375  memcmp                                                 
00003189  memcpy                                                 
00003799  memset                                                 
00003a59  nodeguardInit                                          
00005745  nodeguardStop                                          
00004b91  objdictToSDOline                                       
00005423  proceedEMCY                                            
000032b9  proceedNMTstateChange                                  
00002549  proceedNODE_GUARD                                      
0000153d  proceedPDO                                             
0000026d  proceedSDO                                             
00005123  proceedSYNC                                            
200021ec  pulse                                                  
00003041  pvPortMalloc                                           
00005641  pvTaskIncrementMutexHeldCount                          
2000207c  pxCurrentTCB                                           
00005241  pxPortInitialiseStack                                  
0000586b  resetSDO                                               
00004f59  resetSDOline                                           
00005769  scanIndexOD                                            
00002739  sendOnePDOevent                                        
00004449  sendPDOrequest                                         
00003acd  sendSDO                                                
00004d0b  sendSDOabort                                           
000056e5  sendSYNC                                               
00005445  sendSYNCMessage                                        
00001ca9  setNodeId                                              
000056f9  setSDOlineRestBytes                                    
00002345  setState                                               
00005269  setTimer                                               
0000514d  slaveSendBootUp                                        
00003ead  startSYNC                                              
0000504b  stopSYNC                                               
00002131  switchCommunicationState                               
200023ac  tdcount                                                
20001b24  timers                                                 
20002200  toff                                                   
200021fc  ton                                                    
200023a4  total_sleep_time                                       
00005e24  ulMaxSyscallInterruptPriority                          
00002bb9  ulPortGetIPSR                                          
000054c9  uxListRemove                                           
00005889  vApplicationStackOverflowHook                          
000056b9  vListInitialise                                        
00005871  vListInitialiseItem                                    
00004d7d  vListInsert                                            
00005671  vListInsertEnd                                         
00002c6d  vPortEnableVFP                                         
00005541  vPortEnterCritical                                     
00005689  vPortExitCritical                                      
00004b4d  vPortFree                                              
00002c31  vPortSVCHandler                                        
0000570d  vPortSetupTimerInterrupt                               
00002c51  vPortStartFirstTask                                    
000042e1  vTaskDelay                                             
00003589  vTaskDelayUntil                                        
00005829  vTaskMissedYield                                       
00003fdd  vTaskPlaceOnEventList                                  
0000346d  vTaskPriorityInherit                                   
000056a1  vTaskSetTimeOutState                                   
00004225  vTaskStartScheduler                                    
000057cd  vTaskSuspendAll                                        
000034fd  vTaskSwitchContext                                     
00005291  writeNetworkDictCallBack                               
00002bd1  xPortPendSVHandler                                     
00004c55  xPortStartScheduler                                    
00005079  xPortSysTickHandler                                    
0000495d  xQueueCreateMutex                                      
00004c95  xQueueGenericCreate                                    
00001f09  xQueueGenericReceive                                   
0000360d  xQueueGenericReset                                     
00002829  xQueueGenericSend                                      
0000433d  xQueueGenericSendFromISR                               
0000449f  xQueueGiveFromISR                                      
000046ed  xTaskCheckForTimeOut                                   
00002449  xTaskGenericCreate                                     
00005835  xTaskGetTickCount                                      
00002241  xTaskIncrementTick                                     
00003885  xTaskPriorityDisinherit                                
00003b41  xTaskRemoveFromEventList                               
00002911  xTaskResumeAll                                         


GLOBAL SYMBOLS: SORTED BY Symbol Address 

address   name                                                   
-------   ----                                                   
00000000  __TI_static_base__                                     
00000000  g_pfnVectors                                           
00000100  __STACK_SIZE                                           
0000026d  proceedSDO                                             
000012e5  TestMaster_scanIndexOD                                 
0000153d  proceedPDO                                             
00001965  UARTvprintf                                            
00001b4f  _writeNetworkDict                                      
00001ca9  setNodeId                                              
00001ded  _sendPDOevent                                          
00001f09  xQueueGenericReceive                                   
00002021  SysCtlClockGet                                         
00002131  switchCommunicationState                               
00002241  xTaskIncrementTick                                     
00002345  setState                                               
00002449  xTaskGenericCreate                                     
00002549  proceedNODE_GUARD                                      
00002645  _setODentry                                            
00002739  sendOnePDOevent                                        
00002829  xQueueGenericSend                                      
00002911  xTaskResumeAll                                         
000029f5  CAN0IntHandler                                         
00002ad1  buildPDO                                               
00002bb9  ulPortGetIPSR                                          
00002bd1  xPortPendSVHandler                                     
00002c31  vPortSVCHandler                                        
00002c51  vPortStartFirstTask                                    
00002c6d  vPortEnableVFP                                         
00002c7b  PD4Master_heartbeatError                               
00002c7d  can_init                                               
00002d4d  inputInt                                               
00002e15  _getODentry                                            
00002ed9  TimeDispatch                                           
00002f91  CopyBits                                               
00003041  pvPortMalloc                                           
000030e9  SetAlarm                                               
00003189  __aeabi_memcpy                                         
00003189  __aeabi_memcpy4                                        
00003189  __aeabi_memcpy8                                        
00003189  memcpy                                                 
000032b9  proceedNMTstateChange                                  
0000334d  PD4Master_writeSlaveParam                              
000033dd  initSDOline                                            
0000346d  vTaskPriorityInherit                                   
000034fd  vTaskSwitchContext                                     
00003589  vTaskDelayUntil                                        
0000360d  xQueueGenericReset                                     
00003691  CanOpen_Change_Param                                   
00003711  driver_init_hardware                                   
00003791  __aeabi_memclr                                         
00003791  __aeabi_memclr4                                        
00003791  __aeabi_memclr8                                        
00003793  __aeabi_memset                                         
00003793  __aeabi_memset4                                        
00003793  __aeabi_memset8                                        
00003799  memset                                                 
0000380b  PD4Master_post_TPDO                                    
0000380d  heartbeatInit                                          
00003885  xTaskPriorityDisinherit                                
000038fd  CO_Timerinit                                           
00003971  PD4Master_taskInit                                     
000039e5  SDOTimeoutAlarm                                        
00003a59  nodeguardInit                                          
00003acd  sendSDO                                                
00003b41  xTaskRemoveFromEventList                               
00003c27  PD4Master_post_sync                                    
00003c29  __TI_auto_init                                         
00003c99  TPDO_Communication_Parameter_Callback                  
00003d07  failedSDO                                              
00003d73  _RxPDO_EventTimers_Handler                             
00003d75  IntEnable                                              
00003ddd  canDispatch                                            
00003e45  __TI_decompress_lzss                                   
00003ead  startSYNC                                              
00003f15  ConfigureUART                                          
00003f79  PDOStop                                                
00003fdd  vTaskPlaceOnEventList                                  
00004041  GuardTimeAlarm                                         
00004105  MA3_encoder_init                                       
00004165  UARTStdioConfig                                        
00004225  vTaskStartScheduler                                    
000042e1  vTaskDelay                                             
0000433d  xQueueGenericSendFromISR                               
00004399  Captureinit                                            
00004449  sendPDOrequest                                         
0000449f  xQueueGiveFromISR                                      
000044f5  CO_TimerIntHandler                                     
00004549  CanOpen_Reset_RPDO                                     
0000459d  PD4Master_set_pos                                      
00004645  _c_int00                                               
00004699  C$$EXIT                                                
0000469d  abort                                                  
000046a5  exit                                                   
000046ed  xTaskCheckForTimeOut                                   
00004741  PD4Master_post_emcy                                    
00004793  CanOpen_setMaster                                      
000047e1  CanOpen_Reset_TPDO                                     
0000482d  PDOInit                                                
00004911  copy_in                                                
0000495d  xQueueCreateMutex                                      
000049a9  GetSDOClientFromNodeId                                 
000049f1  ProducerHeartbeatAlarm                                 
00004a39  UARTwrite                                              
00004ac5  can_write                                              
00004b09  lineToSDO                                              
00004b4d  vPortFree                                              
00004b91  objdictToSDOline                                       
00004bd3  SDOtoLine                                              
00004c13  __aeabi_uidiv                                          
00004c13  __aeabi_uidivmod                                       
00004c53  _heartbeatError                                        
00004c55  xPortStartScheduler                                    
00004c95  xQueueGenericCreate                                    
00004d0b  sendSDOabort                                           
00004d45  SDOlineToObjdict                                       
00004d7d  vListInsert                                            
00004db5  heartbeatStop                                          
00004deb  _initialisation                                        
00004ded  CO_start_listening                                     
00004ded  driver_init_system                                     
00004e21  IntRegister                                            
00004e55  LEDTaskInit                                            
00004e89  PD4Master_confSlaveNode                                
00004ebd  PD4Master_post_SlaveStateChange                        
00004ef1  SysCtlPeripheralEnable                                 
00004f25  closeSDOtransfer                                       
00004f59  resetSDOline                                           
00004f8d  DelAlarm                                               
00004fbd  PD4Master_set_ctrl                                     
0000501d  getSDOlineOnUse                                        
0000504b  stopSYNC                                               
00005077  _nodeguardError                                        
00005079  xPortSysTickHandler                                    
000050a5  ConsumerHeartbeatAlarm                                 
000050cf  OnNumberOfErrorsUpdate                                 
000050f9  getSDOlineToClose                                      
00005123  proceedSYNC                                            
0000514d  slaveSendBootUp                                        
00005177  _operational                                           
00005179  PD4Master_set_speed                                    
000051a1  canSend                                                
000051c9  getElapsedTime                                         
000051f1  masterSendNMTstateChange                               
00005241  pxPortInitialiseStack                                  
00005269  setTimer                                               
00005291  writeNetworkDictCallBack                               
000052b9  RegisterSetODentryCallBack                             
0000532b  _post_SlaveBootup                                      
0000532d  IntPrioritySet                                         
00005351  PDOInhibitTimerAlarm                                   
00005375  memcmp                                                 
00005399  PD4Master_initialisation                               
000053bb  _post_SlaveStateChange                                 
000053bd  PD4Master_preOperational                               
000053df  PDOEventTimerAlarm                                     
00005401  masterSendNMTnodeguard                                 
00005423  proceedEMCY                                            
00005445  sendSYNCMessage                                        
00005467  _post_TPDO                                             
00005489  emergencyInit                                          
000054a9  main                                                   
000054c9  uxListRemove                                           
000054e9  PD4Master_operational                                  
00005509  CO_timer_start                                         
00005541  vPortEnterCritical                                     
0000555d  PD4Master_stopped                                      
00005579  UARTprintf                                             
00005593  getSDOfreeLine                                         
000055ad  getSDOlineRestBytes                                    
000055e1  CANIntRegister                                         
000055f9  GPIOIntRegister                                        
00005611  TestMaster_valueRangeTest                              
00005629  TimerIntRegister                                       
00005641  pvTaskIncrementMutexHeldCount                          
00005659  _args_main                                             
00005671  vListInsertEnd                                         
00005689  vPortExitCritical                                      
000056a1  vTaskSetTimeOutState                                   
000056b9  vListInitialise                                        
000056cf  _post_emcy                                             
000056d1  _register_unlock                                       
000056d7  _register_lock                                         
000056df  _nop                                                   
000056e5  sendSYNC                                               
000056f9  setSDOlineRestBytes                                    
0000570d  vPortSetupTimerInterrupt                               
00005721  OnHeartbeatProducerUpdate                              
00005733  OnNodeGuardUpdate                                      
00005745  nodeguardStop                                          
00005769  scanIndexOD                                            
0000577b  IntMasterEnable                                        
0000578b  _preOperational                                        
0000579b  lifeGuardInit                                          
000057ab  lifeGuardStop                                          
000057cb  _post_sync                                             
000057cd  vTaskSuspendAll                                        
000057dd  __TI_decompress_none                                   
000057eb  CO_driver_init                                         
000057f7  CPUcpsie                                               
00005803  GPIOIntEnable                                          
0000580f  _stopped                                               
00005811  MA3_encoder_get_value                                  
0000581d  __TI_zero_init                                         
00005829  vTaskMissedYield                                       
00005835  xTaskGetTickCount                                      
00005841  OnCOB_ID_SyncUpdate                                    
00005853  GPIOIntClear                                           
00005859  ResetISR                                               
0000585f  UARTClockSourceSet                                     
00005865  getNodeId                                              
0000586b  resetSDO                                               
00005871  vListInitialiseItem                                    
00005877  SyncAlarm                                              
0000587b  _system_pre_init                                       
0000587f  _storeODSubIndex                                       
00005881  emergencyStop                                          
00005883  __aeabi_idiv0                                          
00005885  __mpu_init                                             
00005887  _system_post_cinit                                     
00005889  vApplicationStackOverflowHook                          
0000588c  TestMaster_objdict                                     
00005df0  TestMaster_firstIndex                                  
00005dfc  TestMaster_lastIndex                                   
00005e20  TestMaster_iam_a_slave                                 
00005e22  TestMaster_ObjdictSize                                 
00005e24  ulMaxSyscallInterruptPriority                          
000061e4  __TI_Handler_Table_Base                                
000061f0  __TI_Handler_Table_Limit                               
00006200  __TI_CINIT_Base                                        
00006218  __TI_CINIT_Limit                                       
20000000  g_pfnRAMVectors                                        
20001798  g_sCAN0RxMessage                                       
200017ac  g_sCAN0TxMessage                                       
200017c0  g_RxMessage                                            
200017e8  g_PD4_Semaphore                                        
200017ec  g_SDO_Mutex                                            
200017f0  g_SDO_Semaphore                                        
200017f4  g_Slave_Queue                                          
200017f8  TestMaster_Data                                        
20001a34  TestMaster_bDeviceNodeId                               
20001a38  TestMaster_obj1000                                     
20001a3c  TestMaster_obj1001                                     
20001a3d  TestMaster_highestSubIndex_obj1003                     
20001a40  TestMaster_obj1005                                     
20001a44  TestMaster_obj1006                                     
20001a48  TestMaster_obj100C                                     
20001a4a  TestMaster_obj100D                                     
20001a4c  TestMaster_obj1014                                     
20001a50  TestMaster_highestSubIndex_obj1016                     
20001a52  TestMaster_obj1017                                     
20001a54  TestMaster_highestSubIndex_obj1018                     
20001a58  TestMaster_obj1018_Vendor_ID                           
20001a5c  TestMaster_obj1018_Product_Code                        
20001a60  TestMaster_obj1018_Revision_Number                     
20001a64  TestMaster_obj1018_Serial_Number                       
20001a68  TestMaster_highestSubIndex_obj1280                     
20001a6c  TestMaster_obj1280_COB_ID_Client_to_Server_Transmit_SDO
20001a70  TestMaster_obj1280_COB_ID_Server_to_Client_Receive_SDO 
20001a74  TestMaster_obj1280_Node_ID_of_the_SDO_Server           
20001a75  TestMaster_highestSubIndex_obj1281                     
20001a78  TestMaster_obj1281_COB_ID_Client_to_Server_Transmit_SDO
20001a7c  TestMaster_obj1281_COB_ID_Server_to_Client_Receive_SDO 
20001a80  TestMaster_obj1281_Node_ID_of_the_SDO_Server           
20001a81  TestMaster_highestSubIndex_obj1282                     
20001a84  TestMaster_obj1282_COB_ID_Client_to_Server_Transmit_SDO
20001a88  TestMaster_obj1282_COB_ID_Server_to_Client_Receive_SDO 
20001a8c  TestMaster_obj1282_Node_ID_of_the_SDO_Server           
20001a8d  TestMaster_highestSubIndex_obj1283                     
20001a90  TestMaster_obj1283_COB_ID_Client_to_Server_Transmit_SDO
20001a94  TestMaster_obj1283_COB_ID_Server_to_Client_Receive_SDO 
20001a98  TestMaster_obj1283_Node_ID_of_the_SDO_Server           
20001a99  TestMaster_highestSubIndex_obj1400                     
20001a9c  TestMaster_obj1400_COB_ID_used_by_PDO                  
20001aa0  TestMaster_obj1400_Transmission_Type                   
20001aa2  TestMaster_obj1400_Inhibit_Time                        
20001aa4  TestMaster_obj1400_Compatibility_Entry                 
20001aa6  TestMaster_obj1400_Event_Timer                         
20001aa8  TestMaster_highestSubIndex_obj1401                     
20001aac  TestMaster_obj1401_COB_ID_used_by_PDO                  
20001ab0  TestMaster_obj1401_Transmission_Type                   
20001ab2  TestMaster_obj1401_Inhibit_Time                        
20001ab4  TestMaster_obj1401_Compatibility_Entry                 
20001ab6  TestMaster_obj1401_Event_Timer                         
20001ab8  TestMaster_obj1401_SYNC_start_value                    
20001ab9  TestMaster_highestSubIndex_obj1402                     
20001abc  TestMaster_obj1402_COB_ID_used_by_PDO                  
20001ac0  TestMaster_obj1402_Transmission_Type                   
20001ac2  TestMaster_obj1402_Inhibit_Time                        
20001ac4  TestMaster_obj1402_Compatibility_Entry                 
20001ac6  TestMaster_obj1402_Event_Timer                         
20001ac8  TestMaster_obj1402_SYNC_start_value                    
20001ac9  TestMaster_highestSubIndex_obj1403                     
20001acc  TestMaster_obj1403_COB_ID_used_by_PDO                  
20001ad0  TestMaster_obj1403_Transmission_Type                   
20001ad2  TestMaster_obj1403_Inhibit_Time                        
20001ad4  TestMaster_obj1403_Compatibility_Entry                 
20001ad6  TestMaster_obj1403_Event_Timer                         
20001ad8  TestMaster_obj1403_SYNC_start_value                    
20001ad9  TestMaster_highestSubIndex_obj1600                     
20001ada  TestMaster_highestSubIndex_obj1601                     
20001adb  TestMaster_highestSubIndex_obj1602                     
20001adc  TestMaster_highestSubIndex_obj1603                     
20001add  TestMaster_highestSubIndex_obj1800                     
20001ae0  TestMaster_obj1800_COB_ID_used_by_PDO                  
20001ae4  TestMaster_obj1800_Transmission_Type                   
20001ae6  TestMaster_obj1800_Inhibit_Time                        
20001ae8  TestMaster_obj1800_Compatibility_Entry                 
20001aea  TestMaster_obj1800_Event_Timer                         
20001aec  TestMaster_obj1800_SYNC_start_value                    
20001aed  TestMaster_highestSubIndex_obj1801                     
20001af0  TestMaster_obj1801_COB_ID_used_by_PDO                  
20001af4  TestMaster_obj1801_Transmission_Type                   
20001af6  TestMaster_obj1801_Inhibit_Time                        
20001af8  TestMaster_obj1801_Compatibility_Entry                 
20001afa  TestMaster_obj1801_Event_Timer                         
20001afc  TestMaster_obj1801_SYNC_start_value                    
20001afd  TestMaster_highestSubIndex_obj1802                     
20001b00  TestMaster_obj1802_COB_ID_used_by_PDO                  
20001b04  TestMaster_obj1802_Transmission_Type                   
20001b06  TestMaster_obj1802_Inhibit_Time                        
20001b08  TestMaster_obj1802_Compatibility_Entry                 
20001b0a  TestMaster_obj1802_Event_Timer                         
20001b0c  TestMaster_obj1802_SYNC_start_value                    
20001b0d  TestMaster_highestSubIndex_obj1803                     
20001b10  TestMaster_obj1803_COB_ID_used_by_PDO                  
20001b14  TestMaster_obj1803_Transmission_Type                   
20001b16  TestMaster_obj1803_Inhibit_Time                        
20001b18  TestMaster_obj1803_Compatibility_Entry                 
20001b1a  TestMaster_obj1803_Event_Timer                         
20001b1c  TestMaster_obj1803_SYNC_start_value                    
20001b1d  TestMaster_highestSubIndex_obj1A00                     
20001b1e  TestMaster_highestSubIndex_obj1A01                     
20001b1f  TestMaster_highestSubIndex_obj1A02                     
20001b20  TestMaster_highestSubIndex_obj1A03                     
20001b21  TestMaster_highestSubIndex_obj1F22                     
20001b22  TestMaster_heartBeatTimers                             
20001b24  timers                                                 
20001be4  TestMaster_Index1401                                   
20001c38  TestMaster_Index1402                                   
20001c8c  TestMaster_Index1403                                   
20001ce0  TestMaster_Index1800                                   
20001d34  TestMaster_Index1801                                   
20001d88  TestMaster_Index1802                                   
20001ddc  TestMaster_Index1803                                   
20001e30  TestMaster_Index1400                                   
20001e78  TestMaster_PDO_status                                  
20001ec0  TestMaster_Index1018                                   
20001efc  TestMaster_Index1280                                   
20001f2c  TestMaster_Index1281                                   
20001f5c  TestMaster_Index1282                                   
20001f8c  TestMaster_Index1283                                   
20001fbc  TestMaster_Index1A00                                   
20001fec  TestMaster_Index1A01                                   
2000201c  TestMaster_Index1A02                                   
2000204c  TestMaster_Index1A03                                   
2000207c  pxCurrentTCB                                           
200020ac  TestMaster_Index1600                                   
200020d0  TestMaster_Index1601                                   
200020f4  TestMaster_Index1602                                   
20002118  TestMaster_Index1603                                   
2000213c  TestMaster_Index1F22                                   
20002160  g_ui32ErrFlag                                          
20002164  g_ui32RXMsgCount                                       
20002168  g_ui32TXMsgCount                                       
2000217c  TestMaster_Index1800_callbacks                         
20002198  TestMaster_Index1801_callbacks                         
200021b4  TestMaster_Index1802_callbacks                         
200021d0  TestMaster_Index1803_callbacks                         
200021ec  pulse                                                  
200021f0  last_pulse                                             
200021f4  circle                                                 
200021f8  dir                                                    
200021fc  ton                                                    
20002200  toff                                                   
20002204  TestMaster_Index1016                                   
2000221c  PD4_Position                                           
2000222c  PD4_SubMode                                            
2000223c  __TI_cleanup_ptr                                       
20002240  __TI_dtors_ptr                                         
20002244  __TI_enable_exit_profile_output                        
20002248  TestMaster_Index1000                                   
20002254  TestMaster_Index1001                                   
20002260  TestMaster_Index1005                                   
2000226c  TestMaster_Index1006                                   
20002278  TestMaster_Index1014                                   
20002284  TestMaster_Index2011                                   
20002290  TestMaster_Index2012                                   
2000229c  TestMaster_Index2013                                   
200022a8  TestMaster_Index2014                                   
200022b4  TestMaster_Index2015                                   
200022c0  TestMaster_Index2021                                   
200022cc  TestMaster_Index2022                                   
200022d8  TestMaster_Index2023                                   
200022e4  TestMaster_Index2024                                   
200022f0  TestMaster_Index2025                                   
200022fc  TestMaster_Index2031                                   
20002308  TestMaster_Index2032                                   
20002314  TestMaster_Index2033                                   
20002320  TestMaster_Index2034                                   
2000232c  TestMaster_Index2035                                   
20002338  TestMaster_Index2041                                   
20002344  TestMaster_Index2042                                   
20002350  TestMaster_Index2043                                   
2000235c  TestMaster_Index2044                                   
20002368  TestMaster_Index2045                                   
20002374  TestMaster_obj1A00                                     
20002380  TestMaster_obj1A01                                     
2000238c  TestMaster_obj1A02                                     
20002398  TestMaster_obj1A03                                     
200023a4  total_sleep_time                                       
200023a8  last_timer_raw                                         
200023ac  tdcount                                                
200023b0  _lock                                                  
200023b4  _unlock                                                
200023b8  PD4_Controlword                                        
200023c0  PD4_Status                                             
200023c8  _PD4_speed_tmp                                         
200023cc  _PD4_pos_tmp                                           
200023d0  TestMaster_obj1600                                     
200023d8  TestMaster_obj1601                                     
200023e0  TestMaster_obj1602                                     
200023e8  TestMaster_obj1603                                     
200023f0  TestMaster_obj1F22                                     
20002405  PD4_Mode                                               
2000240c  TestMaster_Index1005_callbacks                         
20002410  TestMaster_Index1006_callbacks                         
20002414  TestMaster_obj1003                                     
20002418  TestMaster_obj1016                                     
2000241c  g_trip_bit4                                            
20002424  main_func_sp                                           
20002428  __stack                                                
20002528  __STACK_END                                            
20002528  __STACK_TOP                                            
ffffffff  __TI_pprof_out_hndl                                    
ffffffff  __TI_prof_data_size                                    
ffffffff  __TI_prof_data_start                                   
ffffffff  __binit__                                              
ffffffff  __c_args__                                             
ffffffff  binit                                                  
UNDEFED   SHT$$INIT_ARRAY$$Base                                  
UNDEFED   SHT$$INIT_ARRAY$$Limit                                 

[441 symbols]
